data/raw/synthetic_retail_shares_brazil_2015_2025.csv
date,category_id,item_id,sales_qty,price,discount,promo_flag,price_rel,mothers_day_flag,fathers_day_flag,christmas_flag,black_friday_flag,month_sin,month_cos
2015-01-31,CAT_01,CAT_01_ITEM_001,38,119.8,0.0,0,1.89076,0,0,0,0,0.4999999999999999,0.8660254037844386
2015-02-28,CAT_01,CAT_01_ITEM_001,69,110.58,0.0,0,1.75,0,0,0,0,0.8660254037844385,0.5000000000000001
2015-03-31,CAT_01,CAT_01_ITEM_001,67,110.31,0.0,0,1.73852,0,0,0,0,1.0,6.123233995736766e-17
2015-04-30,CAT_01,CAT_01_ITEM_001,61,109.99,0.0,0,1.77736,0,0,0,0,0.8660254037844387,-0.4999999999999997
2015-05-31,CAT_01,CAT_01_ITEM_001,70,104.96,0.0,0,1.67998,1,0,0,0,0.4999999999999999,-0.8660254037844386
2015-06-30,CAT_01,CAT_01_ITEM_001,47,106.94,0.0,0,1.73724,0,0,0,0,1.2246467991473532e-16,-1.0
2015-07-31,CAT_01,CAT_01_ITEM_001,32,106.81,0.0,0,1.68183,0,0,0,0,-0.4999999999999997,-0.8660254037844387
2015-08-31,CAT_01,CAT_01_ITEM_001,64,110.34,0.0,0,1.76468,0,1,0,0,-0.8660254037844383,-0.5000000000000003
2015-09-30,CAT_01,CAT_01_ITEM_001,46,114.32,0.0,0,1.82305,0,0,0,0,-1.0,-1.8369701987210297e-16
2015-10-31,CAT_01,CAT_01_ITEM_001,126,95.04,0.1183,1,1.57804,0,0,0,0,-0.8660254037844385,0.5
2015-11-30,CAT_01,CAT_01_ITEM_001,84,117.98,0.0,0,1.85788,0,0,0,1,-0.5000000000000003,0.8660254037844383
2015-12-31,CAT_01,CAT_01_ITEM_001,63,110.94,0.0,0,1.71789,0,0,1,0,-2.4492935982947064e-16,1.0
2016-01-31,CAT_01,CAT_01_ITEM_001,37,111.21,0.0,0,1.80408,0,0,0,0,0.4999999999999999,0.8660254037844386
2016-02-29,CAT_01,CAT_01_ITEM_001,74,112.76,0.0,0,1.78876,0,0,0,0,0.8660254037844385,0.5000000000000001
2016-03-31,CAT_01,CAT_01_ITEM_001,63,106.92,0.0,0,1.72742,0,0,0,0,1.0,6.123233995736766e-17
2016-04-30,CAT_01,CAT_01_ITEM_001,49,109.26,0.0,0,1.73434,0,0,0,0,0.8660254037844387,-0.4999999999999997
2016-05-31,CAT_01,CAT_01_ITEM_001,35,111.42,0.0,0,1.80421,1,0,0,0,0.4999999999999999,-0.8660254037844386
2016-06-30,CAT_01,CAT_01_ITEM_001,170,88.92,0.2159,1,1.44246,0,0,0,0,1.2246467991473532e-16,-1.0
2016-07-31,CAT_01,CAT_01_ITEM_001,52,114.43,0.0,0,1.78093,0,0,0,0,-0.4999999999999997,-0.8660254037844387
2016-08-31,CAT_01,CAT_01_ITEM_001,43,115.12,0.0,0,1.81408,0,1,0,0,-0.8660254037844383,-0.5000000000000003
2016-09-30,CAT_01,CAT_01_ITEM_001,19,110.53,0.0,0,1.8306,0,0,0,0,-1.0,-1.8369701987210297e-16
2015-01-31,CAT_01,CAT_01_ITEM_002,97,75.97,0.0,0,1.19911,0,0,0,0,0.4999999999999999,0.8660254037844386
2015-02-28,CAT_01,CAT_01_ITEM_002,104,74.2,0.0,0,1.17418,0,0,0,0,0.8660254037844385,0.5000000000000001
2015-03-31,CAT_01,CAT_01_ITEM_002,142,74.57,0.0,0,1.17525,0,0,0,0,1.0,6.123233995736766e-17
2015-04-30,CAT_01,CAT_01_ITEM_002,352,67.74,0.108,1,1.09451,0,0,0,0,0.8660254037844387,-0.4999999999999997
2015-05-31,CAT_01,CAT_01_ITEM_002,105,75.59,0.0,0,1.20992,1,0,0,0,0.4999999999999999,-0.8660254037844386
2015-06-30,CAT_01,CAT_01_ITEM_002,76,73.03,0.0,0,1.1864,0,0,0,0,1.2246467991473532e-16,-1.0
2015-07-31,CAT_01,CAT_01_ITEM_002,52,76.65,0.0,0,1.20692,0,0,0,0,-0.4999999999999997,-0.8660254037844387
2015-08-31,CAT_01,CAT_01_ITEM_002,92,71.88,0.0,0,1.14951,0,1,0,0,-0.8660254037844383,-0.5000000000000003
2015-09-30,CAT_01,CAT_01_ITEM_002,88,77.92,0.0,0,1.24259,0,0,0,0,-1.0,-1.8369701987210297e-16
2015-10-31,CAT_01,CAT_01_ITEM_002,72,75.1,0.0,0,1.24698,0,0,0,0,-0.8660254037844385,0.5
2015-11-30,CAT_01,CAT_01_ITEM_002,155,75.85,0.0,0,1.19442,0,0,0,1,-0.5000000000000003,0.8660254037844383
2015-12-31,CAT_01,CAT_01_ITEM_002,115,71.87,0.0,0,1.11291,0,0,1,0,-2.4492935982947064e-16,1.0
2016-01-31,CAT_01,CAT_01_ITEM_002,94,65.65,0.0,0,1.06494,0,0,0,0,0.4999999999999999,0.8660254037844386
2016-02-29,CAT_01,CAT_01_ITEM_002,156,75.6,0.0,0,1.19926,0,0,0,0,0.8660254037844385,0.5000000000000001
2016-03-31,CAT_01,CAT_01_ITEM_002,117,71.55,0.0,0,1.15587,0,0,0,0,1.0,6.123233995736766e-17
2016-04-30,CAT_01,CAT_01_ITEM_002,92,77.94,0.0,0,1.23713,0,0,0,0,0.8660254037844387,-0.4999999999999997
2016-05-31,CAT_01,CAT_01_ITEM_002,70,79.76,0.0,0,1.29142,1,0,0,0,0.4999999999999999,-0.8660254037844386
2016-06-30,CAT_01,CAT_01_ITEM_002,83,73.2,0.0,0,1.18734,0,0,0,0,1.2246467991473532e-16,-1.0
2016-07-31,CAT_01,CAT_01_ITEM_002,95,73.29,0.0,0,1.14063,0,0,0,0,-0.4999999999999997,-0.8660254037844387
2016-08-31,CAT_01,CAT_01_ITEM_002,79,72.05,0.0,0,1.1354,0,1,0,0,-0.8660254037844383,-0.5000000000000003
2016-09-30,CAT_01,CAT_01_ITEM_002,73,75.76,0.0,0,1.25468,0,0,0,0,-1.0,-1.8369701987210297e-16
2015-01-31,CAT_01,CAT_01_ITEM_003,107,37.04,0.0,0,0.58458,0,0,0,0,0.4999999999999999,0.8660254037844386
2015-02-28,CAT_01,CAT_01_ITEM_003,102,36.55,0.0,0,0.57849,0,0,0,0,0.8660254037844385,0.5000000000000001
2015-03-31,CAT_01,CAT_01_ITEM_003,122,36.52,0.0,0,0.57562,0,0,0,0,1.0,6.123233995736766e-17
2015-04-30,CAT_01,CAT_01_ITEM_003,117,35.77,0.0,0,0.57798,0,0,0,0,0.8660254037844387,-0.4999999999999997
2015-05-31,CAT_01,CAT_01_ITEM_003,269,29.26,0.228,1,0.46833,1,0,0,0,0.4999999999999999,-0.8660254037844386
2015-06-30,CAT_01,CAT_01_ITEM_003,82,36.38,0.0,0,0.59093,0,0,0,0,1.2246467991473532e-16,-1.0
2015-07-31,CAT_01,CAT_01_ITEM_003,49,37.34,0.0,0,0.588,0,0,0,0,-0.4999999999999997,-0.8660254037844387
2015-08-31,CAT_01,CAT_01_ITEM_003,87,37.54,0.0,0,0.60044,0,1,0,0,-0.8660254037844383,-0.5000000000000003
2015-09-30,CAT_01,CAT_01_ITEM_003,74,36.41,0.0,0,0.58064,0,0,0,0,-1.0,-1.8369701987210297e-16
2015-10-31,CAT_01,CAT_01_ITEM_003,61,36.59,0.0,0,0.60755,0,0,0,0,-0.8660254037844385,0.5
2015-11-30,CAT_01,CAT_01_ITEM_003,158,36.47,0.0,0,0.57433,0,0,0,1,-0.5000000000000003,0.8660254037844383
2015-12-31,CAT_01,CAT_01_ITEM_003,150,35.75,0.0,0,0.55359,0,0,1,0,-2.4492935982947064e-16,1.0
2016-01-31,CAT_01,CAT_01_ITEM_003,238,31.92,0.1437,1,0.51784,0,0,0,0,0.4999999999999999,0.8660254037844386
2016-02-29,CAT_01,CAT_01_ITEM_003,150,37.14,0.0,0,0.58919,0,0,0,0,0.8660254037844385,0.5000000000000001
2016-03-31,CAT_01,CAT_01_ITEM_003,106,36.63,0.0,0,0.59179,0,0,0,0,1.0,6.123233995736766e-17
2016-04-30,CAT_01,CAT_01_ITEM_003,294,28.18,0.2037,1,0.44725,0,0,0,0,0.8660254037844387,-0.4999999999999997
2016-05-31,CAT_01,CAT_01_ITEM_003,70,36.77,0.0,0,0.59543,1,0,0,0,0.4999999999999999,-0.8660254037844386
2016-06-30,CAT_01,CAT_01_ITEM_003,78,34.89,0.0,0,0.56599,0,0,0,0,1.2246467991473532e-16,-1.0
2016-07-31,CAT_01,CAT_01_ITEM_003,80,36.22,0.0,0,0.56373,0,0,0,0,-0.4999999999999997,-0.8660254037844387
2016-08-31,CAT_01,CAT_01_ITEM_003,62,38.43,0.0,0,0.60553,0,1,0,0,-0.8660254037844383,-0.5000000000000003
2016-09-30,CAT_01,CAT_01_ITEM_003,79,35.98,0.0,0,0.59586,0,0,0,0,-1.0,-1.8369701987210297e-16
2015-01-31,CAT_01,CAT_01_ITEM_004,37,105.06,0.0,0,1.65813,0,0,0,0,0.4999999999999999,0.8660254037844386
2015-02-28,CAT_01,CAT_01_ITEM_004,27,106.76,0.0,0,1.68944,0,0,0,0,0.8660254037844385,0.5000000000000001
2015-03-31,CAT_01,CAT_01_ITEM_004,49,102.91,0.0,0,1.62178,0,0,0,0,1.0,6.123233995736766e-17
2015-04-30,CAT_01,CAT_01_ITEM_004,45,105.02,0.0,0,1.69695,0,0,0,0,0.8660254037844387,-0.4999999999999997
2015-05-31,CAT_01,CAT_01_ITEM_004,37,103.04,0.0,0,1.64937,1,0,0,0,0.4999999999999999,-0.8660254037844386
2015-06-30,CAT_01,CAT_01_ITEM_004,28,104.45,0.0,0,1.69677,0,0,0,0,1.2246467991473532e-16,-1.0
2015-07-31,CAT_01,CAT_01_ITEM_004,11,108.25,0.0,0,1.70452,0,0,0,0,-0.4999999999999997,-0.8660254037844387
2015-08-31,CAT_01,CAT_01_ITEM_004,42,112.35,0.0,0,1.79682,0,1,0,0,-0.8660254037844383,-0.5000000000000003
2015-09-30,CAT_01,CAT_01_ITEM_004,37,101.33,0.0,0,1.6159,0,0,0,0,-1.0,-1.8369701987210297e-16
2015-10-31,CAT_01,CAT_01_ITEM_004,101,79.4,0.2537,1,1.31832,0,0,0,0,-0.8660254037844385,0.5
2015-11-30,CAT_01,CAT_01_ITEM_004,46,107.48,0.0,0,1.69253,0,0,0,1,-0.5000000000000003,0.8660254037844383
2015-12-31,CAT_01,CAT_01_ITEM_004,71,104.24,0.0,0,1.61424,0,0,1,0,-2.4492935982947064e-16,1.0
2016-01-31,CAT_01,CAT_01_ITEM_004,26,105.49,0.0,0,1.71129,0,0,0,0,0.4999999999999999,0.8660254037844386
2016-02-29,CAT_01,CAT_01_ITEM_004,57,106.15,0.0,0,1.68397,0,0,0,0,0.8660254037844385,0.5000000000000001
2016-03-31,CAT_01,CAT_01_ITEM_004,160,79.91,0.2474,1,1.29101,0,0,0,0,1.0,6.123233995736766e-17
2016-04-30,CAT_01,CAT_01_ITEM_004,38,107.33,0.0,0,1.70364,0,0,0,0,0.8660254037844387,-0.4999999999999997
2016-05-31,CAT_01,CAT_01_ITEM_004,33,101.28,0.0,0,1.64002,1,0,0,0,0.4999999999999999,-0.8660254037844386
2016-06-30,CAT_01,CAT_01_ITEM_004,28,103.75,0.0,0,1.68294,0,0,0,0,1.2246467991473532e-16,-1.0
2016-07-31,CAT_01,CAT_01_ITEM_004,24,106.03,0.0,0,1.65024,0,0,0,0,-0.4999999999999997,-0.8660254037844387
2016-08-31,CAT_01,CAT_01_ITEM_004,35,105.31,0.0,0,1.65942,0,1,0,0,-0.8660254037844383,-0.5000000000000003
2016-09-30,CAT_01,CAT_01_ITEM_004,115,83.69,0.2233,1,1.38602,0,0,0,0,-1.0,-1.8369701987210297e-16
2015-01-31,CAT_01,CAT_01_ITEM_005,0,89.85,0.0,0,1.41806,0,0,0,0,0.4999999999999999,0.8660254037844386
2015-02-28,CAT_01,CAT_01_ITEM_005,3,98.87,0.0,0,1.56458,0,0,0,0,0.8660254037844385,0.5000000000000001
2015-03-31,CAT_01,CAT_01_ITEM_005,3,93.25,0.0,0,1.46962,0,0,0,0,1.0,6.123233995736766e-17
2015-04-30,CAT_01,CAT_01_ITEM_005,1,92.34,0.0,0,1.49201,0,0,0,0,0.8660254037844387,-0.4999999999999997
2015-05-31,CAT_01,CAT_01_ITEM_005,3,98.02,0.0,0,1.56899,1,0,0,0,0.4999999999999999,-0.8660254037844386
2015-06-30,CAT_01,CAT_01_ITEM_005,0,99.96,0.0,0,1.62376,0,0,0,0,1.2246467991473532e-16,-1.0
2015-07-31,CAT_01,CAT_01_ITEM_005,0,97.98,0.0,0,1.54284,0,0,0,0,-0.4999999999999997,-0.8660254037844387
2015-08-31,CAT_01,CAT_01_ITEM_005,1,99.06,0.0,0,1.58425,0,1,0,0,-0.8660254037844383,-0.5000000000000003
2015-09-30,CAT_01,CAT_01_ITEM_005,1,96.52,0.0,0,1.53925,0,0,0,0,-1.0,-1.8369701987210297e-16
2015-10-31,CAT_01,CAT_01_ITEM_005,2,86.55,0.0,0,1.43708,0,0,0,0,-0.8660254037844385,0.5
2015-11-30,CAT_01,CAT_01_ITEM_005,1,95.76,0.0,0,1.50808,0,0,0,1,-0.5000000000000003,0.8660254037844383
2015-12-31,CAT_01,CAT_01_ITEM_005,3,102.25,0.0,0,1.58337,0,0,1,0,-2.4492935982947064e-16,1.0
2016-01-31,CAT_01,CAT_01_ITEM_005,2,101.09,0.0,0,1.63982,0,0,0,0,0.4999999999999999,0.8660254037844386
2016-02-29,CAT_01,CAT_01_ITEM_005,2,98.05,0.0,0,1.55537,0,0,0,0,0.8660254037844385,0.5000000000000001
2016-03-31,CAT_01,CAT_01_ITEM_005,0,97.19,0.0,0,1.57017,0,0,0,0,1.0,6.123233995736766e-17
2016-04-30,CAT_01,CAT_01_ITEM_005,1,96.77,0.0,0,1.536,0,0,0,0,0.8660254037844387,-0.4999999999999997
2016-05-31,CAT_01,CAT_01_ITEM_005,2,98.26,0.0,0,1.59112,1,0,0,0,0.4999999999999999,-0.8660254037844386
2016-06-30,CAT_01,CAT_01_ITEM_005,0,94.73,0.0,0,1.53659,0,0,0,0,1.2246467991473532e-16,-1.0
2016-07-31,CAT_01,CAT_01_ITEM_005,2,102.61,0.0,0,1.5971,0,0,0,0,-0.4999999999999997,-0.8660254037844387
2016-08-31,CAT_01,CAT_01_ITEM_005,3,94.04,0.0,0,1.4818,0,1,0,0,-0.8660254037844383,-0.5000000000000003
2016-09-30,CAT_01,CAT_01_ITEM_005,2,81.88,0.1444,1,1.35605,0,0,0,0,-1.0,-1.8369701987210297e-16
2015-01-31,CAT_01,CAT_01_ITEM_006,38,60.52,0.0,0,0.95512,0,0,0,0,0.4999999999999999,0.8660254037844386
2015-02-28,CAT_01,CAT_01_ITEM_006,27,68.84,0.0,0,1.0894,0,0,0,0,0.8660254037844385,0.5000000000000001
2015-03-31,CAT_01,CAT_01_ITEM_006,48,61.92,0.0,0,0.97592,0,0,0,0,1.0,6.123233995736766e-17
2015-04-30,CAT_01,CAT_01_ITEM_006,36,65.13,0.0,0,1.05245,0,0,0,0,0.8660254037844387,-0.4999999999999997
2015-05-31,CAT_01,CAT_01_ITEM_006,95,51.94,0.1653,1,0.83137,1,0,0,0,0.4999999999999999,-0.8660254037844386
2015-06-30,CAT_01,CAT_01_ITEM_006,36,57.4,0.0,0,0.93248,0,0,0,0,1.2246467991473532e-16,-1.0
2015-07-31,CAT_01,CAT_01_ITEM_006,20,62.8,0.0,0,0.98885,0,0,0,0,-0.4999999999999997,-0.8660254037844387
2015-08-31,CAT_01,CAT_01_ITEM_006,44,60.42,0.0,0,0.96622,0,1,0,0,-0.8660254037844383,-0.5000000000000003
2015-09-30,CAT_01,CAT_01_ITEM_006,42,60.03,0.0,0,0.95737,0,0,0,0,-1.0,-1.8369701987210297e-16
2015-10-31,CAT_01,CAT_01_ITEM_006,22,61.81,0.0,0,1.02628,0,0,0,0,-0.8660254037844385,0.5
2015-11-30,CAT_01,CAT_01_ITEM_006,110,56.81,0.0,0,0.89467,0,0,0,1,-0.5000000000000003,0.8660254037844383
2015-12-31,CAT_01,CAT_01_ITEM_006,35,67.46,0.0,0,1.04458,0,0,1,0,-2.4492935982947064e-16,1.0
2016-01-31,CAT_01,CAT_01_ITEM_006,22,64.34,0.0,0,1.0437,0,0,0,0,0.4999999999999999,0.8660254037844386
2016-02-29,CAT_01,CAT_01_ITEM_006,43,61.64,0.0,0,0.97782,0,0,0,0,0.8660254037844385,0.5000000000000001
2016-03-31,CAT_01,CAT_01_ITEM_006,46,58.64,0.0,0,0.94743,0,0,0,0,1.0,6.123233995736766e-17
2016-04-30,CAT_01,CAT_01_ITEM_006,45,58.71,0.0,0,0.93197,0,0,0,0,0.8660254037844387,-0.4999999999999997
2016-05-31,CAT_01,CAT_01_ITEM_006,25,61.78,0.0,0,1.00042,1,0,0,0,0.4999999999999999,-0.8660254037844386
2016-06-30,CAT_01,CAT_01_ITEM_006,24,67.18,0.0,0,1.0897,0,0,0,0,1.2246467991473532e-16,-1.0
2016-07-31,CAT_01,CAT_01_ITEM_006,34,59.73,0.0,0,0.92964,0,0,0,0,-0.4999999999999997,-0.8660254037844387
2016-08-31,CAT_01,CAT_01_ITEM_006,27,65.01,0.0,0,1.02446,0,1,0,0,-0.8660254037844383,-0.5000000000000003
2016-09-30,CAT_01,CAT_01_ITEM_006,24,60.26,0.0,0,0.99802,0,0,0,0,-1.0,-1.8369701987210297e-16
2015-01-31,CAT_01,CAT_01_ITEM_007,12,94.59,0.0,0,1.49293,0,0,0,0,0.4999999999999999,0.8660254037844386
2015-02-28,CAT_01,CAT_01_ITEM_007,5,95.73,0.0,0,1.51493,0,0,0,0,0.8660254037844385,0.5000000000000001
2015-03-31,CAT_01,CAT_01_ITEM_007,11,98.85,0.0,0,1.55788,0,0,0,0,1.0,6.123233995736766e-17
2015-04-30,CAT_01,CAT_01_ITEM_007,3,96.04,0.0,0,1.55192,0,0,0,0,0.8660254037844387,-0.4999999999999997
2015-05-31,CAT_01,CAT_01_ITEM_007,6,102.4,0.0,0,1.63902,1,0,0,0,0.4999999999999999,-0.8660254037844386
2015-06-30,CAT_01,CAT_01_ITEM_007,4,92.36,0.0,0,1.50028,0,0,0,0,1.2246467991473532e-16,-1.0
2015-07-31,CAT_01,CAT_01_ITEM_007,3,102.03,0.0,0,1.60661,0,0,0,0,-0.4999999999999997,-0.8660254037844387
2015-08-31,CAT_01,CAT_01_ITEM_007,6,87.98,0.0,0,1.40696,0,1,0,0,-0.8660254037844383,-0.5000000000000003
2015-09-30,CAT_01,CAT_01_ITEM_007,4,99.01,0.0,0,1.579,0,0,0,0,-1.0,-1.8369701987210297e-16
2015-10-31,CAT_01,CAT_01_ITEM_007,4,93.35,0.0,0,1.54985,0,0,0,0,-0.8660254037844385,0.5
2015-11-30,CAT_01,CAT_01_ITEM_007,10,98.51,0.0,0,1.55127,0,0,0,1,-0.5000000000000003,0.8660254037844383
2015-12-31,CAT_01,CAT_01_ITEM_007,5,100.51,0.0,0,1.55642,0,0,1,0,-2.4492935982947064e-16,1.0
2016-01-31,CAT_01,CAT_01_ITEM_007,10,96.46,0.0,0,1.5648,0,0,0,0,0.4999999999999999,0.8660254037844386
2016-02-29,CAT_01,CAT_01_ITEM_007,3,104.22,0.0,0,1.65327,0,0,0,0,0.8660254037844385,0.5000000000000001
2016-03-31,CAT_01,CAT_01_ITEM_007,5,99.66,0.0,0,1.61014,0,0,0,0,1.0,6.123233995736766e-17
2016-04-30,CAT_01,CAT_01_ITEM_007,2,88.65,0.0,0,1.40714,0,0,0,0,0.8660254037844387,-0.4999999999999997
2016-05-31,CAT_01,CAT_01_ITEM_007,4,94.55,0.0,0,1.53104,1,0,0,0,0.4999999999999999,-0.8660254037844386
2016-06-30,CAT_01,CAT_01_ITEM_007,3,99.07,0.0,0,1.607,0,0,0,0,1.2246467991473532e-16,-1.0
2016-07-31,CAT_01,CAT_01_ITEM_007,3,95.19,0.0,0,1.48158,0,0,0,0,-0.4999999999999997,-0.8660254037844387
2016-08-31,CAT_01,CAT_01_ITEM_007,3,103.85,0.0,0,1.63651,0,1,0,0,-0.8660254037844383,-0.5000000000000003
2016-09-30,CAT_01,CAT_01_ITEM_007,1,100.0,0.0,0,1.65625,0,0,0,0,-1.0,-1.8369701987210297e-16
2015-01-31,CAT_01,CAT_01_ITEM_008,109,28.94,0.0,0,0.45679,0,0,0,0,0.4999999999999999,0.8660254037844386
2015-02-28,CAT_01,CAT_01_ITEM_008,59,31.22,0.0,0,0.49402,0,0,0,0,0.8660254037844385,0.5000000000000001
2015-03-31,CAT_01,CAT_01_ITEM_008,105,29.81,0.0,0,0.46982,0,0,0,0,1.0,6.123233995736766e-17
2015-04-30,CAT_01,CAT_01_ITEM_008,67,31.45,0.0,0,0.50817,0,0,0,0,0.8660254037844387,-0.4999999999999997
2015-05-31,CAT_01,CAT_01_ITEM_008,101,27.42,0.0,0,0.43896,1,0,0,0,0.4999999999999999,-0.8660254037844386
2015-06-30,CAT_01,CAT_01_ITEM_008,67,30.04,0.0,0,0.48799,0,0,0,0,1.2246467991473532e-16,-1.0
2015-07-31,CAT_01,CAT_01_ITEM_008,51,30.67,0.0,0,0.48294,0,0,0,0,-0.4999999999999997,-0.8660254037844387
2015-08-31,CAT_01,CAT_01_ITEM_008,70,28.71,0.0,0,0.45912,0,1,0,0,-0.8660254037844383,-0.5000000000000003
2015-09-30,CAT_01,CAT_01_ITEM_008,69,29.71,0.0,0,0.47375,0,0,0,0,-1.0,-1.8369701987210297e-16
2015-10-31,CAT_01,CAT_01_ITEM_008,46,31.97,0.0,0,0.53088,0,0,0,0,-0.8660254037844385,0.5
2015-11-30,CAT_01,CAT_01_ITEM_008,164,30.12,0.0,0,0.47428,0,0,0,1,-0.5000000000000003,0.8660254037844383
2015-12-31,CAT_01,CAT_01_ITEM_008,125,30.07,0.0,0,0.46565,0,0,1,0,-2.4492935982947064e-16,1.0
2016-01-31,CAT_01,CAT_01_ITEM_008,65,31.62,0.0,0,0.513,0,0,0,0,0.4999999999999999,0.8660254037844386
2016-02-29,CAT_01,CAT_01_ITEM_008,138,30.69,0.0,0,0.48683,0,0,0,0,0.8660254037844385,0.5000000000000001
2016-03-31,CAT_01,CAT_01_ITEM_008,65,31.62,0.0,0,0.51088,0,0,0,0,1.0,6.123233995736766e-17
2016-04-30,CAT_01,CAT_01_ITEM_008,86,31.87,0.0,0,0.50592,0,0,0,0,0.8660254037844387,-0.4999999999999997
2016-05-31,CAT_01,CAT_01_ITEM_008,69,30.72,0.0,0,0.4974,1,0,0,0,0.4999999999999999,-0.8660254037844386
2016-06-30,CAT_01,CAT_01_ITEM_008,58,29.38,0.0,0,0.47652,0,0,0,0,1.2246467991473532e-16,-1.0
2016-07-31,CAT_01,CAT_01_ITEM_008,84,30.6,0.0,0,0.47631,0,0,0,0,-0.4999999999999997,-0.8660254037844387
2016-08-31,CAT_01,CAT_01_ITEM_008,52,31.01,0.0,0,0.48866,0,1,0,0,-0.8660254037844383,-0.5000000000000003
2016-09-30,CAT_01,CAT_01_ITEM_008,72,29.85,0.0,0,0.49439,0,0,0,0,-1.0,-1.8369701987210297e-16
