data/raw/synthetic_retail_shares_brazil_2015_2025.csv
date,category_id,item_id,sales_qty,price,discount,promo_flag,price_rel,mothers_day_flag,fathers_day_flag,christmas_flag,black_friday_flag,month_sin,month_cos
2015-01-31,CAT_01,CAT_01_ITEM_009,16,88.62,0.0,0,1.39862,0,0,0,0,0.4999999999999999,0.8660254037844386
2015-02-28,CAT_01,CAT_01_ITEM_009,31,82.64,0.0,0,1.30782,0,0,0,0,0.8660254037844385,0.5000000000000001
2015-03-31,CAT_01,CAT_01_ITEM_009,25,81.12,0.0,0,1.27849,0,0,0,0,1.0,6.123233995736766e-17
2015-04-30,CAT_01,CAT_01_ITEM_009,142,58.82,0.267,1,0.95041,0,0,0,0,0.8660254037844387,-0.4999999999999997
2015-05-31,CAT_01,CAT_01_ITEM_009,30,83.97,0.0,0,1.34411,1,0,0,0,0.4999999999999999,-0.8660254037844386
2015-06-30,CAT_01,CAT_01_ITEM_009,17,81.13,0.0,0,1.3179,0,0,0,0,1.2246467991473532e-16,-1.0
2015-07-31,CAT_01,CAT_01_ITEM_009,18,83.96,0.0,0,1.32203,0,0,0,0,-0.4999999999999997,-0.8660254037844387
2015-08-31,CAT_01,CAT_01_ITEM_009,102,67.07,0.2375,1,1.07261,0,1,0,0,-0.8660254037844383,-0.5000000000000003
2015-09-30,CAT_01,CAT_01_ITEM_009,102,64.33,0.213,1,1.02586,0,0,0,0,-1.0,-1.8369701987210297e-16
2015-10-31,CAT_01,CAT_01_ITEM_009,6,88.08,0.0,0,1.46238,0,0,0,0,-0.8660254037844385,0.5
2015-11-30,CAT_01,CAT_01_ITEM_009,69,75.54,0.0,0,1.1896,0,0,0,1,-0.5000000000000003,0.8660254037844383
2015-12-31,CAT_01,CAT_01_ITEM_009,15,87.93,0.0,0,1.36163,0,0,1,0,-2.4492935982947064e-16,1.0
2016-01-31,CAT_01,CAT_01_ITEM_009,18,76.82,0.0,0,1.24619,0,0,0,0,0.4999999999999999,0.8660254037844386
2016-02-29,CAT_01,CAT_01_ITEM_009,35,81.2,0.0,0,1.2881,0,0,0,0,0.8660254037844385,0.5000000000000001
2016-03-31,CAT_01,CAT_01_ITEM_009,23,83.65,0.0,0,1.35139,0,0,0,0,1.0,6.123233995736766e-17
2016-04-30,CAT_01,CAT_01_ITEM_009,26,82.8,0.0,0,1.31429,0,0,0,0,0.8660254037844387,-0.4999999999999997
2016-05-31,CAT_01,CAT_01_ITEM_009,17,85.29,0.0,0,1.38107,1,0,0,0,0.4999999999999999,-0.8660254037844386
2016-06-30,CAT_01,CAT_01_ITEM_009,18,82.4,0.0,0,1.33672,0,0,0,0,1.2246467991473532e-16,-1.0
2016-07-31,CAT_01,CAT_01_ITEM_009,24,84.65,0.0,0,1.31753,0,0,0,0,-0.4999999999999997,-0.8660254037844387
2016-08-31,CAT_01,CAT_01_ITEM_009,25,78.79,0.0,0,1.24148,0,1,0,0,-0.8660254037844383,-0.5000000000000003
2016-09-30,CAT_01,CAT_01_ITEM_009,28,75.0,0.0,0,1.24208,0,0,0,0,-1.0,-1.8369701987210297e-16
2015-01-31,CAT_01,CAT_01_ITEM_010,93,57.81,0.0,0,0.91236,0,0,0,0,0.4999999999999999,0.8660254037844386
2015-02-28,CAT_01,CAT_01_ITEM_010,69,56.59,0.0,0,0.89559,0,0,0,0,0.8660254037844385,0.5000000000000001
2015-03-31,CAT_01,CAT_01_ITEM_010,75,57.67,0.0,0,0.90882,0,0,0,0,1.0,6.123233995736766e-17
2015-04-30,CAT_01,CAT_01_ITEM_010,84,57.35,0.0,0,0.92663,0,0,0,0,0.8660254037844387,-0.4999999999999997
2015-05-31,CAT_01,CAT_01_ITEM_010,83,56.97,0.0,0,0.91183,1,0,0,0,0.4999999999999999,-0.8660254037844386
2015-06-30,CAT_01,CAT_01_ITEM_010,158,49.15,0.1326,1,0.7985,0,0,0,0,1.2246467991473532e-16,-1.0
2015-07-31,CAT_01,CAT_01_ITEM_010,41,57.76,0.0,0,0.90954,0,0,0,0,-0.4999999999999997,-0.8660254037844387
2015-08-31,CAT_01,CAT_01_ITEM_010,92,57.38,0.0,0,0.9177,0,1,0,0,-0.8660254037844383,-0.5000000000000003
2015-09-30,CAT_01,CAT_01_ITEM_010,68,56.78,0.0,0,0.90553,0,0,0,0,-1.0,-1.8369701987210297e-16
2015-10-31,CAT_01,CAT_01_ITEM_010,48,58.19,0.0,0,0.96611,0,0,0,0,-0.8660254037844385,0.5
2015-11-30,CAT_01,CAT_01_ITEM_010,142,57.58,0.0,0,0.90675,0,0,0,1,-0.5000000000000003,0.8660254037844383
2015-12-31,CAT_01,CAT_01_ITEM_010,84,56.98,0.0,0,0.88238,0,0,1,0,-2.4492935982947064e-16,1.0
2016-01-31,CAT_01,CAT_01_ITEM_010,156,51.72,0.1019,1,0.83897,0,0,0,0,0.4999999999999999,0.8660254037844386
2016-02-29,CAT_01,CAT_01_ITEM_010,97,57.5,0.0,0,0.91221,0,0,0,0,0.8660254037844385,0.5000000000000001
2016-03-31,CAT_01,CAT_01_ITEM_010,67,57.74,0.0,0,0.93289,0,0,0,0,1.0,6.123233995736766e-17
2016-04-30,CAT_01,CAT_01_ITEM_010,65,58.4,0.0,0,0.92692,0,0,0,0,0.8660254037844387,-0.4999999999999997
2016-05-31,CAT_01,CAT_01_ITEM_010,65,57.19,0.0,0,0.92598,1,0,0,0,0.4999999999999999,-0.8660254037844386
2016-06-30,CAT_01,CAT_01_ITEM_010,34,56.77,0.0,0,0.92094,0,0,0,0,1.2246467991473532e-16,-1.0
2016-07-31,CAT_01,CAT_01_ITEM_010,57,57.16,0.0,0,0.8897,0,0,0,0,-0.4999999999999997,-0.8660254037844387
2016-08-31,CAT_01,CAT_01_ITEM_010,75,57.96,0.0,0,0.91328,0,1,0,0,-0.8660254037844383,-0.5000000000000003
2016-09-30,CAT_01,CAT_01_ITEM_010,214,43.14,0.2388,1,0.71444,0,0,0,0,-1.0,-1.8369701987210297e-16
2015-01-31,CAT_01,CAT_01_ITEM_011,370,21.42,0.0,0,0.33814,0,0,0,0,0.4999999999999999,0.8660254037844386
2015-02-28,CAT_01,CAT_01_ITEM_011,308,21.52,0.0,0,0.34059,0,0,0,0,0.8660254037844385,0.5000000000000001
2015-03-31,CAT_01,CAT_01_ITEM_011,349,21.55,0.0,0,0.33964,0,0,0,0,1.0,6.123233995736766e-17
2015-04-30,CAT_01,CAT_01_ITEM_011,385,20.68,0.0,0,0.33414,0,0,0,0,0.8660254037844387,-0.4999999999999997
2015-05-31,CAT_01,CAT_01_ITEM_011,295,20.98,0.0,0,0.33577,1,0,0,0,0.4999999999999999,-0.8660254037844386
2015-06-30,CAT_01,CAT_01_ITEM_011,249,21.23,0.0,0,0.34488,0,0,0,0,1.2246467991473532e-16,-1.0
2015-07-31,CAT_01,CAT_01_ITEM_011,206,21.54,0.0,0,0.33917,0,0,0,0,-0.4999999999999997,-0.8660254037844387
2015-08-31,CAT_01,CAT_01_ITEM_011,257,21.49,0.0,0,0.34373,0,1,0,0,-0.8660254037844383,-0.5000000000000003
2015-09-30,CAT_01,CAT_01_ITEM_011,798,16.47,0.2387,1,0.26265,0,0,0,0,-1.0,-1.8369701987210297e-16
2015-10-31,CAT_01,CAT_01_ITEM_011,217,21.27,0.0,0,0.35317,0,0,0,0,-0.8660254037844385,0.5
2015-11-30,CAT_01,CAT_01_ITEM_011,591,20.82,0.0,0,0.32782,0,0,0,1,-0.5000000000000003,0.8660254037844383
2015-12-31,CAT_01,CAT_01_ITEM_011,482,21.34,0.0,0,0.3305,0,0,1,0,-2.4492935982947064e-16,1.0
2016-01-31,CAT_01,CAT_01_ITEM_011,235,21.13,0.0,0,0.34269,0,0,0,0,0.4999999999999999,0.8660254037844386
2016-02-29,CAT_01,CAT_01_ITEM_011,434,21.3,0.0,0,0.33795,0,0,0,0,0.8660254037844385,0.5000000000000001
2016-03-31,CAT_01,CAT_01_ITEM_011,279,21.2,0.0,0,0.34248,0,0,0,0,1.0,6.123233995736766e-17
2016-04-30,CAT_01,CAT_01_ITEM_011,362,21.56,0.0,0,0.34224,0,0,0,0,0.8660254037844387,-0.4999999999999997
2016-05-31,CAT_01,CAT_01_ITEM_011,235,20.92,0.0,0,0.33878,1,0,0,0,0.4999999999999999,-0.8660254037844386
2016-06-30,CAT_01,CAT_01_ITEM_011,211,21.46,0.0,0,0.34808,0,0,0,0,1.2246467991473532e-16,-1.0
2016-07-31,CAT_01,CAT_01_ITEM_011,288,21.5,0.0,0,0.33458,0,0,0,0,-0.4999999999999997,-0.8660254037844387
2016-08-31,CAT_01,CAT_01_ITEM_011,237,21.07,0.0,0,0.33207,0,1,0,0,-0.8660254037844383,-0.5000000000000003
2016-09-30,CAT_01,CAT_01_ITEM_011,237,21.65,0.0,0,0.35855,0,0,0,0,-1.0,-1.8369701987210297e-16
2015-01-31,CAT_01,CAT_01_ITEM_012,765,17.06,0.0,0,0.26923,0,0,0,0,0.4999999999999999,0.8660254037844386
2015-02-28,CAT_01,CAT_01_ITEM_012,651,17.82,0.0,0,0.28206,0,0,0,0,0.8660254037844385,0.5000000000000001
2015-03-31,CAT_01,CAT_01_ITEM_012,868,17.16,0.0,0,0.27044,0,0,0,0,1.0,6.123233995736766e-17
2015-04-30,CAT_01,CAT_01_ITEM_012,864,17.15,0.0,0,0.27712,0,0,0,0,0.8660254037844387,-0.4999999999999997
2015-05-31,CAT_01,CAT_01_ITEM_012,814,17.12,0.0,0,0.27398,1,0,0,0,0.4999999999999999,-0.8660254037844386
2015-06-30,CAT_01,CAT_01_ITEM_012,570,17.02,0.0,0,0.27644,0,0,0,0,1.2246467991473532e-16,-1.0
2015-07-31,CAT_01,CAT_01_ITEM_012,431,16.42,0.0,0,0.25854,0,0,0,0,-0.4999999999999997,-0.8660254037844387
2015-08-31,CAT_01,CAT_01_ITEM_012,883,17.93,0.0,0,0.28671,0,1,0,0,-0.8660254037844383,-0.5000000000000003
2015-09-30,CAT_01,CAT_01_ITEM_012,631,17.21,0.0,0,0.27443,0,0,0,0,-1.0,-1.8369701987210297e-16
2015-10-31,CAT_01,CAT_01_ITEM_012,552,16.72,0.0,0,0.27759,0,0,0,0,-0.8660254037844385,0.5
2015-11-30,CAT_01,CAT_01_ITEM_012,1492,17.04,0.0,0,0.26834,0,0,0,1,-0.5000000000000003,0.8660254037844383
2015-12-31,CAT_01,CAT_01_ITEM_012,1262,17.43,0.0,0,0.26995,0,0,1,0,-2.4492935982947064e-16,1.0
2016-01-31,CAT_01,CAT_01_ITEM_012,574,17.36,0.0,0,0.28154,0,0,0,0,0.4999999999999999,0.8660254037844386
2016-02-29,CAT_01,CAT_01_ITEM_012,1070,17.22,0.0,0,0.27322,0,0,0,0,0.8660254037844385,0.5000000000000001
2016-03-31,CAT_01,CAT_01_ITEM_012,662,17.24,0.0,0,0.27854,0,0,0,0,1.0,6.123233995736766e-17
2016-04-30,CAT_01,CAT_01_ITEM_012,709,17.5,0.0,0,0.27775,0,0,0,0,0.8660254037844387,-0.4999999999999997
2016-05-31,CAT_01,CAT_01_ITEM_012,648,16.23,0.0,0,0.26283,1,0,0,0,0.4999999999999999,-0.8660254037844386
2016-06-30,CAT_01,CAT_01_ITEM_012,526,16.73,0.0,0,0.27145,0,0,0,0,1.2246467991473532e-16,-1.0
2016-07-31,CAT_01,CAT_01_ITEM_012,677,17.87,0.0,0,0.27817,0,0,0,0,-0.4999999999999997,-0.8660254037844387
2016-08-31,CAT_01,CAT_01_ITEM_012,862,16.82,0.0,0,0.26507,0,1,0,0,-0.8660254037844383,-0.5000000000000003
2016-09-30,CAT_01,CAT_01_ITEM_012,509,17.98,0.0,0,0.29787,0,0,0,0,-1.0,-1.8369701987210297e-16
2015-01-31,CAT_01,CAT_01_ITEM_013,57,44.29,0.0,0,0.69903,0,0,0,0,0.4999999999999999,0.8660254037844386
2015-02-28,CAT_01,CAT_01_ITEM_013,43,43.92,0.0,0,0.69512,0,0,0,0,0.8660254037844385,0.5000000000000001
2015-03-31,CAT_01,CAT_01_ITEM_013,63,44.6,0.0,0,0.70282,0,0,0,0,1.0,6.123233995736766e-17
2015-04-30,CAT_01,CAT_01_ITEM_013,66,44.29,0.0,0,0.71569,0,0,0,0,0.8660254037844387,-0.4999999999999997
2015-05-31,CAT_01,CAT_01_ITEM_013,42,44.6,0.0,0,0.71393,1,0,0,0,0.4999999999999999,-0.8660254037844386
2015-06-30,CAT_01,CAT_01_ITEM_013,40,44.46,0.0,0,0.7223,0,0,0,0,1.2246467991473532e-16,-1.0
2015-07-31,CAT_01,CAT_01_ITEM_013,33,44.31,0.0,0,0.69777,0,0,0,0,-0.4999999999999997,-0.8660254037844387
2015-08-31,CAT_01,CAT_01_ITEM_013,50,44.28,0.0,0,0.70809,0,1,0,0,-0.8660254037844383,-0.5000000000000003
2015-09-30,CAT_01,CAT_01_ITEM_013,46,44.89,0.0,0,0.71591,0,0,0,0,-1.0,-1.8369701987210297e-16
2015-10-31,CAT_01,CAT_01_ITEM_013,36,44.03,0.0,0,0.73106,0,0,0,0,-0.8660254037844385,0.5
2015-11-30,CAT_01,CAT_01_ITEM_013,104,44.51,0.0,0,0.70099,0,0,0,1,-0.5000000000000003,0.8660254037844383
2015-12-31,CAT_01,CAT_01_ITEM_013,98,43.92,0.0,0,0.68014,0,0,1,0,-2.4492935982947064e-16,1.0
2016-01-31,CAT_01,CAT_01_ITEM_013,36,45.08,0.0,0,0.73133,0,0,0,0,0.4999999999999999,0.8660254037844386
2016-02-29,CAT_01,CAT_01_ITEM_013,89,44.35,0.0,0,0.7036,0,0,0,0,0.8660254037844385,0.5000000000000001
2016-03-31,CAT_01,CAT_01_ITEM_013,44,44.68,0.0,0,0.72189,0,0,0,0,1.0,6.123233995736766e-17
2016-04-30,CAT_01,CAT_01_ITEM_013,86,44.21,0.0,0,0.70177,0,0,0,0,0.8660254037844387,-0.4999999999999997
2016-05-31,CAT_01,CAT_01_ITEM_013,129,32.72,0.2569,1,0.52979,1,0,0,0,0.4999999999999999,-0.8660254037844386
2016-06-30,CAT_01,CAT_01_ITEM_013,41,43.94,0.0,0,0.71273,0,0,0,0,1.2246467991473532e-16,-1.0
2016-07-31,CAT_01,CAT_01_ITEM_013,51,45.02,0.0,0,0.70076,0,0,0,0,-0.4999999999999997,-0.8660254037844387
2016-08-31,CAT_01,CAT_01_ITEM_013,186,32.43,0.2685,1,0.51104,0,1,0,0,-0.8660254037844383,-0.5000000000000003
2016-09-30,CAT_01,CAT_01_ITEM_013,26,44.5,0.0,0,0.73707,0,0,0,0,-1.0,-1.8369701987210297e-16
2015-01-31,CAT_01,CAT_01_ITEM_014,232,52.92,0.0,0,0.83527,0,0,0,0,0.4999999999999999,0.8660254037844386
2015-02-28,CAT_01,CAT_01_ITEM_014,710,40.8,0.2197,1,0.6457,0,0,0,0,0.8660254037844385,0.5000000000000001
2015-03-31,CAT_01,CAT_01_ITEM_014,247,51.94,0.0,0,0.81862,0,0,0,0,1.0,6.123233995736766e-17
2015-04-30,CAT_01,CAT_01_ITEM_014,247,52.83,0.0,0,0.85368,0,0,0,0,0.8660254037844387,-0.4999999999999997
2015-05-31,CAT_01,CAT_01_ITEM_014,193,51.23,0.0,0,0.82001,1,0,0,0,0.4999999999999999,-0.8660254037844386
2015-06-30,CAT_01,CAT_01_ITEM_014,156,51.87,0.0,0,0.84254,0,0,0,0,1.2246467991473532e-16,-1.0
2015-07-31,CAT_01,CAT_01_ITEM_014,437,37.07,0.2787,1,0.58372,0,0,0,0,-0.4999999999999997,-0.8660254037844387
2015-08-31,CAT_01,CAT_01_ITEM_014,250,52.03,0.0,0,0.83214,0,1,0,0,-0.8660254037844383,-0.5000000000000003
2015-09-30,CAT_01,CAT_01_ITEM_014,189,52.89,0.0,0,0.84344,0,0,0,0,-1.0,-1.8369701987210297e-16
2015-10-31,CAT_01,CAT_01_ITEM_014,128,53.56,0.0,0,0.88922,0,0,0,0,-0.8660254037844385,0.5
2015-11-30,CAT_01,CAT_01_ITEM_014,407,52.36,0.0,0,0.82454,0,0,0,1,-0.5000000000000003,0.8660254037844383
2015-12-31,CAT_01,CAT_01_ITEM_014,278,51.88,0.0,0,0.80341,0,0,1,0,-2.4492935982947064e-16,1.0
2016-01-31,CAT_01,CAT_01_ITEM_014,144,53.11,0.0,0,0.86148,0,0,0,0,0.4999999999999999,0.8660254037844386
2016-02-29,CAT_01,CAT_01_ITEM_014,349,51.93,0.0,0,0.82384,0,0,0,0,0.8660254037844385,0.5000000000000001
2016-03-31,CAT_01,CAT_01_ITEM_014,203,52.6,0.0,0,0.84974,0,0,0,0,1.0,6.123233995736766e-17
2016-04-30,CAT_01,CAT_01_ITEM_014,244,52.61,0.0,0,0.83514,0,0,0,0,0.8660254037844387,-0.4999999999999997
2016-05-31,CAT_01,CAT_01_ITEM_014,148,51.96,0.0,0,0.84135,1,0,0,0,0.4999999999999999,-0.8660254037844386
2016-06-30,CAT_01,CAT_01_ITEM_014,162,52.54,0.0,0,0.85226,0,0,0,0,1.2246467991473532e-16,-1.0
2016-07-31,CAT_01,CAT_01_ITEM_014,213,52.52,0.0,0,0.8175,0,0,0,0,-0.4999999999999997,-0.8660254037844387
2016-08-31,CAT_01,CAT_01_ITEM_014,227,52.98,0.0,0,0.83483,0,1,0,0,-0.8660254037844383,-0.5000000000000003
2016-09-30,CAT_01,CAT_01_ITEM_014,174,51.65,0.0,0,0.85546,0,0,0,0,-1.0,-1.8369701987210297e-16
2015-01-31,CAT_01,CAT_01_ITEM_015,71,32.75,0.0,0,0.51687,0,0,0,0,0.4999999999999999,0.8660254037844386
2015-02-28,CAT_01,CAT_01_ITEM_015,196,27.89,0.1248,1,0.44131,0,0,0,0,0.8660254037844385,0.5000000000000001
2015-03-31,CAT_01,CAT_01_ITEM_015,75,33.19,0.0,0,0.52301,0,0,0,0,1.0,6.123233995736766e-17
2015-04-30,CAT_01,CAT_01_ITEM_015,90,31.41,0.0,0,0.50749,0,0,0,0,0.8660254037844387,-0.4999999999999997
2015-05-31,CAT_01,CAT_01_ITEM_015,99,33.28,0.0,0,0.53273,1,0,0,0,0.4999999999999999,-0.8660254037844386
2015-06-30,CAT_01,CAT_01_ITEM_015,55,33.84,0.0,0,0.54975,0,0,0,0,1.2246467991473532e-16,-1.0
2015-07-31,CAT_01,CAT_01_ITEM_015,37,33.96,0.0,0,0.53476,0,0,0,0,-0.4999999999999997,-0.8660254037844387
2015-08-31,CAT_01,CAT_01_ITEM_015,86,32.82,0.0,0,0.52495,0,1,0,0,-0.8660254037844383,-0.5000000000000003
2015-09-30,CAT_01,CAT_01_ITEM_015,85,33.35,0.0,0,0.5318,0,0,0,0,-1.0,-1.8369701987210297e-16
2015-10-31,CAT_01,CAT_01_ITEM_015,54,32.27,0.0,0,0.53581,0,0,0,0,-0.8660254037844385,0.5
2015-11-30,CAT_01,CAT_01_ITEM_015,102,32.47,0.0,0,0.51141,0,0,0,1,-0.5000000000000003,0.8660254037844383
2015-12-31,CAT_01,CAT_01_ITEM_015,74,32.26,0.0,0,0.49949,0,0,1,0,-2.4492935982947064e-16,1.0
2016-01-31,CAT_01,CAT_01_ITEM_015,51,33.3,0.0,0,0.54012,0,0,0,0,0.4999999999999999,0.8660254037844386
2016-02-29,CAT_01,CAT_01_ITEM_015,112,33.33,0.0,0,0.52867,0,0,0,0,0.8660254037844385,0.5000000000000001
2016-03-31,CAT_01,CAT_01_ITEM_015,74,32.7,0.0,0,0.5283,0,0,0,0,1.0,6.123233995736766e-17
2016-04-30,CAT_01,CAT_01_ITEM_015,71,33.81,0.0,0,0.53665,0,0,0,0,0.8660254037844387,-0.4999999999999997
2016-05-31,CAT_01,CAT_01_ITEM_015,267,23.07,0.2852,1,0.3736,1,0,0,0,0.4999999999999999,-0.8660254037844386
2016-06-30,CAT_01,CAT_01_ITEM_015,50,34.04,0.0,0,0.55216,0,0,0,0,1.2246467991473532e-16,-1.0
2016-07-31,CAT_01,CAT_01_ITEM_015,53,32.71,0.0,0,0.50905,0,0,0,0,-0.4999999999999997,-0.8660254037844387
2016-08-31,CAT_01,CAT_01_ITEM_015,86,32.35,0.0,0,0.50982,0,1,0,0,-0.8660254037844383,-0.5000000000000003
2016-09-30,CAT_01,CAT_01_ITEM_015,56,32.46,0.0,0,0.53753,0,0,0,0,-1.0,-1.8369701987210297e-16
2015-01-31,CAT_01,CAT_01_ITEM_016,324,47.54,0.1529,1,0.75037,0,0,0,0,0.4999999999999999,0.8660254037844386
2015-02-28,CAT_01,CAT_01_ITEM_016,96,55.56,0.0,0,0.87934,0,0,0,0,0.8660254037844385,0.5000000000000001
2015-03-31,CAT_01,CAT_01_ITEM_016,114,56.04,0.0,0,0.88315,0,0,0,0,1.0,6.123233995736766e-17
2015-04-30,CAT_01,CAT_01_ITEM_016,120,56.48,0.0,0,0.91264,0,0,0,0,0.8660254037844387,-0.4999999999999997
2015-05-31,CAT_01,CAT_01_ITEM_016,93,56.26,0.0,0,0.90047,1,0,0,0,0.4999999999999999,-0.8660254037844386
2015-06-30,CAT_01,CAT_01_ITEM_016,286,39.76,0.2912,1,0.64596,0,0,0,0,1.2246467991473532e-16,-1.0
2015-07-31,CAT_01,CAT_01_ITEM_016,74,55.56,0.0,0,0.87489,0,0,0,0,-0.4999999999999997,-0.8660254037844387
2015-08-31,CAT_01,CAT_01_ITEM_016,66,55.47,0.0,0,0.88718,0,1,0,0,-0.8660254037844383,-0.5000000000000003
2015-09-30,CAT_01,CAT_01_ITEM_016,84,56.0,0.0,0,0.893,0,0,0,0,-1.0,-1.8369701987210297e-16
2015-10-31,CAT_01,CAT_01_ITEM_016,64,54.5,0.0,0,0.90493,0,0,0,0,-0.8660254037844385,0.5
2015-11-30,CAT_01,CAT_01_ITEM_016,240,55.78,0.0,0,0.87841,0,0,0,1,-0.5000000000000003,0.8660254037844383
2015-12-31,CAT_01,CAT_01_ITEM_016,164,56.62,0.0,0,0.87682,0,0,1,0,-2.4492935982947064e-16,1.0
2016-01-31,CAT_01,CAT_01_ITEM_016,79,54.87,0.0,0,0.89016,0,0,0,0,0.4999999999999999,0.8660254037844386
2016-02-29,CAT_01,CAT_01_ITEM_016,135,56.29,0.0,0,0.89301,0,0,0,0,0.8660254037844385,0.5000000000000001
2016-03-31,CAT_01,CAT_01_ITEM_016,77,55.95,0.0,0,0.90389,0,0,0,0,1.0,6.123233995736766e-17
2016-04-30,CAT_01,CAT_01_ITEM_016,101,55.87,0.0,0,0.88689,0,0,0,0,0.8660254037844387,-0.4999999999999997
2016-05-31,CAT_01,CAT_01_ITEM_016,95,56.09,0.0,0,0.90818,1,0,0,0,0.4999999999999999,-0.8660254037844386
2016-06-30,CAT_01,CAT_01_ITEM_016,255,41.77,0.268,1,0.67752,0,0,0,0,1.2246467991473532e-16,-1.0
2016-07-31,CAT_01,CAT_01_ITEM_016,88,56.8,0.0,0,0.88408,0,0,0,0,-0.4999999999999997,-0.8660254037844387
2016-08-31,CAT_01,CAT_01_ITEM_016,76,55.7,0.0,0,0.87775,0,1,0,0,-0.8660254037844383,-0.5000000000000003
2016-09-30,CAT_01,CAT_01_ITEM_016,71,54.99,0.0,0,0.91073,0,0,0,0,-1.0,-1.8369701987210297e-16
