data/raw/synthetic_retail_shares_brazil_2015_2025.csv
date,category_id,item_id,sales_qty,price,discount,promo_flag,price_rel,mothers_day_flag,fathers_day_flag,christmas_flag,black_friday_flag,month_sin,month_cos
2015-01-31,CAT_01,CAT_01_ITEM_017,7,104.54,0.0,0,1.65,0,0,0,0,0.4999999999999999,0.8660254037844386
2015-02-28,CAT_01,CAT_01_ITEM_017,2,103.74,0.0,0,1.64165,0,0,0,0,0.8660254037844385,0.5000000000000001
2015-03-31,CAT_01,CAT_01_ITEM_017,6,105.82,0.0,0,1.66766,0,0,0,0,1.0,6.123233995736766e-17
2015-04-30,CAT_01,CAT_01_ITEM_017,7,105.77,0.0,0,1.70908,0,0,0,0,0.8660254037844387,-0.4999999999999997
2015-05-31,CAT_01,CAT_01_ITEM_017,7,104.95,0.0,0,1.67995,1,0,0,0,0.4999999999999999,-0.8660254037844386
2015-06-30,CAT_01,CAT_01_ITEM_017,9,105.0,0.0,0,1.70574,0,0,0,0,1.2246467991473532e-16,-1.0
2015-07-31,CAT_01,CAT_01_ITEM_017,4,105.04,0.0,0,1.65399,0,0,0,0,-0.4999999999999997,-0.8660254037844387
2015-08-31,CAT_01,CAT_01_ITEM_017,5,104.3,0.0,0,1.66803,0,1,0,0,-0.8660254037844383,-0.5000000000000003
2015-09-30,CAT_01,CAT_01_ITEM_017,8,105.67,0.0,0,1.68509,0,0,0,0,-1.0,-1.8369701987210297e-16
2015-10-31,CAT_01,CAT_01_ITEM_017,3,105.99,0.0,0,1.75977,0,0,0,0,-0.8660254037844385,0.5
2015-11-30,CAT_01,CAT_01_ITEM_017,8,104.08,0.0,0,1.63901,0,0,0,1,-0.5000000000000003,0.8660254037844383
2015-12-31,CAT_01,CAT_01_ITEM_017,6,106.92,0.0,0,1.65571,0,0,1,0,-2.4492935982947064e-16,1.0
2016-01-31,CAT_01,CAT_01_ITEM_017,28,84.65,0.1821,1,1.37316,0,0,0,0,0.4999999999999999,0.8660254037844386
2016-02-29,CAT_01,CAT_01_ITEM_017,47,80.46,0.2465,1,1.27637,0,0,0,0,0.8660254037844385,0.5000000000000001
2016-03-31,CAT_01,CAT_01_ITEM_017,5,103.52,0.0,0,1.67237,0,0,0,0,1.0,6.123233995736766e-17
2016-04-30,CAT_01,CAT_01_ITEM_017,4,106.91,0.0,0,1.69698,0,0,0,0,0.8660254037844387,-0.4999999999999997
2016-05-31,CAT_01,CAT_01_ITEM_017,16,90.75,0.1367,1,1.46939,1,0,0,0,0.4999999999999999,-0.8660254037844386
2016-06-30,CAT_01,CAT_01_ITEM_017,5,104.28,0.0,0,1.69148,0,0,0,0,1.2246467991473532e-16,-1.0
2016-07-31,CAT_01,CAT_01_ITEM_017,10,104.92,0.0,0,1.63299,0,0,0,0,-0.4999999999999997,-0.8660254037844387
2016-08-31,CAT_01,CAT_01_ITEM_017,8,103.98,0.0,0,1.63842,0,1,0,0,-0.8660254037844383,-0.5000000000000003
2016-09-30,CAT_01,CAT_01_ITEM_017,6,103.29,0.0,0,1.71071,0,0,0,0,-1.0,-1.8369701987210297e-16
2015-01-31,CAT_01,CAT_01_ITEM_018,8,61.75,0.0,0,0.9746,0,0,0,0,0.4999999999999999,0.8660254037844386
2015-02-28,CAT_01,CAT_01_ITEM_018,4,64.19,0.0,0,1.01578,0,0,0,0,0.8660254037844385,0.5000000000000001
2015-03-31,CAT_01,CAT_01_ITEM_018,4,64.91,0.0,0,1.02293,0,0,0,0,1.0,6.123233995736766e-17
2015-04-30,CAT_01,CAT_01_ITEM_018,2,65.71,0.0,0,1.06177,0,0,0,0,0.8660254037844387,-0.4999999999999997
2015-05-31,CAT_01,CAT_01_ITEM_018,1,62.55,0.0,0,1.00126,1,0,0,0,0.4999999999999999,-0.8660254037844386
2015-06-30,CAT_01,CAT_01_ITEM_018,6,64.03,0.0,0,1.04014,0,0,0,0,1.2246467991473532e-16,-1.0
2015-07-31,CAT_01,CAT_01_ITEM_018,1,64.97,0.0,0,1.02308,0,0,0,0,-0.4999999999999997,-0.8660254037844387
2015-08-31,CAT_01,CAT_01_ITEM_018,5,64.46,0.0,0,1.03087,0,1,0,0,-0.8660254037844383,-0.5000000000000003
2015-09-30,CAT_01,CAT_01_ITEM_018,1,65.89,0.0,0,1.05076,0,0,0,0,-1.0,-1.8369701987210297e-16
2015-10-31,CAT_01,CAT_01_ITEM_018,5,49.69,0.2481,1,0.82498,0,0,0,0,-0.8660254037844385,0.5
2015-11-30,CAT_01,CAT_01_ITEM_018,3,63.86,0.0,0,1.00569,0,0,0,1,-0.5000000000000003,0.8660254037844383
2015-12-31,CAT_01,CAT_01_ITEM_018,6,64.02,0.0,0,0.9913,0,0,1,0,-2.4492935982947064e-16,1.0
2016-01-31,CAT_01,CAT_01_ITEM_018,2,63.79,0.0,0,1.03487,0,0,0,0,0.4999999999999999,0.8660254037844386
2016-02-29,CAT_01,CAT_01_ITEM_018,5,64.84,0.0,0,1.02857,0,0,0,0,0.8660254037844385,0.5000000000000001
2016-03-31,CAT_01,CAT_01_ITEM_018,6,62.75,0.0,0,1.01379,0,0,0,0,1.0,6.123233995736766e-17
2016-04-30,CAT_01,CAT_01_ITEM_018,4,61.61,0.0,0,0.97798,0,0,0,0,0.8660254037844387,-0.4999999999999997
2016-05-31,CAT_01,CAT_01_ITEM_018,4,62.87,0.0,0,1.01797,1,0,0,0,0.4999999999999999,-0.8660254037844386
2016-06-30,CAT_01,CAT_01_ITEM_018,2,64.61,0.0,0,1.04811,0,0,0,0,1.2246467991473532e-16,-1.0
2016-07-31,CAT_01,CAT_01_ITEM_018,2,65.25,0.0,0,1.01549,0,0,0,0,-0.4999999999999997,-0.8660254037844387
2016-08-31,CAT_01,CAT_01_ITEM_018,9,65.39,0.0,0,1.0304,0,1,0,0,-0.8660254037844383,-0.5000000000000003
2016-09-30,CAT_01,CAT_01_ITEM_018,1,64.23,0.0,0,1.0637,0,0,0,0,-1.0,-1.8369701987210297e-16
2015-01-31,CAT_02,CAT_02_ITEM_001,4,93.68,0.0,0,1.37833,0,0,0,0,0.4999999999999999,0.8660254037844386
2015-02-28,CAT_02,CAT_02_ITEM_001,14,82.47,0.1644,1,1.19977,0,0,0,0,0.8660254037844385,0.5000000000000001
2015-03-31,CAT_02,CAT_02_ITEM_001,2,95.25,0.0,0,1.41167,0,0,0,0,1.0,6.123233995736766e-17
2015-04-30,CAT_02,CAT_02_ITEM_001,4,92.45,0.0,0,1.37746,0,0,0,0,0.8660254037844387,-0.4999999999999997
2015-05-31,CAT_02,CAT_02_ITEM_001,16,63.8,0.2637,1,0.94377,1,0,0,0,0.4999999999999999,-0.8660254037844386
2015-06-30,CAT_02,CAT_02_ITEM_001,3,97.45,0.0,0,1.44589,0,0,0,0,1.2246467991473532e-16,-1.0
2015-07-31,CAT_02,CAT_02_ITEM_001,2,92.41,0.0,0,1.35994,0,0,0,0,-0.4999999999999997,-0.8660254037844387
2015-08-31,CAT_02,CAT_02_ITEM_001,4,88.39,0.0,0,1.33884,0,1,0,0,-0.8660254037844383,-0.5000000000000003
2015-09-30,CAT_02,CAT_02_ITEM_001,4,92.51,0.0,0,1.35594,0,0,0,0,-1.0,-1.8369701987210297e-16
2015-10-31,CAT_02,CAT_02_ITEM_001,2,99.87,0.0,0,1.4283,0,0,0,0,-0.8660254037844385,0.5
2015-11-30,CAT_02,CAT_02_ITEM_001,4,99.37,0.0,0,1.46124,0,0,0,1,-0.5000000000000003,0.8660254037844383
2015-12-31,CAT_02,CAT_02_ITEM_001,5,97.14,0.0,0,1.44299,0,0,1,0,-2.4492935982947064e-16,1.0
2016-01-31,CAT_02,CAT_02_ITEM_001,3,94.29,0.0,0,1.37299,0,0,0,0,0.4999999999999999,0.8660254037844386
2016-02-29,CAT_02,CAT_02_ITEM_001,23,68.55,0.245,1,1.01354,0,0,0,0,0.8660254037844385,0.5000000000000001
2016-03-31,CAT_02,CAT_02_ITEM_001,3,93.79,0.0,0,1.40649,0,0,0,0,1.0,6.123233995736766e-17
2016-04-30,CAT_02,CAT_02_ITEM_001,0,88.66,0.0,0,1.28,0,0,0,0,0.8660254037844387,-0.4999999999999997
2016-05-31,CAT_02,CAT_02_ITEM_001,4,96.24,0.0,0,1.41323,1,0,0,0,0.4999999999999999,-0.8660254037844386
2016-06-30,CAT_02,CAT_02_ITEM_001,6,95.54,0.0,0,1.37333,0,0,0,0,1.2246467991473532e-16,-1.0
2016-07-31,CAT_02,CAT_02_ITEM_001,1,95.83,0.0,0,1.37046,0,0,0,0,-0.4999999999999997,-0.8660254037844387
2016-08-31,CAT_02,CAT_02_ITEM_001,1,95.42,0.0,0,1.43598,0,1,0,0,-0.8660254037844383,-0.5000000000000003
2016-09-30,CAT_02,CAT_02_ITEM_001,5,85.42,0.0,0,1.28508,0,0,0,0,-1.0,-1.8369701987210297e-16
2015-01-31,CAT_02,CAT_02_ITEM_002,64,44.63,0.0,0,0.65661,0,0,0,0,0.4999999999999999,0.8660254037844386
2015-02-28,CAT_02,CAT_02_ITEM_002,71,45.78,0.0,0,0.666,0,0,0,0,0.8660254037844385,0.5000000000000001
2015-03-31,CAT_02,CAT_02_ITEM_002,31,48.57,0.0,0,0.71979,0,0,0,0,1.0,6.123233995736766e-17
2015-04-30,CAT_02,CAT_02_ITEM_002,127,34.24,0.26,1,0.51015,0,0,0,0,0.8660254037844387,-0.4999999999999997
2015-05-31,CAT_02,CAT_02_ITEM_002,72,44.49,0.0,0,0.65811,1,0,0,0,0.4999999999999999,-0.8660254037844386
2015-06-30,CAT_02,CAT_02_ITEM_002,26,46.58,0.0,0,0.69116,0,0,0,0,1.2246467991473532e-16,-1.0
2015-07-31,CAT_02,CAT_02_ITEM_002,68,45.38,0.0,0,0.66773,0,0,0,0,-0.4999999999999997,-0.8660254037844387
2015-08-31,CAT_02,CAT_02_ITEM_002,49,44.98,0.0,0,0.68136,0,1,0,0,-0.8660254037844383,-0.5000000000000003
2015-09-30,CAT_02,CAT_02_ITEM_002,244,37.01,0.149,1,0.54248,0,0,0,0,-1.0,-1.8369701987210297e-16
2015-10-31,CAT_02,CAT_02_ITEM_002,292,35.84,0.2155,1,0.51258,0,0,0,0,-0.8660254037844385,0.5
2015-11-30,CAT_02,CAT_02_ITEM_002,90,44.64,0.0,0,0.65641,0,0,0,1,-0.5000000000000003,0.8660254037844383
2015-12-31,CAT_02,CAT_02_ITEM_002,65,44.09,0.0,0,0.65497,0,0,1,0,-2.4492935982947064e-16,1.0
2016-01-31,CAT_02,CAT_02_ITEM_002,75,45.83,0.0,0,0.66737,0,0,0,0,0.4999999999999999,0.8660254037844386
2016-02-29,CAT_02,CAT_02_ITEM_002,93,44.47,0.0,0,0.65756,0,0,0,0,0.8660254037844385,0.5000000000000001
2016-03-31,CAT_02,CAT_02_ITEM_002,62,46.8,0.0,0,0.70182,0,0,0,0,1.0,6.123233995736766e-17
2016-04-30,CAT_02,CAT_02_ITEM_002,59,43.96,0.0,0,0.63468,0,0,0,0,0.8660254037844387,-0.4999999999999997
2016-05-31,CAT_02,CAT_02_ITEM_002,50,44.97,0.0,0,0.66039,1,0,0,0,0.4999999999999999,-0.8660254037844386
2016-06-30,CAT_02,CAT_02_ITEM_002,57,44.97,0.0,0,0.64636,0,0,0,0,1.2246467991473532e-16,-1.0
2016-07-31,CAT_02,CAT_02_ITEM_002,76,46.72,0.0,0,0.66818,0,0,0,0,-0.4999999999999997,-0.8660254037844387
2016-08-31,CAT_02,CAT_02_ITEM_002,59,44.57,0.0,0,0.67072,0,1,0,0,-0.8660254037844383,-0.5000000000000003
2016-09-30,CAT_02,CAT_02_ITEM_002,223,34.73,0.2361,1,0.52247,0,0,0,0,-1.0,-1.8369701987210297e-16
2015-01-31,CAT_02,CAT_02_ITEM_003,6,87.28,0.0,0,1.28412,0,0,0,0,0.4999999999999999,0.8660254037844386
2015-02-28,CAT_02,CAT_02_ITEM_003,8,83.73,0.0,0,1.21814,0,0,0,0,0.8660254037844385,0.5000000000000001
2015-03-31,CAT_02,CAT_02_ITEM_003,21,63.65,0.2566,1,0.94334,0,0,0,0,1.0,6.123233995736766e-17
2015-04-30,CAT_02,CAT_02_ITEM_003,25,69.38,0.1812,1,1.03379,0,0,0,0,0.8660254037844387,-0.4999999999999997
2015-05-31,CAT_02,CAT_02_ITEM_003,5,83.41,0.0,0,1.2339,1,0,0,0,0.4999999999999999,-0.8660254037844386
2015-06-30,CAT_02,CAT_02_ITEM_003,4,82.99,0.0,0,1.23134,0,0,0,0,1.2246467991473532e-16,-1.0
2015-07-31,CAT_02,CAT_02_ITEM_003,10,86.36,0.0,0,1.27078,0,0,0,0,-0.4999999999999997,-0.8660254037844387
2015-08-31,CAT_02,CAT_02_ITEM_003,2,82.93,0.0,0,1.25619,0,1,0,0,-0.8660254037844383,-0.5000000000000003
2015-09-30,CAT_02,CAT_02_ITEM_003,13,82.91,0.0,0,1.21515,0,0,0,0,-1.0,-1.8369701987210297e-16
2015-10-31,CAT_02,CAT_02_ITEM_003,14,84.92,0.0,0,1.21442,0,0,0,0,-0.8660254037844385,0.5
2015-11-30,CAT_02,CAT_02_ITEM_003,32,82.88,0.0,0,1.21881,0,0,0,1,-0.5000000000000003,0.8660254037844383
2015-12-31,CAT_02,CAT_02_ITEM_003,36,73.18,0.1443,1,1.08701,0,0,1,0,-2.4492935982947064e-16,1.0
2016-01-31,CAT_02,CAT_02_ITEM_003,13,81.98,0.0,0,1.1937,0,0,0,0,0.4999999999999999,0.8660254037844386
2016-02-29,CAT_02,CAT_02_ITEM_003,13,84.26,0.0,0,1.24573,0,0,0,0,0.8660254037844385,0.5000000000000001
2016-03-31,CAT_02,CAT_02_ITEM_003,9,84.96,0.0,0,1.27409,0,0,0,0,1.0,6.123233995736766e-17
2016-04-30,CAT_02,CAT_02_ITEM_003,3,84.48,0.0,0,1.2197,0,0,0,0,0.8660254037844387,-0.4999999999999997
2016-05-31,CAT_02,CAT_02_ITEM_003,4,87.26,0.0,0,1.28138,1,0,0,0,0.4999999999999999,-0.8660254037844386
2016-06-30,CAT_02,CAT_02_ITEM_003,5,87.74,0.0,0,1.2612,0,0,0,0,1.2246467991473532e-16,-1.0
2016-07-31,CAT_02,CAT_02_ITEM_003,9,85.21,0.0,0,1.21857,0,0,0,0,-0.4999999999999997,-0.8660254037844387
2016-08-31,CAT_02,CAT_02_ITEM_003,4,81.18,0.0,0,1.22177,0,1,0,0,-0.8660254037844383,-0.5000000000000003
2016-09-30,CAT_02,CAT_02_ITEM_003,12,83.98,0.0,0,1.26336,0,0,0,0,-1.0,-1.8369701987210297e-16
2015-01-31,CAT_02,CAT_02_ITEM_004,3,113.19,0.0,0,1.66539,0,0,0,0,0.4999999999999999,0.8660254037844386
2015-02-28,CAT_02,CAT_02_ITEM_004,6,111.51,0.0,0,1.62229,0,0,0,0,0.8660254037844385,0.5000000000000001
2015-03-31,CAT_02,CAT_02_ITEM_004,1,114.25,0.0,0,1.69319,0,0,0,0,1.0,6.123233995736766e-17
2015-04-30,CAT_02,CAT_02_ITEM_004,2,112.09,0.0,0,1.67014,0,0,0,0,0.8660254037844387,-0.4999999999999997
2015-05-31,CAT_02,CAT_02_ITEM_004,3,110.5,0.0,0,1.63465,1,0,0,0,0.4999999999999999,-0.8660254037844386
2015-06-30,CAT_02,CAT_02_ITEM_004,7,99.85,0.1172,1,1.48151,0,0,0,0,1.2246467991473532e-16,-1.0
2015-07-31,CAT_02,CAT_02_ITEM_004,0,111.65,0.0,0,1.64302,0,0,0,0,-0.4999999999999997,-0.8660254037844387
2015-08-31,CAT_02,CAT_02_ITEM_004,3,111.99,0.0,0,1.69631,0,1,0,0,-0.8660254037844383,-0.5000000000000003
2015-09-30,CAT_02,CAT_02_ITEM_004,3,111.14,0.0,0,1.6289,0,0,0,0,-1.0,-1.8369701987210297e-16
2015-10-31,CAT_02,CAT_02_ITEM_004,1,112.34,0.0,0,1.60656,0,0,0,0,-0.8660254037844385,0.5
2015-11-30,CAT_02,CAT_02_ITEM_004,3,111.93,0.0,0,1.64592,0,0,0,1,-0.5000000000000003,0.8660254037844383
2015-12-31,CAT_02,CAT_02_ITEM_004,4,113.49,0.0,0,1.68581,0,0,1,0,-2.4492935982947064e-16,1.0
2016-01-31,CAT_02,CAT_02_ITEM_004,3,112.72,0.0,0,1.6414,0,0,0,0,0.4999999999999999,0.8660254037844386
2016-02-29,CAT_02,CAT_02_ITEM_004,3,111.54,0.0,0,1.64915,0,0,0,0,0.8660254037844385,0.5000000000000001
2016-03-31,CAT_02,CAT_02_ITEM_004,19,86.42,0.2406,1,1.296,0,0,0,0,1.0,6.123233995736766e-17
2016-04-30,CAT_02,CAT_02_ITEM_004,2,112.03,0.0,0,1.6174,0,0,0,0,0.8660254037844387,-0.4999999999999997
2016-05-31,CAT_02,CAT_02_ITEM_004,0,111.8,0.0,0,1.64177,1,0,0,0,0.4999999999999999,-0.8660254037844386
2016-06-30,CAT_02,CAT_02_ITEM_004,2,110.9,0.0,0,1.59418,0,0,0,0,1.2246467991473532e-16,-1.0
2016-07-31,CAT_02,CAT_02_ITEM_004,3,112.28,0.0,0,1.6058,0,0,0,0,-0.4999999999999997,-0.8660254037844387
2016-08-31,CAT_02,CAT_02_ITEM_004,1,110.97,0.0,0,1.66996,0,1,0,0,-0.8660254037844383,-0.5000000000000003
2016-09-30,CAT_02,CAT_02_ITEM_004,5,113.48,0.0,0,1.70722,0,0,0,0,-1.0,-1.8369701987210297e-16
2015-01-31,CAT_02,CAT_02_ITEM_005,8,89.13,0.0,0,1.31132,0,0,0,0,0.4999999999999999,0.8660254037844386
2015-02-28,CAT_02,CAT_02_ITEM_005,7,86.97,0.0,0,1.26532,0,0,0,0,0.8660254037844385,0.5000000000000001
2015-03-31,CAT_02,CAT_02_ITEM_005,1,85.67,0.0,0,1.26963,0,0,0,0,1.0,6.123233995736766e-17
2015-04-30,CAT_02,CAT_02_ITEM_005,10,87.94,0.0,0,1.31029,0,0,0,0,0.8660254037844387,-0.4999999999999997
2015-05-31,CAT_02,CAT_02_ITEM_005,2,89.37,0.0,0,1.32207,1,0,0,0,0.4999999999999999,-0.8660254037844386
2015-06-30,CAT_02,CAT_02_ITEM_005,1,88.01,0.0,0,1.30575,0,0,0,0,1.2246467991473532e-16,-1.0
2015-07-31,CAT_02,CAT_02_ITEM_005,7,87.09,0.0,0,1.28167,0,0,0,0,-0.4999999999999997,-0.8660254037844387
2015-08-31,CAT_02,CAT_02_ITEM_005,18,70.75,0.212,1,1.07171,0,1,0,0,-0.8660254037844383,-0.5000000000000003
2015-09-30,CAT_02,CAT_02_ITEM_005,10,89.25,0.0,0,1.30804,0,0,0,0,-1.0,-1.8369701987210297e-16
2015-10-31,CAT_02,CAT_02_ITEM_005,8,88.58,0.0,0,1.2668,0,0,0,0,-0.8660254037844385,0.5
2015-11-30,CAT_02,CAT_02_ITEM_005,10,88.36,0.0,0,1.29931,0,0,0,1,-0.5000000000000003,0.8660254037844383
2015-12-31,CAT_02,CAT_02_ITEM_005,6,89.04,0.0,0,1.32269,0,0,1,0,-2.4492935982947064e-16,1.0
2016-01-31,CAT_02,CAT_02_ITEM_005,4,90.08,0.0,0,1.31168,0,0,0,0,0.4999999999999999,0.8660254037844386
2016-02-29,CAT_02,CAT_02_ITEM_005,4,89.25,0.0,0,1.31951,0,0,0,0,0.8660254037844385,0.5000000000000001
2016-03-31,CAT_02,CAT_02_ITEM_005,4,90.09,0.0,0,1.35104,0,0,0,0,1.0,6.123233995736766e-17
2016-04-30,CAT_02,CAT_02_ITEM_005,8,89.24,0.0,0,1.28831,0,0,0,0,0.8660254037844387,-0.4999999999999997
2016-05-31,CAT_02,CAT_02_ITEM_005,3,85.59,0.0,0,1.25688,1,0,0,0,0.4999999999999999,-0.8660254037844386
2016-06-30,CAT_02,CAT_02_ITEM_005,6,86.94,0.0,0,1.24972,0,0,0,0,1.2246467991473532e-16,-1.0
2016-07-31,CAT_02,CAT_02_ITEM_005,5,88.86,0.0,0,1.27086,0,0,0,0,-0.4999999999999997,-0.8660254037844387
2016-08-31,CAT_02,CAT_02_ITEM_005,4,88.64,0.0,0,1.33399,0,1,0,0,-0.8660254037844383,-0.5000000000000003
2016-09-30,CAT_02,CAT_02_ITEM_005,5,86.82,0.0,0,1.30605,0,0,0,0,-1.0,-1.8369701987210297e-16
2015-01-31,CAT_02,CAT_02_ITEM_006,40,26.67,0.0,0,0.39243,0,0,0,0,0.4999999999999999,0.8660254037844386
2015-02-28,CAT_02,CAT_02_ITEM_006,43,23.8,0.0,0,0.34628,0,0,0,0,0.8660254037844385,0.5000000000000001
2015-03-31,CAT_02,CAT_02_ITEM_006,28,25.31,0.0,0,0.37516,0,0,0,0,1.0,6.123233995736766e-17
2015-04-30,CAT_02,CAT_02_ITEM_006,33,25.22,0.0,0,0.3757,0,0,0,0,0.8660254037844387,-0.4999999999999997
2015-05-31,CAT_02,CAT_02_ITEM_006,34,26.04,0.0,0,0.38523,1,0,0,0,0.4999999999999999,-0.8660254037844386
2015-06-30,CAT_02,CAT_02_ITEM_006,34,25.04,0.0,0,0.37152,0,0,0,0,1.2246467991473532e-16,-1.0
2015-07-31,CAT_02,CAT_02_ITEM_006,92,20.6,0.2095,1,0.30316,0,0,0,0,-0.4999999999999997,-0.8660254037844387
2015-08-31,CAT_02,CAT_02_ITEM_006,28,25.15,0.0,0,0.3809,0,1,0,0,-0.8660254037844383,-0.5000000000000003
2015-09-30,CAT_02,CAT_02_ITEM_006,68,24.31,0.0,0,0.35633,0,0,0,0,-1.0,-1.8369701987210297e-16
2015-10-31,CAT_02,CAT_02_ITEM_006,60,26.51,0.0,0,0.37913,0,0,0,0,-0.8660254037844385,0.5
2015-11-30,CAT_02,CAT_02_ITEM_006,90,23.74,0.0,0,0.34911,0,0,0,1,-0.5000000000000003,0.8660254037844383
2015-12-31,CAT_02,CAT_02_ITEM_006,42,25.69,0.0,0,0.38162,0,0,1,0,-2.4492935982947064e-16,1.0
2016-01-31,CAT_02,CAT_02_ITEM_006,37,25.06,0.0,0,0.36491,0,0,0,0,0.4999999999999999,0.8660254037844386
2016-02-29,CAT_02,CAT_02_ITEM_006,56,24.04,0.0,0,0.35539,0,0,0,0,0.8660254037844385,0.5000000000000001
2016-03-31,CAT_02,CAT_02_ITEM_006,43,26.02,0.0,0,0.39015,0,0,0,0,1.0,6.123233995736766e-17
2016-04-30,CAT_02,CAT_02_ITEM_006,30,25.17,0.0,0,0.36336,0,0,0,0,0.8660254037844387,-0.4999999999999997
2016-05-31,CAT_02,CAT_02_ITEM_006,36,24.94,0.0,0,0.3662,1,0,0,0,0.4999999999999999,-0.8660254037844386
2016-06-30,CAT_02,CAT_02_ITEM_006,33,23.64,0.0,0,0.3398,0,0,0,0,1.2246467991473532e-16,-1.0
2016-07-31,CAT_02,CAT_02_ITEM_006,44,24.5,0.0,0,0.35038,0,0,0,0,-0.4999999999999997,-0.8660254037844387
2016-08-31,CAT_02,CAT_02_ITEM_006,30,25.78,0.0,0,0.38791,0,1,0,0,-0.8660254037844383,-0.5000000000000003
2016-09-30,CAT_02,CAT_02_ITEM_006,47,24.1,0.0,0,0.36259,0,0,0,0,-1.0,-1.8369701987210297e-16
