data/raw/synthetic_retail_shares_brazil_2015_2025.csv
date,category_id,item_id,sales_qty,price,discount,promo_flag,price_rel,mothers_day_flag,fathers_day_flag,christmas_flag,black_friday_flag,month_sin,month_cos
2015-01-31,CAT_02,CAT_02_ITEM_007,509,22.63,0.2859,1,0.33291,0,0,0,0,0.4999999999999999,0.8660254037844386
2015-02-28,CAT_02,CAT_02_ITEM_007,178,31.08,0.0,0,0.45221,0,0,0,0,0.8660254037844385,0.5000000000000001
2015-03-31,CAT_02,CAT_02_ITEM_007,241,26.61,0.1527,1,0.39437,0,0,0,0,1.0,6.123233995736766e-17
2015-04-30,CAT_02,CAT_02_ITEM_007,117,30.99,0.0,0,0.46175,0,0,0,0,0.8660254037844387,-0.4999999999999997
2015-05-31,CAT_02,CAT_02_ITEM_007,207,31.34,0.0,0,0.46364,1,0,0,0,0.4999999999999999,-0.8660254037844386
2015-06-30,CAT_02,CAT_02_ITEM_007,99,30.86,0.0,0,0.45786,0,0,0,0,1.2246467991473532e-16,-1.0
2015-07-31,CAT_02,CAT_02_ITEM_007,190,30.9,0.0,0,0.45476,0,0,0,0,-0.4999999999999997,-0.8660254037844387
2015-08-31,CAT_02,CAT_02_ITEM_007,110,31.22,0.0,0,0.47287,0,1,0,0,-0.8660254037844383,-0.5000000000000003
2015-09-30,CAT_02,CAT_02_ITEM_007,249,30.37,0.0,0,0.44518,0,0,0,0,-1.0,-1.8369701987210297e-16
2015-10-31,CAT_02,CAT_02_ITEM_007,227,30.81,0.0,0,0.44062,0,0,0,0,-0.8660254037844385,0.5
2015-11-30,CAT_02,CAT_02_ITEM_007,261,30.24,0.0,0,0.44463,0,0,0,1,-0.5000000000000003,0.8660254037844383
2015-12-31,CAT_02,CAT_02_ITEM_007,639,25.27,0.162,1,0.37542,0,0,1,0,-2.4492935982947064e-16,1.0
2016-01-31,CAT_02,CAT_02_ITEM_007,185,30.1,0.0,0,0.43835,0,0,0,0,0.4999999999999999,0.8660254037844386
2016-02-29,CAT_02,CAT_02_ITEM_007,235,30.59,0.0,0,0.45231,0,0,0,0,0.8660254037844385,0.5000000000000001
2016-03-31,CAT_02,CAT_02_ITEM_007,174,30.72,0.0,0,0.46061,0,0,0,0,1.0,6.123233995736766e-17
2016-04-30,CAT_02,CAT_02_ITEM_007,155,31.01,0.0,0,0.44765,0,0,0,0,0.8660254037844387,-0.4999999999999997
2016-05-31,CAT_02,CAT_02_ITEM_007,196,30.88,0.0,0,0.45347,1,0,0,0,0.4999999999999999,-0.8660254037844386
2016-06-30,CAT_02,CAT_02_ITEM_007,171,30.39,0.0,0,0.43683,0,0,0,0,1.2246467991473532e-16,-1.0
2016-07-31,CAT_02,CAT_02_ITEM_007,180,30.49,0.0,0,0.43609,0,0,0,0,-0.4999999999999997,-0.8660254037844387
2016-08-31,CAT_02,CAT_02_ITEM_007,110,30.89,0.0,0,0.46482,0,1,0,0,-0.8660254037844383,-0.5000000000000003
2016-09-30,CAT_02,CAT_02_ITEM_007,182,30.78,0.0,0,0.46304,0,0,0,0,-1.0,-1.8369701987210297e-16
2015-01-31,CAT_02,CAT_02_ITEM_008,36,77.08,0.0,0,1.13408,0,0,0,0,0.4999999999999999,0.8660254037844386
2015-02-28,CAT_02,CAT_02_ITEM_008,34,79.28,0.0,0,1.15332,0,0,0,0,0.8660254037844385,0.5000000000000001
2015-03-31,CAT_02,CAT_02_ITEM_008,15,75.55,0.0,0,1.11968,0,0,0,0,1.0,6.123233995736766e-17
2015-04-30,CAT_02,CAT_02_ITEM_008,19,80.75,0.0,0,1.20316,0,0,0,0,0.8660254037844387,-0.4999999999999997
2015-05-31,CAT_02,CAT_02_ITEM_008,29,77.16,0.0,0,1.14146,1,0,0,0,0.4999999999999999,-0.8660254037844386
2015-06-30,CAT_02,CAT_02_ITEM_008,68,58.31,0.2595,1,0.86518,0,0,0,0,1.2246467991473532e-16,-1.0
2015-07-31,CAT_02,CAT_02_ITEM_008,28,76.51,0.0,0,1.12586,0,0,0,0,-0.4999999999999997,-0.8660254037844387
2015-08-31,CAT_02,CAT_02_ITEM_008,14,78.92,0.0,0,1.19544,0,1,0,0,-0.8660254037844383,-0.5000000000000003
2015-09-30,CAT_02,CAT_02_ITEM_008,48,78.45,0.0,0,1.14984,0,0,0,0,-1.0,-1.8369701987210297e-16
2015-10-31,CAT_02,CAT_02_ITEM_008,69,76.06,0.0,0,1.08775,0,0,0,0,-0.8660254037844385,0.5
2015-11-30,CAT_02,CAT_02_ITEM_008,65,78.5,0.0,0,1.15432,0,0,0,1,-0.5000000000000003,0.8660254037844383
2015-12-31,CAT_02,CAT_02_ITEM_008,57,79.7,0.0,0,1.18383,0,0,1,0,-2.4492935982947064e-16,1.0
2016-01-31,CAT_02,CAT_02_ITEM_008,41,77.58,0.0,0,1.12969,0,0,0,0,0.4999999999999999,0.8660254037844386
2016-02-29,CAT_02,CAT_02_ITEM_008,41,77.38,0.0,0,1.14405,0,0,0,0,0.8660254037844385,0.5000000000000001
2016-03-31,CAT_02,CAT_02_ITEM_008,33,78.12,0.0,0,1.17147,0,0,0,0,1.0,6.123233995736766e-17
2016-04-30,CAT_02,CAT_02_ITEM_008,28,78.29,0.0,0,1.13021,0,0,0,0,0.8660254037844387,-0.4999999999999997
2016-05-31,CAT_02,CAT_02_ITEM_008,31,78.74,0.0,0,1.15627,1,0,0,0,0.4999999999999999,-0.8660254037844386
2016-06-30,CAT_02,CAT_02_ITEM_008,27,80.14,0.0,0,1.1519,0,0,0,0,1.2246467991473532e-16,-1.0
2016-07-31,CAT_02,CAT_02_ITEM_008,38,78.07,0.0,0,1.11647,0,0,0,0,-0.4999999999999997,-0.8660254037844387
2016-08-31,CAT_02,CAT_02_ITEM_008,75,58.42,0.2619,1,0.87922,0,1,0,0,-0.8660254037844383,-0.5000000000000003
2016-09-30,CAT_02,CAT_02_ITEM_008,29,79.56,0.0,0,1.19687,0,0,0,0,-1.0,-1.8369701987210297e-16
2015-01-31,CAT_02,CAT_02_ITEM_009,64,72.89,0.0,0,1.07244,0,0,0,0,0.4999999999999999,0.8660254037844386
2015-02-28,CAT_02,CAT_02_ITEM_009,44,78.14,0.0,0,1.13679,0,0,0,0,0.8660254037844385,0.5000000000000001
2015-03-31,CAT_02,CAT_02_ITEM_009,31,73.62,0.0,0,1.09103,0,0,0,0,1.0,6.123233995736766e-17
2015-04-30,CAT_02,CAT_02_ITEM_009,37,76.85,0.0,0,1.14507,0,0,0,0,0.8660254037844387,-0.4999999999999997
2015-05-31,CAT_02,CAT_02_ITEM_009,43,75.64,0.0,0,1.11899,1,0,0,0,0.4999999999999999,-0.8660254037844386
2015-06-30,CAT_02,CAT_02_ITEM_009,29,76.77,0.0,0,1.13903,0,0,0,0,1.2246467991473532e-16,-1.0
2015-07-31,CAT_02,CAT_02_ITEM_009,67,70.47,0.0,0,1.03696,0,0,0,0,-0.4999999999999997,-0.8660254037844387
2015-08-31,CAT_02,CAT_02_ITEM_009,144,52.33,0.2774,1,0.79265,0,1,0,0,-0.8660254037844383,-0.5000000000000003
2015-09-30,CAT_02,CAT_02_ITEM_009,61,82.69,0.0,0,1.21195,0,0,0,0,-1.0,-1.8369701987210297e-16
2015-10-31,CAT_02,CAT_02_ITEM_009,87,73.07,0.0,0,1.04498,0,0,0,0,-0.8660254037844385,0.5
2015-11-30,CAT_02,CAT_02_ITEM_009,72,72.42,0.0,0,1.06503,0,0,0,1,-0.5000000000000003,0.8660254037844383
2015-12-31,CAT_02,CAT_02_ITEM_009,74,71.04,0.0,0,1.05529,0,0,1,0,-2.4492935982947064e-16,1.0
2016-01-31,CAT_02,CAT_02_ITEM_009,41,79.14,0.0,0,1.15235,0,0,0,0,0.4999999999999999,0.8660254037844386
2016-02-29,CAT_02,CAT_02_ITEM_009,82,77.59,0.0,0,1.14713,0,0,0,0,0.8660254037844385,0.5000000000000001
2016-03-31,CAT_02,CAT_02_ITEM_009,61,74.12,0.0,0,1.11147,0,0,0,0,1.0,6.123233995736766e-17
2016-04-30,CAT_02,CAT_02_ITEM_009,53,74.97,0.0,0,1.08229,0,0,0,0,0.8660254037844387,-0.4999999999999997
2016-05-31,CAT_02,CAT_02_ITEM_009,33,76.02,0.0,0,1.11634,1,0,0,0,0.4999999999999999,-0.8660254037844386
2016-06-30,CAT_02,CAT_02_ITEM_009,47,79.14,0.0,0,1.13762,0,0,0,0,1.2246467991473532e-16,-1.0
2016-07-31,CAT_02,CAT_02_ITEM_009,65,71.89,0.0,0,1.02813,0,0,0,0,-0.4999999999999997,-0.8660254037844387
2016-08-31,CAT_02,CAT_02_ITEM_009,42,72.15,0.0,0,1.08584,0,1,0,0,-0.8660254037844383,-0.5000000000000003
2016-09-30,CAT_02,CAT_02_ITEM_009,59,73.59,0.0,0,1.10715,0,0,0,0,-1.0,-1.8369701987210297e-16
2015-01-31,CAT_02,CAT_02_ITEM_010,113,81.6,0.1905,1,1.20053,0,0,0,0,0.4999999999999999,0.8660254037844386
2015-02-28,CAT_02,CAT_02_ITEM_010,26,104.01,0.0,0,1.5132,0,0,0,0,0.8660254037844385,0.5000000000000001
2015-03-31,CAT_02,CAT_02_ITEM_010,5,109.12,0.0,0,1.61724,0,0,0,0,1.0,6.123233995736766e-17
2015-04-30,CAT_02,CAT_02_ITEM_010,15,106.77,0.0,0,1.59089,0,0,0,0,0.8660254037844387,-0.4999999999999997
2015-05-31,CAT_02,CAT_02_ITEM_010,30,99.21,0.0,0,1.4677,1,0,0,0,0.4999999999999999,-0.8660254037844386
2015-06-30,CAT_02,CAT_02_ITEM_010,64,86.54,0.1374,1,1.28391,0,0,0,0,1.2246467991473532e-16,-1.0
2015-07-31,CAT_02,CAT_02_ITEM_010,16,106.6,0.0,0,1.56867,0,0,0,0,-0.4999999999999997,-0.8660254037844387
2015-08-31,CAT_02,CAT_02_ITEM_010,25,100.88,0.0,0,1.52809,0,1,0,0,-0.8660254037844383,-0.5000000000000003
2015-09-30,CAT_02,CAT_02_ITEM_010,36,106.58,0.0,0,1.56203,0,0,0,0,-1.0,-1.8369701987210297e-16
2015-10-31,CAT_02,CAT_02_ITEM_010,31,104.47,0.0,0,1.49407,0,0,0,0,-0.8660254037844385,0.5
2015-11-30,CAT_02,CAT_02_ITEM_010,200,75.08,0.2387,1,1.10413,0,0,0,1,-0.5000000000000003,0.8660254037844383
2015-12-31,CAT_02,CAT_02_ITEM_010,158,72.67,0.2995,1,1.07949,0,0,1,0,-2.4492935982947064e-16,1.0
2016-01-31,CAT_02,CAT_02_ITEM_010,21,104.8,0.0,0,1.52612,0,0,0,0,0.4999999999999999,0.8660254037844386
2016-02-29,CAT_02,CAT_02_ITEM_010,36,103.31,0.0,0,1.52751,0,0,0,0,0.8660254037844385,0.5000000000000001
2016-03-31,CAT_02,CAT_02_ITEM_010,31,96.05,0.0,0,1.44032,0,0,0,0,1.0,6.123233995736766e-17
2016-04-30,CAT_02,CAT_02_ITEM_010,31,101.79,0.0,0,1.46948,0,0,0,0,0.8660254037844387,-0.4999999999999997
2016-05-31,CAT_02,CAT_02_ITEM_010,17,109.27,0.0,0,1.60448,1,0,0,0,0.4999999999999999,-0.8660254037844386
2016-06-30,CAT_02,CAT_02_ITEM_010,23,103.6,0.0,0,1.48924,0,0,0,0,1.2246467991473532e-16,-1.0
2016-07-31,CAT_02,CAT_02_ITEM_010,33,103.04,0.0,0,1.47369,0,0,0,0,-0.4999999999999997,-0.8660254037844387
2016-08-31,CAT_02,CAT_02_ITEM_010,23,105.22,0.0,0,1.58358,0,1,0,0,-0.8660254037844383,-0.5000000000000003
2016-09-30,CAT_02,CAT_02_ITEM_010,21,109.17,0.0,0,1.64232,0,0,0,0,-1.0,-1.8369701987210297e-16
2015-01-31,CAT_02,CAT_02_ITEM_011,39,93.76,0.0,0,1.37954,0,0,0,0,0.4999999999999999,0.8660254037844386
2015-02-28,CAT_02,CAT_02_ITEM_011,35,98.29,0.0,0,1.42991,0,0,0,0,0.8660254037844385,0.5000000000000001
2015-03-31,CAT_02,CAT_02_ITEM_011,17,96.6,0.0,0,1.43169,0,0,0,0,1.0,6.123233995736766e-17
2015-04-30,CAT_02,CAT_02_ITEM_011,83,79.24,0.1587,1,1.18068,0,0,0,0,0.8660254037844387,-0.4999999999999997
2015-05-31,CAT_02,CAT_02_ITEM_011,27,93.62,0.0,0,1.38486,1,0,0,0,0.4999999999999999,-0.8660254037844386
2015-06-30,CAT_02,CAT_02_ITEM_011,18,99.93,0.0,0,1.48258,0,0,0,0,1.2246467991473532e-16,-1.0
2015-07-31,CAT_02,CAT_02_ITEM_011,126,76.02,0.2088,1,1.11868,0,0,0,0,-0.4999999999999997,-0.8660254037844387
2015-08-31,CAT_02,CAT_02_ITEM_011,14,96.79,0.0,0,1.4661,0,1,0,0,-0.8660254037844383,-0.5000000000000003
2015-09-30,CAT_02,CAT_02_ITEM_011,49,95.6,0.0,0,1.4011,0,0,0,0,-1.0,-1.8369701987210297e-16
2015-10-31,CAT_02,CAT_02_ITEM_011,37,99.75,0.0,0,1.42651,0,0,0,0,-0.8660254037844385,0.5
2015-11-30,CAT_02,CAT_02_ITEM_011,52,92.37,0.0,0,1.35831,0,0,0,1,-0.5000000000000003,0.8660254037844383
2015-12-31,CAT_02,CAT_02_ITEM_011,65,88.55,0.0,0,1.31533,0,0,1,0,-2.4492935982947064e-16,1.0
2016-01-31,CAT_02,CAT_02_ITEM_011,50,89.06,0.0,0,1.29691,0,0,0,0,0.4999999999999999,0.8660254037844386
2016-02-29,CAT_02,CAT_02_ITEM_011,36,99.44,0.0,0,1.47021,0,0,0,0,0.8660254037844385,0.5000000000000001
2016-03-31,CAT_02,CAT_02_ITEM_011,24,98.04,0.0,0,1.47028,0,0,0,0,1.0,6.123233995736766e-17
2016-04-30,CAT_02,CAT_02_ITEM_011,27,101.0,0.0,0,1.45815,0,0,0,0,0.8660254037844387,-0.4999999999999997
2016-05-31,CAT_02,CAT_02_ITEM_011,31,90.34,0.0,0,1.32656,1,0,0,0,0.4999999999999999,-0.8660254037844386
2016-06-30,CAT_02,CAT_02_ITEM_011,40,97.11,0.0,0,1.39588,0,0,0,0,1.2246467991473532e-16,-1.0
2016-07-31,CAT_02,CAT_02_ITEM_011,36,103.17,0.0,0,1.47554,0,0,0,0,-0.4999999999999997,-0.8660254037844387
2016-08-31,CAT_02,CAT_02_ITEM_011,24,94.13,0.0,0,1.41665,0,1,0,0,-0.8660254037844383,-0.5000000000000003
2016-09-30,CAT_02,CAT_02_ITEM_011,40,89.65,0.0,0,1.34869,0,0,0,0,-1.0,-1.8369701987210297e-16
2015-01-31,CAT_02,CAT_02_ITEM_012,18,107.26,0.0,0,1.5781,0,0,0,0,0.4999999999999999,0.8660254037844386
2015-02-28,CAT_02,CAT_02_ITEM_012,19,105.56,0.0,0,1.53564,0,0,0,0,0.8660254037844385,0.5000000000000001
2015-03-31,CAT_02,CAT_02_ITEM_012,9,108.44,0.0,0,1.60714,0,0,0,0,1.0,6.123233995736766e-17
2015-04-30,CAT_02,CAT_02_ITEM_012,8,113.11,0.0,0,1.6854,0,0,0,0,0.8660254037844387,-0.4999999999999997
2015-05-31,CAT_02,CAT_02_ITEM_012,17,109.44,0.0,0,1.61901,1,0,0,0,0.4999999999999999,-0.8660254037844386
2015-06-30,CAT_02,CAT_02_ITEM_012,8,111.65,0.0,0,1.65652,0,0,0,0,1.2246467991473532e-16,-1.0
2015-07-31,CAT_02,CAT_02_ITEM_012,11,109.4,0.0,0,1.60992,0,0,0,0,-0.4999999999999997,-0.8660254037844387
2015-08-31,CAT_02,CAT_02_ITEM_012,12,112.68,0.0,0,1.7068,0,1,0,0,-0.8660254037844383,-0.5000000000000003
2015-09-30,CAT_02,CAT_02_ITEM_012,18,112.19,0.0,0,1.64433,0,0,0,0,-1.0,-1.8369701987210297e-16
2015-10-31,CAT_02,CAT_02_ITEM_012,24,115.13,0.0,0,1.64651,0,0,0,0,-0.8660254037844385,0.5
2015-11-30,CAT_02,CAT_02_ITEM_012,15,114.67,0.0,0,1.6862,0,0,0,1,-0.5000000000000003,0.8660254037844383
2015-12-31,CAT_02,CAT_02_ITEM_012,17,114.79,0.0,0,1.7051,0,0,1,0,-2.4492935982947064e-16,1.0
2016-01-31,CAT_02,CAT_02_ITEM_012,33,104.8,0.1155,1,1.526,0,0,0,0,0.4999999999999999,0.8660254037844386
2016-02-29,CAT_02,CAT_02_ITEM_012,16,107.46,0.0,0,1.58883,0,0,0,0,0.8660254037844385,0.5000000000000001
2016-03-31,CAT_02,CAT_02_ITEM_012,16,111.83,0.0,0,1.67706,0,0,0,0,1.0,6.123233995736766e-17
2016-04-30,CAT_02,CAT_02_ITEM_012,13,106.27,0.0,0,1.53429,0,0,0,0,0.8660254037844387,-0.4999999999999997
2016-05-31,CAT_02,CAT_02_ITEM_012,8,109.74,0.0,0,1.61147,1,0,0,0,0.4999999999999999,-0.8660254037844386
2016-06-30,CAT_02,CAT_02_ITEM_012,14,111.03,0.0,0,1.59606,0,0,0,0,1.2246467991473532e-16,-1.0
2016-07-31,CAT_02,CAT_02_ITEM_012,12,114.33,0.0,0,1.63511,0,0,0,0,-0.4999999999999997,-0.8660254037844387
2016-08-31,CAT_02,CAT_02_ITEM_012,26,99.0,0.1309,1,1.48984,0,1,0,0,-0.8660254037844383,-0.5000000000000003
2016-09-30,CAT_02,CAT_02_ITEM_012,22,106.52,0.0,0,1.60242,0,0,0,0,-1.0,-1.8369701987210297e-16
2015-01-31,CAT_02,CAT_02_ITEM_013,1,119.28,0.0,0,1.75497,0,0,0,0,0.4999999999999999,0.8660254037844386
2015-02-28,CAT_02,CAT_02_ITEM_013,1,120.81,0.0,0,1.75757,0,0,0,0,0.8660254037844385,0.5000000000000001
2015-03-31,CAT_02,CAT_02_ITEM_013,0,116.33,0.0,0,1.72402,0,0,0,0,1.0,6.123233995736766e-17
2015-04-30,CAT_02,CAT_02_ITEM_013,0,118.81,0.0,0,1.77022,0,0,0,0,0.8660254037844387,-0.4999999999999997
2015-05-31,CAT_02,CAT_02_ITEM_013,1,119.66,0.0,0,1.77008,1,0,0,0,0.4999999999999999,-0.8660254037844386
2015-06-30,CAT_02,CAT_02_ITEM_013,1,113.99,0.0,0,1.6912,0,0,0,0,1.2246467991473532e-16,-1.0
2015-07-31,CAT_02,CAT_02_ITEM_013,4,116.01,0.0,0,1.70719,0,0,0,0,-0.4999999999999997,-0.8660254037844387
2015-08-31,CAT_02,CAT_02_ITEM_013,2,114.35,0.0,0,1.73217,0,1,0,0,-0.8660254037844383,-0.5000000000000003
2015-09-30,CAT_02,CAT_02_ITEM_013,4,113.24,0.0,0,1.65976,0,0,0,0,-1.0,-1.8369701987210297e-16
2015-10-31,CAT_02,CAT_02_ITEM_013,2,123.45,0.0,0,1.76547,0,0,0,0,-0.8660254037844385,0.5
2015-11-30,CAT_02,CAT_02_ITEM_013,5,118.39,0.0,0,1.74102,0,0,0,1,-0.5000000000000003,0.8660254037844383
2015-12-31,CAT_02,CAT_02_ITEM_013,3,119.38,0.0,0,1.7733,0,0,1,0,-2.4492935982947064e-16,1.0
2016-01-31,CAT_02,CAT_02_ITEM_013,1,117.61,0.0,0,1.71257,0,0,0,0,0.4999999999999999,0.8660254037844386
2016-02-29,CAT_02,CAT_02_ITEM_013,2,118.17,0.0,0,1.74714,0,0,0,0,0.8660254037844385,0.5000000000000001
2016-03-31,CAT_02,CAT_02_ITEM_013,7,90.28,0.252,1,1.35386,0,0,0,0,1.0,6.123233995736766e-17
2016-04-30,CAT_02,CAT_02_ITEM_013,1,119.18,0.0,0,1.72066,0,0,0,0,0.8660254037844387,-0.4999999999999997
2016-05-31,CAT_02,CAT_02_ITEM_013,4,122.78,0.0,0,1.80297,1,0,0,0,0.4999999999999999,-0.8660254037844386
2016-06-30,CAT_02,CAT_02_ITEM_013,3,114.86,0.0,0,1.65107,0,0,0,0,1.2246467991473532e-16,-1.0
2016-07-31,CAT_02,CAT_02_ITEM_013,1,119.2,0.0,0,1.70479,0,0,0,0,-0.4999999999999997,-0.8660254037844387
2016-08-31,CAT_02,CAT_02_ITEM_013,10,87.72,0.2811,1,1.32018,0,1,0,0,-0.8660254037844383,-0.5000000000000003
2016-09-30,CAT_02,CAT_02_ITEM_013,2,113.86,0.0,0,1.71285,0,0,0,0,-1.0,-1.8369701987210297e-16
2015-01-31,CAT_02,CAT_02_ITEM_014,4,45.12,0.0,0,0.66387,0,0,0,0,0.4999999999999999,0.8660254037844386
2015-02-28,CAT_02,CAT_02_ITEM_014,5,45.36,0.0,0,0.65989,0,0,0,0,0.8660254037844385,0.5000000000000001
2015-03-31,CAT_02,CAT_02_ITEM_014,3,43.97,0.0,0,0.65159,0,0,0,0,1.0,6.123233995736766e-17
2015-04-30,CAT_02,CAT_02_ITEM_014,3,42.34,0.0,0,0.6308,0,0,0,0,0.8660254037844387,-0.4999999999999997
2015-05-31,CAT_02,CAT_02_ITEM_014,4,46.95,0.0,0,0.69447,1,0,0,0,0.4999999999999999,-0.8660254037844386
2015-06-30,CAT_02,CAT_02_ITEM_014,2,44.81,0.0,0,0.66479,0,0,0,0,1.2246467991473532e-16,-1.0
2015-07-31,CAT_02,CAT_02_ITEM_014,2,47.6,0.0,0,0.7004,0,0,0,0,-0.4999999999999997,-0.8660254037844387
2015-08-31,CAT_02,CAT_02_ITEM_014,2,45.35,0.0,0,0.687,0,1,0,0,-0.8660254037844383,-0.5000000000000003
2015-09-30,CAT_02,CAT_02_ITEM_014,3,42.9,0.0,0,0.62881,0,0,0,0,-1.0,-1.8369701987210297e-16
2015-10-31,CAT_02,CAT_02_ITEM_014,8,45.27,0.0,0,0.64743,0,0,0,0,-0.8660254037844385,0.5
2015-11-30,CAT_02,CAT_02_ITEM_014,7,45.58,0.0,0,0.67028,0,0,0,1,-0.5000000000000003,0.8660254037844383
2015-12-31,CAT_02,CAT_02_ITEM_014,1,44.36,0.0,0,0.65887,0,0,1,0,-2.4492935982947064e-16,1.0
2016-01-31,CAT_02,CAT_02_ITEM_014,2,43.06,0.0,0,0.62708,0,0,0,0,0.4999999999999999,0.8660254037844386
2016-02-29,CAT_02,CAT_02_ITEM_014,6,43.94,0.0,0,0.6496,0,0,0,0,0.8660254037844385,0.5000000000000001
2016-03-31,CAT_02,CAT_02_ITEM_014,5,46.28,0.0,0,0.69402,0,0,0,0,1.0,6.123233995736766e-17
2016-04-30,CAT_02,CAT_02_ITEM_014,1,44.68,0.0,0,0.64506,0,0,0,0,0.8660254037844387,-0.4999999999999997
2016-05-31,CAT_02,CAT_02_ITEM_014,3,41.31,0.0,0,0.60655,1,0,0,0,0.4999999999999999,-0.8660254037844386
2016-06-30,CAT_02,CAT_02_ITEM_014,4,49.22,0.0,0,0.70744,0,0,0,0,1.2246467991473532e-16,-1.0
2016-07-31,CAT_02,CAT_02_ITEM_014,3,47.96,0.0,0,0.68585,0,0,0,0,-0.4999999999999997,-0.8660254037844387
2016-08-31,CAT_02,CAT_02_ITEM_014,2,47.04,0.0,0,0.70794,0,1,0,0,-0.8660254037844383,-0.5000000000000003
2016-09-30,CAT_02,CAT_02_ITEM_014,4,41.9,0.0,0,0.63037,0,0,0,0,-1.0,-1.8369701987210297e-16
