data/raw/synthetic_retail_shares_brazil_2015_2025.csv
date,category_id,item_id,sales_qty,price,discount,promo_flag,price_rel,mothers_day_flag,fathers_day_flag,christmas_flag,black_friday_flag,month_sin,month_cos
2015-01-31,CAT_02,CAT_02_ITEM_015,117,34.23,0.0,0,0.50364,0,0,0,0,0.4999999999999999,0.8660254037844386
2015-02-28,CAT_02,CAT_02_ITEM_015,97,34.36,0.0,0,0.49991,0,0,0,0,0.8660254037844385,0.5000000000000001
2015-03-31,CAT_02,CAT_02_ITEM_015,57,34.12,0.0,0,0.50572,0,0,0,0,1.0,6.123233995736766e-17
2015-04-30,CAT_02,CAT_02_ITEM_015,71,33.5,0.0,0,0.49922,0,0,0,0,0.8660254037844387,-0.4999999999999997
2015-05-31,CAT_02,CAT_02_ITEM_015,105,34.69,0.0,0,0.51316,1,0,0,0,0.4999999999999999,-0.8660254037844386
2015-06-30,CAT_02,CAT_02_ITEM_015,54,33.97,0.0,0,0.50406,0,0,0,0,1.2246467991473532e-16,-1.0
2015-07-31,CAT_02,CAT_02_ITEM_015,105,32.43,0.0,0,0.47726,0,0,0,0,-0.4999999999999997,-0.8660254037844387
2015-08-31,CAT_02,CAT_02_ITEM_015,230,25.75,0.2356,1,0.3901,0,1,0,0,-0.8660254037844383,-0.5000000000000003
2015-09-30,CAT_02,CAT_02_ITEM_015,152,31.54,0.0,0,0.46234,0,0,0,0,-1.0,-1.8369701987210297e-16
2015-10-31,CAT_02,CAT_02_ITEM_015,158,34.48,0.0,0,0.49317,0,0,0,0,-0.8660254037844385,0.5
2015-11-30,CAT_02,CAT_02_ITEM_015,252,33.61,0.0,0,0.49424,0,0,0,1,-0.5000000000000003,0.8660254037844383
2015-12-31,CAT_02,CAT_02_ITEM_015,152,32.98,0.0,0,0.48994,0,0,1,0,-2.4492935982947064e-16,1.0
2016-01-31,CAT_02,CAT_02_ITEM_015,110,32.87,0.0,0,0.47863,0,0,0,0,0.4999999999999999,0.8660254037844386
2016-02-29,CAT_02,CAT_02_ITEM_015,160,32.7,0.0,0,0.48345,0,0,0,0,0.8660254037844385,0.5000000000000001
2016-03-31,CAT_02,CAT_02_ITEM_015,90,32.56,0.0,0,0.48831,0,0,0,0,1.0,6.123233995736766e-17
2016-04-30,CAT_02,CAT_02_ITEM_015,107,34.5,0.0,0,0.49809,0,0,0,0,0.8660254037844387,-0.4999999999999997
2016-05-31,CAT_02,CAT_02_ITEM_015,105,33.75,0.0,0,0.49561,1,0,0,0,0.4999999999999999,-0.8660254037844386
2016-06-30,CAT_02,CAT_02_ITEM_015,87,35.03,0.0,0,0.50358,0,0,0,0,1.2246467991473532e-16,-1.0
2016-07-31,CAT_02,CAT_02_ITEM_015,155,33.06,0.0,0,0.47279,0,0,0,0,-0.4999999999999997,-0.8660254037844387
2016-08-31,CAT_02,CAT_02_ITEM_015,87,35.63,0.0,0,0.53615,0,1,0,0,-0.8660254037844383,-0.5000000000000003
2016-09-30,CAT_02,CAT_02_ITEM_015,126,34.1,0.0,0,0.51302,0,0,0,0,-1.0,-1.8369701987210297e-16
2015-01-31,CAT_02,CAT_02_ITEM_016,127,18.7,0.0,0,0.2751,0,0,0,0,0.4999999999999999,0.8660254037844386
2015-02-28,CAT_02,CAT_02_ITEM_016,162,18.67,0.0,0,0.27163,0,0,0,0,0.8660254037844385,0.5000000000000001
2015-03-31,CAT_02,CAT_02_ITEM_016,69,18.87,0.0,0,0.27967,0,0,0,0,1.0,6.123233995736766e-17
2015-04-30,CAT_02,CAT_02_ITEM_016,230,15.97,0.1403,1,0.23793,0,0,0,0,0.8660254037844387,-0.4999999999999997
2015-05-31,CAT_02,CAT_02_ITEM_016,133,18.42,0.0,0,0.27244,1,0,0,0,0.4999999999999999,-0.8660254037844386
2015-06-30,CAT_02,CAT_02_ITEM_016,88,18.35,0.0,0,0.27231,0,0,0,0,1.2246467991473532e-16,-1.0
2015-07-31,CAT_02,CAT_02_ITEM_016,135,18.85,0.0,0,0.27743,0,0,0,0,-0.4999999999999997,-0.8660254037844387
2015-08-31,CAT_02,CAT_02_ITEM_016,125,18.76,0.0,0,0.28424,0,1,0,0,-0.8660254037844383,-0.5000000000000003
2015-09-30,CAT_02,CAT_02_ITEM_016,178,18.95,0.0,0,0.27777,0,0,0,0,-1.0,-1.8369701987210297e-16
2015-10-31,CAT_02,CAT_02_ITEM_016,252,18.29,0.0,0,0.26156,0,0,0,0,-0.8660254037844385,0.5
2015-11-30,CAT_02,CAT_02_ITEM_016,227,18.04,0.0,0,0.26528,0,0,0,1,-0.5000000000000003,0.8660254037844383
2015-12-31,CAT_02,CAT_02_ITEM_016,148,18.37,0.0,0,0.27282,0,0,1,0,-2.4492935982947064e-16,1.0
2016-01-31,CAT_02,CAT_02_ITEM_016,118,18.5,0.0,0,0.26936,0,0,0,0,0.4999999999999999,0.8660254037844386
2016-02-29,CAT_02,CAT_02_ITEM_016,188,18.58,0.0,0,0.27468,0,0,0,0,0.8660254037844385,0.5000000000000001
2016-03-31,CAT_02,CAT_02_ITEM_016,162,18.35,0.0,0,0.27516,0,0,0,0,1.0,6.123233995736766e-17
2016-04-30,CAT_02,CAT_02_ITEM_016,130,18.59,0.0,0,0.26835,0,0,0,0,0.8660254037844387,-0.4999999999999997
2016-05-31,CAT_02,CAT_02_ITEM_016,327,15.81,0.1611,1,0.23218,1,0,0,0,0.4999999999999999,-0.8660254037844386
2016-06-30,CAT_02,CAT_02_ITEM_016,316,14.09,0.2452,1,0.20251,0,0,0,0,1.2246467991473532e-16,-1.0
2016-07-31,CAT_02,CAT_02_ITEM_016,151,19.11,0.0,0,0.27331,0,0,0,0,-0.4999999999999997,-0.8660254037844387
2016-08-31,CAT_02,CAT_02_ITEM_016,124,18.6,0.0,0,0.27997,0,1,0,0,-0.8660254037844383,-0.5000000000000003
2016-09-30,CAT_02,CAT_02_ITEM_016,168,18.39,0.0,0,0.27663,0,0,0,0,-1.0,-1.8369701987210297e-16
2015-01-31,CAT_02,CAT_02_ITEM_017,749,12.21,0.0,0,0.17972,0,0,0,0,0.4999999999999999,0.8660254037844386
2015-02-28,CAT_02,CAT_02_ITEM_017,1913,10.46,0.1203,1,0.15224,0,0,0,0,0.8660254037844385,0.5000000000000001
2015-03-31,CAT_02,CAT_02_ITEM_017,926,11.0,0.1061,1,0.16302,0,0,0,0,1.0,6.123233995736766e-17
2015-04-30,CAT_02,CAT_02_ITEM_017,504,12.39,0.0,0,0.18463,0,0,0,0,0.8660254037844387,-0.4999999999999997
2015-05-31,CAT_02,CAT_02_ITEM_017,590,12.29,0.0,0,0.18187,1,0,0,0,0.4999999999999999,-0.8660254037844386
2015-06-30,CAT_02,CAT_02_ITEM_017,976,10.63,0.1158,1,0.1577,0,0,0,0,1.2246467991473532e-16,-1.0
2015-07-31,CAT_02,CAT_02_ITEM_017,697,12.36,0.0,0,0.18188,0,0,0,0,-0.4999999999999997,-0.8660254037844387
2015-08-31,CAT_02,CAT_02_ITEM_017,507,12.19,0.0,0,0.18464,0,1,0,0,-0.8660254037844383,-0.5000000000000003
2015-09-30,CAT_02,CAT_02_ITEM_017,1005,12.4,0.0,0,0.18175,0,0,0,0,-1.0,-1.8369701987210297e-16
2015-10-31,CAT_02,CAT_02_ITEM_017,984,12.18,0.0,0,0.17419,0,0,0,0,-0.8660254037844385,0.5
2015-11-30,CAT_02,CAT_02_ITEM_017,938,11.87,0.0,0,0.17448,0,0,0,1,-0.5000000000000003,0.8660254037844383
2015-12-31,CAT_02,CAT_02_ITEM_017,626,12.13,0.0,0,0.18024,0,0,1,0,-2.4492935982947064e-16,1.0
2016-01-31,CAT_02,CAT_02_ITEM_017,1672,10.16,0.1684,1,0.148,0,0,0,0,0.4999999999999999,0.8660254037844386
2016-02-29,CAT_02,CAT_02_ITEM_017,945,12.44,0.0,0,0.18396,0,0,0,0,0.8660254037844385,0.5000000000000001
2016-03-31,CAT_02,CAT_02_ITEM_017,736,11.6,0.0,0,0.1739,0,0,0,0,1.0,6.123233995736766e-17
2016-04-30,CAT_02,CAT_02_ITEM_017,707,12.1,0.0,0,0.17462,0,0,0,0,0.8660254037844387,-0.4999999999999997
2016-05-31,CAT_02,CAT_02_ITEM_017,544,12.23,0.0,0,0.17954,1,0,0,0,0.4999999999999999,-0.8660254037844386
2016-06-30,CAT_02,CAT_02_ITEM_017,614,12.05,0.0,0,0.17319,0,0,0,0,1.2246467991473532e-16,-1.0
2016-07-31,CAT_02,CAT_02_ITEM_017,762,12.0,0.0,0,0.17164,0,0,0,0,-0.4999999999999997,-0.8660254037844387
2016-08-31,CAT_02,CAT_02_ITEM_017,1333,10.06,0.1748,1,0.15143,0,1,0,0,-0.8660254037844383,-0.5000000000000003
2016-09-30,CAT_02,CAT_02_ITEM_017,805,11.81,0.0,0,0.17767,0,0,0,0,-1.0,-1.8369701987210297e-16
2015-01-31,CAT_02,CAT_02_ITEM_018,55,86.59,0.0,0,1.27402,0,0,0,0,0.4999999999999999,0.8660254037844386
2015-02-28,CAT_02,CAT_02_ITEM_018,59,85.42,0.0,0,1.24265,0,0,0,0,0.8660254037844385,0.5000000000000001
2015-03-31,CAT_02,CAT_02_ITEM_018,35,83.26,0.0,0,1.23397,0,0,0,0,1.0,6.123233995736766e-17
2015-04-30,CAT_02,CAT_02_ITEM_018,29,89.56,0.0,0,1.33441,0,0,0,0,0.8660254037844387,-0.4999999999999997
2015-05-31,CAT_02,CAT_02_ITEM_018,55,87.74,0.0,0,1.2979,1,0,0,0,0.4999999999999999,-0.8660254037844386
2015-06-30,CAT_02,CAT_02_ITEM_018,20,90.0,0.0,0,1.33532,0,0,0,0,1.2246467991473532e-16,-1.0
2015-07-31,CAT_02,CAT_02_ITEM_018,44,90.88,0.0,0,1.33736,0,0,0,0,-0.4999999999999997,-0.8660254037844387
2015-08-31,CAT_02,CAT_02_ITEM_018,40,86.84,0.0,0,1.31533,0,1,0,0,-0.8660254037844383,-0.5000000000000003
2015-09-30,CAT_02,CAT_02_ITEM_018,245,71.25,0.2018,1,1.04421,0,0,0,0,-1.0,-1.8369701987210297e-16
2015-10-31,CAT_02,CAT_02_ITEM_018,77,84.15,0.0,0,1.2035,0,0,0,0,-0.8660254037844385,0.5
2015-11-30,CAT_02,CAT_02_ITEM_018,79,87.45,0.0,0,1.28603,0,0,0,1,-0.5000000000000003,0.8660254037844383
2015-12-31,CAT_02,CAT_02_ITEM_018,83,86.7,0.0,0,1.2878,0,0,1,0,-2.4492935982947064e-16,1.0
2016-01-31,CAT_02,CAT_02_ITEM_018,61,86.55,0.0,0,1.26028,0,0,0,0,0.4999999999999999,0.8660254037844386
2016-02-29,CAT_02,CAT_02_ITEM_018,65,84.93,0.0,0,1.25564,0,0,0,0,0.8660254037844385,0.5000000000000001
2016-03-31,CAT_02,CAT_02_ITEM_018,41,87.42,0.0,0,1.31101,0,0,0,0,1.0,6.123233995736766e-17
2016-04-30,CAT_02,CAT_02_ITEM_018,53,86.96,0.0,0,1.2555,0,0,0,0,0.8660254037844387,-0.4999999999999997
2016-05-31,CAT_02,CAT_02_ITEM_018,163,72.45,0.1974,1,1.06391,1,0,0,0,0.4999999999999999,-0.8660254037844386
2016-06-30,CAT_02,CAT_02_ITEM_018,45,85.48,0.0,0,1.22878,0,0,0,0,1.2246467991473532e-16,-1.0
2016-07-31,CAT_02,CAT_02_ITEM_018,38,94.85,0.0,0,1.35657,0,0,0,0,-0.4999999999999997,-0.8660254037844387
2016-08-31,CAT_02,CAT_02_ITEM_018,37,87.73,0.0,0,1.32026,0,1,0,0,-0.8660254037844383,-0.5000000000000003
2016-09-30,CAT_02,CAT_02_ITEM_018,47,89.21,0.0,0,1.34207,0,0,0,0,-1.0,-1.8369701987210297e-16
2015-01-31,CAT_02,CAT_02_ITEM_019,11,115.63,0.0,0,1.70122,0,0,0,0,0.4999999999999999,0.8660254037844386
2015-02-28,CAT_02,CAT_02_ITEM_019,15,109.96,0.0,0,1.59972,0,0,0,0,0.8660254037844385,0.5000000000000001
2015-03-31,CAT_02,CAT_02_ITEM_019,10,103.07,0.0,0,1.52747,0,0,0,0,1.0,6.123233995736766e-17
2015-04-30,CAT_02,CAT_02_ITEM_019,7,112.9,0.0,0,1.68226,0,0,0,0,0.8660254037844387,-0.4999999999999997
2015-05-31,CAT_02,CAT_02_ITEM_019,12,106.72,0.0,0,1.57872,1,0,0,0,0.4999999999999999,-0.8660254037844386
2015-06-30,CAT_02,CAT_02_ITEM_019,12,108.51,0.0,0,1.60989,0,0,0,0,1.2246467991473532e-16,-1.0
2015-07-31,CAT_02,CAT_02_ITEM_019,16,105.4,0.0,0,1.551,0,0,0,0,-0.4999999999999997,-0.8660254037844387
2015-08-31,CAT_02,CAT_02_ITEM_019,9,111.3,0.0,0,1.68591,0,1,0,0,-0.8660254037844383,-0.5000000000000003
2015-09-30,CAT_02,CAT_02_ITEM_019,27,102.25,0.0,0,1.49865,0,0,0,0,-1.0,-1.8369701987210297e-16
2015-10-31,CAT_02,CAT_02_ITEM_019,23,107.67,0.0,0,1.53989,0,0,0,0,-0.8660254037844385,0.5
2015-11-30,CAT_02,CAT_02_ITEM_019,32,109.23,0.0,0,1.60627,0,0,0,1,-0.5000000000000003,0.8660254037844383
2015-12-31,CAT_02,CAT_02_ITEM_019,15,113.54,0.0,0,1.68648,0,0,1,0,-2.4492935982947064e-16,1.0
2016-01-31,CAT_02,CAT_02_ITEM_019,15,104.22,0.0,0,1.51766,0,0,0,0,0.4999999999999999,0.8660254037844386
2016-02-29,CAT_02,CAT_02_ITEM_019,24,107.44,0.0,0,1.58849,0,0,0,0,0.8660254037844385,0.5000000000000001
2016-03-31,CAT_02,CAT_02_ITEM_019,19,105.09,0.0,0,1.57592,0,0,0,0,1.0,6.123233995736766e-17
2016-04-30,CAT_02,CAT_02_ITEM_019,11,112.98,0.0,0,1.63105,0,0,0,0,0.8660254037844387,-0.4999999999999997
2016-05-31,CAT_02,CAT_02_ITEM_019,6,112.9,0.0,0,1.6579,1,0,0,0,0.4999999999999999,-0.8660254037844386
2016-06-30,CAT_02,CAT_02_ITEM_019,20,108.26,0.0,0,1.55614,0,0,0,0,1.2246467991473532e-16,-1.0
2016-07-31,CAT_02,CAT_02_ITEM_019,72,95.68,0.1693,1,1.36844,0,0,0,0,-0.4999999999999997,-0.8660254037844387
2016-08-31,CAT_02,CAT_02_ITEM_019,10,111.16,0.0,0,1.67287,0,1,0,0,-0.8660254037844383,-0.5000000000000003
2016-09-30,CAT_02,CAT_02_ITEM_019,94,79.38,0.2842,1,1.19426,0,0,0,0,-1.0,-1.8369701987210297e-16
2015-01-31,CAT_02,CAT_02_ITEM_020,0,26.04,0.0,0,0.38308,0,0,0,0,0.4999999999999999,0.8660254037844386
2015-02-28,CAT_02,CAT_02_ITEM_020,0,26.48,0.0,0,0.38525,0,0,0,0,0.8660254037844385,0.5000000000000001
2015-03-31,CAT_02,CAT_02_ITEM_020,1,18.64,0.2918,1,0.27632,0,0,0,0,1.0,6.123233995736766e-17
2015-04-30,CAT_02,CAT_02_ITEM_020,0,26.07,0.0,0,0.38838,0,0,0,0,0.8660254037844387,-0.4999999999999997
2015-05-31,CAT_02,CAT_02_ITEM_020,0,25.12,0.0,0,0.37159,1,0,0,0,0.4999999999999999,-0.8660254037844386
2015-06-30,CAT_02,CAT_02_ITEM_020,0,24.21,0.0,0,0.35915,0,0,0,0,1.2246467991473532e-16,-1.0
2015-07-31,CAT_02,CAT_02_ITEM_020,0,25.01,0.0,0,0.3681,0,0,0,0,-0.4999999999999997,-0.8660254037844387
2015-08-31,CAT_02,CAT_02_ITEM_020,1,19.46,0.2202,1,0.2948,0,1,0,0,-0.8660254037844383,-0.5000000000000003
2015-09-30,CAT_02,CAT_02_ITEM_020,0,25.6,0.0,0,0.37514,0,0,0,0,-1.0,-1.8369701987210297e-16
2015-10-31,CAT_02,CAT_02_ITEM_020,0,28.76,0.0,0,0.41129,0,0,0,0,-0.8660254037844385,0.5
2015-11-30,CAT_02,CAT_02_ITEM_020,0,24.07,0.0,0,0.35391,0,0,0,1,-0.5000000000000003,0.8660254037844383
2015-12-31,CAT_02,CAT_02_ITEM_020,1,25.63,0.0,0,0.3807,0,0,1,0,-2.4492935982947064e-16,1.0
2016-01-31,CAT_02,CAT_02_ITEM_020,0,26.28,0.0,0,0.38261,0,0,0,0,0.4999999999999999,0.8660254037844386
2016-02-29,CAT_02,CAT_02_ITEM_020,2,21.05,0.1418,1,0.31126,0,0,0,0,0.8660254037844385,0.5000000000000001
2016-03-31,CAT_02,CAT_02_ITEM_020,1,24.93,0.0,0,0.37385,0,0,0,0,1.0,6.123233995736766e-17
2016-04-30,CAT_02,CAT_02_ITEM_020,1,22.05,0.1458,1,0.31831,0,0,0,0,0.8660254037844387,-0.4999999999999997
2016-05-31,CAT_02,CAT_02_ITEM_020,0,24.64,0.0,0,0.36183,1,0,0,0,0.4999999999999999,-0.8660254037844386
2016-06-30,CAT_02,CAT_02_ITEM_020,0,26.11,0.0,0,0.37533,0,0,0,0,1.2246467991473532e-16,-1.0
2016-07-31,CAT_02,CAT_02_ITEM_020,0,27.24,0.0,0,0.38954,0,0,0,0,-0.4999999999999997,-0.8660254037844387
2016-08-31,CAT_02,CAT_02_ITEM_020,0,26.91,0.0,0,0.40496,0,1,0,0,-0.8660254037844383,-0.5000000000000003
2015-01-31,CAT_02,CAT_02_ITEM_021,93,59.71,0.0,0,0.87858,0,0,0,0,0.4999999999999999,0.8660254037844386
2015-02-28,CAT_02,CAT_02_ITEM_021,76,61.33,0.0,0,0.89226,0,0,0,0,0.8660254037844385,0.5000000000000001
2015-03-31,CAT_02,CAT_02_ITEM_021,38,65.06,0.0,0,0.96428,0,0,0,0,1.0,6.123233995736766e-17
2015-04-30,CAT_02,CAT_02_ITEM_021,184,48.84,0.2608,1,0.72767,0,0,0,0,0.8660254037844387,-0.4999999999999997
2015-05-31,CAT_02,CAT_02_ITEM_021,67,63.97,0.0,0,0.94635,1,0,0,0,0.4999999999999999,-0.8660254037844386
2015-06-30,CAT_02,CAT_02_ITEM_021,47,66.95,0.0,0,0.99334,0,0,0,0,1.2246467991473532e-16,-1.0
2015-07-31,CAT_02,CAT_02_ITEM_021,54,65.12,0.0,0,0.95823,0,0,0,0,-0.4999999999999997,-0.8660254037844387
2015-08-31,CAT_02,CAT_02_ITEM_021,59,55.36,0.0,0,0.83853,0,1,0,0,-0.8660254037844383,-0.5000000000000003
2015-09-30,CAT_02,CAT_02_ITEM_021,87,71.66,0.0,0,1.0503,0,0,0,0,-1.0,-1.8369701987210297e-16
2015-10-31,CAT_02,CAT_02_ITEM_021,105,66.79,0.0,0,0.95525,0,0,0,0,-0.8660254037844385,0.5
2015-11-30,CAT_02,CAT_02_ITEM_021,77,65.63,0.0,0,0.96507,0,0,0,1,-0.5000000000000003,0.8660254037844383
2015-12-31,CAT_02,CAT_02_ITEM_021,54,65.99,0.0,0,0.9803,0,0,1,0,-2.4492935982947064e-16,1.0
2016-01-31,CAT_02,CAT_02_ITEM_021,61,67.46,0.0,0,0.98236,0,0,0,0,0.4999999999999999,0.8660254037844386
2016-02-29,CAT_02,CAT_02_ITEM_021,133,63.23,0.0,0,0.93485,0,0,0,0,0.8660254037844385,0.5000000000000001
2016-03-31,CAT_02,CAT_02_ITEM_021,53,66.9,0.0,0,1.00318,0,0,0,0,1.0,6.123233995736766e-17
2016-04-30,CAT_02,CAT_02_ITEM_021,62,66.69,0.0,0,0.96284,0,0,0,0,0.8660254037844387,-0.4999999999999997
2016-05-31,CAT_02,CAT_02_ITEM_021,189,48.42,0.2199,1,0.71108,1,0,0,0,0.4999999999999999,-0.8660254037844386
2016-06-30,CAT_02,CAT_02_ITEM_021,81,64.69,0.0,0,0.92984,0,0,0,0,1.2246467991473532e-16,-1.0
2016-07-31,CAT_02,CAT_02_ITEM_021,85,64.87,0.0,0,0.92781,0,0,0,0,-0.4999999999999997,-0.8660254037844387
2016-08-31,CAT_02,CAT_02_ITEM_021,53,64.19,0.0,0,0.96596,0,1,0,0,-0.8660254037844383,-0.5000000000000003
2015-01-31,CAT_03,CAT_03_ITEM_001,14,12.07,0.0,0,0.20557,0,0,0,0,0.4999999999999999,0.8660254037844386
2015-02-28,CAT_03,CAT_03_ITEM_001,27,10.02,0.1315,1,0.17352,0,0,0,0,0.8660254037844385,0.5000000000000001
2015-03-31,CAT_03,CAT_03_ITEM_001,26,9.95,0.1972,1,0.17426,0,0,0,0,1.0,6.123233995736766e-17
2015-04-30,CAT_03,CAT_03_ITEM_001,11,12.05,0.0,0,0.21027,0,0,0,0,0.8660254037844387,-0.4999999999999997
2015-05-31,CAT_03,CAT_03_ITEM_001,11,12.33,0.0,0,0.20907,1,0,0,0,0.4999999999999999,-0.8660254037844386
2015-06-30,CAT_03,CAT_03_ITEM_001,23,7.92,0.3,1,0.13727,0,0,0,0,1.2246467991473532e-16,-1.0
2015-07-31,CAT_03,CAT_03_ITEM_001,13,11.18,0.0,0,0.19294,0,0,0,0,-0.4999999999999997,-0.8660254037844387
2015-08-31,CAT_03,CAT_03_ITEM_001,10,11.56,0.0,0,0.2034,0,1,0,0,-0.8660254037844383,-0.5000000000000003
2015-09-30,CAT_03,CAT_03_ITEM_001,12,11.26,0.0,0,0.19507,0,0,0,0,-1.0,-1.8369701987210297e-16
2015-10-31,CAT_03,CAT_03_ITEM_001,6,11.38,0.0,0,0.19214,0,0,0,0,-0.8660254037844385,0.5
2015-11-30,CAT_03,CAT_03_ITEM_001,9,12.64,0.0,0,0.21721,0,0,0,1,-0.5000000000000003,0.8660254037844383
2015-12-31,CAT_03,CAT_03_ITEM_001,39,9.55,0.1902,1,0.16501,0,0,1,0,-2.4492935982947064e-16,1.0
2016-01-31,CAT_03,CAT_03_ITEM_001,12,11.63,0.0,0,0.20593,0,0,0,0,0.4999999999999999,0.8660254037844386
2016-02-29,CAT_03,CAT_03_ITEM_001,20,11.49,0.0,0,0.19913,0,0,0,0,0.8660254037844385,0.5000000000000001
2016-03-31,CAT_03,CAT_03_ITEM_001,18,11.87,0.0,0,0.1997,0,0,0,0,1.0,6.123233995736766e-17
2016-04-30,CAT_03,CAT_03_ITEM_001,10,12.13,0.0,0,0.21448,0,0,0,0,0.8660254037844387,-0.4999999999999997
2016-05-31,CAT_03,CAT_03_ITEM_001,9,11.95,0.0,0,0.20506,1,0,0,0,0.4999999999999999,-0.8660254037844386
2016-06-30,CAT_03,CAT_03_ITEM_001,10,11.64,0.0,0,0.19693,0,0,0,0,1.2246467991473532e-16,-1.0
2016-07-31,CAT_03,CAT_03_ITEM_001,8,11.85,0.0,0,0.20383,0,0,0,0,-0.4999999999999997,-0.8660254037844387
2016-08-31,CAT_03,CAT_03_ITEM_001,18,11.86,0.0,0,0.20902,0,1,0,0,-0.8660254037844383,-0.5000000000000003
