data/raw/synthetic_retail_shares_brazil_2015_2025.csv
date,category_id,item_id,sales_qty,price,discount,promo_flag,price_rel,mothers_day_flag,fathers_day_flag,christmas_flag,black_friday_flag,month_sin,month_cos
2015-01-31,CAT_03,CAT_03_ITEM_002,268,22.76,0.0,0,0.3877,0,0,0,0,0.4999999999999999,0.8660254037844386
2015-02-28,CAT_03,CAT_03_ITEM_002,297,20.94,0.0,0,0.36264,0,0,0,0,0.8660254037844385,0.5000000000000001
2015-03-31,CAT_03,CAT_03_ITEM_002,589,21.45,0.1486,1,0.37543,0,0,0,0,1.0,6.123233995736766e-17
2015-04-30,CAT_03,CAT_03_ITEM_002,173,24.01,0.0,0,0.41899,0,0,0,0,0.8660254037844387,-0.4999999999999997
2015-05-31,CAT_03,CAT_03_ITEM_002,264,22.5,0.0,0,0.38166,1,0,0,0,0.4999999999999999,-0.8660254037844386
2015-06-30,CAT_03,CAT_03_ITEM_002,222,24.1,0.0,0,0.41781,0,0,0,0,1.2246467991473532e-16,-1.0
2015-07-31,CAT_03,CAT_03_ITEM_002,200,24.88,0.0,0,0.42949,0,0,0,0,-0.4999999999999997,-0.8660254037844387
2015-08-31,CAT_03,CAT_03_ITEM_002,252,23.91,0.0,0,0.42058,0,1,0,0,-0.8660254037844383,-0.5000000000000003
2015-09-30,CAT_03,CAT_03_ITEM_002,224,23.44,0.0,0,0.40618,0,0,0,0,-1.0,-1.8369701987210297e-16
2015-10-31,CAT_03,CAT_03_ITEM_002,226,22.44,0.0,0,0.37899,0,0,0,0,-0.8660254037844385,0.5
2015-11-30,CAT_03,CAT_03_ITEM_002,632,20.51,0.2184,1,0.3526,0,0,0,1,-0.5000000000000003,0.8660254037844383
2015-12-31,CAT_03,CAT_03_ITEM_002,260,24.97,0.0,0,0.43167,0,0,1,0,-2.4492935982947064e-16,1.0
2016-01-31,CAT_03,CAT_03_ITEM_002,200,22.93,0.0,0,0.40597,0,0,0,0,0.4999999999999999,0.8660254037844386
2016-02-29,CAT_03,CAT_03_ITEM_002,286,24.17,0.0,0,0.41894,0,0,0,0,0.8660254037844385,0.5000000000000001
2016-03-31,CAT_03,CAT_03_ITEM_002,260,26.55,0.0,0,0.44678,0,0,0,0,1.0,6.123233995736766e-17
2016-04-30,CAT_03,CAT_03_ITEM_002,165,25.07,0.0,0,0.44311,0,0,0,0,0.8660254037844387,-0.4999999999999997
2016-05-31,CAT_03,CAT_03_ITEM_002,310,23.11,0.0,0,0.39641,1,0,0,0,0.4999999999999999,-0.8660254037844386
2016-06-30,CAT_03,CAT_03_ITEM_002,279,24.63,0.0,0,0.41678,0,0,0,0,1.2246467991473532e-16,-1.0
2016-07-31,CAT_03,CAT_03_ITEM_002,276,23.58,0.0,0,0.40566,0,0,0,0,-0.4999999999999997,-0.8660254037844387
2016-08-31,CAT_03,CAT_03_ITEM_002,188,24.77,0.0,0,0.43669,0,1,0,0,-0.8660254037844383,-0.5000000000000003
2015-01-31,CAT_03,CAT_03_ITEM_003,221,70.5,0.0,0,1.20087,0,0,0,0,0.4999999999999999,0.8660254037844386
2015-02-28,CAT_03,CAT_03_ITEM_003,200,68.89,0.0,0,1.19319,0,0,0,0,0.8660254037844385,0.5000000000000001
2015-03-31,CAT_03,CAT_03_ITEM_003,177,68.09,0.0,0,1.19196,0,0,0,0,1.0,6.123233995736766e-17
2015-04-30,CAT_03,CAT_03_ITEM_003,166,68.32,0.0,0,1.19204,0,0,0,0,0.8660254037844387,-0.4999999999999997
2015-05-31,CAT_03,CAT_03_ITEM_003,222,68.45,0.0,0,1.16101,1,0,0,0,0.4999999999999999,-0.8660254037844386
2015-06-30,CAT_03,CAT_03_ITEM_003,173,70.55,0.0,0,1.22321,0,0,0,0,1.2246467991473532e-16,-1.0
2015-07-31,CAT_03,CAT_03_ITEM_003,191,70.25,0.0,0,1.21258,0,0,0,0,-0.4999999999999997,-0.8660254037844387
2015-08-31,CAT_03,CAT_03_ITEM_003,295,67.39,0.0,0,1.18544,0,1,0,0,-0.8660254037844383,-0.5000000000000003
2015-09-30,CAT_03,CAT_03_ITEM_003,184,68.47,0.0,0,1.18639,0,0,0,0,-1.0,-1.8369701987210297e-16
2015-10-31,CAT_03,CAT_03_ITEM_003,180,69.23,0.0,0,1.16902,0,0,0,0,-0.8660254037844385,0.5
2015-11-30,CAT_03,CAT_03_ITEM_003,180,66.15,0.0,0,1.13708,0,0,0,1,-0.5000000000000003,0.8660254037844383
2015-12-31,CAT_03,CAT_03_ITEM_003,649,52.12,0.2318,1,0.901,0,0,1,0,-2.4492935982947064e-16,1.0
2016-01-31,CAT_03,CAT_03_ITEM_003,211,65.58,0.0,0,1.16134,0,0,0,0,0.4999999999999999,0.8660254037844386
2016-02-29,CAT_03,CAT_03_ITEM_003,266,69.36,0.0,0,1.20218,0,0,0,0,0.8660254037844385,0.5000000000000001
2016-03-31,CAT_03,CAT_03_ITEM_003,225,70.91,0.0,0,1.19339,0,0,0,0,1.0,6.123233995736766e-17
2016-04-30,CAT_03,CAT_03_ITEM_003,433,59.78,0.1561,1,1.05671,0,0,0,0,0.8660254037844387,-0.4999999999999997
2016-05-31,CAT_03,CAT_03_ITEM_003,306,65.49,0.0,0,1.1234,1,0,0,0,0.4999999999999999,-0.8660254037844386
2016-06-30,CAT_03,CAT_03_ITEM_003,244,69.14,0.0,0,1.16996,0,0,0,0,1.2246467991473532e-16,-1.0
2016-07-31,CAT_03,CAT_03_ITEM_003,221,69.27,0.0,0,1.19184,0,0,0,0,-0.4999999999999997,-0.8660254037844387
2016-08-31,CAT_03,CAT_03_ITEM_003,193,71.47,0.0,0,1.26008,0,1,0,0,-0.8660254037844383,-0.5000000000000003
2015-01-31,CAT_03,CAT_03_ITEM_004,191,16.03,0.0,0,0.27312,0,0,0,0,0.4999999999999999,0.8660254037844386
2015-02-28,CAT_03,CAT_03_ITEM_004,253,15.39,0.0,0,0.26661,0,0,0,0,0.8660254037844385,0.5000000000000001
2015-03-31,CAT_03,CAT_03_ITEM_004,204,15.71,0.0,0,0.27501,0,0,0,0,1.0,6.123233995736766e-17
2015-04-30,CAT_03,CAT_03_ITEM_004,176,15.75,0.0,0,0.27481,0,0,0,0,0.8660254037844387,-0.4999999999999997
2015-05-31,CAT_03,CAT_03_ITEM_004,166,15.32,0.0,0,0.25981,1,0,0,0,0.4999999999999999,-0.8660254037844386
2015-06-30,CAT_03,CAT_03_ITEM_004,204,15.52,0.0,0,0.26915,0,0,0,0,1.2246467991473532e-16,-1.0
2015-07-31,CAT_03,CAT_03_ITEM_004,192,14.9,0.0,0,0.25718,0,0,0,0,-0.4999999999999997,-0.8660254037844387
2015-08-31,CAT_03,CAT_03_ITEM_004,219,16.01,0.0,0,0.28164,0,1,0,0,-0.8660254037844383,-0.5000000000000003
2015-09-30,CAT_03,CAT_03_ITEM_004,187,15.58,0.0,0,0.26992,0,0,0,0,-1.0,-1.8369701987210297e-16
2015-10-31,CAT_03,CAT_03_ITEM_004,179,14.82,0.0,0,0.25022,0,0,0,0,-0.8660254037844385,0.5
2015-11-30,CAT_03,CAT_03_ITEM_004,188,15.79,0.0,0,0.27149,0,0,0,1,-0.5000000000000003,0.8660254037844383
2015-12-31,CAT_03,CAT_03_ITEM_004,276,15.24,0.0,0,0.26344,0,0,1,0,-2.4492935982947064e-16,1.0
2016-01-31,CAT_03,CAT_03_ITEM_004,192,14.45,0.0,0,0.2559,0,0,0,0,0.4999999999999999,0.8660254037844386
2016-02-29,CAT_03,CAT_03_ITEM_004,248,15.49,0.0,0,0.26843,0,0,0,0,0.8660254037844385,0.5000000000000001
2016-03-31,CAT_03,CAT_03_ITEM_004,204,16.4,0.0,0,0.27607,0,0,0,0,1.0,6.123233995736766e-17
2016-04-30,CAT_03,CAT_03_ITEM_004,167,14.77,0.0,0,0.26106,0,0,0,0,0.8660254037844387,-0.4999999999999997
2016-05-31,CAT_03,CAT_03_ITEM_004,529,11.97,0.2124,1,0.20533,1,0,0,0,0.4999999999999999,-0.8660254037844386
2016-06-30,CAT_03,CAT_03_ITEM_004,240,15.51,0.0,0,0.26248,0,0,0,0,1.2246467991473532e-16,-1.0
2016-07-31,CAT_03,CAT_03_ITEM_004,232,15.54,0.0,0,0.26731,0,0,0,0,-0.4999999999999997,-0.8660254037844387
2016-08-31,CAT_03,CAT_03_ITEM_004,184,15.97,0.0,0,0.28161,0,1,0,0,-0.8660254037844383,-0.5000000000000003
2015-01-31,CAT_03,CAT_03_ITEM_005,32,83.46,0.0,0,1.42154,0,0,0,0,0.4999999999999999,0.8660254037844386
2015-02-28,CAT_03,CAT_03_ITEM_005,50,80.05,0.0,0,1.38645,0,0,0,0,0.8660254037844385,0.5000000000000001
2015-03-31,CAT_03,CAT_03_ITEM_005,33,87.03,0.0,0,1.52351,0,0,0,0,1.0,6.123233995736766e-17
2015-04-30,CAT_03,CAT_03_ITEM_005,28,81.87,0.0,0,1.42854,0,0,0,0,0.8660254037844387,-0.4999999999999997
2015-05-31,CAT_03,CAT_03_ITEM_005,31,82.5,0.0,0,1.39926,1,0,0,0,0.4999999999999999,-0.8660254037844386
2015-06-30,CAT_03,CAT_03_ITEM_005,32,85.08,0.0,0,1.47517,0,0,0,0,1.2246467991473532e-16,-1.0
2015-07-31,CAT_03,CAT_03_ITEM_005,26,80.77,0.0,0,1.39419,0,0,0,0,-0.4999999999999997,-0.8660254037844387
2015-08-31,CAT_03,CAT_03_ITEM_005,26,87.33,0.0,0,1.53621,0,1,0,0,-0.8660254037844383,-0.5000000000000003
2015-09-30,CAT_03,CAT_03_ITEM_005,35,81.76,0.0,0,1.41668,0,0,0,0,-1.0,-1.8369701987210297e-16
2015-10-31,CAT_03,CAT_03_ITEM_005,38,81.33,0.0,0,1.37327,0,0,0,0,-0.8660254037844385,0.5
2015-11-30,CAT_03,CAT_03_ITEM_005,31,81.26,0.0,0,1.39673,0,0,0,1,-0.5000000000000003,0.8660254037844383
2015-12-31,CAT_03,CAT_03_ITEM_005,19,87.62,0.0,0,1.51464,0,0,1,0,-2.4492935982947064e-16,1.0
2016-01-31,CAT_03,CAT_03_ITEM_005,39,77.24,0.0,0,1.36772,0,0,0,0,0.4999999999999999,0.8660254037844386
2016-02-29,CAT_03,CAT_03_ITEM_005,52,82.74,0.0,0,1.43393,0,0,0,0,0.8660254037844385,0.5000000000000001
2016-03-31,CAT_03,CAT_03_ITEM_005,40,81.06,0.0,0,1.36417,0,0,0,0,1.0,6.123233995736766e-17
2016-04-30,CAT_03,CAT_03_ITEM_005,37,74.01,0.0,0,1.30815,0,0,0,0,0.8660254037844387,-0.4999999999999997
2016-05-31,CAT_03,CAT_03_ITEM_005,41,86.37,0.0,0,1.48168,1,0,0,0,0.4999999999999999,-0.8660254037844386
2016-06-30,CAT_03,CAT_03_ITEM_005,33,87.71,0.0,0,1.48418,0,0,0,0,1.2246467991473532e-16,-1.0
2016-07-31,CAT_03,CAT_03_ITEM_005,49,77.51,0.0,0,1.33369,0,0,0,0,-0.4999999999999997,-0.8660254037844387
2016-08-31,CAT_03,CAT_03_ITEM_005,28,80.56,0.0,0,1.42039,0,1,0,0,-0.8660254037844383,-0.5000000000000003
2015-01-31,CAT_03,CAT_03_ITEM_006,139,71.07,0.0,0,1.21063,0,0,0,0,0.4999999999999999,0.8660254037844386
2015-02-28,CAT_03,CAT_03_ITEM_006,118,77.1,0.0,0,1.33543,0,0,0,0,0.8660254037844385,0.5000000000000001
2015-03-31,CAT_03,CAT_03_ITEM_006,114,74.85,0.0,0,1.31023,0,0,0,0,1.0,6.123233995736766e-17
2015-04-30,CAT_03,CAT_03_ITEM_006,83,76.79,0.0,0,1.33984,0,0,0,0,0.8660254037844387,-0.4999999999999997
2015-05-31,CAT_03,CAT_03_ITEM_006,120,76.76,0.0,0,1.30199,1,0,0,0,0.4999999999999999,-0.8660254037844386
2015-06-30,CAT_03,CAT_03_ITEM_006,86,75.26,0.0,0,1.30497,0,0,0,0,1.2246467991473532e-16,-1.0
2015-07-31,CAT_03,CAT_03_ITEM_006,129,74.21,0.0,0,1.2811,0,0,0,0,-0.4999999999999997,-0.8660254037844387
2015-08-31,CAT_03,CAT_03_ITEM_006,156,73.48,0.0,0,1.29245,0,1,0,0,-0.8660254037844383,-0.5000000000000003
2015-09-30,CAT_03,CAT_03_ITEM_006,86,75.43,0.0,0,1.30702,0,0,0,0,-1.0,-1.8369701987210297e-16
2015-10-31,CAT_03,CAT_03_ITEM_006,102,74.21,0.0,0,1.25306,0,0,0,0,-0.8660254037844385,0.5
2015-11-30,CAT_03,CAT_03_ITEM_006,96,75.94,0.0,0,1.30537,0,0,0,1,-0.5000000000000003,0.8660254037844383
2015-12-31,CAT_03,CAT_03_ITEM_006,102,74.67,0.0,0,1.29082,0,0,1,0,-2.4492935982947064e-16,1.0
2016-01-31,CAT_03,CAT_03_ITEM_006,100,77.01,0.0,0,1.36377,0,0,0,0,0.4999999999999999,0.8660254037844386
2016-02-29,CAT_03,CAT_03_ITEM_006,154,74.29,0.0,0,1.28746,0,0,0,0,0.8660254037844385,0.5000000000000001
2016-03-31,CAT_03,CAT_03_ITEM_006,134,77.09,0.0,0,1.29733,0,0,0,0,1.0,6.123233995736766e-17
2016-04-30,CAT_03,CAT_03_ITEM_006,80,77.38,0.0,0,1.36777,0,0,0,0,0.8660254037844387,-0.4999999999999997
2016-05-31,CAT_03,CAT_03_ITEM_006,149,77.0,0.0,0,1.32091,1,0,0,0,0.4999999999999999,-0.8660254037844386
2016-06-30,CAT_03,CAT_03_ITEM_006,128,78.56,0.0,0,1.32927,0,0,0,0,1.2246467991473532e-16,-1.0
2016-07-31,CAT_03,CAT_03_ITEM_006,98,75.91,0.0,0,1.3061,0,0,0,0,-0.4999999999999997,-0.8660254037844387
2016-08-31,CAT_03,CAT_03_ITEM_006,421,60.17,0.213,1,1.06075,0,1,0,0,-0.8660254037844383,-0.5000000000000003
2015-01-31,CAT_03,CAT_03_ITEM_007,90,36.24,0.0,0,0.61721,0,0,0,0,0.4999999999999999,0.8660254037844386
2015-02-28,CAT_03,CAT_03_ITEM_007,88,37.48,0.0,0,0.64913,0,0,0,0,0.8660254037844385,0.5000000000000001
2015-03-31,CAT_03,CAT_03_ITEM_007,72,39.04,0.0,0,0.68331,0,0,0,0,1.0,6.123233995736766e-17
2015-04-30,CAT_03,CAT_03_ITEM_007,77,35.83,0.0,0,0.62521,0,0,0,0,0.8660254037844387,-0.4999999999999997
2015-05-31,CAT_03,CAT_03_ITEM_007,72,38.63,0.0,0,0.65515,1,0,0,0,0.4999999999999999,-0.8660254037844386
2015-06-30,CAT_03,CAT_03_ITEM_007,87,36.88,0.0,0,0.63939,0,0,0,0,1.2246467991473532e-16,-1.0
2015-07-31,CAT_03,CAT_03_ITEM_007,60,40.22,0.0,0,0.69431,0,0,0,0,-0.4999999999999997,-0.8660254037844387
2015-08-31,CAT_03,CAT_03_ITEM_007,61,40.64,0.0,0,0.71478,0,1,0,0,-0.8660254037844383,-0.5000000000000003
2015-09-30,CAT_03,CAT_03_ITEM_007,67,37.83,0.0,0,0.65542,0,0,0,0,-1.0,-1.8369701987210297e-16
2015-10-31,CAT_03,CAT_03_ITEM_007,62,39.3,0.0,0,0.6637,0,0,0,0,-0.8660254037844385,0.5
2015-11-30,CAT_03,CAT_03_ITEM_007,60,36.9,0.0,0,0.6342,0,0,0,1,-0.5000000000000003,0.8660254037844383
2015-12-31,CAT_03,CAT_03_ITEM_007,103,39.73,0.0,0,0.68677,0,0,1,0,-2.4492935982947064e-16,1.0
2016-01-31,CAT_03,CAT_03_ITEM_007,81,36.62,0.0,0,0.64839,0,0,0,0,0.4999999999999999,0.8660254037844386
2016-02-29,CAT_03,CAT_03_ITEM_007,93,38.27,0.0,0,0.66323,0,0,0,0,0.8660254037844385,0.5000000000000001
2016-03-31,CAT_03,CAT_03_ITEM_007,91,37.94,0.0,0,0.63848,0,0,0,0,1.0,6.123233995736766e-17
2016-04-30,CAT_03,CAT_03_ITEM_007,61,38.48,0.0,0,0.68008,0,0,0,0,0.8660254037844387,-0.4999999999999997
2016-05-31,CAT_03,CAT_03_ITEM_007,113,36.53,0.0,0,0.62671,1,0,0,0,0.4999999999999999,-0.8660254037844386
2016-06-30,CAT_03,CAT_03_ITEM_007,79,37.34,0.0,0,0.63184,0,0,0,0,1.2246467991473532e-16,-1.0
2016-07-31,CAT_03,CAT_03_ITEM_007,91,37.85,0.0,0,0.6512,0,0,0,0,-0.4999999999999997,-0.8660254037844387
2016-08-31,CAT_03,CAT_03_ITEM_007,67,36.98,0.0,0,0.65193,0,1,0,0,-0.8660254037844383,-0.5000000000000003
2015-01-31,CAT_03,CAT_03_ITEM_008,84,57.33,0.0,0,0.9765,0,0,0,0,0.4999999999999999,0.8660254037844386
2015-02-28,CAT_03,CAT_03_ITEM_008,83,53.23,0.0,0,0.92189,0,0,0,0,0.8660254037844385,0.5000000000000001
2015-03-31,CAT_03,CAT_03_ITEM_008,87,52.24,0.0,0,0.91452,0,0,0,0,1.0,6.123233995736766e-17
2015-04-30,CAT_03,CAT_03_ITEM_008,73,52.5,0.0,0,0.91605,0,0,0,0,0.8660254037844387,-0.4999999999999997
2015-05-31,CAT_03,CAT_03_ITEM_008,70,52.09,0.0,0,0.88351,1,0,0,0,0.4999999999999999,-0.8660254037844386
2015-06-30,CAT_03,CAT_03_ITEM_008,284,38.1,0.2919,1,0.66062,0,0,0,0,1.2246467991473532e-16,-1.0
2015-07-31,CAT_03,CAT_03_ITEM_008,72,55.38,0.0,0,0.95597,0,0,0,0,-0.4999999999999997,-0.8660254037844387
2015-08-31,CAT_03,CAT_03_ITEM_008,85,50.75,0.0,0,0.89268,0,1,0,0,-0.8660254037844383,-0.5000000000000003
2015-09-30,CAT_03,CAT_03_ITEM_008,88,52.69,0.0,0,0.91298,0,0,0,0,-1.0,-1.8369701987210297e-16
2015-10-31,CAT_03,CAT_03_ITEM_008,68,52.57,0.0,0,0.88766,0,0,0,0,-0.8660254037844385,0.5
2015-11-30,CAT_03,CAT_03_ITEM_008,79,50.17,0.0,0,0.86242,0,0,0,1,-0.5000000000000003,0.8660254037844383
2015-12-31,CAT_03,CAT_03_ITEM_008,84,51.49,0.0,0,0.89015,0,0,1,0,-2.4492935982947064e-16,1.0
2016-01-31,CAT_03,CAT_03_ITEM_008,76,54.64,0.0,0,0.9676,0,0,0,0,0.4999999999999999,0.8660254037844386
2016-02-29,CAT_03,CAT_03_ITEM_008,101,53.97,0.0,0,0.9353,0,0,0,0,0.8660254037844385,0.5000000000000001
2016-03-31,CAT_03,CAT_03_ITEM_008,96,54.31,0.0,0,0.91395,0,0,0,0,1.0,6.123233995736766e-17
2016-04-30,CAT_03,CAT_03_ITEM_008,45,53.54,0.0,0,0.94626,0,0,0,0,0.8660254037844387,-0.4999999999999997
2016-05-31,CAT_03,CAT_03_ITEM_008,244,44.85,0.1857,1,0.76931,1,0,0,0,0.4999999999999999,-0.8660254037844386
2016-06-30,CAT_03,CAT_03_ITEM_008,87,55.24,0.0,0,0.93466,0,0,0,0,1.2246467991473532e-16,-1.0
2016-07-31,CAT_03,CAT_03_ITEM_008,104,54.2,0.0,0,0.93253,0,0,0,0,-0.4999999999999997,-0.8660254037844387
2016-08-31,CAT_03,CAT_03_ITEM_008,68,52.66,0.0,0,0.92835,0,1,0,0,-0.8660254037844383,-0.5000000000000003
2015-01-31,CAT_03,CAT_03_ITEM_009,74,70.77,0.0,0,1.20542,0,0,0,0,0.4999999999999999,0.8660254037844386
2015-02-28,CAT_03,CAT_03_ITEM_009,90,71.26,0.0,0,1.2343,0,0,0,0,0.8660254037844385,0.5000000000000001
2015-03-31,CAT_03,CAT_03_ITEM_009,72,70.97,0.0,0,1.2423,0,0,0,0,1.0,6.123233995736766e-17
2015-04-30,CAT_03,CAT_03_ITEM_009,41,78.33,0.0,0,1.36673,0,0,0,0,0.8660254037844387,-0.4999999999999997
2015-05-31,CAT_03,CAT_03_ITEM_009,51,72.76,0.0,0,1.23414,1,0,0,0,0.4999999999999999,-0.8660254037844386
2015-06-30,CAT_03,CAT_03_ITEM_009,59,73.94,0.0,0,1.282,0,0,0,0,1.2246467991473532e-16,-1.0
2015-07-31,CAT_03,CAT_03_ITEM_009,76,71.13,0.0,0,1.22794,0,0,0,0,-0.4999999999999997,-0.8660254037844387
2015-08-31,CAT_03,CAT_03_ITEM_009,79,76.12,0.0,0,1.33905,0,1,0,0,-0.8660254037844383,-0.5000000000000003
2015-09-30,CAT_03,CAT_03_ITEM_009,56,70.11,0.0,0,1.21476,0,0,0,0,-1.0,-1.8369701987210297e-16
2015-10-31,CAT_03,CAT_03_ITEM_009,64,73.52,0.0,0,1.24149,0,0,0,0,-0.8660254037844385,0.5
2015-11-30,CAT_03,CAT_03_ITEM_009,69,71.36,0.0,0,1.22658,0,0,0,1,-0.5000000000000003,0.8660254037844383
2015-12-31,CAT_03,CAT_03_ITEM_009,60,71.51,0.0,0,1.23617,0,0,1,0,-2.4492935982947064e-16,1.0
2016-01-31,CAT_03,CAT_03_ITEM_009,43,75.16,0.0,0,1.33087,0,0,0,0,0.4999999999999999,0.8660254037844386
2016-02-29,CAT_03,CAT_03_ITEM_009,91,71.08,0.0,0,1.23188,0,0,0,0,0.8660254037844385,0.5000000000000001
2016-03-31,CAT_03,CAT_03_ITEM_009,59,78.26,0.0,0,1.31712,0,0,0,0,1.0,6.123233995736766e-17
2016-04-30,CAT_03,CAT_03_ITEM_009,149,63.39,0.1479,1,1.12039,0,0,0,0,0.8660254037844387,-0.4999999999999997
2016-05-31,CAT_03,CAT_03_ITEM_009,87,68.92,0.0,0,1.18229,1,0,0,0,0.4999999999999999,-0.8660254037844386
2016-06-30,CAT_03,CAT_03_ITEM_009,80,73.29,0.0,0,1.24025,0,0,0,0,1.2246467991473532e-16,-1.0
2016-07-31,CAT_03,CAT_03_ITEM_009,65,72.14,0.0,0,1.24117,0,0,0,0,-0.4999999999999997,-0.8660254037844387
2016-08-31,CAT_03,CAT_03_ITEM_009,72,74.35,0.0,0,1.31079,0,1,0,0,-0.8660254037844383,-0.5000000000000003
