data/raw/synthetic_retail_shares_brazil_2015_2025.csv
date,category_id,item_id,sales_qty,price,discount,promo_flag,price_rel,mothers_day_flag,fathers_day_flag,christmas_flag,black_friday_flag,month_sin,month_cos
2015-01-31,CAT_03,CAT_03_ITEM_010,25,52.71,0.0,0,0.89791,0,0,0,0,0.4999999999999999,0.8660254037844386
2015-02-28,CAT_03,CAT_03_ITEM_010,18,52.83,0.0,0,0.91505,0,0,0,0,0.8660254037844385,0.5000000000000001
2015-03-31,CAT_03,CAT_03_ITEM_010,22,54.75,0.0,0,0.95835,0,0,0,0,1.0,6.123233995736766e-17
2015-04-30,CAT_03,CAT_03_ITEM_010,17,55.05,0.0,0,0.96043,0,0,0,0,0.8660254037844387,-0.4999999999999997
2015-05-31,CAT_03,CAT_03_ITEM_010,16,58.68,0.0,0,0.99526,1,0,0,0,0.4999999999999999,-0.8660254037844386
2015-06-30,CAT_03,CAT_03_ITEM_010,17,54.51,0.0,0,0.94517,0,0,0,0,1.2246467991473532e-16,-1.0
2015-07-31,CAT_03,CAT_03_ITEM_010,18,57.11,0.0,0,0.98582,0,0,0,0,-0.4999999999999997,-0.8660254037844387
2015-08-31,CAT_03,CAT_03_ITEM_010,18,56.38,0.0,0,0.99169,0,1,0,0,-0.8660254037844383,-0.5000000000000003
2015-09-30,CAT_03,CAT_03_ITEM_010,20,57.98,0.0,0,1.00458,0,0,0,0,-1.0,-1.8369701987210297e-16
2015-10-31,CAT_03,CAT_03_ITEM_010,21,53.37,0.0,0,0.90115,0,0,0,0,-0.8660254037844385,0.5
2015-11-30,CAT_03,CAT_03_ITEM_010,14,57.36,0.0,0,0.98598,0,0,0,1,-0.5000000000000003,0.8660254037844383
2015-12-31,CAT_03,CAT_03_ITEM_010,17,58.52,0.0,0,1.01169,0,0,1,0,-2.4492935982947064e-16,1.0
2016-01-31,CAT_03,CAT_03_ITEM_010,15,56.15,0.0,0,0.99429,0,0,0,0,0.4999999999999999,0.8660254037844386
2016-02-29,CAT_03,CAT_03_ITEM_010,27,57.26,0.0,0,0.99243,0,0,0,0,0.8660254037844385,0.5000000000000001
2016-03-31,CAT_03,CAT_03_ITEM_010,29,55.64,0.0,0,0.93643,0,0,0,0,1.0,6.123233995736766e-17
2016-04-30,CAT_03,CAT_03_ITEM_010,10,58.55,0.0,0,1.03483,0,0,0,0,0.8660254037844387,-0.4999999999999997
2016-05-31,CAT_03,CAT_03_ITEM_010,22,55.98,0.0,0,0.96024,1,0,0,0,0.4999999999999999,-0.8660254037844386
2016-06-30,CAT_03,CAT_03_ITEM_010,20,56.69,0.0,0,0.95924,0,0,0,0,1.2246467991473532e-16,-1.0
2016-07-31,CAT_03,CAT_03_ITEM_010,25,55.5,0.0,0,0.95494,0,0,0,0,-0.4999999999999997,-0.8660254037844387
2016-08-31,CAT_03,CAT_03_ITEM_010,13,58.48,0.0,0,1.0311,0,1,0,0,-0.8660254037844383,-0.5000000000000003
2015-01-31,CAT_03,CAT_03_ITEM_011,47,101.28,0.0,0,1.72509,0,0,0,0,0.4999999999999999,0.8660254037844386
2015-02-28,CAT_03,CAT_03_ITEM_011,68,94.16,0.0,0,1.63091,0,0,0,0,0.8660254037844385,0.5000000000000001
2015-03-31,CAT_03,CAT_03_ITEM_011,44,98.59,0.0,0,1.72585,0,0,0,0,1.0,6.123233995736766e-17
2015-04-30,CAT_03,CAT_03_ITEM_011,42,96.85,0.0,0,1.68976,0,0,0,0,0.8660254037844387,-0.4999999999999997
2015-05-31,CAT_03,CAT_03_ITEM_011,54,95.06,0.0,0,1.61241,1,0,0,0,0.4999999999999999,-0.8660254037844386
2015-06-30,CAT_03,CAT_03_ITEM_011,39,100.32,0.0,0,1.73949,0,0,0,0,1.2246467991473532e-16,-1.0
2015-07-31,CAT_03,CAT_03_ITEM_011,61,93.49,0.0,0,1.61378,0,0,0,0,-0.4999999999999997,-0.8660254037844387
2015-08-31,CAT_03,CAT_03_ITEM_011,45,96.05,0.0,0,1.68952,0,1,0,0,-0.8660254037844383,-0.5000000000000003
2015-09-30,CAT_03,CAT_03_ITEM_011,53,91.24,0.0,0,1.58092,0,0,0,0,-1.0,-1.8369701987210297e-16
2015-10-31,CAT_03,CAT_03_ITEM_011,47,97.96,0.0,0,1.65413,0,0,0,0,-0.8660254037844385,0.5
2015-11-30,CAT_03,CAT_03_ITEM_011,60,98.43,0.0,0,1.69192,0,0,0,1,-0.5000000000000003,0.8660254037844383
2015-12-31,CAT_03,CAT_03_ITEM_011,73,98.07,0.0,0,1.69532,0,0,1,0,-2.4492935982947064e-16,1.0
2016-01-31,CAT_03,CAT_03_ITEM_011,240,72.04,0.2547,1,1.2757,0,0,0,0,0.4999999999999999,0.8660254037844386
2016-02-29,CAT_03,CAT_03_ITEM_011,70,100.65,0.0,0,1.74444,0,0,0,0,0.8660254037844385,0.5000000000000001
2016-03-31,CAT_03,CAT_03_ITEM_011,49,97.62,0.0,0,1.64293,0,0,0,0,1.0,6.123233995736766e-17
2016-04-30,CAT_03,CAT_03_ITEM_011,40,100.46,0.0,0,1.77559,0,0,0,0,0.8660254037844387,-0.4999999999999997
2016-05-31,CAT_03,CAT_03_ITEM_011,64,98.59,0.0,0,1.69123,1,0,0,0,0.4999999999999999,-0.8660254037844386
2016-06-30,CAT_03,CAT_03_ITEM_011,62,98.31,0.0,0,1.66347,0,0,0,0,1.2246467991473532e-16,-1.0
2016-07-31,CAT_03,CAT_03_ITEM_011,70,100.19,0.0,0,1.72389,0,0,0,0,-0.4999999999999997,-0.8660254037844387
2016-08-31,CAT_03,CAT_03_ITEM_011,42,92.12,0.0,0,1.62409,0,1,0,0,-0.8660254037844383,-0.5000000000000003
2015-01-31,CAT_03,CAT_03_ITEM_012,6,20.36,0.0,0,0.34681,0,0,0,0,0.4999999999999999,0.8660254037844386
2015-02-28,CAT_03,CAT_03_ITEM_012,5,21.24,0.0,0,0.36788,0,0,0,0,0.8660254037844385,0.5000000000000001
2015-03-31,CAT_03,CAT_03_ITEM_012,6,21.42,0.0,0,0.37499,0,0,0,0,1.0,6.123233995736766e-17
2015-04-30,CAT_03,CAT_03_ITEM_012,5,19.53,0.0,0,0.34075,0,0,0,0,0.8660254037844387,-0.4999999999999997
2015-05-31,CAT_03,CAT_03_ITEM_012,5,20.48,0.0,0,0.34741,1,0,0,0,0.4999999999999999,-0.8660254037844386
2015-06-30,CAT_03,CAT_03_ITEM_012,8,20.03,0.0,0,0.34737,0,0,0,0,1.2246467991473532e-16,-1.0
2015-07-31,CAT_03,CAT_03_ITEM_012,7,19.72,0.0,0,0.34048,0,0,0,0,-0.4999999999999997,-0.8660254037844387
2015-08-31,CAT_03,CAT_03_ITEM_012,14,19.97,0.0,0,0.35124,0,1,0,0,-0.8660254037844383,-0.5000000000000003
2015-09-30,CAT_03,CAT_03_ITEM_012,5,20.16,0.0,0,0.34927,0,0,0,0,-1.0,-1.8369701987210297e-16
2015-10-31,CAT_03,CAT_03_ITEM_012,3,19.23,0.0,0,0.32475,0,0,0,0,-0.8660254037844385,0.5
2015-11-30,CAT_03,CAT_03_ITEM_012,9,20.72,0.0,0,0.35619,0,0,0,1,-0.5000000000000003,0.8660254037844383
2015-12-31,CAT_03,CAT_03_ITEM_012,9,19.92,0.113,1,0.34431,0,0,1,0,-2.4492935982947064e-16,1.0
2016-01-31,CAT_03,CAT_03_ITEM_012,14,15.18,0.2397,1,0.26877,0,0,0,0,0.4999999999999999,0.8660254037844386
2016-02-29,CAT_03,CAT_03_ITEM_012,7,20.98,0.0,0,0.36354,0,0,0,0,0.8660254037844385,0.5000000000000001
2016-03-31,CAT_03,CAT_03_ITEM_012,12,19.51,0.0,0,0.32835,0,0,0,0,1.0,6.123233995736766e-17
2016-04-30,CAT_03,CAT_03_ITEM_012,4,19.53,0.0,0,0.34512,0,0,0,0,0.8660254037844387,-0.4999999999999997
2016-05-31,CAT_03,CAT_03_ITEM_012,8,20.5,0.0,0,0.35166,1,0,0,0,0.4999999999999999,-0.8660254037844386
2016-06-30,CAT_03,CAT_03_ITEM_012,7,20.04,0.0,0,0.33909,0,0,0,0,1.2246467991473532e-16,-1.0
2016-07-31,CAT_03,CAT_03_ITEM_012,5,20.84,0.0,0,0.35861,0,0,0,0,-0.4999999999999997,-0.8660254037844387
2016-08-31,CAT_03,CAT_03_ITEM_012,3,21.87,0.0,0,0.38557,0,1,0,0,-0.8660254037844383,-0.5000000000000003
2015-01-31,CAT_03,CAT_03_ITEM_013,22,75.53,0.1277,1,1.2865,0,0,0,0,0.4999999999999999,0.8660254037844386
2015-02-28,CAT_03,CAT_03_ITEM_013,18,68.14,0.1713,1,1.18014,0,0,0,0,0.8660254037844385,0.5000000000000001
2015-03-31,CAT_03,CAT_03_ITEM_013,5,84.83,0.0,0,1.485,0,0,0,0,1.0,6.123233995736766e-17
2015-04-30,CAT_03,CAT_03_ITEM_013,29,61.59,0.28,1,1.07455,0,0,0,0,0.8660254037844387,-0.4999999999999997
2015-05-31,CAT_03,CAT_03_ITEM_013,7,84.82,0.0,0,1.43868,1,0,0,0,0.4999999999999999,-0.8660254037844386
2015-06-30,CAT_03,CAT_03_ITEM_013,18,76.23,0.119,1,1.32172,0,0,0,0,1.2246467991473532e-16,-1.0
2015-07-31,CAT_03,CAT_03_ITEM_013,6,85.23,0.0,0,1.47119,0,0,0,0,-0.4999999999999997,-0.8660254037844387
2015-08-31,CAT_03,CAT_03_ITEM_013,5,85.04,0.0,0,1.49584,0,1,0,0,-0.8660254037844383,-0.5000000000000003
2015-09-30,CAT_03,CAT_03_ITEM_013,25,73.11,0.1343,1,1.26673,0,0,0,0,-1.0,-1.8369701987210297e-16
2015-10-31,CAT_03,CAT_03_ITEM_013,2,84.51,0.0,0,1.42696,0,0,0,0,-0.8660254037844385,0.5
2015-11-30,CAT_03,CAT_03_ITEM_013,5,85.38,0.0,0,1.46758,0,0,0,1,-0.5000000000000003,0.8660254037844383
2015-12-31,CAT_03,CAT_03_ITEM_013,6,85.56,0.0,0,1.479,0,0,1,0,-2.4492935982947064e-16,1.0
2016-01-31,CAT_03,CAT_03_ITEM_013,4,87.63,0.0,0,1.55185,0,0,0,0,0.4999999999999999,0.8660254037844386
2016-02-29,CAT_03,CAT_03_ITEM_013,5,83.67,0.0,0,1.45005,0,0,0,0,0.8660254037844385,0.5000000000000001
2016-03-31,CAT_03,CAT_03_ITEM_013,13,86.29,0.0,0,1.45226,0,0,0,0,1.0,6.123233995736766e-17
2016-04-30,CAT_03,CAT_03_ITEM_013,4,84.06,0.0,0,1.48572,0,0,0,0,0.8660254037844387,-0.4999999999999997
2016-05-31,CAT_03,CAT_03_ITEM_013,10,82.76,0.0,0,1.41969,1,0,0,0,0.4999999999999999,-0.8660254037844386
2016-06-30,CAT_03,CAT_03_ITEM_013,14,80.21,0.0,0,1.35728,0,0,0,0,1.2246467991473532e-16,-1.0
2016-07-31,CAT_03,CAT_03_ITEM_013,8,86.98,0.0,0,1.49658,0,0,0,0,-0.4999999999999997,-0.8660254037844387
2016-08-31,CAT_03,CAT_03_ITEM_013,3,86.67,0.0,0,1.52799,0,1,0,0,-0.8660254037844383,-0.5000000000000003
2015-01-31,CAT_03,CAT_03_ITEM_014,40,29.87,0.0,0,0.50884,0,0,0,0,0.4999999999999999,0.8660254037844386
2015-02-28,CAT_03,CAT_03_ITEM_014,42,29.42,0.0,0,0.5095,0,0,0,0,0.8660254037844385,0.5000000000000001
2015-03-31,CAT_03,CAT_03_ITEM_014,31,28.95,0.0,0,0.50679,0,0,0,0,1.0,6.123233995736766e-17
2015-04-30,CAT_03,CAT_03_ITEM_014,22,29.53,0.0,0,0.51523,0,0,0,0,0.8660254037844387,-0.4999999999999997
2015-05-31,CAT_03,CAT_03_ITEM_014,45,29.6,0.0,0,0.50197,1,0,0,0,0.4999999999999999,-0.8660254037844386
2015-06-30,CAT_03,CAT_03_ITEM_014,26,29.27,0.0,0,0.50747,0,0,0,0,1.2246467991473532e-16,-1.0
2015-07-31,CAT_03,CAT_03_ITEM_014,25,29.87,0.0,0,0.51561,0,0,0,0,-0.4999999999999997,-0.8660254037844387
2015-08-31,CAT_03,CAT_03_ITEM_014,34,29.74,0.0,0,0.52313,0,1,0,0,-0.8660254037844383,-0.5000000000000003
2015-09-30,CAT_03,CAT_03_ITEM_014,27,28.85,0.0,0,0.49996,0,0,0,0,-1.0,-1.8369701987210297e-16
2015-10-31,CAT_03,CAT_03_ITEM_014,28,30.81,0.0,0,0.5202,0,0,0,0,-0.8660254037844385,0.5
2015-11-30,CAT_03,CAT_03_ITEM_014,33,29.84,0.0,0,0.513,0,0,0,1,-0.5000000000000003,0.8660254037844383
2015-12-31,CAT_03,CAT_03_ITEM_014,76,24.23,0.1782,1,0.41886,0,0,1,0,-2.4492935982947064e-16,1.0
2016-01-31,CAT_03,CAT_03_ITEM_014,85,26.06,0.1428,1,0.46149,0,0,0,0,0.4999999999999999,0.8660254037844386
2016-02-29,CAT_03,CAT_03_ITEM_014,44,29.68,0.0,0,0.51442,0,0,0,0,0.8660254037844385,0.5000000000000001
2016-03-31,CAT_03,CAT_03_ITEM_014,41,29.33,0.0,0,0.49361,0,0,0,0,1.0,6.123233995736766e-17
2016-04-30,CAT_03,CAT_03_ITEM_014,94,23.88,0.1577,1,0.42218,0,0,0,0,0.8660254037844387,-0.4999999999999997
2016-05-31,CAT_03,CAT_03_ITEM_014,52,29.7,0.0,0,0.50946,1,0,0,0,0.4999999999999999,-0.8660254037844386
2016-06-30,CAT_03,CAT_03_ITEM_014,46,30.45,0.0,0,0.51519,0,0,0,0,1.2246467991473532e-16,-1.0
2016-07-31,CAT_03,CAT_03_ITEM_014,48,29.89,0.0,0,0.51432,0,0,0,0,-0.4999999999999997,-0.8660254037844387
2016-08-31,CAT_03,CAT_03_ITEM_014,26,29.73,0.0,0,0.52424,0,1,0,0,-0.8660254037844383,-0.5000000000000003
2015-01-31,CAT_03,CAT_03_ITEM_015,79,111.12,0.0,0,1.89284,0,0,0,0,0.4999999999999999,0.8660254037844386
2015-02-28,CAT_03,CAT_03_ITEM_015,62,113.94,0.0,0,1.97354,0,0,0,0,0.8660254037844385,0.5000000000000001
2015-03-31,CAT_03,CAT_03_ITEM_015,84,108.17,0.0,0,1.89358,0,0,0,0,1.0,6.123233995736766e-17
2015-04-30,CAT_03,CAT_03_ITEM_015,59,112.12,0.0,0,1.9562,0,0,0,0,0.8660254037844387,-0.4999999999999997
2015-05-31,CAT_03,CAT_03_ITEM_015,94,107.06,0.0,0,1.81582,1,0,0,0,0.4999999999999999,-0.8660254037844386
2015-06-30,CAT_03,CAT_03_ITEM_015,73,111.16,0.0,0,1.92742,0,0,0,0,1.2246467991473532e-16,-1.0
2015-07-31,CAT_03,CAT_03_ITEM_015,76,110.19,0.0,0,1.90204,0,0,0,0,-0.4999999999999997,-0.8660254037844387
2015-08-31,CAT_03,CAT_03_ITEM_015,117,108.51,0.0,0,1.90865,0,1,0,0,-0.8660254037844383,-0.5000000000000003
2015-09-30,CAT_03,CAT_03_ITEM_015,69,109.36,0.0,0,1.89501,0,0,0,0,-1.0,-1.8369701987210297e-16
2015-10-31,CAT_03,CAT_03_ITEM_015,66,112.29,0.0,0,1.89607,0,0,0,0,-0.8660254037844385,0.5
2015-11-30,CAT_03,CAT_03_ITEM_015,67,111.46,0.0,0,1.91599,0,0,0,1,-0.5000000000000003,0.8660254037844383
2015-12-31,CAT_03,CAT_03_ITEM_015,58,114.27,0.0,0,1.97542,0,0,1,0,-2.4492935982947064e-16,1.0
2016-01-31,CAT_03,CAT_03_ITEM_015,66,109.49,0.0,0,1.93891,0,0,0,0,0.4999999999999999,0.8660254037844386
2016-02-29,CAT_03,CAT_03_ITEM_015,89,108.52,0.0,0,1.88086,0,0,0,0,0.8660254037844385,0.5000000000000001
2016-03-31,CAT_03,CAT_03_ITEM_015,78,112.47,0.0,0,1.89285,0,0,0,0,1.0,6.123233995736766e-17
2016-04-30,CAT_03,CAT_03_ITEM_015,54,112.65,0.0,0,1.99107,0,0,0,0,0.8660254037844387,-0.4999999999999997
2016-05-31,CAT_03,CAT_03_ITEM_015,107,111.68,0.0,0,1.91586,1,0,0,0,0.4999999999999999,-0.8660254037844386
2016-06-30,CAT_03,CAT_03_ITEM_015,85,108.97,0.0,0,1.84386,0,0,0,0,1.2246467991473532e-16,-1.0
2016-07-31,CAT_03,CAT_03_ITEM_015,94,109.98,0.0,0,1.8923,0,0,0,0,-0.4999999999999997,-0.8660254037844387
2016-08-31,CAT_03,CAT_03_ITEM_015,104,109.89,0.0,0,1.93749,0,1,0,0,-0.8660254037844383,-0.5000000000000003
2015-01-31,CAT_03,CAT_03_ITEM_016,14,93.54,0.0,0,1.5933,0,0,0,0,0.4999999999999999,0.8660254037844386
2015-02-28,CAT_03,CAT_03_ITEM_016,24,93.83,0.0,0,1.62519,0,0,0,0,0.8660254037844385,0.5000000000000001
2015-03-31,CAT_03,CAT_03_ITEM_016,105,69.71,0.2447,1,1.2203,0,0,0,0,1.0,6.123233995736766e-17
2015-04-30,CAT_03,CAT_03_ITEM_016,26,87.82,0.0,0,1.53236,0,0,0,0,0.8660254037844387,-0.4999999999999997
2015-05-31,CAT_03,CAT_03_ITEM_016,16,96.46,0.0,0,1.63607,1,0,0,0,0.4999999999999999,-0.8660254037844386
2015-06-30,CAT_03,CAT_03_ITEM_016,72,81.99,0.1412,1,1.42166,0,0,0,0,1.2246467991473532e-16,-1.0
2015-07-31,CAT_03,CAT_03_ITEM_016,24,91.7,0.0,0,1.58293,0,0,0,0,-0.4999999999999997,-0.8660254037844387
2015-08-31,CAT_03,CAT_03_ITEM_016,21,89.73,0.0,0,1.57832,0,1,0,0,-0.8660254037844383,-0.5000000000000003
2015-09-30,CAT_03,CAT_03_ITEM_016,23,90.27,0.0,0,1.56407,0,0,0,0,-1.0,-1.8369701987210297e-16
2015-10-31,CAT_03,CAT_03_ITEM_016,26,90.16,0.0,0,1.52242,0,0,0,0,-0.8660254037844385,0.5
2015-11-30,CAT_03,CAT_03_ITEM_016,27,89.56,0.0,0,1.53947,0,0,0,1,-0.5000000000000003,0.8660254037844383
2015-12-31,CAT_03,CAT_03_ITEM_016,28,84.49,0.0,0,1.46055,0,0,1,0,-2.4492935982947064e-16,1.0
2016-01-31,CAT_03,CAT_03_ITEM_016,23,90.7,0.0,0,1.60616,0,0,0,0,0.4999999999999999,0.8660254037844386
2016-02-29,CAT_03,CAT_03_ITEM_016,21,91.08,0.0,0,1.57852,0,0,0,0,0.8660254037844385,0.5000000000000001
2016-03-31,CAT_03,CAT_03_ITEM_016,40,83.93,0.0,0,1.41254,0,0,0,0,1.0,6.123233995736766e-17
2016-04-30,CAT_03,CAT_03_ITEM_016,16,95.56,0.0,0,1.68899,0,0,0,0,0.8660254037844387,-0.4999999999999997
2016-05-31,CAT_03,CAT_03_ITEM_016,25,97.15,0.0,0,1.66656,1,0,0,0,0.4999999999999999,-0.8660254037844386
2016-06-30,CAT_03,CAT_03_ITEM_016,30,89.7,0.0,0,1.51777,0,0,0,0,1.2246467991473532e-16,-1.0
2016-07-31,CAT_03,CAT_03_ITEM_016,14,93.21,0.0,0,1.60373,0,0,0,0,-0.4999999999999997,-0.8660254037844387
2016-08-31,CAT_03,CAT_03_ITEM_016,87,70.3,0.2382,1,1.23941,0,1,0,0,-0.8660254037844383,-0.5000000000000003
2015-01-31,CAT_03,CAT_03_ITEM_017,74,72.91,0.0,0,1.24197,0,0,0,0,0.4999999999999999,0.8660254037844386
2015-02-28,CAT_03,CAT_03_ITEM_017,102,65.39,0.0,0,1.13266,0,0,0,0,0.8660254037844385,0.5000000000000001
2015-03-31,CAT_03,CAT_03_ITEM_017,62,67.92,0.0,0,1.18887,0,0,0,0,1.0,6.123233995736766e-17
2015-04-30,CAT_03,CAT_03_ITEM_017,278,50.64,0.2656,1,0.88364,0,0,0,0,0.8660254037844387,-0.4999999999999997
2015-05-31,CAT_03,CAT_03_ITEM_017,64,64.82,0.0,0,1.0994,1,0,0,0,0.4999999999999999,-0.8660254037844386
2015-06-30,CAT_03,CAT_03_ITEM_017,68,66.98,0.0,0,1.16139,0,0,0,0,1.2246467991473532e-16,-1.0
2015-07-31,CAT_03,CAT_03_ITEM_017,86,67.08,0.0,0,1.15795,0,0,0,0,-0.4999999999999997,-0.8660254037844387
2015-08-31,CAT_03,CAT_03_ITEM_017,390,49.2,0.2411,1,0.8654,0,1,0,0,-0.8660254037844383,-0.5000000000000003
2015-09-30,CAT_03,CAT_03_ITEM_017,72,69.71,0.0,0,1.20791,0,0,0,0,-1.0,-1.8369701987210297e-16
2015-10-31,CAT_03,CAT_03_ITEM_017,49,75.36,0.0,0,1.2725,0,0,0,0,-0.8660254037844385,0.5
2015-11-30,CAT_03,CAT_03_ITEM_017,61,67.09,0.0,0,1.15326,0,0,0,1,-0.5000000000000003,0.8660254037844383
2015-12-31,CAT_03,CAT_03_ITEM_017,53,62.53,0.0,0,1.08092,0,0,1,0,-2.4492935982947064e-16,1.0
2016-01-31,CAT_03,CAT_03_ITEM_017,74,68.1,0.0,0,1.20594,0,0,0,0,0.4999999999999999,0.8660254037844386
2016-02-29,CAT_03,CAT_03_ITEM_017,97,64.46,0.0,0,1.11725,0,0,0,0,0.8660254037844385,0.5000000000000001
2016-03-31,CAT_03,CAT_03_ITEM_017,97,68.33,0.0,0,1.14993,0,0,0,0,1.0,6.123233995736766e-17
2016-04-30,CAT_03,CAT_03_ITEM_017,47,68.66,0.0,0,1.21366,0,0,0,0,0.8660254037844387,-0.4999999999999997
2016-05-31,CAT_03,CAT_03_ITEM_017,81,65.1,0.0,0,1.11673,1,0,0,0,0.4999999999999999,-0.8660254037844386
2016-06-30,CAT_03,CAT_03_ITEM_017,96,66.29,0.0,0,1.12168,0,0,0,0,1.2246467991473532e-16,-1.0
2016-07-31,CAT_03,CAT_03_ITEM_017,105,61.62,0.0,0,1.06018,0,0,0,0,-0.4999999999999997,-0.8660254037844387
2016-08-31,CAT_03,CAT_03_ITEM_017,62,66.4,0.0,0,1.17069,0,1,0,0,-0.8660254037844383,-0.5000000000000003
