data/raw/synthetic_retail_shares_brazil_2015_2025.csv
date,category_id,item_id,sales_qty,price,discount,promo_flag,price_rel,mothers_day_flag,fathers_day_flag,christmas_flag,black_friday_flag,month_sin,month_cos
2015-01-31,CAT_03,CAT_03_ITEM_018,16,99.19,0.0,0,1.6895,0,0,0,0,0.4999999999999999,0.8660254037844386
2015-02-28,CAT_03,CAT_03_ITEM_018,20,100.24,0.0,0,1.73618,0,0,0,0,0.8660254037844385,0.5000000000000001
2015-03-31,CAT_03,CAT_03_ITEM_018,58,84.92,0.1052,1,1.48647,0,0,0,0,1.0,6.123233995736766e-17
2015-04-30,CAT_03,CAT_03_ITEM_018,22,99.45,0.0,0,1.73523,0,0,0,0,0.8660254037844387,-0.4999999999999997
2015-05-31,CAT_03,CAT_03_ITEM_018,27,99.36,0.0,0,1.68528,1,0,0,0,0.4999999999999999,-0.8660254037844386
2015-06-30,CAT_03,CAT_03_ITEM_018,16,101.92,0.0,0,1.76717,0,0,0,0,1.2246467991473532e-16,-1.0
2015-07-31,CAT_03,CAT_03_ITEM_018,93,78.01,0.1841,1,1.3466,0,0,0,0,-0.4999999999999997,-0.8660254037844387
2015-08-31,CAT_03,CAT_03_ITEM_018,123,70.89,0.2422,1,1.24704,0,1,0,0,-0.8660254037844383,-0.5000000000000003
2015-09-30,CAT_03,CAT_03_ITEM_018,10,97.17,0.0,0,1.68376,0,0,0,0,-1.0,-1.8369701987210297e-16
2015-10-31,CAT_03,CAT_03_ITEM_018,25,93.24,0.0,0,1.57446,0,0,0,0,-0.8660254037844385,0.5
2015-11-30,CAT_03,CAT_03_ITEM_018,17,101.62,0.0,0,1.7468,0,0,0,1,-0.5000000000000003,0.8660254037844383
2015-12-31,CAT_03,CAT_03_ITEM_018,31,93.62,0.0,0,1.61837,0,0,1,0,-2.4492935982947064e-16,1.0
2016-01-31,CAT_03,CAT_03_ITEM_018,15,90.68,0.0,0,1.60578,0,0,0,0,0.4999999999999999,0.8660254037844386
2016-02-29,CAT_03,CAT_03_ITEM_018,25,100.15,0.0,0,1.73576,0,0,0,0,0.8660254037844385,0.5000000000000001
2016-03-31,CAT_03,CAT_03_ITEM_018,20,94.1,0.0,0,1.58361,0,0,0,0,1.0,6.123233995736766e-17
2016-04-30,CAT_03,CAT_03_ITEM_018,76,67.94,0.2897,1,1.20081,0,0,0,0,0.8660254037844387,-0.4999999999999997
2016-05-31,CAT_03,CAT_03_ITEM_018,26,94.41,0.0,0,1.61949,1,0,0,0,0.4999999999999999,-0.8660254037844386
2016-06-30,CAT_03,CAT_03_ITEM_018,30,93.65,0.0,0,1.58476,0,0,0,0,1.2246467991473532e-16,-1.0
2016-07-31,CAT_03,CAT_03_ITEM_018,18,102.76,0.0,0,1.76802,0,0,0,0,-0.4999999999999997,-0.8660254037844387
2016-08-31,CAT_03,CAT_03_ITEM_018,37,91.48,0.0,0,1.61277,0,1,0,0,-0.8660254037844383,-0.5000000000000003
2015-01-31,CAT_03,CAT_03_ITEM_019,0,101.72,0.0,0,1.73264,0,0,0,0,0.4999999999999999,0.8660254037844386
2015-02-28,CAT_03,CAT_03_ITEM_019,0,105.82,0.0,0,1.83288,0,0,0,0,0.8660254037844385,0.5000000000000001
2015-03-31,CAT_03,CAT_03_ITEM_019,0,108.27,0.0,0,1.8952,0,0,0,0,1.0,6.123233995736766e-17
2015-04-30,CAT_03,CAT_03_ITEM_019,0,110.12,0.0,0,1.92143,0,0,0,0,0.8660254037844387,-0.4999999999999997
2015-05-31,CAT_03,CAT_03_ITEM_019,0,106.4,0.0,0,1.80473,1,0,0,0,0.4999999999999999,-0.8660254037844386
2015-06-30,CAT_03,CAT_03_ITEM_019,0,108.02,0.0,0,1.87299,0,0,0,0,1.2246467991473532e-16,-1.0
2015-07-31,CAT_03,CAT_03_ITEM_019,0,107.36,0.0,0,1.85319,0,0,0,0,-0.4999999999999997,-0.8660254037844387
2015-08-31,CAT_03,CAT_03_ITEM_019,0,107.39,0.0,0,1.88893,0,1,0,0,-0.8660254037844383,-0.5000000000000003
2015-09-30,CAT_03,CAT_03_ITEM_019,0,103.66,0.0,0,1.79612,0,0,0,0,-1.0,-1.8369701987210297e-16
2015-10-31,CAT_03,CAT_03_ITEM_019,0,115.13,0.0,0,1.94404,0,0,0,0,-0.8660254037844385,0.5
2015-11-30,CAT_03,CAT_03_ITEM_019,2,99.06,0.1005,1,1.70277,0,0,0,1,-0.5000000000000003,0.8660254037844383
2015-12-31,CAT_03,CAT_03_ITEM_019,0,113.41,0.0,0,1.96051,0,0,1,0,-2.4492935982947064e-16,1.0
2016-01-31,CAT_03,CAT_03_ITEM_019,1,100.92,0.0,0,1.78716,0,0,0,0,0.4999999999999999,0.8660254037844386
2016-02-29,CAT_03,CAT_03_ITEM_019,4,80.61,0.2883,1,1.39704,0,0,0,0,0.8660254037844385,0.5000000000000001
2016-03-31,CAT_03,CAT_03_ITEM_019,0,113.0,0.0,0,1.90183,0,0,0,0,1.0,6.123233995736766e-17
2016-04-30,CAT_03,CAT_03_ITEM_019,0,105.41,0.0,0,1.86311,0,0,0,0,0.8660254037844387,-0.4999999999999997
2016-05-31,CAT_03,CAT_03_ITEM_019,1,108.42,0.0,0,1.85985,1,0,0,0,0.4999999999999999,-0.8660254037844386
2016-06-30,CAT_03,CAT_03_ITEM_019,0,110.61,0.0,0,1.87168,0,0,0,0,1.2246467991473532e-16,-1.0
2016-07-31,CAT_03,CAT_03_ITEM_019,1,89.2,0.1948,1,1.53475,0,0,0,0,-0.4999999999999997,-0.8660254037844387
2016-08-31,CAT_03,CAT_03_ITEM_019,0,100.93,0.0,0,1.77951,0,1,0,0,-0.8660254037844383,-0.5000000000000003
2015-01-31,CAT_03,CAT_03_ITEM_020,208,21.16,0.0,0,0.36035,0,0,0,0,0.4999999999999999,0.8660254037844386
2015-02-28,CAT_03,CAT_03_ITEM_020,190,21.37,0.0,0,0.37014,0,0,0,0,0.8660254037844385,0.5000000000000001
2015-03-31,CAT_03,CAT_03_ITEM_020,210,20.84,0.0,0,0.36481,0,0,0,0,1.0,6.123233995736766e-17
2015-04-30,CAT_03,CAT_03_ITEM_020,154,22.22,0.0,0,0.38771,0,0,0,0,0.8660254037844387,-0.4999999999999997
2015-05-31,CAT_03,CAT_03_ITEM_020,158,20.75,0.0,0,0.35188,1,0,0,0,0.4999999999999999,-0.8660254037844386
2015-06-30,CAT_03,CAT_03_ITEM_020,171,21.4,0.0,0,0.37112,0,0,0,0,1.2246467991473532e-16,-1.0
2015-07-31,CAT_03,CAT_03_ITEM_020,180,21.07,0.0,0,0.36377,0,0,0,0,-0.4999999999999997,-0.8660254037844387
2015-08-31,CAT_03,CAT_03_ITEM_020,219,21.15,0.0,0,0.37203,0,1,0,0,-0.8660254037844383,-0.5000000000000003
2015-09-30,CAT_03,CAT_03_ITEM_020,166,20.8,0.0,0,0.36039,0,0,0,0,-1.0,-1.8369701987210297e-16
2015-10-31,CAT_03,CAT_03_ITEM_020,139,20.4,0.0,0,0.34448,0,0,0,0,-0.8660254037844385,0.5
2015-11-30,CAT_03,CAT_03_ITEM_020,545,18.17,0.1357,1,0.31235,0,0,0,1,-0.5000000000000003,0.8660254037844383
2015-12-31,CAT_03,CAT_03_ITEM_020,258,20.37,0.0,0,0.35215,0,0,1,0,-2.4492935982947064e-16,1.0
2016-01-31,CAT_03,CAT_03_ITEM_020,197,21.48,0.0,0,0.38043,0,0,0,0,0.4999999999999999,0.8660254037844386
2016-02-29,CAT_03,CAT_03_ITEM_020,226,21.39,0.0,0,0.37065,0,0,0,0,0.8660254037844385,0.5000000000000001
2016-03-31,CAT_03,CAT_03_ITEM_020,233,20.98,0.0,0,0.35308,0,0,0,0,1.0,6.123233995736766e-17
2016-04-30,CAT_03,CAT_03_ITEM_020,151,20.92,0.0,0,0.36982,0,0,0,0,0.8660254037844387,-0.4999999999999997
2016-05-31,CAT_03,CAT_03_ITEM_020,200,21.1,0.0,0,0.36189,1,0,0,0,0.4999999999999999,-0.8660254037844386
2016-06-30,CAT_03,CAT_03_ITEM_020,219,20.97,0.0,0,0.35481,0,0,0,0,1.2246467991473532e-16,-1.0
2016-07-31,CAT_03,CAT_03_ITEM_020,198,20.65,0.0,0,0.35535,0,0,0,0,-0.4999999999999997,-0.8660254037844387
2016-08-31,CAT_03,CAT_03_ITEM_020,171,21.87,0.0,0,0.38566,0,1,0,0,-0.8660254037844383,-0.5000000000000003
2015-01-31,CAT_03,CAT_03_ITEM_021,283,13.25,0.0,0,0.22569,0,0,0,0,0.4999999999999999,0.8660254037844386
2015-02-28,CAT_03,CAT_03_ITEM_021,279,11.71,0.0,0,0.20278,0,0,0,0,0.8660254037844385,0.5000000000000001
2015-03-31,CAT_03,CAT_03_ITEM_021,256,11.95,0.0,0,0.20926,0,0,0,0,1.0,6.123233995736766e-17
2015-04-30,CAT_03,CAT_03_ITEM_021,214,13.2,0.0,0,0.23024,0,0,0,0,0.8660254037844387,-0.4999999999999997
2015-05-31,CAT_03,CAT_03_ITEM_021,285,13.29,0.0,0,0.22548,1,0,0,0,0.4999999999999999,-0.8660254037844386
2015-06-30,CAT_03,CAT_03_ITEM_021,244,11.96,0.0,0,0.20745,0,0,0,0,1.2246467991473532e-16,-1.0
2015-07-31,CAT_03,CAT_03_ITEM_021,222,12.8,0.0,0,0.22094,0,0,0,0,-0.4999999999999997,-0.8660254037844387
2015-08-31,CAT_03,CAT_03_ITEM_021,234,12.62,0.0,0,0.22199,0,1,0,0,-0.8660254037844383,-0.5000000000000003
2015-09-30,CAT_03,CAT_03_ITEM_021,290,13.09,0.0,0,0.22685,0,0,0,0,-1.0,-1.8369701987210297e-16
2015-10-31,CAT_03,CAT_03_ITEM_021,198,12.39,0.0,0,0.2093,0,0,0,0,-0.8660254037844385,0.5
2015-11-30,CAT_03,CAT_03_ITEM_021,283,12.28,0.0,0,0.21103,0,0,0,1,-0.5000000000000003,0.8660254037844383
2015-12-31,CAT_03,CAT_03_ITEM_021,212,12.91,0.0,0,0.22324,0,0,1,0,-2.4492935982947064e-16,1.0
2016-01-31,CAT_03,CAT_03_ITEM_021,238,12.2,0.0,0,0.21605,0,0,0,0,0.4999999999999999,0.8660254037844386
2016-02-29,CAT_03,CAT_03_ITEM_021,305,12.38,0.0,0,0.21453,0,0,0,0,0.8660254037844385,0.5000000000000001
2016-03-31,CAT_03,CAT_03_ITEM_021,283,12.22,0.0,0,0.20558,0,0,0,0,1.0,6.123233995736766e-17
2016-04-30,CAT_03,CAT_03_ITEM_021,211,11.94,0.0,0,0.21108,0,0,0,0,0.8660254037844387,-0.4999999999999997
2016-05-31,CAT_03,CAT_03_ITEM_021,332,12.61,0.0,0,0.21624,1,0,0,0,0.4999999999999999,-0.8660254037844386
2016-06-30,CAT_03,CAT_03_ITEM_021,291,12.1,0.0,0,0.20481,0,0,0,0,1.2246467991473532e-16,-1.0
2016-07-31,CAT_03,CAT_03_ITEM_021,274,11.86,0.0,0,0.20399,0,0,0,0,-0.4999999999999997,-0.8660254037844387
2016-08-31,CAT_03,CAT_03_ITEM_021,177,12.58,0.0,0,0.22187,0,1,0,0,-0.8660254037844383,-0.5000000000000003
2015-01-31,CAT_04,CAT_04_ITEM_001,0,79.23,0.0,0,1.29901,0,0,0,0,0.4999999999999999,0.8660254037844386
2015-02-28,CAT_04,CAT_04_ITEM_001,2,94.23,0.0,0,1.51102,0,0,0,0,0.8660254037844385,0.5000000000000001
2015-03-31,CAT_04,CAT_04_ITEM_001,2,89.49,0.0,0,1.43313,0,0,0,0,1.0,6.123233995736766e-17
2015-04-30,CAT_04,CAT_04_ITEM_001,0,90.7,0.0,0,1.41967,0,0,0,0,0.8660254037844387,-0.4999999999999997
2015-05-31,CAT_04,CAT_04_ITEM_001,2,95.49,0.0,0,1.47351,1,0,0,0,0.4999999999999999,-0.8660254037844386
2015-06-30,CAT_04,CAT_04_ITEM_001,0,85.32,0.0,0,1.36469,0,0,0,0,1.2246467991473532e-16,-1.0
2015-07-31,CAT_04,CAT_04_ITEM_001,1,81.6,0.0,0,1.2631,0,0,0,0,-0.4999999999999997,-0.8660254037844387
2015-08-31,CAT_04,CAT_04_ITEM_001,0,79.4,0.0,0,1.32999,0,1,0,0,-0.8660254037844383,-0.5000000000000003
2015-09-30,CAT_04,CAT_04_ITEM_001,1,83.45,0.0,0,1.33492,0,0,0,0,-1.0,-1.8369701987210297e-16
2015-10-31,CAT_04,CAT_04_ITEM_001,0,79.91,0.0,0,1.29748,0,0,0,0,-0.8660254037844385,0.5
2015-11-30,CAT_04,CAT_04_ITEM_001,0,93.45,0.0,0,1.51034,0,0,0,1,-0.5000000000000003,0.8660254037844383
2015-12-31,CAT_04,CAT_04_ITEM_001,1,88.07,0.0,0,1.38259,0,0,1,0,-2.4492935982947064e-16,1.0
2016-01-31,CAT_04,CAT_04_ITEM_001,1,94.94,0.0,0,1.54101,0,0,0,0,0.4999999999999999,0.8660254037844386
2016-02-29,CAT_04,CAT_04_ITEM_001,1,87.16,0.0,0,1.37958,0,0,0,0,0.8660254037844385,0.5000000000000001
2016-03-31,CAT_04,CAT_04_ITEM_001,0,86.53,0.0,0,1.42701,0,0,0,0,1.0,6.123233995736766e-17
2016-04-30,CAT_04,CAT_04_ITEM_001,0,69.0,0.2074,1,1.0913,0,0,0,0,0.8660254037844387,-0.4999999999999997
2016-05-31,CAT_04,CAT_04_ITEM_001,0,91.43,0.0,0,1.43051,1,0,0,0,0.4999999999999999,-0.8660254037844386
2016-06-30,CAT_04,CAT_04_ITEM_001,1,90.77,0.0,0,1.43363,0,0,0,0,1.2246467991473532e-16,-1.0
2016-07-31,CAT_04,CAT_04_ITEM_001,0,88.91,0.0,0,1.3898,0,0,0,0,-0.4999999999999997,-0.8660254037844387
2016-08-31,CAT_04,CAT_04_ITEM_001,0,84.75,0.0,0,1.32872,0,1,0,0,-0.8660254037844383,-0.5000000000000003
2015-01-31,CAT_04,CAT_04_ITEM_002,1,45.89,0.0,0,0.7523,0,0,0,0,0.4999999999999999,0.8660254037844386
2015-02-28,CAT_04,CAT_04_ITEM_002,2,44.29,0.0,0,0.71021,0,0,0,0,0.8660254037844385,0.5000000000000001
2015-03-31,CAT_04,CAT_04_ITEM_002,2,42.84,0.0,0,0.68602,0,0,0,0,1.0,6.123233995736766e-17
2015-04-30,CAT_04,CAT_04_ITEM_002,2,45.72,0.0,0,0.7157,0,0,0,0,0.8660254037844387,-0.4999999999999997
2015-05-31,CAT_04,CAT_04_ITEM_002,1,43.99,0.0,0,0.67883,1,0,0,0,0.4999999999999999,-0.8660254037844386
2015-06-30,CAT_04,CAT_04_ITEM_002,1,44.67,0.0,0,0.71454,0,0,0,0,1.2246467991473532e-16,-1.0
2015-07-31,CAT_04,CAT_04_ITEM_002,2,46.15,0.0,0,0.71436,0,0,0,0,-0.4999999999999997,-0.8660254037844387
2015-08-31,CAT_04,CAT_04_ITEM_002,1,46.34,0.0,0,0.77617,0,1,0,0,-0.8660254037844383,-0.5000000000000003
2015-09-30,CAT_04,CAT_04_ITEM_002,0,45.98,0.0,0,0.7356,0,0,0,0,-1.0,-1.8369701987210297e-16
2015-10-31,CAT_04,CAT_04_ITEM_002,1,44.64,0.0,0,0.7247,0,0,0,0,-0.8660254037844385,0.5
2015-11-30,CAT_04,CAT_04_ITEM_002,1,45.3,0.0,0,0.73217,0,0,0,1,-0.5000000000000003,0.8660254037844383
2015-12-31,CAT_04,CAT_04_ITEM_002,1,45.33,0.0,0,0.71163,0,0,1,0,-2.4492935982947064e-16,1.0
2016-01-31,CAT_04,CAT_04_ITEM_002,1,45.84,0.0,0,0.74399,0,0,0,0,0.4999999999999999,0.8660254037844386
2016-02-29,CAT_04,CAT_04_ITEM_002,1,45.04,0.0,0,0.71301,0,0,0,0,0.8660254037844385,0.5000000000000001
2016-03-31,CAT_04,CAT_04_ITEM_002,0,45.54,0.0,0,0.75112,0,0,0,0,1.0,6.123233995736766e-17
2016-04-30,CAT_04,CAT_04_ITEM_002,3,44.75,0.0,0,0.70768,0,0,0,0,0.8660254037844387,-0.4999999999999997
2016-05-31,CAT_04,CAT_04_ITEM_002,0,46.02,0.0,0,0.72007,1,0,0,0,0.4999999999999999,-0.8660254037844386
2016-06-30,CAT_04,CAT_04_ITEM_002,0,44.13,0.0,0,0.69705,0,0,0,0,1.2246467991473532e-16,-1.0
2016-07-31,CAT_04,CAT_04_ITEM_002,2,46.15,0.0,0,0.72147,0,0,0,0,-0.4999999999999997,-0.8660254037844387
2016-08-31,CAT_04,CAT_04_ITEM_002,1,47.88,0.0,0,0.75061,0,1,0,0,-0.8660254037844383,-0.5000000000000003
2015-01-31,CAT_04,CAT_04_ITEM_003,70,53.7,0.0,0,0.88034,0,0,0,0,0.4999999999999999,0.8660254037844386
2015-02-28,CAT_04,CAT_04_ITEM_003,83,53.09,0.0,0,0.85136,0,0,0,0,0.8660254037844385,0.5000000000000001
2015-03-31,CAT_04,CAT_04_ITEM_003,77,53.08,0.0,0,0.85009,0,0,0,0,1.0,6.123233995736766e-17
2015-04-30,CAT_04,CAT_04_ITEM_003,54,55.57,0.0,0,0.86991,0,0,0,0,0.8660254037844387,-0.4999999999999997
2015-05-31,CAT_04,CAT_04_ITEM_003,70,54.56,0.0,0,0.84187,1,0,0,0,0.4999999999999999,-0.8660254037844386
2015-06-30,CAT_04,CAT_04_ITEM_003,42,50.21,0.0,0,0.80303,0,0,0,0,1.2246467991473532e-16,-1.0
2015-07-31,CAT_04,CAT_04_ITEM_003,57,53.95,0.0,0,0.83504,0,0,0,0,-0.4999999999999997,-0.8660254037844387
2015-08-31,CAT_04,CAT_04_ITEM_003,43,51.49,0.0,0,0.86249,0,1,0,0,-0.8660254037844383,-0.5000000000000003
2015-09-30,CAT_04,CAT_04_ITEM_003,56,54.9,0.0,0,0.87827,0,0,0,0,-1.0,-1.8369701987210297e-16
2015-10-31,CAT_04,CAT_04_ITEM_003,51,54.32,0.0,0,0.88197,0,0,0,0,-0.8660254037844385,0.5
2015-11-30,CAT_04,CAT_04_ITEM_003,52,53.86,0.0,0,0.8705,0,0,0,1,-0.5000000000000003,0.8660254037844383
2015-12-31,CAT_04,CAT_04_ITEM_003,108,54.81,0.0,0,0.86052,0,0,1,0,-2.4492935982947064e-16,1.0
2016-01-31,CAT_04,CAT_04_ITEM_003,47,53.19,0.0,0,0.86336,0,0,0,0,0.4999999999999999,0.8660254037844386
2016-02-29,CAT_04,CAT_04_ITEM_003,58,54.81,0.0,0,0.86759,0,0,0,0,0.8660254037844385,0.5000000000000001
2016-03-31,CAT_04,CAT_04_ITEM_003,39,56.96,0.0,0,0.93945,0,0,0,0,1.0,6.123233995736766e-17
2016-04-30,CAT_04,CAT_04_ITEM_003,74,52.54,0.0,0,0.8309,0,0,0,0,0.8660254037844387,-0.4999999999999997
2016-05-31,CAT_04,CAT_04_ITEM_003,97,54.55,0.0,0,0.85354,1,0,0,0,0.4999999999999999,-0.8660254037844386
2016-06-30,CAT_04,CAT_04_ITEM_003,73,53.49,0.0,0,0.84481,0,0,0,0,1.2246467991473532e-16,-1.0
2016-07-31,CAT_04,CAT_04_ITEM_003,38,56.9,0.0,0,0.88946,0,0,0,0,-0.4999999999999997,-0.8660254037844387
2016-08-31,CAT_04,CAT_04_ITEM_003,55,57.52,0.0,0,0.90183,0,1,0,0,-0.8660254037844383,-0.5000000000000003
2015-01-31,CAT_04,CAT_04_ITEM_004,26,61.49,0.0,0,1.00808,0,0,0,0,0.4999999999999999,0.8660254037844386
2015-02-28,CAT_04,CAT_04_ITEM_004,29,61.62,0.0,0,0.9881,0,0,0,0,0.8660254037844385,0.5000000000000001
2015-03-31,CAT_04,CAT_04_ITEM_004,29,60.62,0.0,0,0.97078,0,0,0,0,1.0,6.123233995736766e-17
2015-04-30,CAT_04,CAT_04_ITEM_004,28,63.29,0.0,0,0.99073,0,0,0,0,0.8660254037844387,-0.4999999999999997
2015-05-31,CAT_04,CAT_04_ITEM_004,21,60.26,0.0,0,0.92976,1,0,0,0,0.4999999999999999,-0.8660254037844386
2015-06-30,CAT_04,CAT_04_ITEM_004,10,60.2,0.0,0,0.96288,0,0,0,0,1.2246467991473532e-16,-1.0
2015-07-31,CAT_04,CAT_04_ITEM_004,14,62.04,0.0,0,0.96029,0,0,0,0,-0.4999999999999997,-0.8660254037844387
2015-08-31,CAT_04,CAT_04_ITEM_004,16,59.89,0.0,0,1.00307,0,1,0,0,-0.8660254037844383,-0.5000000000000003
2015-09-30,CAT_04,CAT_04_ITEM_004,13,59.87,0.0,0,0.95779,0,0,0,0,-1.0,-1.8369701987210297e-16
2015-10-31,CAT_04,CAT_04_ITEM_004,19,61.11,0.0,0,0.99214,0,0,0,0,-0.8660254037844385,0.5
2015-11-30,CAT_04,CAT_04_ITEM_004,17,61.31,0.0,0,0.99078,0,0,0,1,-0.5000000000000003,0.8660254037844383
2015-12-31,CAT_04,CAT_04_ITEM_004,28,63.17,0.0,0,0.99168,0,0,1,0,-2.4492935982947064e-16,1.0
2016-01-31,CAT_04,CAT_04_ITEM_004,14,62.0,0.0,0,1.00634,0,0,0,0,0.4999999999999999,0.8660254037844386
2016-02-29,CAT_04,CAT_04_ITEM_004,23,60.74,0.0,0,0.9615,0,0,0,0,0.8660254037844385,0.5000000000000001
2016-03-31,CAT_04,CAT_04_ITEM_004,19,62.0,0.0,0,1.0226,0,0,0,0,1.0,6.123233995736766e-17
2016-04-30,CAT_04,CAT_04_ITEM_004,27,61.79,0.0,0,0.97717,0,0,0,0,0.8660254037844387,-0.4999999999999997
2016-05-31,CAT_04,CAT_04_ITEM_004,39,61.45,0.0,0,0.96142,1,0,0,0,0.4999999999999999,-0.8660254037844386
2016-06-30,CAT_04,CAT_04_ITEM_004,24,61.07,0.0,0,0.96452,0,0,0,0,1.2246467991473532e-16,-1.0
2016-07-31,CAT_04,CAT_04_ITEM_004,19,63.41,0.0,0,0.99124,0,0,0,0,-0.4999999999999997,-0.8660254037844387
2016-08-31,CAT_04,CAT_04_ITEM_004,7,63.08,0.0,0,0.98886,0,1,0,0,-0.8660254037844383,-0.5000000000000003
