data/raw/synthetic_retail_shares_brazil_2015_2025.csv
date,category_id,item_id,sales_qty,price,discount,promo_flag,price_rel,mothers_day_flag,fathers_day_flag,christmas_flag,black_friday_flag,month_sin,month_cos
2015-01-31,CAT_04,CAT_04_ITEM_005,36,53.28,0.0,0,0.87355,0,0,0,0,0.4999999999999999,0.8660254037844386
2015-02-28,CAT_04,CAT_04_ITEM_005,118,41.62,0.2192,1,0.66735,0,0,0,0,0.8660254037844385,0.5000000000000001
2015-03-31,CAT_04,CAT_04_ITEM_005,94,44.15,0.183,1,0.7071,0,0,0,0,1.0,6.123233995736766e-17
2015-04-30,CAT_04,CAT_04_ITEM_005,23,54.25,0.0,0,0.84915,0,0,0,0,0.8660254037844387,-0.4999999999999997
2015-05-31,CAT_04,CAT_04_ITEM_005,28,54.16,0.0,0,0.83567,1,0,0,0,0.4999999999999999,-0.8660254037844386
2015-06-30,CAT_04,CAT_04_ITEM_005,52,42.31,0.2243,1,0.67669,0,0,0,0,1.2246467991473532e-16,-1.0
2015-07-31,CAT_04,CAT_04_ITEM_005,32,53.17,0.0,0,0.82309,0,0,0,0,-0.4999999999999997,-0.8660254037844387
2015-08-31,CAT_04,CAT_04_ITEM_005,22,52.93,0.0,0,0.88661,0,1,0,0,-0.8660254037844383,-0.5000000000000003
2015-09-30,CAT_04,CAT_04_ITEM_005,84,48.14,0.1035,1,0.77019,0,0,0,0,-1.0,-1.8369701987210297e-16
2015-10-31,CAT_04,CAT_04_ITEM_005,23,52.9,0.0,0,0.85893,0,0,0,0,-0.8660254037844385,0.5
2015-11-30,CAT_04,CAT_04_ITEM_005,35,51.68,0.0,0,0.83529,0,0,0,1,-0.5000000000000003,0.8660254037844383
2015-12-31,CAT_04,CAT_04_ITEM_005,44,54.17,0.0,0,0.85048,0,0,1,0,-2.4492935982947064e-16,1.0
2016-01-31,CAT_04,CAT_04_ITEM_005,42,52.82,0.0,0,0.8574,0,0,0,0,0.4999999999999999,0.8660254037844386
2016-02-29,CAT_04,CAT_04_ITEM_005,29,53.95,0.0,0,0.85397,0,0,0,0,0.8660254037844385,0.5000000000000001
2016-03-31,CAT_04,CAT_04_ITEM_005,23,53.96,0.0,0,0.88997,0,0,0,0,1.0,6.123233995736766e-17
2016-04-30,CAT_04,CAT_04_ITEM_005,42,52.73,0.0,0,0.83396,0,0,0,0,0.8660254037844387,-0.4999999999999997
2016-05-31,CAT_04,CAT_04_ITEM_005,36,53.92,0.0,0,0.84364,1,0,0,0,0.4999999999999999,-0.8660254037844386
2016-06-30,CAT_04,CAT_04_ITEM_005,34,54.24,0.0,0,0.85664,0,0,0,0,1.2246467991473532e-16,-1.0
2016-07-31,CAT_04,CAT_04_ITEM_005,37,53.39,0.0,0,0.83452,0,0,0,0,-0.4999999999999997,-0.8660254037844387
2016-08-31,CAT_04,CAT_04_ITEM_005,27,53.91,0.0,0,0.84515,0,1,0,0,-0.8660254037844383,-0.5000000000000003
2015-01-31,CAT_04,CAT_04_ITEM_006,1,84.75,0.0,0,1.3895,0,0,0,0,0.4999999999999999,0.8660254037844386
2015-02-28,CAT_04,CAT_04_ITEM_006,3,85.74,0.0,0,1.37475,0,0,0,0,0.8660254037844385,0.5000000000000001
2015-03-31,CAT_04,CAT_04_ITEM_006,3,84.4,0.0,0,1.3517,0,0,0,0,1.0,6.123233995736766e-17
2015-04-30,CAT_04,CAT_04_ITEM_006,3,83.17,0.0,0,1.30185,0,0,0,0,0.8660254037844387,-0.4999999999999997
2015-05-31,CAT_04,CAT_04_ITEM_006,2,89.52,0.0,0,1.38134,1,0,0,0,0.4999999999999999,-0.8660254037844386
2015-06-30,CAT_04,CAT_04_ITEM_006,3,87.95,0.0,0,1.40677,0,0,0,0,1.2246467991473532e-16,-1.0
2015-07-31,CAT_04,CAT_04_ITEM_006,2,85.78,0.0,0,1.32781,0,0,0,0,-0.4999999999999997,-0.8660254037844387
2015-08-31,CAT_04,CAT_04_ITEM_006,1,89.67,0.0,0,1.50188,0,1,0,0,-0.8660254037844383,-0.5000000000000003
2015-09-30,CAT_04,CAT_04_ITEM_006,3,86.37,0.0,0,1.38168,0,0,0,0,-1.0,-1.8369701987210297e-16
2015-10-31,CAT_04,CAT_04_ITEM_006,0,83.3,0.0,0,1.35242,0,0,0,0,-0.8660254037844385,0.5
2015-11-30,CAT_04,CAT_04_ITEM_006,2,85.02,0.0,0,1.37407,0,0,0,1,-0.5000000000000003,0.8660254037844383
2015-12-31,CAT_04,CAT_04_ITEM_006,0,85.89,0.0,0,1.34833,0,0,1,0,-2.4492935982947064e-16,1.0
2016-01-31,CAT_04,CAT_04_ITEM_006,1,85.37,0.0,0,1.38567,0,0,0,0,0.4999999999999999,0.8660254037844386
2016-02-29,CAT_04,CAT_04_ITEM_006,3,86.03,0.0,0,1.36179,0,0,0,0,0.8660254037844385,0.5000000000000001
2016-03-31,CAT_04,CAT_04_ITEM_006,0,84.77,0.0,0,1.39799,0,0,0,0,1.0,6.123233995736766e-17
2016-04-30,CAT_04,CAT_04_ITEM_006,2,84.15,0.0,0,1.33091,0,0,0,0,0.8660254037844387,-0.4999999999999997
2016-05-31,CAT_04,CAT_04_ITEM_006,3,86.58,0.0,0,1.35459,1,0,0,0,0.4999999999999999,-0.8660254037844386
2016-06-30,CAT_04,CAT_04_ITEM_006,5,69.04,0.2126,1,1.0904,0,0,0,0,1.2246467991473532e-16,-1.0
2016-07-31,CAT_04,CAT_04_ITEM_006,0,84.77,0.0,0,1.32513,0,0,0,0,-0.4999999999999997,-0.8660254037844387
2016-08-31,CAT_04,CAT_04_ITEM_006,1,81.05,0.0,0,1.2707,0,1,0,0,-0.8660254037844383,-0.5000000000000003
2015-01-31,CAT_04,CAT_04_ITEM_007,70,37.2,0.0,0,0.60992,0,0,0,0,0.4999999999999999,0.8660254037844386
2015-02-28,CAT_04,CAT_04_ITEM_007,90,36.32,0.0,0,0.58237,0,0,0,0,0.8660254037844385,0.5000000000000001
2015-03-31,CAT_04,CAT_04_ITEM_007,68,37.8,0.0,0,0.60537,0,0,0,0,1.0,6.123233995736766e-17
2015-04-30,CAT_04,CAT_04_ITEM_007,64,37.2,0.0,0,0.58236,0,0,0,0,0.8660254037844387,-0.4999999999999997
2015-05-31,CAT_04,CAT_04_ITEM_007,62,35.89,0.0,0,0.55381,1,0,0,0,0.4999999999999999,-0.8660254037844386
2015-06-30,CAT_04,CAT_04_ITEM_007,138,29.67,0.209,1,0.47451,0,0,0,0,1.2246467991473532e-16,-1.0
2015-07-31,CAT_04,CAT_04_ITEM_007,73,36.4,0.0,0,0.56341,0,0,0,0,-0.4999999999999997,-0.8660254037844387
2015-08-31,CAT_04,CAT_04_ITEM_007,49,37.66,0.0,0,0.63074,0,1,0,0,-0.8660254037844383,-0.5000000000000003
2015-09-30,CAT_04,CAT_04_ITEM_007,67,37.02,0.0,0,0.59226,0,0,0,0,-1.0,-1.8369701987210297e-16
2015-10-31,CAT_04,CAT_04_ITEM_007,56,35.86,0.0,0,0.58221,0,0,0,0,-0.8660254037844385,0.5
2015-11-30,CAT_04,CAT_04_ITEM_007,85,36.59,0.0,0,0.59135,0,0,0,1,-0.5000000000000003,0.8660254037844383
2015-12-31,CAT_04,CAT_04_ITEM_007,229,29.84,0.1803,1,0.46849,0,0,1,0,-2.4492935982947064e-16,1.0
2016-01-31,CAT_04,CAT_04_ITEM_007,91,36.55,0.0,0,0.59319,0,0,0,0,0.4999999999999999,0.8660254037844386
2016-02-29,CAT_04,CAT_04_ITEM_007,65,36.87,0.0,0,0.58359,0,0,0,0,0.8660254037844385,0.5000000000000001
2016-03-31,CAT_04,CAT_04_ITEM_007,57,37.11,0.0,0,0.61196,0,0,0,0,1.0,6.123233995736766e-17
2016-04-30,CAT_04,CAT_04_ITEM_007,90,36.43,0.0,0,0.57621,0,0,0,0,0.8660254037844387,-0.4999999999999997
2016-05-31,CAT_04,CAT_04_ITEM_007,249,28.43,0.235,1,0.44484,1,0,0,0,0.4999999999999999,-0.8660254037844386
2016-06-30,CAT_04,CAT_04_ITEM_007,72,37.03,0.0,0,0.58488,0,0,0,0,1.2246467991473532e-16,-1.0
2016-07-31,CAT_04,CAT_04_ITEM_007,58,37.51,0.0,0,0.58637,0,0,0,0,-0.4999999999999997,-0.8660254037844387
2016-08-31,CAT_04,CAT_04_ITEM_007,64,36.26,0.0,0,0.56849,0,1,0,0,-0.8660254037844383,-0.5000000000000003
2015-01-31,CAT_04,CAT_04_ITEM_008,1,103.45,0.0,0,1.69609,0,0,0,0,0.4999999999999999,0.8660254037844386
2015-02-28,CAT_04,CAT_04_ITEM_008,2,108.01,0.0,0,1.73193,0,0,0,0,0.8660254037844385,0.5000000000000001
2015-03-31,CAT_04,CAT_04_ITEM_008,0,107.71,0.0,0,1.725,0,0,0,0,1.0,6.123233995736766e-17
2015-04-30,CAT_04,CAT_04_ITEM_008,0,108.93,0.0,0,1.70508,0,0,0,0,0.8660254037844387,-0.4999999999999997
2015-05-31,CAT_04,CAT_04_ITEM_008,1,106.13,0.0,0,1.63767,1,0,0,0,0.4999999999999999,-0.8660254037844386
2015-06-30,CAT_04,CAT_04_ITEM_008,0,105.89,0.0,0,1.69364,0,0,0,0,1.2246467991473532e-16,-1.0
2015-07-31,CAT_04,CAT_04_ITEM_008,0,108.87,0.0,0,1.68516,0,0,0,0,-0.4999999999999997,-0.8660254037844387
2015-08-31,CAT_04,CAT_04_ITEM_008,1,86.29,0.2048,1,1.44529,0,1,0,0,-0.8660254037844383,-0.5000000000000003
2015-09-30,CAT_04,CAT_04_ITEM_008,1,105.54,0.0,0,1.68837,0,0,0,0,-1.0,-1.8369701987210297e-16
2015-10-31,CAT_04,CAT_04_ITEM_008,0,107.24,0.0,0,1.74114,0,0,0,0,-0.8660254037844385,0.5
2015-11-30,CAT_04,CAT_04_ITEM_008,0,104.81,0.0,0,1.69381,0,0,0,1,-0.5000000000000003,0.8660254037844383
2015-12-31,CAT_04,CAT_04_ITEM_008,0,111.37,0.0,0,1.74845,0,0,1,0,-2.4492935982947064e-16,1.0
2016-01-31,CAT_04,CAT_04_ITEM_008,0,91.31,0.1436,1,1.48203,0,0,0,0,0.4999999999999999,0.8660254037844386
2016-02-29,CAT_04,CAT_04_ITEM_008,0,107.72,0.0,0,1.70514,0,0,0,0,0.8660254037844385,0.5000000000000001
2016-03-31,CAT_04,CAT_04_ITEM_008,0,106.58,0.0,0,1.75775,0,0,0,0,1.0,6.123233995736766e-17
2016-04-30,CAT_04,CAT_04_ITEM_008,1,105.59,0.0,0,1.6699,0,0,0,0,0.8660254037844387,-0.4999999999999997
2016-05-31,CAT_04,CAT_04_ITEM_008,0,108.94,0.0,0,1.70455,1,0,0,0,0.4999999999999999,-0.8660254037844386
2016-06-30,CAT_04,CAT_04_ITEM_008,0,106.9,0.0,0,1.68836,0,0,0,0,1.2246467991473532e-16,-1.0
2016-07-31,CAT_04,CAT_04_ITEM_008,0,110.24,0.0,0,1.72318,0,0,0,0,-0.4999999999999997,-0.8660254037844387
2016-08-31,CAT_04,CAT_04_ITEM_008,0,107.61,0.0,0,1.687,0,1,0,0,-0.8660254037844383,-0.5000000000000003
2015-01-31,CAT_04,CAT_04_ITEM_009,130,29.95,0.0,0,0.491,0,0,0,0,0.4999999999999999,0.8660254037844386
2015-02-28,CAT_04,CAT_04_ITEM_009,174,29.23,0.0,0,0.46869,0,0,0,0,0.8660254037844385,0.5000000000000001
2015-03-31,CAT_04,CAT_04_ITEM_009,143,30.75,0.0,0,0.49252,0,0,0,0,1.0,6.123233995736766e-17
2015-04-30,CAT_04,CAT_04_ITEM_009,161,30.73,0.0,0,0.48102,0,0,0,0,0.8660254037844387,-0.4999999999999997
2015-05-31,CAT_04,CAT_04_ITEM_009,186,31.62,0.0,0,0.48796,1,0,0,0,0.4999999999999999,-0.8660254037844386
2015-06-30,CAT_04,CAT_04_ITEM_009,104,29.46,0.0,0,0.47118,0,0,0,0,1.2246467991473532e-16,-1.0
2015-07-31,CAT_04,CAT_04_ITEM_009,117,29.32,0.0,0,0.45381,0,0,0,0,-0.4999999999999997,-0.8660254037844387
2015-08-31,CAT_04,CAT_04_ITEM_009,116,28.68,0.0,0,0.48045,0,1,0,0,-0.8660254037844383,-0.5000000000000003
2015-09-30,CAT_04,CAT_04_ITEM_009,139,31.03,0.0,0,0.49638,0,0,0,0,-1.0,-1.8369701987210297e-16
2015-10-31,CAT_04,CAT_04_ITEM_009,95,30.15,0.0,0,0.48954,0,0,0,0,-0.8660254037844385,0.5
2015-11-30,CAT_04,CAT_04_ITEM_009,157,29.73,0.0,0,0.48044,0,0,0,1,-0.5000000000000003,0.8660254037844383
2015-12-31,CAT_04,CAT_04_ITEM_009,295,29.49,0.0,0,0.46289,0,0,1,0,-2.4492935982947064e-16,1.0
2016-01-31,CAT_04,CAT_04_ITEM_009,150,30.92,0.0,0,0.5019,0,0,0,0,0.4999999999999999,0.8660254037844386
2016-02-29,CAT_04,CAT_04_ITEM_009,363,22.06,0.2888,1,0.34912,0,0,0,0,0.8660254037844385,0.5000000000000001
2016-03-31,CAT_04,CAT_04_ITEM_009,100,30.02,0.0,0,0.49509,0,0,0,0,1.0,6.123233995736766e-17
2016-04-30,CAT_04,CAT_04_ITEM_009,172,29.65,0.0,0,0.46885,0,0,0,0,0.8660254037844387,-0.4999999999999997
2016-05-31,CAT_04,CAT_04_ITEM_009,230,31.17,0.0,0,0.48775,1,0,0,0,0.4999999999999999,-0.8660254037844386
2016-06-30,CAT_04,CAT_04_ITEM_009,138,29.49,0.0,0,0.46571,0,0,0,0,1.2246467991473532e-16,-1.0
2016-07-31,CAT_04,CAT_04_ITEM_009,120,30.02,0.0,0,0.46922,0,0,0,0,-0.4999999999999997,-0.8660254037844387
2016-08-31,CAT_04,CAT_04_ITEM_009,116,29.8,0.0,0,0.46717,0,1,0,0,-0.8660254037844383,-0.5000000000000003
2015-01-31,CAT_04,CAT_04_ITEM_010,3,38.85,0.0,0,0.63694,0,0,0,0,0.4999999999999999,0.8660254037844386
2015-02-28,CAT_04,CAT_04_ITEM_010,6,38.55,0.0,0,0.61817,0,0,0,0,0.8660254037844385,0.5000000000000001
2015-03-31,CAT_04,CAT_04_ITEM_010,1,38.37,0.0,0,0.61451,0,0,0,0,1.0,6.123233995736766e-17
2015-04-30,CAT_04,CAT_04_ITEM_010,0,39.05,0.0,0,0.6113,0,0,0,0,0.8660254037844387,-0.4999999999999997
2015-05-31,CAT_04,CAT_04_ITEM_010,3,37.88,0.0,0,0.5845,1,0,0,0,0.4999999999999999,-0.8660254037844386
2015-06-30,CAT_04,CAT_04_ITEM_010,1,39.06,0.0,0,0.62474,0,0,0,0,1.2246467991473532e-16,-1.0
2015-07-31,CAT_04,CAT_04_ITEM_010,3,39.56,0.0,0,0.61236,0,0,0,0,-0.4999999999999997,-0.8660254037844387
2015-08-31,CAT_04,CAT_04_ITEM_010,3,29.54,0.2349,1,0.49479,0,1,0,0,-0.8660254037844383,-0.5000000000000003
2015-09-30,CAT_04,CAT_04_ITEM_010,2,38.31,0.0,0,0.61289,0,0,0,0,-1.0,-1.8369701987210297e-16
2015-10-31,CAT_04,CAT_04_ITEM_010,3,37.91,0.0,0,0.61554,0,0,0,0,-0.8660254037844385,0.5
2015-11-30,CAT_04,CAT_04_ITEM_010,1,38.35,0.0,0,0.61982,0,0,0,1,-0.5000000000000003,0.8660254037844383
2015-12-31,CAT_04,CAT_04_ITEM_010,1,38.59,0.0,0,0.60584,0,0,1,0,-2.4492935982947064e-16,1.0
2016-01-31,CAT_04,CAT_04_ITEM_010,5,38.03,0.0,0,0.61723,0,0,0,0,0.4999999999999999,0.8660254037844386
2016-02-29,CAT_04,CAT_04_ITEM_010,2,38.16,0.0,0,0.60398,0,0,0,0,0.8660254037844385,0.5000000000000001
2016-03-31,CAT_04,CAT_04_ITEM_010,0,39.4,0.0,0,0.64983,0,0,0,0,1.0,6.123233995736766e-17
2016-04-30,CAT_04,CAT_04_ITEM_010,2,38.65,0.0,0,0.61127,0,0,0,0,0.8660254037844387,-0.4999999999999997
2016-05-31,CAT_04,CAT_04_ITEM_010,5,27.8,0.2698,1,0.43497,1,0,0,0,0.4999999999999999,-0.8660254037844386
2016-06-30,CAT_04,CAT_04_ITEM_010,1,38.4,0.0,0,0.60654,0,0,0,0,1.2246467991473532e-16,-1.0
2016-07-31,CAT_04,CAT_04_ITEM_010,3,28.96,0.2395,1,0.45269,0,0,0,0,-0.4999999999999997,-0.8660254037844387
2016-08-31,CAT_04,CAT_04_ITEM_010,3,38.39,0.0,0,0.60193,0,1,0,0,-0.8660254037844383,-0.5000000000000003
2015-01-31,CAT_04,CAT_04_ITEM_011,2,112.97,0.0,0,1.85207,0,0,0,0,0.4999999999999999,0.8660254037844386
2015-02-28,CAT_04,CAT_04_ITEM_011,2,114.35,0.0,0,1.83351,0,0,0,0,0.8660254037844385,0.5000000000000001
2015-03-31,CAT_04,CAT_04_ITEM_011,3,113.04,0.0,0,1.81035,0,0,0,0,1.0,6.123233995736766e-17
2015-04-30,CAT_04,CAT_04_ITEM_011,1,116.31,0.0,0,1.82062,0,0,0,0,0.8660254037844387,-0.4999999999999997
2015-05-31,CAT_04,CAT_04_ITEM_011,0,117.89,0.0,0,1.81909,1,0,0,0,0.4999999999999999,-0.8660254037844386
2015-06-30,CAT_04,CAT_04_ITEM_011,0,115.8,0.0,0,1.85206,0,0,0,0,1.2246467991473532e-16,-1.0
2015-07-31,CAT_04,CAT_04_ITEM_011,4,124.86,0.0,0,1.93273,0,0,0,0,-0.4999999999999997,-0.8660254037844387
2015-08-31,CAT_04,CAT_04_ITEM_011,0,112.12,0.0,0,1.87797,0,1,0,0,-0.8660254037844383,-0.5000000000000003
2015-09-30,CAT_04,CAT_04_ITEM_011,3,113.72,0.0,0,1.81924,0,0,0,0,-1.0,-1.8369701987210297e-16
2015-10-31,CAT_04,CAT_04_ITEM_011,2,115.79,0.0,0,1.87989,0,0,0,0,-0.8660254037844385,0.5
2015-11-30,CAT_04,CAT_04_ITEM_011,9,85.23,0.2877,1,1.37751,0,0,0,1,-0.5000000000000003,0.8660254037844383
2015-12-31,CAT_04,CAT_04_ITEM_011,1,117.03,0.0,0,1.83731,0,0,1,0,-2.4492935982947064e-16,1.0
2016-01-31,CAT_04,CAT_04_ITEM_011,3,111.07,0.0,0,1.80287,0,0,0,0,0.4999999999999999,0.8660254037844386
2016-02-29,CAT_04,CAT_04_ITEM_011,2,119.26,0.0,0,1.88784,0,0,0,0,0.8660254037844385,0.5000000000000001
2016-03-31,CAT_04,CAT_04_ITEM_011,1,105.81,0.0,0,1.74502,0,0,0,0,1.0,6.123233995736766e-17
2016-04-30,CAT_04,CAT_04_ITEM_011,1,114.88,0.0,0,1.81681,0,0,0,0,0.8660254037844387,-0.4999999999999997
2016-05-31,CAT_04,CAT_04_ITEM_011,0,123.28,0.0,0,1.92884,1,0,0,0,0.4999999999999999,-0.8660254037844386
2016-06-30,CAT_04,CAT_04_ITEM_011,2,110.25,0.0,0,1.74134,0,0,0,0,1.2246467991473532e-16,-1.0
2016-07-31,CAT_04,CAT_04_ITEM_011,0,109.1,0.0,0,1.70533,0,0,0,0,-0.4999999999999997,-0.8660254037844387
2016-08-31,CAT_04,CAT_04_ITEM_011,2,118.08,0.0,0,1.85122,0,1,0,0,-0.8660254037844383,-0.5000000000000003
2015-01-31,CAT_04,CAT_04_ITEM_012,49,21.46,0.0,0,0.35182,0,0,0,0,0.4999999999999999,0.8660254037844386
2015-02-28,CAT_04,CAT_04_ITEM_012,47,22.31,0.0,0,0.35776,0,0,0,0,0.8660254037844385,0.5000000000000001
2015-03-31,CAT_04,CAT_04_ITEM_012,38,21.2,0.0,0,0.33955,0,0,0,0,1.0,6.123233995736766e-17
2015-04-30,CAT_04,CAT_04_ITEM_012,35,22.27,0.0,0,0.34852,0,0,0,0,0.8660254037844387,-0.4999999999999997
2015-05-31,CAT_04,CAT_04_ITEM_012,38,22.72,0.0,0,0.35059,1,0,0,0,0.4999999999999999,-0.8660254037844386
2015-06-30,CAT_04,CAT_04_ITEM_012,28,23.29,0.0,0,0.37247,0,0,0,0,1.2246467991473532e-16,-1.0
2015-07-31,CAT_04,CAT_04_ITEM_012,33,22.9,0.0,0,0.35453,0,0,0,0,-0.4999999999999997,-0.8660254037844387
2015-08-31,CAT_04,CAT_04_ITEM_012,35,22.25,0.0,0,0.3726,0,1,0,0,-0.8660254037844383,-0.5000000000000003
2015-09-30,CAT_04,CAT_04_ITEM_012,33,21.94,0.0,0,0.35096,0,0,0,0,-1.0,-1.8369701987210297e-16
2015-10-31,CAT_04,CAT_04_ITEM_012,29,22.04,0.0,0,0.35791,0,0,0,0,-0.8660254037844385,0.5
2015-11-30,CAT_04,CAT_04_ITEM_012,37,21.76,0.0,0,0.35171,0,0,0,1,-0.5000000000000003,0.8660254037844383
2015-12-31,CAT_04,CAT_04_ITEM_012,29,22.04,0.0,0,0.34597,0,0,1,0,-2.4492935982947064e-16,1.0
2016-01-31,CAT_04,CAT_04_ITEM_012,36,22.3,0.0,0,0.36191,0,0,0,0,0.4999999999999999,0.8660254037844386
2016-02-29,CAT_04,CAT_04_ITEM_012,36,22.29,0.0,0,0.35283,0,0,0,0,0.8660254037844385,0.5000000000000001
2016-03-31,CAT_04,CAT_04_ITEM_012,34,21.34,0.0,0,0.35197,0,0,0,0,1.0,6.123233995736766e-17
2016-04-30,CAT_04,CAT_04_ITEM_012,32,22.2,0.0,0,0.35106,0,0,0,0,0.8660254037844387,-0.4999999999999997
2016-05-31,CAT_04,CAT_04_ITEM_012,42,22.16,0.0,0,0.34679,1,0,0,0,0.4999999999999999,-0.8660254037844386
2016-06-30,CAT_04,CAT_04_ITEM_012,33,22.69,0.0,0,0.35843,0,0,0,0,1.2246467991473532e-16,-1.0
2016-07-31,CAT_04,CAT_04_ITEM_012,34,21.47,0.0,0,0.33555,0,0,0,0,-0.4999999999999997,-0.8660254037844387
2016-08-31,CAT_04,CAT_04_ITEM_012,29,22.1,0.0,0,0.34648,0,1,0,0,-0.8660254037844383,-0.5000000000000003
