data/raw/synthetic_retail_shares_brazil_2015_2025.csv
date,category_id,item_id,sales_qty,price,discount,promo_flag,price_rel,mothers_day_flag,fathers_day_flag,christmas_flag,black_friday_flag,month_sin,month_cos
2015-01-31,CAT_04,CAT_04_ITEM_013,2,96.96,0.0,0,1.58973,0,0,0,0,0.4999999999999999,0.8660254037844386
2015-02-28,CAT_04,CAT_04_ITEM_013,18,78.98,0.1656,1,1.26643,0,0,0,0,0.8660254037844385,0.5000000000000001
2015-03-31,CAT_04,CAT_04_ITEM_013,2,98.24,0.0,0,1.57331,0,0,0,0,1.0,6.123233995736766e-17
2015-04-30,CAT_04,CAT_04_ITEM_013,3,94.64,0.0,0,1.48145,0,0,0,0,0.8660254037844387,-0.4999999999999997
2015-05-31,CAT_04,CAT_04_ITEM_013,4,94.46,0.0,0,1.45756,1,0,0,0,0.4999999999999999,-0.8660254037844386
2015-06-30,CAT_04,CAT_04_ITEM_013,3,92.58,0.0,0,1.48073,0,0,0,0,1.2246467991473532e-16,-1.0
2015-07-31,CAT_04,CAT_04_ITEM_013,3,99.54,0.0,0,1.54079,0,0,0,0,-0.4999999999999997,-0.8660254037844387
2015-08-31,CAT_04,CAT_04_ITEM_013,11,65.98,0.2838,1,1.10514,0,1,0,0,-0.8660254037844383,-0.5000000000000003
2015-09-30,CAT_04,CAT_04_ITEM_013,5,98.93,0.0,0,1.58256,0,0,0,0,-1.0,-1.8369701987210297e-16
2015-10-31,CAT_04,CAT_04_ITEM_013,1,92.17,0.0,0,1.49649,0,0,0,0,-0.8660254037844385,0.5
2015-11-30,CAT_04,CAT_04_ITEM_013,4,91.93,0.0,0,1.48573,0,0,0,1,-0.5000000000000003,0.8660254037844383
2015-12-31,CAT_04,CAT_04_ITEM_013,11,89.88,0.0,0,1.411,0,0,1,0,-2.4492935982947064e-16,1.0
2016-01-31,CAT_04,CAT_04_ITEM_013,3,95.58,0.0,0,1.55148,0,0,0,0,0.4999999999999999,0.8660254037844386
2016-02-29,CAT_04,CAT_04_ITEM_013,2,92.28,0.0,0,1.46077,0,0,0,0,0.8660254037844385,0.5000000000000001
2016-03-31,CAT_04,CAT_04_ITEM_013,3,95.75,0.0,0,1.57918,0,0,0,0,1.0,6.123233995736766e-17
2016-04-30,CAT_04,CAT_04_ITEM_013,2,104.11,0.0,0,1.64658,0,0,0,0,0.8660254037844387,-0.4999999999999997
2016-05-31,CAT_04,CAT_04_ITEM_013,14,84.09,0.1632,1,1.31562,1,0,0,0,0.4999999999999999,-0.8660254037844386
2016-06-30,CAT_04,CAT_04_ITEM_013,3,100.71,0.0,0,1.59067,0,0,0,0,1.2246467991473532e-16,-1.0
2016-07-31,CAT_04,CAT_04_ITEM_013,2,93.41,0.0,0,1.4602,0,0,0,0,-0.4999999999999997,-0.8660254037844387
2016-08-31,CAT_04,CAT_04_ITEM_013,4,88.96,0.0,0,1.39461,0,1,0,0,-0.8660254037844383,-0.5000000000000003
2015-01-31,CAT_04,CAT_04_ITEM_014,6,93.49,0.2512,1,1.53271,0,0,0,0,0.4999999999999999,0.8660254037844386
2015-02-28,CAT_04,CAT_04_ITEM_014,4,109.34,0.0,0,1.7533,0,0,0,0,0.8660254037844385,0.5000000000000001
2015-03-31,CAT_04,CAT_04_ITEM_014,4,102.09,0.1557,1,1.63496,0,0,0,0,1.0,6.123233995736766e-17
2015-04-30,CAT_04,CAT_04_ITEM_014,3,106.53,0.0,0,1.66756,0,0,0,0,0.8660254037844387,-0.4999999999999997
2015-05-31,CAT_04,CAT_04_ITEM_014,2,121.51,0.0,0,1.87498,1,0,0,0,0.4999999999999999,-0.8660254037844386
2015-06-30,CAT_04,CAT_04_ITEM_014,0,129.81,0.0,0,2.07617,0,0,0,0,1.2246467991473532e-16,-1.0
2015-07-31,CAT_04,CAT_04_ITEM_014,2,117.81,0.0,0,1.82359,0,0,0,0,-0.4999999999999997,-0.8660254037844387
2015-08-31,CAT_04,CAT_04_ITEM_014,2,107.01,0.0,0,1.79242,0,1,0,0,-0.8660254037844383,-0.5000000000000003
2015-09-30,CAT_04,CAT_04_ITEM_014,2,116.67,0.0,0,1.86636,0,0,0,0,-1.0,-1.8369701987210297e-16
2015-10-31,CAT_04,CAT_04_ITEM_014,1,105.72,0.0,0,1.71651,0,0,0,0,-0.8660254037844385,0.5
2015-11-30,CAT_04,CAT_04_ITEM_014,3,115.43,0.0,0,1.86551,0,0,0,1,-0.5000000000000003,0.8660254037844383
2015-12-31,CAT_04,CAT_04_ITEM_014,2,113.73,0.0,0,1.7854,0,0,1,0,-2.4492935982947064e-16,1.0
2016-01-31,CAT_04,CAT_04_ITEM_014,0,114.37,0.0,0,1.85639,0,0,0,0,0.4999999999999999,0.8660254037844386
2016-02-29,CAT_04,CAT_04_ITEM_014,1,119.67,0.0,0,1.89423,0,0,0,0,0.8660254037844385,0.5000000000000001
2016-03-31,CAT_04,CAT_04_ITEM_014,5,93.48,0.1994,1,1.54172,0,0,0,0,1.0,6.123233995736766e-17
2016-04-30,CAT_04,CAT_04_ITEM_014,0,117.4,0.0,0,1.85663,0,0,0,0,0.8660254037844387,-0.4999999999999997
2016-05-31,CAT_04,CAT_04_ITEM_014,0,118.13,0.0,0,1.84828,1,0,0,0,0.4999999999999999,-0.8660254037844386
2016-06-30,CAT_04,CAT_04_ITEM_014,4,115.91,0.0,0,1.83064,0,0,0,0,1.2246467991473532e-16,-1.0
2016-07-31,CAT_04,CAT_04_ITEM_014,0,118.9,0.0,0,1.85857,0,0,0,0,-0.4999999999999997,-0.8660254037844387
2016-08-31,CAT_04,CAT_04_ITEM_014,2,123.47,0.0,0,1.93565,0,1,0,0,-0.8660254037844383,-0.5000000000000003
2015-01-31,CAT_04,CAT_04_ITEM_015,346,17.36,0.0,0,0.28455,0,0,0,0,0.4999999999999999,0.8660254037844386
2015-02-28,CAT_04,CAT_04_ITEM_015,404,17.49,0.0,0,0.28045,0,0,0,0,0.8660254037844385,0.5000000000000001
2015-03-31,CAT_04,CAT_04_ITEM_015,327,17.86,0.0,0,0.28607,0,0,0,0,1.0,6.123233995736766e-17
2015-04-30,CAT_04,CAT_04_ITEM_015,718,15.87,0.1126,1,0.24834,0,0,0,0,0.8660254037844387,-0.4999999999999997
2015-05-31,CAT_04,CAT_04_ITEM_015,282,18.39,0.0,0,0.28376,1,0,0,0,0.4999999999999999,-0.8660254037844386
2015-06-30,CAT_04,CAT_04_ITEM_015,257,17.86,0.0,0,0.28561,0,0,0,0,1.2246467991473532e-16,-1.0
2015-07-31,CAT_04,CAT_04_ITEM_015,264,18.22,0.0,0,0.2821,0,0,0,0,-0.4999999999999997,-0.8660254037844387
2015-08-31,CAT_04,CAT_04_ITEM_015,290,17.92,0.0,0,0.30017,0,1,0,0,-0.8660254037844383,-0.5000000000000003
2015-09-30,CAT_04,CAT_04_ITEM_015,316,18.28,0.0,0,0.29246,0,0,0,0,-1.0,-1.8369701987210297e-16
2015-10-31,CAT_04,CAT_04_ITEM_015,552,15.84,0.1246,1,0.25711,0,0,0,0,-0.8660254037844385,0.5
2015-11-30,CAT_04,CAT_04_ITEM_015,683,16.27,0.1023,1,0.26297,0,0,0,1,-0.5000000000000003,0.8660254037844383
2015-12-31,CAT_04,CAT_04_ITEM_015,372,17.75,0.0,0,0.27864,0,0,1,0,-2.4492935982947064e-16,1.0
2016-01-31,CAT_04,CAT_04_ITEM_015,339,18.34,0.0,0,0.29772,0,0,0,0,0.4999999999999999,0.8660254037844386
2016-02-29,CAT_04,CAT_04_ITEM_015,245,18.0,0.0,0,0.28486,0,0,0,0,0.8660254037844385,0.5000000000000001
2016-03-31,CAT_04,CAT_04_ITEM_015,241,17.61,0.0,0,0.29039,0,0,0,0,1.0,6.123233995736766e-17
2016-04-30,CAT_04,CAT_04_ITEM_015,380,18.07,0.0,0,0.28576,0,0,0,0,0.8660254037844387,-0.4999999999999997
2016-05-31,CAT_04,CAT_04_ITEM_015,372,17.72,0.0,0,0.27729,1,0,0,0,0.4999999999999999,-0.8660254037844386
2016-06-30,CAT_04,CAT_04_ITEM_015,296,17.72,0.0,0,0.27987,0,0,0,0,1.2246467991473532e-16,-1.0
2016-07-31,CAT_04,CAT_04_ITEM_015,260,17.61,0.0,0,0.27521,0,0,0,0,-0.4999999999999997,-0.8660254037844387
2016-08-31,CAT_04,CAT_04_ITEM_015,360,18.04,0.0,0,0.28287,0,1,0,0,-0.8660254037844383,-0.5000000000000003
2015-01-31,CAT_04,CAT_04_ITEM_016,7,71.51,0.0,0,1.17245,0,0,0,0,0.4999999999999999,0.8660254037844386
2015-02-28,CAT_04,CAT_04_ITEM_016,16,70.24,0.0,0,1.12636,0,0,0,0,0.8660254037844385,0.5000000000000001
2015-03-31,CAT_04,CAT_04_ITEM_016,6,71.54,0.0,0,1.14577,0,0,0,0,1.0,6.123233995736766e-17
2015-04-30,CAT_04,CAT_04_ITEM_016,4,69.65,0.0,0,1.09027,0,0,0,0,0.8660254037844387,-0.4999999999999997
2015-05-31,CAT_04,CAT_04_ITEM_016,3,72.73,0.0,0,1.12232,1,0,0,0,0.4999999999999999,-0.8660254037844386
2015-06-30,CAT_04,CAT_04_ITEM_016,4,72.13,0.0,0,1.15369,0,0,0,0,1.2246467991473532e-16,-1.0
2015-07-31,CAT_04,CAT_04_ITEM_016,5,70.72,0.0,0,1.09475,0,0,0,0,-0.4999999999999997,-0.8660254037844387
2015-08-31,CAT_04,CAT_04_ITEM_016,2,69.95,0.0,0,1.17171,0,1,0,0,-0.8660254037844383,-0.5000000000000003
2015-09-30,CAT_04,CAT_04_ITEM_016,9,72.57,0.0,0,1.16096,0,0,0,0,-1.0,-1.8369701987210297e-16
2015-10-31,CAT_04,CAT_04_ITEM_016,9,58.79,0.1706,1,0.95443,0,0,0,0,-0.8660254037844385,0.5
2015-11-30,CAT_04,CAT_04_ITEM_016,4,70.91,0.0,0,1.14601,0,0,0,1,-0.5000000000000003,0.8660254037844383
2015-12-31,CAT_04,CAT_04_ITEM_016,6,70.12,0.0,0,1.10085,0,0,1,0,-2.4492935982947064e-16,1.0
2016-01-31,CAT_04,CAT_04_ITEM_016,11,71.62,0.0,0,1.16248,0,0,0,0,0.4999999999999999,0.8660254037844386
2016-02-29,CAT_04,CAT_04_ITEM_016,4,71.88,0.0,0,1.13782,0,0,0,0,0.8660254037844385,0.5000000000000001
2016-03-31,CAT_04,CAT_04_ITEM_016,3,69.91,0.0,0,1.15299,0,0,0,0,1.0,6.123233995736766e-17
2016-04-30,CAT_04,CAT_04_ITEM_016,6,71.53,0.0,0,1.13119,0,0,0,0,0.8660254037844387,-0.4999999999999997
2016-05-31,CAT_04,CAT_04_ITEM_016,5,72.17,0.0,0,1.12926,1,0,0,0,0.4999999999999999,-0.8660254037844386
2016-06-30,CAT_04,CAT_04_ITEM_016,7,71.86,0.0,0,1.13488,0,0,0,0,1.2246467991473532e-16,-1.0
2016-07-31,CAT_04,CAT_04_ITEM_016,10,71.04,0.0,0,1.11041,0,0,0,0,-0.4999999999999997,-0.8660254037844387
2016-08-31,CAT_04,CAT_04_ITEM_016,5,70.57,0.0,0,1.10642,0,1,0,0,-0.8660254037844383,-0.5000000000000003
2015-01-31,CAT_04,CAT_04_ITEM_017,25,73.75,0.0,0,1.2091,0,0,0,0,0.4999999999999999,0.8660254037844386
2015-02-28,CAT_04,CAT_04_ITEM_017,24,77.82,0.0,0,1.24787,0,0,0,0,0.8660254037844385,0.5000000000000001
2015-03-31,CAT_04,CAT_04_ITEM_017,29,74.01,0.0,0,1.18525,0,0,0,0,1.0,6.123233995736766e-17
2015-04-30,CAT_04,CAT_04_ITEM_017,13,81.38,0.0,0,1.27386,0,0,0,0,0.8660254037844387,-0.4999999999999997
2015-05-31,CAT_04,CAT_04_ITEM_017,18,77.69,0.0,0,1.19879,1,0,0,0,0.4999999999999999,-0.8660254037844386
2015-06-30,CAT_04,CAT_04_ITEM_017,52,66.25,0.1924,1,1.05954,0,0,0,0,1.2246467991473532e-16,-1.0
2015-07-31,CAT_04,CAT_04_ITEM_017,25,74.01,0.0,0,1.14562,0,0,0,0,-0.4999999999999997,-0.8660254037844387
2015-08-31,CAT_04,CAT_04_ITEM_017,20,76.83,0.0,0,1.28691,0,1,0,0,-0.8660254037844383,-0.5000000000000003
2015-09-30,CAT_04,CAT_04_ITEM_017,20,76.02,0.0,0,1.21613,0,0,0,0,-1.0,-1.8369701987210297e-16
2015-10-31,CAT_04,CAT_04_ITEM_017,14,76.88,0.0,0,1.24827,0,0,0,0,-0.8660254037844385,0.5
2015-11-30,CAT_04,CAT_04_ITEM_017,15,79.17,0.0,0,1.27944,0,0,0,1,-0.5000000000000003,0.8660254037844383
2015-12-31,CAT_04,CAT_04_ITEM_017,28,81.12,0.0,0,1.2735,0,0,1,0,-2.4492935982947064e-16,1.0
2016-01-31,CAT_04,CAT_04_ITEM_017,32,76.3,0.0,0,1.23846,0,0,0,0,0.4999999999999999,0.8660254037844386
2016-02-29,CAT_04,CAT_04_ITEM_017,17,75.26,0.0,0,1.19132,0,0,0,0,0.8660254037844385,0.5000000000000001
2016-03-31,CAT_04,CAT_04_ITEM_017,24,80.04,0.0,0,1.32013,0,0,0,0,1.0,6.123233995736766e-17
2016-04-30,CAT_04,CAT_04_ITEM_017,20,77.69,0.0,0,1.22865,0,0,0,0,0.8660254037844387,-0.4999999999999997
2016-05-31,CAT_04,CAT_04_ITEM_017,33,81.89,0.0,0,1.28128,1,0,0,0,0.4999999999999999,-0.8660254037844386
2016-06-30,CAT_04,CAT_04_ITEM_017,18,80.84,0.0,0,1.27684,0,0,0,0,1.2246467991473532e-16,-1.0
2016-07-31,CAT_04,CAT_04_ITEM_017,24,78.5,0.0,0,1.22707,0,0,0,0,-0.4999999999999997,-0.8660254037844387
2016-08-31,CAT_04,CAT_04_ITEM_017,17,79.6,0.0,0,1.24789,0,1,0,0,-0.8660254037844383,-0.5000000000000003
2015-01-31,CAT_04,CAT_04_ITEM_018,91,38.05,0.0,0,0.62383,0,0,0,0,0.4999999999999999,0.8660254037844386
2015-02-28,CAT_04,CAT_04_ITEM_018,113,37.48,0.0,0,0.60099,0,0,0,0,0.8660254037844385,0.5000000000000001
2015-03-31,CAT_04,CAT_04_ITEM_018,107,37.49,0.0,0,0.60044,0,0,0,0,1.0,6.123233995736766e-17
2015-04-30,CAT_04,CAT_04_ITEM_018,87,38.17,0.0,0,0.5975,0,0,0,0,0.8660254037844387,-0.4999999999999997
2015-05-31,CAT_04,CAT_04_ITEM_018,53,37.53,0.0,0,0.57906,1,0,0,0,0.4999999999999999,-0.8660254037844386
2015-06-30,CAT_04,CAT_04_ITEM_018,87,37.56,0.0,0,0.60069,0,0,0,0,1.2246467991473532e-16,-1.0
2015-07-31,CAT_04,CAT_04_ITEM_018,82,38.79,0.0,0,0.60047,0,0,0,0,-0.4999999999999997,-0.8660254037844387
2015-08-31,CAT_04,CAT_04_ITEM_018,56,38.05,0.0,0,0.63728,0,1,0,0,-0.8660254037844383,-0.5000000000000003
2015-09-30,CAT_04,CAT_04_ITEM_018,93,36.04,0.0,0,0.5766,0,0,0,0,-1.0,-1.8369701987210297e-16
2015-10-31,CAT_04,CAT_04_ITEM_018,65,38.57,0.0,0,0.62628,0,0,0,0,-0.8660254037844385,0.5
2015-11-30,CAT_04,CAT_04_ITEM_018,76,37.49,0.0,0,0.60585,0,0,0,1,-0.5000000000000003,0.8660254037844383
2015-12-31,CAT_04,CAT_04_ITEM_018,182,37.85,0.0,0,0.59425,0,0,1,0,-2.4492935982947064e-16,1.0
2016-01-31,CAT_04,CAT_04_ITEM_018,328,27.84,0.2557,1,0.45193,0,0,0,0,0.4999999999999999,0.8660254037844386
2016-02-29,CAT_04,CAT_04_ITEM_018,88,38.68,0.0,0,0.61229,0,0,0,0,0.8660254037844385,0.5000000000000001
2016-03-31,CAT_04,CAT_04_ITEM_018,180,32.98,0.1459,1,0.5439,0,0,0,0,1.0,6.123233995736766e-17
2016-04-30,CAT_04,CAT_04_ITEM_018,92,38.03,0.0,0,0.60142,0,0,0,0,0.8660254037844387,-0.4999999999999997
2016-05-31,CAT_04,CAT_04_ITEM_018,114,37.8,0.0,0,0.59137,1,0,0,0,0.4999999999999999,-0.8660254037844386
2016-06-30,CAT_04,CAT_04_ITEM_018,113,37.17,0.0,0,0.58699,0,0,0,0,1.2246467991473532e-16,-1.0
2016-07-31,CAT_04,CAT_04_ITEM_018,81,37.56,0.0,0,0.58711,0,0,0,0,-0.4999999999999997,-0.8660254037844387
2016-08-31,CAT_04,CAT_04_ITEM_018,78,37.92,0.0,0,0.59444,0,1,0,0,-0.8660254037844383,-0.5000000000000003
2015-01-31,CAT_04,CAT_04_ITEM_019,35,56.31,0.2143,1,0.92318,0,0,0,0,0.4999999999999999,0.8660254037844386
2015-02-28,CAT_04,CAT_04_ITEM_019,4,76.09,0.0,0,1.22016,0,0,0,0,0.8660254037844385,0.5000000000000001
2015-03-31,CAT_04,CAT_04_ITEM_019,10,70.94,0.0,0,1.13612,0,0,0,0,1.0,6.123233995736766e-17
2015-04-30,CAT_04,CAT_04_ITEM_019,11,74.18,0.0,0,1.16111,0,0,0,0,0.8660254037844387,-0.4999999999999997
2015-05-31,CAT_04,CAT_04_ITEM_019,7,71.57,0.0,0,1.1044,1,0,0,0,0.4999999999999999,-0.8660254037844386
2015-06-30,CAT_04,CAT_04_ITEM_019,4,71.24,0.0,0,1.13946,0,0,0,0,1.2246467991473532e-16,-1.0
2015-07-31,CAT_04,CAT_04_ITEM_019,6,77.57,0.0,0,1.2007,0,0,0,0,-0.4999999999999997,-0.8660254037844387
2015-08-31,CAT_04,CAT_04_ITEM_019,5,71.0,0.0,0,1.18914,0,1,0,0,-0.8660254037844383,-0.5000000000000003
2015-09-30,CAT_04,CAT_04_ITEM_019,35,55.73,0.2792,1,0.89156,0,0,0,0,-1.0,-1.8369701987210297e-16
2015-10-31,CAT_04,CAT_04_ITEM_019,4,75.82,0.0,0,1.23101,0,0,0,0,-0.8660254037844385,0.5
2015-11-30,CAT_04,CAT_04_ITEM_019,9,78.26,0.0,0,1.26473,0,0,0,1,-0.5000000000000003,0.8660254037844383
2015-12-31,CAT_04,CAT_04_ITEM_019,8,72.73,0.0,0,1.14184,0,0,1,0,-2.4492935982947064e-16,1.0
2016-01-31,CAT_04,CAT_04_ITEM_019,38,51.64,0.2955,1,0.83818,0,0,0,0,0.4999999999999999,0.8660254037844386
2016-02-29,CAT_04,CAT_04_ITEM_019,23,63.52,0.1455,1,1.0054,0,0,0,0,0.8660254037844385,0.5000000000000001
2016-03-31,CAT_04,CAT_04_ITEM_019,22,50.92,0.2685,1,0.83983,0,0,0,0,1.0,6.123233995736766e-17
2016-04-30,CAT_04,CAT_04_ITEM_019,14,74.33,0.0,0,1.17547,0,0,0,0,0.8660254037844387,-0.4999999999999997
2016-05-31,CAT_04,CAT_04_ITEM_019,14,77.69,0.0,0,1.21559,1,0,0,0,0.4999999999999999,-0.8660254037844386
2016-06-30,CAT_04,CAT_04_ITEM_019,6,73.83,0.0,0,1.16609,0,0,0,0,1.2246467991473532e-16,-1.0
2016-07-31,CAT_04,CAT_04_ITEM_019,6,80.22,0.0,0,1.25389,0,0,0,0,-0.4999999999999997,-0.8660254037844387
2016-08-31,CAT_04,CAT_04_ITEM_019,14,64.12,0.1796,1,1.00531,0,1,0,0,-0.8660254037844383,-0.5000000000000003
2015-01-31,CAT_04,CAT_04_ITEM_020,41,50.25,0.0,0,0.82384,0,0,0,0,0.4999999999999999,0.8660254037844386
2015-02-28,CAT_04,CAT_04_ITEM_020,38,50.47,0.0,0,0.80921,0,0,0,0,0.8660254037844385,0.5000000000000001
2015-03-31,CAT_04,CAT_04_ITEM_020,29,53.2,0.0,0,0.85196,0,0,0,0,1.0,6.123233995736766e-17
2015-04-30,CAT_04,CAT_04_ITEM_020,28,50.09,0.0,0,0.78399,0,0,0,0,0.8660254037844387,-0.4999999999999997
2015-05-31,CAT_04,CAT_04_ITEM_020,25,52.14,0.0,0,0.80452,1,0,0,0,0.4999999999999999,-0.8660254037844386
2015-06-30,CAT_04,CAT_04_ITEM_020,20,49.2,0.0,0,0.78691,0,0,0,0,1.2246467991473532e-16,-1.0
2015-07-31,CAT_04,CAT_04_ITEM_020,23,50.8,0.0,0,0.78628,0,0,0,0,-0.4999999999999997,-0.8660254037844387
2015-08-31,CAT_04,CAT_04_ITEM_020,22,51.06,0.0,0,0.85517,0,1,0,0,-0.8660254037844383,-0.5000000000000003
2015-09-30,CAT_04,CAT_04_ITEM_020,48,49.68,0.0,0,0.79482,0,0,0,0,-1.0,-1.8369701987210297e-16
2015-10-31,CAT_04,CAT_04_ITEM_020,61,42.87,0.181,1,0.69604,0,0,0,0,-0.8660254037844385,0.5
2015-11-30,CAT_04,CAT_04_ITEM_020,68,40.96,0.1943,1,0.66197,0,0,0,1,-0.5000000000000003,0.8660254037844383
2015-12-31,CAT_04,CAT_04_ITEM_020,63,50.98,0.0,0,0.80035,0,0,1,0,-2.4492935982947064e-16,1.0
2016-01-31,CAT_04,CAT_04_ITEM_020,38,52.15,0.0,0,0.84646,0,0,0,0,0.4999999999999999,0.8660254037844386
2016-02-29,CAT_04,CAT_04_ITEM_020,13,50.12,0.0,0,0.79339,0,0,0,0,0.8660254037844385,0.5000000000000001
2016-03-31,CAT_04,CAT_04_ITEM_020,67,41.96,0.1423,1,0.69208,0,0,0,0,1.0,6.123233995736766e-17
2016-04-30,CAT_04,CAT_04_ITEM_020,41,51.11,0.0,0,0.80828,0,0,0,0,0.8660254037844387,-0.4999999999999997
2016-05-31,CAT_04,CAT_04_ITEM_020,39,53.04,0.0,0,0.82981,1,0,0,0,0.4999999999999999,-0.8660254037844386
2016-06-30,CAT_04,CAT_04_ITEM_020,44,50.76,0.0,0,0.80169,0,0,0,0,1.2246467991473532e-16,-1.0
2016-07-31,CAT_04,CAT_04_ITEM_020,23,51.41,0.0,0,0.80361,0,0,0,0,-0.4999999999999997,-0.8660254037844387
2016-08-31,CAT_04,CAT_04_ITEM_020,17,52.6,0.0,0,0.82464,0,1,0,0,-0.8660254037844383,-0.5000000000000003
