data/raw/synthetic_retail_shares_brazil_2015_2025.csv
date,category_id,item_id,sales_qty,price,discount,promo_flag,price_rel,mothers_day_flag,fathers_day_flag,christmas_flag,black_friday_flag,month_sin,month_cos
2015-01-31,CAT_05,CAT_05_ITEM_001,0,95.53,0.0,0,1.46196,0,0,0,0,0.4999999999999999,0.8660254037844386
2015-02-28,CAT_05,CAT_05_ITEM_001,2,95.91,0.0,0,1.43075,0,0,0,0,0.8660254037844385,0.5000000000000001
2015-03-31,CAT_05,CAT_05_ITEM_001,1,94.49,0.0,0,1.46732,0,0,0,0,1.0,6.123233995736766e-17
2015-04-30,CAT_05,CAT_05_ITEM_001,7,67.93,0.2859,1,1.04486,0,0,0,0,0.8660254037844387,-0.4999999999999997
2015-05-31,CAT_05,CAT_05_ITEM_001,1,94.52,0.0,0,1.46384,1,0,0,0,0.4999999999999999,-0.8660254037844386
2015-06-30,CAT_05,CAT_05_ITEM_001,0,93.65,0.0,0,1.40071,0,0,0,0,1.2246467991473532e-16,-1.0
2015-07-31,CAT_05,CAT_05_ITEM_001,2,97.03,0.0,0,1.46257,0,0,0,0,-0.4999999999999997,-0.8660254037844387
2015-08-31,CAT_05,CAT_05_ITEM_001,2,92.24,0.0,0,1.40266,0,1,0,0,-0.8660254037844383,-0.5000000000000003
2015-09-30,CAT_05,CAT_05_ITEM_001,7,79.95,0.1389,1,1.22103,0,0,0,0,-1.0,-1.8369701987210297e-16
2015-10-31,CAT_05,CAT_05_ITEM_001,0,92.8,0.0,0,1.39309,0,0,0,0,-0.8660254037844385,0.5
2015-11-30,CAT_05,CAT_05_ITEM_001,3,96.16,0.0,0,1.44488,0,0,0,1,-0.5000000000000003,0.8660254037844383
2015-12-31,CAT_05,CAT_05_ITEM_001,2,92.54,0.0,0,1.39795,0,0,1,0,-2.4492935982947064e-16,1.0
2016-01-31,CAT_05,CAT_05_ITEM_001,0,92.48,0.0,0,1.41138,0,0,0,0,0.4999999999999999,0.8660254037844386
2016-02-29,CAT_05,CAT_05_ITEM_001,1,97.15,0.0,0,1.45731,0,0,0,0,0.8660254037844385,0.5000000000000001
2016-03-31,CAT_05,CAT_05_ITEM_001,1,96.77,0.0,0,1.49609,0,0,0,0,1.0,6.123233995736766e-17
2016-04-30,CAT_05,CAT_05_ITEM_001,2,93.93,0.0,0,1.39816,0,0,0,0,0.8660254037844387,-0.4999999999999997
2016-05-31,CAT_05,CAT_05_ITEM_001,5,70.39,0.2618,1,1.11091,1,0,0,0,0.4999999999999999,-0.8660254037844386
2016-06-30,CAT_05,CAT_05_ITEM_001,0,95.55,0.0,0,1.47734,0,0,0,0,1.2246467991473532e-16,-1.0
2016-07-31,CAT_05,CAT_05_ITEM_001,1,94.54,0.0,0,1.42528,0,0,0,0,-0.4999999999999997,-0.8660254037844387
2016-08-31,CAT_05,CAT_05_ITEM_001,0,97.76,0.0,0,1.47678,0,1,0,0,-0.8660254037844383,-0.5000000000000003
2015-01-31,CAT_05,CAT_05_ITEM_002,180,23.9,0.0,0,0.3657,0,0,0,0,0.4999999999999999,0.8660254037844386
2015-02-28,CAT_05,CAT_05_ITEM_002,277,21.88,0.0,0,0.32632,0,0,0,0,0.8660254037844385,0.5000000000000001
2015-03-31,CAT_05,CAT_05_ITEM_002,169,22.66,0.0,0,0.35183,0,0,0,0,1.0,6.123233995736766e-17
2015-04-30,CAT_05,CAT_05_ITEM_002,160,25.71,0.0,0,0.39547,0,0,0,0,0.8660254037844387,-0.4999999999999997
2015-05-31,CAT_05,CAT_05_ITEM_002,210,24.52,0.0,0,0.37972,1,0,0,0,0.4999999999999999,-0.8660254037844386
2015-06-30,CAT_05,CAT_05_ITEM_002,278,22.96,0.0,0,0.34337,0,0,0,0,1.2246467991473532e-16,-1.0
2015-07-31,CAT_05,CAT_05_ITEM_002,234,23.21,0.0,0,0.34992,0,0,0,0,-0.4999999999999997,-0.8660254037844387
2015-08-31,CAT_05,CAT_05_ITEM_002,206,24.89,0.0,0,0.37853,0,1,0,0,-0.8660254037844383,-0.5000000000000003
2015-09-30,CAT_05,CAT_05_ITEM_002,228,23.32,0.0,0,0.35614,0,0,0,0,-1.0,-1.8369701987210297e-16
2015-10-31,CAT_05,CAT_05_ITEM_002,235,23.5,0.0,0,0.35282,0,0,0,0,-0.8660254037844385,0.5
2015-11-30,CAT_05,CAT_05_ITEM_002,262,23.6,0.0,0,0.3546,0,0,0,1,-0.5000000000000003,0.8660254037844383
2015-12-31,CAT_05,CAT_05_ITEM_002,402,23.86,0.0,0,0.36041,0,0,1,0,-2.4492935982947064e-16,1.0
2016-01-31,CAT_05,CAT_05_ITEM_002,264,20.76,0.0,0,0.31687,0,0,0,0,0.4999999999999999,0.8660254037844386
2016-02-29,CAT_05,CAT_05_ITEM_002,215,23.52,0.0,0,0.35281,0,0,0,0,0.8660254037844385,0.5000000000000001
2016-03-31,CAT_05,CAT_05_ITEM_002,143,23.49,0.0,0,0.36323,0,0,0,0,1.0,6.123233995736766e-17
2016-04-30,CAT_05,CAT_05_ITEM_002,206,22.29,0.0,0,0.33183,0,0,0,0,0.8660254037844387,-0.4999999999999997
2016-05-31,CAT_05,CAT_05_ITEM_002,216,24.17,0.0,0,0.38146,1,0,0,0,0.4999999999999999,-0.8660254037844386
2016-06-30,CAT_05,CAT_05_ITEM_002,260,22.77,0.0,0,0.35207,0,0,0,0,1.2246467991473532e-16,-1.0
2016-07-31,CAT_05,CAT_05_ITEM_002,341,22.75,0.0,0,0.34295,0,0,0,0,-0.4999999999999997,-0.8660254037844387
2016-08-31,CAT_05,CAT_05_ITEM_002,295,23.62,0.0,0,0.35688,0,1,0,0,-0.8660254037844383,-0.5000000000000003
2015-01-31,CAT_05,CAT_05_ITEM_003,102,37.54,0.0,0,0.57456,0,0,0,0,0.4999999999999999,0.8660254037844386
2015-02-28,CAT_05,CAT_05_ITEM_003,152,40.15,0.0,0,0.59887,0,0,0,0,0.8660254037844385,0.5000000000000001
2015-03-31,CAT_05,CAT_05_ITEM_003,94,39.46,0.0,0,0.61279,0,0,0,0,1.0,6.123233995736766e-17
2015-04-30,CAT_05,CAT_05_ITEM_003,113,36.51,0.0,0,0.56161,0,0,0,0,0.8660254037844387,-0.4999999999999997
2015-05-31,CAT_05,CAT_05_ITEM_003,95,36.93,0.0,0,0.57189,1,0,0,0,0.4999999999999999,-0.8660254037844386
2015-06-30,CAT_05,CAT_05_ITEM_003,172,36.93,0.0,0,0.55237,0,0,0,0,1.2246467991473532e-16,-1.0
2015-07-31,CAT_05,CAT_05_ITEM_003,122,40.01,0.0,0,0.6031,0,0,0,0,-0.4999999999999997,-0.8660254037844387
2015-08-31,CAT_05,CAT_05_ITEM_003,155,36.48,0.0,0,0.55469,0,1,0,0,-0.8660254037844383,-0.5000000000000003
2015-09-30,CAT_05,CAT_05_ITEM_003,131,38.89,0.0,0,0.59394,0,0,0,0,-1.0,-1.8369701987210297e-16
2015-10-31,CAT_05,CAT_05_ITEM_003,133,42.13,0.0,0,0.63249,0,0,0,0,-0.8660254037844385,0.5
2015-11-30,CAT_05,CAT_05_ITEM_003,121,39.42,0.0,0,0.59229,0,0,0,1,-0.5000000000000003,0.8660254037844383
2015-12-31,CAT_05,CAT_05_ITEM_003,279,39.59,0.0,0,0.59807,0,0,1,0,-2.4492935982947064e-16,1.0
2016-01-31,CAT_05,CAT_05_ITEM_003,112,44.02,0.0,0,0.6718,0,0,0,0,0.4999999999999999,0.8660254037844386
2016-02-29,CAT_05,CAT_05_ITEM_003,116,38.68,0.0,0,0.58017,0,0,0,0,0.8660254037844385,0.5000000000000001
2016-03-31,CAT_05,CAT_05_ITEM_003,67,39.74,0.0,0,0.61446,0,0,0,0,1.0,6.123233995736766e-17
2016-04-30,CAT_05,CAT_05_ITEM_003,114,39.79,0.0,0,0.59225,0,0,0,0,0.8660254037844387,-0.4999999999999997
2016-05-31,CAT_05,CAT_05_ITEM_003,93,37.9,0.0,0,0.59821,1,0,0,0,0.4999999999999999,-0.8660254037844386
2016-06-30,CAT_05,CAT_05_ITEM_003,133,41.45,0.0,0,0.64088,0,0,0,0,1.2246467991473532e-16,-1.0
2016-07-31,CAT_05,CAT_05_ITEM_003,227,37.8,0.0,0,0.56984,0,0,0,0,-0.4999999999999997,-0.8660254037844387
2016-08-31,CAT_05,CAT_05_ITEM_003,168,41.39,0.0,0,0.62523,0,1,0,0,-0.8660254037844383,-0.5000000000000003
2015-01-31,CAT_05,CAT_05_ITEM_004,42,55.55,0.0,0,0.85013,0,0,0,0,0.4999999999999999,0.8660254037844386
2015-02-28,CAT_05,CAT_05_ITEM_004,65,52.17,0.0,0,0.77825,0,0,0,0,0.8660254037844385,0.5000000000000001
2015-03-31,CAT_05,CAT_05_ITEM_004,33,56.09,0.0,0,0.8709,0,0,0,0,1.0,6.123233995736766e-17
2015-04-30,CAT_05,CAT_05_ITEM_004,37,55.98,0.0,0,0.86104,0,0,0,0,0.8660254037844387,-0.4999999999999997
2015-05-31,CAT_05,CAT_05_ITEM_004,33,53.9,0.0,0,0.83469,1,0,0,0,0.4999999999999999,-0.8660254037844386
2015-06-30,CAT_05,CAT_05_ITEM_004,77,55.83,0.0,0,0.83494,0,0,0,0,1.2246467991473532e-16,-1.0
2015-07-31,CAT_05,CAT_05_ITEM_004,58,55.56,0.0,0,0.83756,0,0,0,0,-0.4999999999999997,-0.8660254037844387
2015-08-31,CAT_05,CAT_05_ITEM_004,53,53.88,0.0,0,0.81936,0,1,0,0,-0.8660254037844383,-0.5000000000000003
2015-09-30,CAT_05,CAT_05_ITEM_004,48,57.97,0.0,0,0.88532,0,0,0,0,-1.0,-1.8369701987210297e-16
2015-10-31,CAT_05,CAT_05_ITEM_004,46,55.81,0.0,0,0.83775,0,0,0,0,-0.8660254037844385,0.5
2015-11-30,CAT_05,CAT_05_ITEM_004,49,56.34,0.0,0,0.84658,0,0,0,1,-0.5000000000000003,0.8660254037844383
2015-12-31,CAT_05,CAT_05_ITEM_004,96,55.66,0.0,0,0.84078,0,0,1,0,-2.4492935982947064e-16,1.0
2016-01-31,CAT_05,CAT_05_ITEM_004,40,56.31,0.0,0,0.85942,0,0,0,0,0.4999999999999999,0.8660254037844386
2016-02-29,CAT_05,CAT_05_ITEM_004,48,56.46,0.0,0,0.84692,0,0,0,0,0.8660254037844385,0.5000000000000001
2016-03-31,CAT_05,CAT_05_ITEM_004,34,57.21,0.0,0,0.88455,0,0,0,0,1.0,6.123233995736766e-17
2016-04-30,CAT_05,CAT_05_ITEM_004,38,58.13,0.0,0,0.86525,0,0,0,0,0.8660254037844387,-0.4999999999999997
2016-05-31,CAT_05,CAT_05_ITEM_004,37,54.89,0.0,0,0.86637,1,0,0,0,0.4999999999999999,-0.8660254037844386
2016-06-30,CAT_05,CAT_05_ITEM_004,59,55.58,0.0,0,0.85934,0,0,0,0,1.2246467991473532e-16,-1.0
2016-07-31,CAT_05,CAT_05_ITEM_004,80,53.47,0.0,0,0.80616,0,0,0,0,-0.4999999999999997,-0.8660254037844387
2016-08-31,CAT_05,CAT_05_ITEM_004,69,53.67,0.0,0,0.81073,0,1,0,0,-0.8660254037844383,-0.5000000000000003
2015-01-31,CAT_05,CAT_05_ITEM_005,31,80.24,0.0,0,1.228,0,0,0,0,0.4999999999999999,0.8660254037844386
2015-02-28,CAT_05,CAT_05_ITEM_005,44,87.26,0.0,0,1.30169,0,0,0,0,0.8660254037844385,0.5000000000000001
2015-03-31,CAT_05,CAT_05_ITEM_005,14,87.92,0.0,0,1.36523,0,0,0,0,1.0,6.123233995736766e-17
2015-04-30,CAT_05,CAT_05_ITEM_005,23,83.91,0.0,0,1.29056,0,0,0,0,0.8660254037844387,-0.4999999999999997
2015-05-31,CAT_05,CAT_05_ITEM_005,19,90.93,0.0,0,1.40822,1,0,0,0,0.4999999999999999,-0.8660254037844386
2015-06-30,CAT_05,CAT_05_ITEM_005,29,87.55,0.0,0,1.30939,0,0,0,0,1.2246467991473532e-16,-1.0
2015-07-31,CAT_05,CAT_05_ITEM_005,87,77.84,0.1216,1,1.17332,0,0,0,0,-0.4999999999999997,-0.8660254037844387
2015-08-31,CAT_05,CAT_05_ITEM_005,35,89.73,0.0,0,1.36457,0,1,0,0,-0.8660254037844383,-0.5000000000000003
2015-09-30,CAT_05,CAT_05_ITEM_005,24,88.06,0.0,0,1.345,0,0,0,0,-1.0,-1.8369701987210297e-16
2015-10-31,CAT_05,CAT_05_ITEM_005,22,90.85,0.0,0,1.36385,0,0,0,0,-0.8660254037844385,0.5
2015-11-30,CAT_05,CAT_05_ITEM_005,24,91.09,0.0,0,1.36868,0,0,0,1,-0.5000000000000003,0.8660254037844383
2015-12-31,CAT_05,CAT_05_ITEM_005,38,89.18,0.0,0,1.34717,0,0,1,0,-2.4492935982947064e-16,1.0
2016-01-31,CAT_05,CAT_05_ITEM_005,29,88.66,0.0,0,1.35311,0,0,0,0,0.4999999999999999,0.8660254037844386
2016-02-29,CAT_05,CAT_05_ITEM_005,28,87.31,0.0,0,1.30966,0,0,0,0,0.8660254037844385,0.5000000000000001
2016-03-31,CAT_05,CAT_05_ITEM_005,27,83.81,0.0,0,1.29576,0,0,0,0,1.0,6.123233995736766e-17
2016-04-30,CAT_05,CAT_05_ITEM_005,20,91.75,0.0,0,1.36572,0,0,0,0,0.8660254037844387,-0.4999999999999997
2016-05-31,CAT_05,CAT_05_ITEM_005,24,86.17,0.0,0,1.35995,1,0,0,0,0.4999999999999999,-0.8660254037844386
2016-06-30,CAT_05,CAT_05_ITEM_005,27,84.74,0.0,0,1.3102,0,0,0,0,1.2246467991473532e-16,-1.0
2016-07-31,CAT_05,CAT_05_ITEM_005,38,95.74,0.0,0,1.44337,0,0,0,0,-0.4999999999999997,-0.8660254037844387
2016-08-31,CAT_05,CAT_05_ITEM_005,63,81.32,0.0,0,1.22843,0,1,0,0,-0.8660254037844383,-0.5000000000000003
2015-01-31,CAT_05,CAT_05_ITEM_006,2,47.64,0.0,0,0.72906,0,0,0,0,0.4999999999999999,0.8660254037844386
2015-02-28,CAT_05,CAT_05_ITEM_006,1,49.01,0.0,0,0.73105,0,0,0,0,0.8660254037844385,0.5000000000000001
2015-03-31,CAT_05,CAT_05_ITEM_006,1,48.93,0.0,0,0.75981,0,0,0,0,1.0,6.123233995736766e-17
2015-04-30,CAT_05,CAT_05_ITEM_006,0,48.83,0.0,0,0.75105,0,0,0,0,0.8660254037844387,-0.4999999999999997
2015-05-31,CAT_05,CAT_05_ITEM_006,1,48.93,0.0,0,0.75774,1,0,0,0,0.4999999999999999,-0.8660254037844386
2015-06-30,CAT_05,CAT_05_ITEM_006,3,48.14,0.0,0,0.71995,0,0,0,0,1.2246467991473532e-16,-1.0
2015-07-31,CAT_05,CAT_05_ITEM_006,2,49.1,0.0,0,0.74014,0,0,0,0,-0.4999999999999997,-0.8660254037844387
2015-08-31,CAT_05,CAT_05_ITEM_006,1,46.46,0.0,0,0.7065,0,1,0,0,-0.8660254037844383,-0.5000000000000003
2015-09-30,CAT_05,CAT_05_ITEM_006,2,47.92,0.0,0,0.73183,0,0,0,0,-1.0,-1.8369701987210297e-16
2015-10-31,CAT_05,CAT_05_ITEM_006,0,46.83,0.0,0,0.70294,0,0,0,0,-0.8660254037844385,0.5
2015-11-30,CAT_05,CAT_05_ITEM_006,1,45.33,0.0,0,0.68106,0,0,0,1,-0.5000000000000003,0.8660254037844383
2015-12-31,CAT_05,CAT_05_ITEM_006,5,35.8,0.2285,1,0.54089,0,0,1,0,-2.4492935982947064e-16,1.0
2016-01-31,CAT_05,CAT_05_ITEM_006,0,47.74,0.0,0,0.72857,0,0,0,0,0.4999999999999999,0.8660254037844386
2016-02-29,CAT_05,CAT_05_ITEM_006,2,39.52,0.1076,1,0.59285,0,0,0,0,0.8660254037844385,0.5000000000000001
2016-03-31,CAT_05,CAT_05_ITEM_006,0,51.02,0.0,0,0.78875,0,0,0,0,1.0,6.123233995736766e-17
2016-04-30,CAT_05,CAT_05_ITEM_006,1,46.85,0.0,0,0.69736,0,0,0,0,0.8660254037844387,-0.4999999999999997
2016-05-31,CAT_05,CAT_05_ITEM_006,2,48.34,0.0,0,0.76303,1,0,0,0,0.4999999999999999,-0.8660254037844386
2016-06-30,CAT_05,CAT_05_ITEM_006,1,45.66,0.0,0,0.70599,0,0,0,0,1.2246467991473532e-16,-1.0
2016-07-31,CAT_05,CAT_05_ITEM_006,1,46.59,0.0,0,0.70232,0,0,0,0,-0.4999999999999997,-0.8660254037844387
2016-08-31,CAT_05,CAT_05_ITEM_006,4,49.97,0.0,0,0.75481,0,1,0,0,-0.8660254037844383,-0.5000000000000003
2015-01-31,CAT_05,CAT_05_ITEM_007,141,37.39,0.0,0,0.57223,0,0,0,0,0.4999999999999999,0.8660254037844386
2015-02-28,CAT_05,CAT_05_ITEM_007,220,36.94,0.0,0,0.55102,0,0,0,0,0.8660254037844385,0.5000000000000001
2015-03-31,CAT_05,CAT_05_ITEM_007,107,36.55,0.0,0,0.5676,0,0,0,0,1.0,6.123233995736766e-17
2015-04-30,CAT_05,CAT_05_ITEM_007,155,36.36,0.0,0,0.5592,0,0,0,0,0.8660254037844387,-0.4999999999999997
2015-05-31,CAT_05,CAT_05_ITEM_007,446,29.06,0.2003,1,0.45012,1,0,0,0,0.4999999999999999,-0.8660254037844386
2015-06-30,CAT_05,CAT_05_ITEM_007,219,37.05,0.0,0,0.55412,0,0,0,0,1.2246467991473532e-16,-1.0
2015-07-31,CAT_05,CAT_05_ITEM_007,201,36.98,0.0,0,0.55736,0,0,0,0,-0.4999999999999997,-0.8660254037844387
2015-08-31,CAT_05,CAT_05_ITEM_007,222,36.01,0.0,0,0.54753,0,1,0,0,-0.8660254037844383,-0.5000000000000003
2015-09-30,CAT_05,CAT_05_ITEM_007,164,36.47,0.0,0,0.55703,0,0,0,0,-1.0,-1.8369701987210297e-16
2015-10-31,CAT_05,CAT_05_ITEM_007,543,30.17,0.1761,1,0.45287,0,0,0,0,-0.8660254037844385,0.5
2015-11-30,CAT_05,CAT_05_ITEM_007,239,37.08,0.0,0,0.55711,0,0,0,1,-0.5000000000000003,0.8660254037844383
2015-12-31,CAT_05,CAT_05_ITEM_007,365,38.47,0.0,0,0.58114,0,0,1,0,-2.4492935982947064e-16,1.0
2016-01-31,CAT_05,CAT_05_ITEM_007,176,36.06,0.0,0,0.55032,0,0,0,0,0.4999999999999999,0.8660254037844386
2016-02-29,CAT_05,CAT_05_ITEM_007,164,37.47,0.0,0,0.56206,0,0,0,0,0.8660254037844385,0.5000000000000001
2016-03-31,CAT_05,CAT_05_ITEM_007,117,36.62,0.0,0,0.56609,0,0,0,0,1.0,6.123233995736766e-17
2016-04-30,CAT_05,CAT_05_ITEM_007,169,37.54,0.0,0,0.55885,0,0,0,0,0.8660254037844387,-0.4999999999999997
2016-05-31,CAT_05,CAT_05_ITEM_007,476,29.0,0.2216,1,0.45771,1,0,0,0,0.4999999999999999,-0.8660254037844386
2016-06-30,CAT_05,CAT_05_ITEM_007,195,36.8,0.0,0,0.56893,0,0,0,0,1.2246467991473532e-16,-1.0
2016-07-31,CAT_05,CAT_05_ITEM_007,275,37.13,0.0,0,0.55974,0,0,0,0,-0.4999999999999997,-0.8660254037844387
2016-08-31,CAT_05,CAT_05_ITEM_007,288,36.36,0.0,0,0.54934,0,1,0,0,-0.8660254037844383,-0.5000000000000003
2015-01-31,CAT_05,CAT_05_ITEM_008,19,75.4,0.2916,1,1.15393,0,0,0,0,0.4999999999999999,0.8660254037844386
2015-02-28,CAT_05,CAT_05_ITEM_008,7,105.47,0.0,0,1.57332,0,0,0,0,0.8660254037844385,0.5000000000000001
2015-03-31,CAT_05,CAT_05_ITEM_008,6,112.04,0.0,0,1.73981,0,0,0,0,1.0,6.123233995736766e-17
2015-04-30,CAT_05,CAT_05_ITEM_008,4,104.69,0.0,0,1.61024,0,0,0,0,0.8660254037844387,-0.4999999999999997
2015-05-31,CAT_05,CAT_05_ITEM_008,2,101.57,0.0,0,1.57296,1,0,0,0,0.4999999999999999,-0.8660254037844386
2015-06-30,CAT_05,CAT_05_ITEM_008,7,108.59,0.0,0,1.62415,0,0,0,0,1.2246467991473532e-16,-1.0
2015-07-31,CAT_05,CAT_05_ITEM_008,6,108.63,0.0,0,1.63741,0,0,0,0,-0.4999999999999997,-0.8660254037844387
2015-08-31,CAT_05,CAT_05_ITEM_008,7,116.71,0.0,0,1.77475,0,1,0,0,-0.8660254037844383,-0.5000000000000003
2015-09-30,CAT_05,CAT_05_ITEM_008,9,101.61,0.0,0,1.55195,0,0,0,0,-1.0,-1.8369701987210297e-16
2015-10-31,CAT_05,CAT_05_ITEM_008,10,104.77,0.0,0,1.5727,0,0,0,0,-0.8660254037844385,0.5
2015-11-30,CAT_05,CAT_05_ITEM_008,7,106.86,0.0,0,1.60569,0,0,0,1,-0.5000000000000003,0.8660254037844383
2015-12-31,CAT_05,CAT_05_ITEM_008,1,112.88,0.0,0,1.70517,0,0,1,0,-2.4492935982947064e-16,1.0
2016-01-31,CAT_05,CAT_05_ITEM_008,4,104.16,0.0,0,1.58972,0,0,0,0,0.4999999999999999,0.8660254037844386
2016-02-29,CAT_05,CAT_05_ITEM_008,11,114.06,0.0,0,1.71089,0,0,0,0,0.8660254037844385,0.5000000000000001
2016-03-31,CAT_05,CAT_05_ITEM_008,18,87.93,0.1714,1,1.35947,0,0,0,0,1.0,6.123233995736766e-17
2016-04-30,CAT_05,CAT_05_ITEM_008,7,109.21,0.0,0,1.62566,0,0,0,0,0.8660254037844387,-0.4999999999999997
2016-05-31,CAT_05,CAT_05_ITEM_008,4,108.8,0.0,0,1.71726,1,0,0,0,0.4999999999999999,-0.8660254037844386
2016-06-30,CAT_05,CAT_05_ITEM_008,6,112.61,0.0,0,1.74097,0,0,0,0,1.2246467991473532e-16,-1.0
2016-07-31,CAT_05,CAT_05_ITEM_008,17,99.9,0.0,0,1.506,0,0,0,0,-0.4999999999999997,-0.8660254037844387
2016-08-31,CAT_05,CAT_05_ITEM_008,7,106.3,0.0,0,1.60586,0,1,0,0,-0.8660254037844383,-0.5000000000000003
