data/raw/synthetic_retail_shares_brazil_2015_2025.csv
date,category_id,item_id,sales_qty,price,discount,promo_flag,price_rel,mothers_day_flag,fathers_day_flag,christmas_flag,black_friday_flag,month_sin,month_cos
2015-01-31,CAT_05,CAT_05_ITEM_009,53,62.21,0.0,0,0.95205,0,0,0,0,0.4999999999999999,0.8660254037844386
2015-02-28,CAT_05,CAT_05_ITEM_009,85,65.74,0.0,0,0.98067,0,0,0,0,0.8660254037844385,0.5000000000000001
2015-03-31,CAT_05,CAT_05_ITEM_009,160,47.14,0.2753,1,0.73195,0,0,0,0,1.0,6.123233995736766e-17
2015-04-30,CAT_05,CAT_05_ITEM_009,51,62.79,0.0,0,0.96576,0,0,0,0,0.8660254037844387,-0.4999999999999997
2015-05-31,CAT_05,CAT_05_ITEM_009,47,63.61,0.0,0,0.98506,1,0,0,0,0.4999999999999999,-0.8660254037844386
2015-06-30,CAT_05,CAT_05_ITEM_009,85,61.08,0.0,0,0.91355,0,0,0,0,1.2246467991473532e-16,-1.0
2015-07-31,CAT_05,CAT_05_ITEM_009,58,62.57,0.0,0,0.9431,0,0,0,0,-0.4999999999999997,-0.8660254037844387
2015-08-31,CAT_05,CAT_05_ITEM_009,50,61.97,0.0,0,0.94236,0,1,0,0,-0.8660254037844383,-0.5000000000000003
2015-09-30,CAT_05,CAT_05_ITEM_009,205,50.37,0.1972,1,0.76934,0,0,0,0,-1.0,-1.8369701987210297e-16
2015-10-31,CAT_05,CAT_05_ITEM_009,52,65.41,0.0,0,0.98194,0,0,0,0,-0.8660254037844385,0.5
2015-11-30,CAT_05,CAT_05_ITEM_009,94,63.19,0.0,0,0.9494,0,0,0,1,-0.5000000000000003,0.8660254037844383
2015-12-31,CAT_05,CAT_05_ITEM_009,95,63.39,0.0,0,0.95763,0,0,1,0,-2.4492935982947064e-16,1.0
2016-01-31,CAT_05,CAT_05_ITEM_009,148,60.08,0.1091,1,0.917,0,0,0,0,0.4999999999999999,0.8660254037844386
2016-02-29,CAT_05,CAT_05_ITEM_009,54,62.51,0.0,0,0.93767,0,0,0,0,0.8660254037844385,0.5000000000000001
2016-03-31,CAT_05,CAT_05_ITEM_009,50,61.61,0.0,0,0.95248,0,0,0,0,1.0,6.123233995736766e-17
2016-04-30,CAT_05,CAT_05_ITEM_009,62,63.89,0.0,0,0.95095,0,0,0,0,0.8660254037844387,-0.4999999999999997
2016-05-31,CAT_05,CAT_05_ITEM_009,64,60.49,0.0,0,0.95466,1,0,0,0,0.4999999999999999,-0.8660254037844386
2016-06-30,CAT_05,CAT_05_ITEM_009,69,62.32,0.0,0,0.96357,0,0,0,0,1.2246467991473532e-16,-1.0
2016-07-31,CAT_05,CAT_05_ITEM_009,321,49.89,0.2517,1,0.75221,0,0,0,0,-0.4999999999999997,-0.8660254037844387
2016-08-31,CAT_05,CAT_05_ITEM_009,64,65.02,0.0,0,0.98221,0,1,0,0,-0.8660254037844383,-0.5000000000000003
2015-01-31,CAT_05,CAT_05_ITEM_010,7,57.99,0.0,0,0.88754,0,0,0,0,0.4999999999999999,0.8660254037844386
2015-02-28,CAT_05,CAT_05_ITEM_010,5,58.66,0.0,0,0.87507,0,0,0,0,0.8660254037844385,0.5000000000000001
2015-03-31,CAT_05,CAT_05_ITEM_010,4,57.52,0.0,0,0.89324,0,0,0,0,1.0,6.123233995736766e-17
2015-04-30,CAT_05,CAT_05_ITEM_010,5,57.73,0.0,0,0.88799,0,0,0,0,0.8660254037844387,-0.4999999999999997
2015-05-31,CAT_05,CAT_05_ITEM_010,2,58.54,0.0,0,0.90663,1,0,0,0,0.4999999999999999,-0.8660254037844386
2015-06-30,CAT_05,CAT_05_ITEM_010,10,58.24,0.0,0,0.871,0,0,0,0,1.2246467991473532e-16,-1.0
2015-07-31,CAT_05,CAT_05_ITEM_010,9,57.65,0.0,0,0.86898,0,0,0,0,-0.4999999999999997,-0.8660254037844387
2015-08-31,CAT_05,CAT_05_ITEM_010,13,51.59,0.1049,1,0.78446,0,1,0,0,-0.8660254037844383,-0.5000000000000003
2015-09-30,CAT_05,CAT_05_ITEM_010,2,58.36,0.0,0,0.89134,0,0,0,0,-1.0,-1.8369701987210297e-16
2015-10-31,CAT_05,CAT_05_ITEM_010,10,56.38,0.0,0,0.84642,0,0,0,0,-0.8660254037844385,0.5
2015-11-30,CAT_05,CAT_05_ITEM_010,18,58.95,0.0,0,0.88569,0,0,0,1,-0.5000000000000003,0.8660254037844383
2015-12-31,CAT_05,CAT_05_ITEM_010,6,57.34,0.0,0,0.86621,0,0,1,0,-2.4492935982947064e-16,1.0
2016-01-31,CAT_05,CAT_05_ITEM_010,4,57.13,0.0,0,0.87189,0,0,0,0,0.4999999999999999,0.8660254037844386
2016-02-29,CAT_05,CAT_05_ITEM_010,3,58.0,0.0,0,0.87005,0,0,0,0,0.8660254037844385,0.5000000000000001
2016-03-31,CAT_05,CAT_05_ITEM_010,4,58.66,0.0,0,0.90692,0,0,0,0,1.0,6.123233995736766e-17
2016-04-30,CAT_05,CAT_05_ITEM_010,24,50.06,0.1326,1,0.74516,0,0,0,0,0.8660254037844387,-0.4999999999999997
2016-05-31,CAT_05,CAT_05_ITEM_010,2,57.5,0.0,0,0.90754,1,0,0,0,0.4999999999999999,-0.8660254037844386
2016-06-30,CAT_05,CAT_05_ITEM_010,2,58.33,0.0,0,0.90179,0,0,0,0,1.2246467991473532e-16,-1.0
2016-07-31,CAT_05,CAT_05_ITEM_010,26,51.41,0.1046,1,0.77498,0,0,0,0,-0.4999999999999997,-0.8660254037844387
2016-08-31,CAT_05,CAT_05_ITEM_010,5,58.48,0.0,0,0.88349,0,1,0,0,-0.8660254037844383,-0.5000000000000003
2015-01-31,CAT_05,CAT_05_ITEM_011,3,114.63,0.0,0,1.75427,0,0,0,0,0.4999999999999999,0.8660254037844386
2015-02-28,CAT_05,CAT_05_ITEM_011,6,119.15,0.0,0,1.77736,0,0,0,0,0.8660254037844385,0.5000000000000001
2015-03-31,CAT_05,CAT_05_ITEM_011,29,89.75,0.2697,1,1.39365,0,0,0,0,1.0,6.123233995736766e-17
2015-04-30,CAT_05,CAT_05_ITEM_011,7,115.83,0.0,0,1.78158,0,0,0,0,0.8660254037844387,-0.4999999999999997
2015-05-31,CAT_05,CAT_05_ITEM_011,15,113.29,0.0,0,1.75448,1,0,0,0,0.4999999999999999,-0.8660254037844386
2015-06-30,CAT_05,CAT_05_ITEM_011,13,113.64,0.0,0,1.69957,0,0,0,0,1.2246467991473532e-16,-1.0
2015-07-31,CAT_05,CAT_05_ITEM_011,13,115.79,0.0,0,1.74533,0,0,0,0,-0.4999999999999997,-0.8660254037844387
2015-08-31,CAT_05,CAT_05_ITEM_011,15,117.13,0.0,0,1.78126,0,1,0,0,-0.8660254037844383,-0.5000000000000003
2015-09-30,CAT_05,CAT_05_ITEM_011,13,115.67,0.0,0,1.76662,0,0,0,0,-1.0,-1.8369701987210297e-16
2015-10-31,CAT_05,CAT_05_ITEM_011,12,117.74,0.0,0,1.76743,0,0,0,0,-0.8660254037844385,0.5
2015-11-30,CAT_05,CAT_05_ITEM_011,14,112.28,0.0,0,1.68712,0,0,0,1,-0.5000000000000003,0.8660254037844383
2015-12-31,CAT_05,CAT_05_ITEM_011,18,105.14,0.0,0,1.58825,0,0,1,0,-2.4492935982947064e-16,1.0
2016-01-31,CAT_05,CAT_05_ITEM_011,11,110.63,0.0,0,1.68838,0,0,0,0,0.4999999999999999,0.8660254037844386
2016-02-29,CAT_05,CAT_05_ITEM_011,7,115.58,0.0,0,1.73376,0,0,0,0,0.8660254037844385,0.5000000000000001
2016-03-31,CAT_05,CAT_05_ITEM_011,7,122.38,0.0,0,1.89194,0,0,0,0,1.0,6.123233995736766e-17
2016-04-30,CAT_05,CAT_05_ITEM_011,8,116.94,0.0,0,1.74061,0,0,0,0,0.8660254037844387,-0.4999999999999997
2016-05-31,CAT_05,CAT_05_ITEM_011,9,114.38,0.0,0,1.80533,1,0,0,0,0.4999999999999999,-0.8660254037844386
2016-06-30,CAT_05,CAT_05_ITEM_011,7,115.07,0.0,0,1.779,0,0,0,0,1.2246467991473532e-16,-1.0
2016-07-31,CAT_05,CAT_05_ITEM_011,14,117.67,0.0,0,1.77395,0,0,0,0,-0.4999999999999997,-0.8660254037844387
2016-08-31,CAT_05,CAT_05_ITEM_011,16,118.37,0.0,0,1.78816,0,1,0,0,-0.8660254037844383,-0.5000000000000003
2015-01-31,CAT_05,CAT_05_ITEM_012,145,27.9,0.0,0,0.42703,0,0,0,0,0.4999999999999999,0.8660254037844386
2015-02-28,CAT_05,CAT_05_ITEM_012,186,28.78,0.0,0,0.42933,0,0,0,0,0.8660254037844385,0.5000000000000001
2015-03-31,CAT_05,CAT_05_ITEM_012,109,28.26,0.0,0,0.43885,0,0,0,0,1.0,6.123233995736766e-17
2015-04-30,CAT_05,CAT_05_ITEM_012,137,28.43,0.0,0,0.43726,0,0,0,0,0.8660254037844387,-0.4999999999999997
2015-05-31,CAT_05,CAT_05_ITEM_012,113,27.77,0.0,0,0.43006,1,0,0,0,0.4999999999999999,-0.8660254037844386
2015-06-30,CAT_05,CAT_05_ITEM_012,220,27.84,0.0,0,0.41643,0,0,0,0,1.2246467991473532e-16,-1.0
2015-07-31,CAT_05,CAT_05_ITEM_012,190,28.76,0.0,0,0.43351,0,0,0,0,-0.4999999999999997,-0.8660254037844387
2015-08-31,CAT_05,CAT_05_ITEM_012,381,21.45,0.2448,1,0.32626,0,1,0,0,-0.8660254037844383,-0.5000000000000003
2015-09-30,CAT_05,CAT_05_ITEM_012,190,27.11,0.0,0,0.41411,0,0,0,0,-1.0,-1.8369701987210297e-16
2015-10-31,CAT_05,CAT_05_ITEM_012,186,28.03,0.0,0,0.42076,0,0,0,0,-0.8660254037844385,0.5
2015-11-30,CAT_05,CAT_05_ITEM_012,242,26.74,0.0,0,0.40174,0,0,0,1,-0.5000000000000003,0.8660254037844383
2015-12-31,CAT_05,CAT_05_ITEM_012,341,28.96,0.0,0,0.43743,0,0,1,0,-2.4492935982947064e-16,1.0
2016-01-31,CAT_05,CAT_05_ITEM_012,211,27.53,0.0,0,0.42015,0,0,0,0,0.4999999999999999,0.8660254037844386
2016-02-29,CAT_05,CAT_05_ITEM_012,173,28.07,0.0,0,0.42107,0,0,0,0,0.8660254037844385,0.5000000000000001
2016-03-31,CAT_05,CAT_05_ITEM_012,104,27.48,0.0,0,0.42489,0,0,0,0,1.0,6.123233995736766e-17
2016-04-30,CAT_05,CAT_05_ITEM_012,172,28.12,0.0,0,0.41856,0,0,0,0,0.8660254037844387,-0.4999999999999997
2016-05-31,CAT_05,CAT_05_ITEM_012,127,27.68,0.0,0,0.43682,1,0,0,0,0.4999999999999999,-0.8660254037844386
2016-06-30,CAT_05,CAT_05_ITEM_012,192,29.79,0.0,0,0.46056,0,0,0,0,1.2246467991473532e-16,-1.0
2016-07-31,CAT_05,CAT_05_ITEM_012,263,25.33,0.0,0,0.38192,0,0,0,0,-0.4999999999999997,-0.8660254037844387
2016-08-31,CAT_05,CAT_05_ITEM_012,203,28.19,0.0,0,0.42592,0,1,0,0,-0.8660254037844383,-0.5000000000000003
2015-01-31,CAT_05,CAT_05_ITEM_013,13,37.8,0.0,0,0.57852,0,0,0,0,0.4999999999999999,0.8660254037844386
2015-02-28,CAT_05,CAT_05_ITEM_013,26,38.31,0.0,0,0.57146,0,0,0,0,0.8660254037844385,0.5000000000000001
2015-03-31,CAT_05,CAT_05_ITEM_013,14,37.53,0.0,0,0.5828,0,0,0,0,1.0,6.123233995736766e-17
2015-04-30,CAT_05,CAT_05_ITEM_013,55,27.53,0.2725,1,0.42347,0,0,0,0,0.8660254037844387,-0.4999999999999997
2015-05-31,CAT_05,CAT_05_ITEM_013,18,37.37,0.0,0,0.57877,1,0,0,0,0.4999999999999999,-0.8660254037844386
2015-06-30,CAT_05,CAT_05_ITEM_013,25,38.29,0.0,0,0.57275,0,0,0,0,1.2246467991473532e-16,-1.0
2015-07-31,CAT_05,CAT_05_ITEM_013,27,38.17,0.0,0,0.57533,0,0,0,0,-0.4999999999999997,-0.8660254037844387
2015-08-31,CAT_05,CAT_05_ITEM_013,69,27.19,0.279,1,0.41351,0,1,0,0,-0.8660254037844383,-0.5000000000000003
2015-09-30,CAT_05,CAT_05_ITEM_013,27,38.24,0.0,0,0.58399,0,0,0,0,-1.0,-1.8369701987210297e-16
2015-10-31,CAT_05,CAT_05_ITEM_013,21,37.76,0.0,0,0.56683,0,0,0,0,-0.8660254037844385,0.5
2015-11-30,CAT_05,CAT_05_ITEM_013,14,38.19,0.0,0,0.57379,0,0,0,1,-0.5000000000000003,0.8660254037844383
2015-12-31,CAT_05,CAT_05_ITEM_013,23,38.18,0.0,0,0.57683,0,0,1,0,-2.4492935982947064e-16,1.0
2016-01-31,CAT_05,CAT_05_ITEM_013,22,37.72,0.0,0,0.57563,0,0,0,0,0.4999999999999999,0.8660254037844386
2016-02-29,CAT_05,CAT_05_ITEM_013,16,37.9,0.0,0,0.56851,0,0,0,0,0.8660254037844385,0.5000000000000001
2016-03-31,CAT_05,CAT_05_ITEM_013,39,28.23,0.2569,1,0.43651,0,0,0,0,1.0,6.123233995736766e-17
2016-04-30,CAT_05,CAT_05_ITEM_013,28,37.54,0.0,0,0.55881,0,0,0,0,0.8660254037844387,-0.4999999999999997
2016-05-31,CAT_05,CAT_05_ITEM_013,16,38.06,0.0,0,0.60075,1,0,0,0,0.4999999999999999,-0.8660254037844386
2016-06-30,CAT_05,CAT_05_ITEM_013,22,38.02,0.0,0,0.58775,0,0,0,0,1.2246467991473532e-16,-1.0
2016-07-31,CAT_05,CAT_05_ITEM_013,47,37.5,0.0,0,0.56536,0,0,0,0,-0.4999999999999997,-0.8660254037844387
2016-08-31,CAT_05,CAT_05_ITEM_013,43,37.4,0.0,0,0.56503,0,1,0,0,-0.8660254037844383,-0.5000000000000003
2015-01-31,CAT_05,CAT_05_ITEM_014,22,111.12,0.0,0,1.70066,0,0,0,0,0.4999999999999999,0.8660254037844386
2015-02-28,CAT_05,CAT_05_ITEM_014,36,112.71,0.0,0,1.68131,0,0,0,0,0.8660254037844385,0.5000000000000001
2015-03-31,CAT_05,CAT_05_ITEM_014,16,115.38,0.0,0,1.79161,0,0,0,0,1.0,6.123233995736766e-17
2015-04-30,CAT_05,CAT_05_ITEM_014,18,112.7,0.0,0,1.73335,0,0,0,0,0.8660254037844387,-0.4999999999999997
2015-05-31,CAT_05,CAT_05_ITEM_014,98,84.64,0.225,1,1.31088,1,0,0,0,0.4999999999999999,-0.8660254037844386
2015-06-30,CAT_05,CAT_05_ITEM_014,42,109.03,0.0,0,1.63068,0,0,0,0,1.2246467991473532e-16,-1.0
2015-07-31,CAT_05,CAT_05_ITEM_014,29,108.04,0.0,0,1.62859,0,0,0,0,-0.4999999999999997,-0.8660254037844387
2015-08-31,CAT_05,CAT_05_ITEM_014,19,112.75,0.0,0,1.71462,0,1,0,0,-0.8660254037844383,-0.5000000000000003
2015-09-30,CAT_05,CAT_05_ITEM_014,22,107.41,0.0,0,1.6405,0,0,0,0,-1.0,-1.8369701987210297e-16
2015-10-31,CAT_05,CAT_05_ITEM_014,40,106.69,0.0,0,1.60158,0,0,0,0,-0.8660254037844385,0.5
2015-11-30,CAT_05,CAT_05_ITEM_014,40,107.25,0.0,0,1.61154,0,0,0,1,-0.5000000000000003,0.8660254037844383
2015-12-31,CAT_05,CAT_05_ITEM_014,53,109.48,0.0,0,1.65379,0,0,1,0,-2.4492935982947064e-16,1.0
2016-01-31,CAT_05,CAT_05_ITEM_014,104,91.5,0.2115,1,1.39648,0,0,0,0,0.4999999999999999,0.8660254037844386
2016-02-29,CAT_05,CAT_05_ITEM_014,45,110.95,0.0,0,1.66427,0,0,0,0,0.8660254037844385,0.5000000000000001
2016-03-31,CAT_05,CAT_05_ITEM_014,68,90.92,0.1982,1,1.40564,0,0,0,0,1.0,6.123233995736766e-17
2016-04-30,CAT_05,CAT_05_ITEM_014,37,108.88,0.0,0,1.62077,0,0,0,0,0.8660254037844387,-0.4999999999999997
2016-05-31,CAT_05,CAT_05_ITEM_014,27,112.68,0.0,0,1.77841,1,0,0,0,0.4999999999999999,-0.8660254037844386
2016-06-30,CAT_05,CAT_05_ITEM_014,37,109.08,0.0,0,1.68652,0,0,0,0,1.2246467991473532e-16,-1.0
2016-07-31,CAT_05,CAT_05_ITEM_014,50,110.55,0.0,0,1.66666,0,0,0,0,-0.4999999999999997,-0.8660254037844387
2016-08-31,CAT_05,CAT_05_ITEM_014,51,112.64,0.0,0,1.70165,0,1,0,0,-0.8660254037844383,-0.5000000000000003
2015-01-31,CAT_05,CAT_05_ITEM_015,23,62.5,0.0,0,0.95652,0,0,0,0,0.4999999999999999,0.8660254037844386
2015-02-28,CAT_05,CAT_05_ITEM_015,26,61.57,0.0,0,0.9185,0,0,0,0,0.8660254037844385,0.5000000000000001
2015-03-31,CAT_05,CAT_05_ITEM_015,20,62.56,0.0,0,0.97148,0,0,0,0,1.0,6.123233995736766e-17
2015-04-30,CAT_05,CAT_05_ITEM_015,12,61.07,0.0,0,0.93925,0,0,0,0,0.8660254037844387,-0.4999999999999997
2015-05-31,CAT_05,CAT_05_ITEM_015,20,62.59,0.0,0,0.96931,1,0,0,0,0.4999999999999999,-0.8660254037844386
2015-06-30,CAT_05,CAT_05_ITEM_015,28,63.3,0.0,0,0.94675,0,0,0,0,1.2246467991473532e-16,-1.0
2015-07-31,CAT_05,CAT_05_ITEM_015,17,62.71,0.0,0,0.94521,0,0,0,0,-0.4999999999999997,-0.8660254037844387
2015-08-31,CAT_05,CAT_05_ITEM_015,25,59.29,0.0,0,0.90167,0,1,0,0,-0.8660254037844383,-0.5000000000000003
2015-09-30,CAT_05,CAT_05_ITEM_015,27,58.66,0.0,0,0.89588,0,0,0,0,-1.0,-1.8369701987210297e-16
2015-10-31,CAT_05,CAT_05_ITEM_015,31,59.59,0.0,0,0.89458,0,0,0,0,-0.8660254037844385,0.5
2015-11-30,CAT_05,CAT_05_ITEM_015,22,58.08,0.0,0,0.87274,0,0,0,1,-0.5000000000000003,0.8660254037844383
2015-12-31,CAT_05,CAT_05_ITEM_015,42,58.87,0.0,0,0.88938,0,0,1,0,-2.4492935982947064e-16,1.0
2016-01-31,CAT_05,CAT_05_ITEM_015,28,59.26,0.0,0,0.90441,0,0,0,0,0.4999999999999999,0.8660254037844386
2016-02-29,CAT_05,CAT_05_ITEM_015,14,61.49,0.0,0,0.92236,0,0,0,0,0.8660254037844385,0.5000000000000001
2016-03-31,CAT_05,CAT_05_ITEM_015,19,63.57,0.0,0,0.98283,0,0,0,0,1.0,6.123233995736766e-17
2016-04-30,CAT_05,CAT_05_ITEM_015,20,61.64,0.0,0,0.9175,0,0,0,0,0.8660254037844387,-0.4999999999999997
2016-05-31,CAT_05,CAT_05_ITEM_015,16,59.92,0.0,0,0.94574,1,0,0,0,0.4999999999999999,-0.8660254037844386
2016-06-30,CAT_05,CAT_05_ITEM_015,81,44.42,0.2873,1,0.68671,0,0,0,0,1.2246467991473532e-16,-1.0
2016-07-31,CAT_05,CAT_05_ITEM_015,44,60.94,0.0,0,0.91878,0,0,0,0,-0.4999999999999997,-0.8660254037844387
2016-08-31,CAT_05,CAT_05_ITEM_015,17,62.3,0.0,0,0.94115,0,1,0,0,-0.8660254037844383,-0.5000000000000003
2015-01-31,CAT_05,CAT_05_ITEM_016,178,32.68,0.0,0,0.50021,0,0,0,0,0.4999999999999999,0.8660254037844386
2015-02-28,CAT_05,CAT_05_ITEM_016,287,30.73,0.0,0,0.45843,0,0,0,0,0.8660254037844385,0.5000000000000001
2015-03-31,CAT_05,CAT_05_ITEM_016,194,29.57,0.0,0,0.45913,0,0,0,0,1.0,6.123233995736766e-17
2015-04-30,CAT_05,CAT_05_ITEM_016,159,32.36,0.0,0,0.49767,0,0,0,0,0.8660254037844387,-0.4999999999999997
2015-05-31,CAT_05,CAT_05_ITEM_016,153,30.71,0.0,0,0.47556,1,0,0,0,0.4999999999999999,-0.8660254037844386
2015-06-30,CAT_05,CAT_05_ITEM_016,324,32.79,0.0,0,0.49036,0,0,0,0,1.2246467991473532e-16,-1.0
2015-07-31,CAT_05,CAT_05_ITEM_016,269,30.46,0.0,0,0.45917,0,0,0,0,-0.4999999999999997,-0.8660254037844387
2015-08-31,CAT_05,CAT_05_ITEM_016,278,33.66,0.0,0,0.5118,0,1,0,0,-0.8660254037844383,-0.5000000000000003
2015-09-30,CAT_05,CAT_05_ITEM_016,260,29.75,0.0,0,0.45436,0,0,0,0,-1.0,-1.8369701987210297e-16
2015-10-31,CAT_05,CAT_05_ITEM_016,267,32.41,0.0,0,0.48658,0,0,0,0,-0.8660254037844385,0.5
2015-11-30,CAT_05,CAT_05_ITEM_016,386,31.97,0.0,0,0.48041,0,0,0,1,-0.5000000000000003,0.8660254037844383
2015-12-31,CAT_05,CAT_05_ITEM_016,297,28.85,0.0,0,0.43575,0,0,1,0,-2.4492935982947064e-16,1.0
2016-01-31,CAT_05,CAT_05_ITEM_016,286,30.51,0.0,0,0.46561,0,0,0,0,0.4999999999999999,0.8660254037844386
2016-02-29,CAT_05,CAT_05_ITEM_016,596,26.99,0.149,1,0.40493,0,0,0,0,0.8660254037844385,0.5000000000000001
2016-03-31,CAT_05,CAT_05_ITEM_016,405,24.75,0.1815,1,0.38259,0,0,0,0,1.0,6.123233995736766e-17
2016-04-30,CAT_05,CAT_05_ITEM_016,284,31.25,0.0,0,0.46511,0,0,0,0,0.8660254037844387,-0.4999999999999997
2016-05-31,CAT_05,CAT_05_ITEM_016,174,29.37,0.0,0,0.46353,1,0,0,0,0.4999999999999999,-0.8660254037844386
2016-06-30,CAT_05,CAT_05_ITEM_016,281,29.99,0.0,0,0.46374,0,0,0,0,1.2246467991473532e-16,-1.0
2016-07-31,CAT_05,CAT_05_ITEM_016,339,34.39,0.0,0,0.51852,0,0,0,0,-0.4999999999999997,-0.8660254037844387
2016-08-31,CAT_05,CAT_05_ITEM_016,453,27.84,0.0,0,0.42064,0,1,0,0,-0.8660254037844383,-0.5000000000000003
