data/raw/synthetic_retail_shares_brazil_2015_2025.csv
date,category_id,item_id,sales_qty,price,discount,promo_flag,price_rel,mothers_day_flag,fathers_day_flag,christmas_flag,black_friday_flag,month_sin,month_cos
2015-01-31,CAT_05,CAT_05_ITEM_017,63,91.57,0.0,0,1.40142,0,0,0,0,0.4999999999999999,0.8660254037844386
2015-02-28,CAT_05,CAT_05_ITEM_017,72,90.95,0.0,0,1.35675,0,0,0,0,0.8660254037844385,0.5000000000000001
2015-03-31,CAT_05,CAT_05_ITEM_017,184,68.94,0.2581,1,1.07052,0,0,0,0,1.0,6.123233995736766e-17
2015-04-30,CAT_05,CAT_05_ITEM_017,53,89.71,0.0,0,1.37985,0,0,0,0,0.8660254037844387,-0.4999999999999997
2015-05-31,CAT_05,CAT_05_ITEM_017,73,88.94,0.0,0,1.3774,1,0,0,0,0.4999999999999999,-0.8660254037844386
2015-06-30,CAT_05,CAT_05_ITEM_017,87,93.56,0.0,0,1.3993,0,0,0,0,1.2246467991473532e-16,-1.0
2015-07-31,CAT_05,CAT_05_ITEM_017,236,75.67,0.1495,1,1.14066,0,0,0,0,-0.4999999999999997,-0.8660254037844387
2015-08-31,CAT_05,CAT_05_ITEM_017,49,89.58,0.0,0,1.36223,0,1,0,0,-0.8660254037844383,-0.5000000000000003
2015-09-30,CAT_05,CAT_05_ITEM_017,59,96.72,0.0,0,1.47725,0,0,0,0,-1.0,-1.8369701987210297e-16
2015-10-31,CAT_05,CAT_05_ITEM_017,73,91.03,0.0,0,1.36648,0,0,0,0,-0.8660254037844385,0.5
2015-11-30,CAT_05,CAT_05_ITEM_017,111,92.0,0.0,0,1.38228,0,0,0,1,-0.5000000000000003,0.8660254037844383
2015-12-31,CAT_05,CAT_05_ITEM_017,109,92.75,0.0,0,1.4011,0,0,1,0,-2.4492935982947064e-16,1.0
2016-01-31,CAT_05,CAT_05_ITEM_017,58,92.27,0.0,0,1.40829,0,0,0,0,0.4999999999999999,0.8660254037844386
2016-02-29,CAT_05,CAT_05_ITEM_017,77,89.59,0.0,0,1.34384,0,0,0,0,0.8660254037844385,0.5000000000000001
2016-03-31,CAT_05,CAT_05_ITEM_017,40,93.23,0.0,0,1.44137,0,0,0,0,1.0,6.123233995736766e-17
2016-04-30,CAT_05,CAT_05_ITEM_017,62,90.75,0.0,0,1.35088,0,0,0,0,0.8660254037844387,-0.4999999999999997
2016-05-31,CAT_05,CAT_05_ITEM_017,69,91.48,0.0,0,1.44388,1,0,0,0,0.4999999999999999,-0.8660254037844386
2016-06-30,CAT_05,CAT_05_ITEM_017,77,88.51,0.0,0,1.36848,0,0,0,0,1.2246467991473532e-16,-1.0
2016-07-31,CAT_05,CAT_05_ITEM_017,106,90.69,0.0,0,1.36721,0,0,0,0,-0.4999999999999997,-0.8660254037844387
2016-08-31,CAT_05,CAT_05_ITEM_017,64,95.31,0.0,0,1.43984,0,1,0,0,-0.8660254037844383,-0.5000000000000003
2015-01-31,CAT_05,CAT_05_ITEM_018,20,113.42,0.0,0,1.73578,0,0,0,0,0.4999999999999999,0.8660254037844386
2015-02-28,CAT_05,CAT_05_ITEM_018,24,108.08,0.0,0,1.61227,0,0,0,0,0.8660254037844385,0.5000000000000001
2015-03-31,CAT_05,CAT_05_ITEM_018,9,109.91,0.0,0,1.70675,0,0,0,0,1.0,6.123233995736766e-17
2015-04-30,CAT_05,CAT_05_ITEM_018,16,107.06,0.0,0,1.64657,0,0,0,0,0.8660254037844387,-0.4999999999999997
2015-05-31,CAT_05,CAT_05_ITEM_018,17,110.44,0.0,0,1.71047,1,0,0,0,0.4999999999999999,-0.8660254037844386
2015-06-30,CAT_05,CAT_05_ITEM_018,26,108.69,0.0,0,1.62563,0,0,0,0,1.2246467991473532e-16,-1.0
2015-07-31,CAT_05,CAT_05_ITEM_018,16,115.12,0.0,0,1.73535,0,0,0,0,-0.4999999999999997,-0.8660254037844387
2015-08-31,CAT_05,CAT_05_ITEM_018,13,111.25,0.0,0,1.69179,0,1,0,0,-0.8660254037844383,-0.5000000000000003
2015-09-30,CAT_05,CAT_05_ITEM_018,9,116.27,0.0,0,1.77577,0,0,0,0,-1.0,-1.8369701987210297e-16
2015-10-31,CAT_05,CAT_05_ITEM_018,21,112.01,0.0,0,1.68139,0,0,0,0,-0.8660254037844385,0.5
2015-11-30,CAT_05,CAT_05_ITEM_018,20,112.52,0.0,0,1.69063,0,0,0,1,-0.5000000000000003,0.8660254037844383
2015-12-31,CAT_05,CAT_05_ITEM_018,30,111.04,0.0,0,1.6774,0,0,1,0,-2.4492935982947064e-16,1.0
2016-01-31,CAT_05,CAT_05_ITEM_018,14,107.9,0.0,0,1.64682,0,0,0,0,0.4999999999999999,0.8660254037844386
2016-02-29,CAT_05,CAT_05_ITEM_018,20,110.82,0.0,0,1.66236,0,0,0,0,0.8660254037844385,0.5000000000000001
2016-03-31,CAT_05,CAT_05_ITEM_018,9,111.22,0.0,0,1.71949,0,0,0,0,1.0,6.123233995736766e-17
2016-04-30,CAT_05,CAT_05_ITEM_018,18,108.29,0.0,0,1.61198,0,0,0,0,0.8660254037844387,-0.4999999999999997
2016-05-31,CAT_05,CAT_05_ITEM_018,90,78.84,0.2646,1,1.2443,1,0,0,0,0.4999999999999999,-0.8660254037844386
2016-06-30,CAT_05,CAT_05_ITEM_018,11,112.68,0.0,0,1.74219,0,0,0,0,1.2246467991473532e-16,-1.0
2016-07-31,CAT_05,CAT_05_ITEM_018,22,113.88,0.0,0,1.71683,0,0,0,0,-0.4999999999999997,-0.8660254037844387
2016-08-31,CAT_05,CAT_05_ITEM_018,27,104.73,0.0,0,1.58205,0,1,0,0,-0.8660254037844383,-0.5000000000000003
2015-01-31,CAT_05,CAT_05_ITEM_019,71,46.27,0.0,0,0.70807,0,0,0,0,0.4999999999999999,0.8660254037844386
2015-02-28,CAT_05,CAT_05_ITEM_019,95,45.76,0.0,0,0.68264,0,0,0,0,0.8660254037844385,0.5000000000000001
2015-03-31,CAT_05,CAT_05_ITEM_019,43,49.17,0.0,0,0.76358,0,0,0,0,1.0,6.123233995736766e-17
2015-04-30,CAT_05,CAT_05_ITEM_019,60,47.6,0.0,0,0.73206,0,0,0,0,0.8660254037844387,-0.4999999999999997
2015-05-31,CAT_05,CAT_05_ITEM_019,74,44.48,0.0,0,0.68892,1,0,0,0,0.4999999999999999,-0.8660254037844386
2015-06-30,CAT_05,CAT_05_ITEM_019,110,43.31,0.0,0,0.64777,0,0,0,0,1.2246467991473532e-16,-1.0
2015-07-31,CAT_05,CAT_05_ITEM_019,72,48.19,0.0,0,0.72639,0,0,0,0,-0.4999999999999997,-0.8660254037844387
2015-08-31,CAT_05,CAT_05_ITEM_019,86,45.35,0.0,0,0.68971,0,1,0,0,-0.8660254037844383,-0.5000000000000003
2015-09-30,CAT_05,CAT_05_ITEM_019,70,46.77,0.0,0,0.71425,0,0,0,0,-1.0,-1.8369701987210297e-16
2015-10-31,CAT_05,CAT_05_ITEM_019,80,45.91,0.0,0,0.68923,0,0,0,0,-0.8660254037844385,0.5
2015-11-30,CAT_05,CAT_05_ITEM_019,75,46.78,0.0,0,0.70294,0,0,0,1,-0.5000000000000003,0.8660254037844383
2015-12-31,CAT_05,CAT_05_ITEM_019,122,49.04,0.0,0,0.74085,0,0,1,0,-2.4492935982947064e-16,1.0
2016-01-31,CAT_05,CAT_05_ITEM_019,90,48.47,0.0,0,0.73968,0,0,0,0,0.4999999999999999,0.8660254037844386
2016-02-29,CAT_05,CAT_05_ITEM_019,60,46.82,0.0,0,0.70237,0,0,0,0,0.8660254037844385,0.5000000000000001
2016-03-31,CAT_05,CAT_05_ITEM_019,53,45.48,0.0,0,0.70316,0,0,0,0,1.0,6.123233995736766e-17
2016-04-30,CAT_05,CAT_05_ITEM_019,75,50.16,0.0,0,0.74658,0,0,0,0,0.8660254037844387,-0.4999999999999997
2016-05-31,CAT_05,CAT_05_ITEM_019,71,50.35,0.0,0,0.79466,1,0,0,0,0.4999999999999999,-0.8660254037844386
2016-06-30,CAT_05,CAT_05_ITEM_019,110,47.79,0.0,0,0.73888,0,0,0,0,1.2246467991473532e-16,-1.0
2016-07-31,CAT_05,CAT_05_ITEM_019,128,51.27,0.0,0,0.77297,0,0,0,0,-0.4999999999999997,-0.8660254037844387
2016-08-31,CAT_05,CAT_05_ITEM_019,123,49.72,0.0,0,0.75116,0,1,0,0,-0.8660254037844383,-0.5000000000000003
2015-01-31,CAT_05,CAT_05_ITEM_020,1,95.55,0.0,0,1.46235,0,0,0,0,0.4999999999999999,0.8660254037844386
2015-02-28,CAT_05,CAT_05_ITEM_020,1,91.5,0.0,0,1.36494,0,0,0,0,0.8660254037844385,0.5000000000000001
2015-03-31,CAT_05,CAT_05_ITEM_020,0,94.1,0.0,0,1.46115,0,0,0,0,1.0,6.123233995736766e-17
2015-04-30,CAT_05,CAT_05_ITEM_020,1,97.6,0.0,0,1.50116,0,0,0,0,0.8660254037844387,-0.4999999999999997
2015-05-31,CAT_05,CAT_05_ITEM_020,1,88.67,0.0,0,1.37328,1,0,0,0,0.4999999999999999,-0.8660254037844386
2015-06-30,CAT_05,CAT_05_ITEM_020,0,96.76,0.0,0,1.4472,0,0,0,0,1.2246467991473532e-16,-1.0
2015-07-31,CAT_05,CAT_05_ITEM_020,0,95.33,0.0,0,1.437,0,0,0,0,-0.4999999999999997,-0.8660254037844387
2015-08-31,CAT_05,CAT_05_ITEM_020,2,87.57,0.0,0,1.33175,0,1,0,0,-0.8660254037844383,-0.5000000000000003
2015-09-30,CAT_05,CAT_05_ITEM_020,2,89.99,0.0,0,1.37435,0,0,0,0,-1.0,-1.8369701987210297e-16
2015-10-31,CAT_05,CAT_05_ITEM_020,2,92.48,0.0,0,1.38827,0,0,0,0,-0.8660254037844385,0.5
2015-11-30,CAT_05,CAT_05_ITEM_020,0,87.24,0.0,0,1.31084,0,0,0,1,-0.5000000000000003,0.8660254037844383
2015-12-31,CAT_05,CAT_05_ITEM_020,3,92.93,0.0,0,1.4038,0,0,1,0,-2.4492935982947064e-16,1.0
2016-01-31,CAT_05,CAT_05_ITEM_020,1,97.27,0.0,0,1.48447,0,0,0,0,0.4999999999999999,0.8660254037844386
2016-02-29,CAT_05,CAT_05_ITEM_020,1,90.41,0.0,0,1.35613,0,0,0,0,0.8660254037844385,0.5000000000000001
2016-03-31,CAT_05,CAT_05_ITEM_020,0,89.5,0.0,0,1.38376,0,0,0,0,1.0,6.123233995736766e-17
2016-04-30,CAT_05,CAT_05_ITEM_020,1,96.61,0.0,0,1.43801,0,0,0,0,0.8660254037844387,-0.4999999999999997
2016-05-31,CAT_05,CAT_05_ITEM_020,0,86.77,0.0,0,1.3695,1,0,0,0,0.4999999999999999,-0.8660254037844386
2016-06-30,CAT_05,CAT_05_ITEM_020,4,62.42,0.2803,1,0.96508,0,0,0,0,1.2246467991473532e-16,-1.0
2016-07-31,CAT_05,CAT_05_ITEM_020,3,95.18,0.0,0,1.43498,0,0,0,0,-0.4999999999999997,-0.8660254037844387
2016-08-31,CAT_05,CAT_05_ITEM_020,3,73.52,0.1844,1,1.11068,0,1,0,0,-0.8660254037844383,-0.5000000000000003
2015-01-31,CAT_06,CAT_06_ITEM_001,6,113.06,0.0,0,1.95481,0,0,0,0,0.4999999999999999,0.8660254037844386
2015-02-28,CAT_06,CAT_06_ITEM_001,2,116.77,0.0,0,2.08044,0,0,0,0,0.8660254037844385,0.5000000000000001
2015-03-31,CAT_06,CAT_06_ITEM_001,3,115.43,0.0,0,2.06362,0,0,0,0,1.0,6.123233995736766e-17
2015-04-30,CAT_06,CAT_06_ITEM_001,1,111.48,0.0,0,1.97318,0,0,0,0,0.8660254037844387,-0.4999999999999997
2015-05-31,CAT_06,CAT_06_ITEM_001,4,111.53,0.0,0,2.02276,1,0,0,0,0.4999999999999999,-0.8660254037844386
2015-06-30,CAT_06,CAT_06_ITEM_001,3,112.91,0.0,0,1.96517,0,0,0,0,1.2246467991473532e-16,-1.0
2015-07-31,CAT_06,CAT_06_ITEM_001,1,111.45,0.0,0,2.02085,0,0,0,0,-0.4999999999999997,-0.8660254037844387
2015-08-31,CAT_06,CAT_06_ITEM_001,2,112.57,0.0,0,2.02571,0,1,0,0,-0.8660254037844383,-0.5000000000000003
2015-09-30,CAT_06,CAT_06_ITEM_001,3,108.64,0.0,0,1.95133,0,0,0,0,-1.0,-1.8369701987210297e-16
2015-10-31,CAT_06,CAT_06_ITEM_001,1,111.48,0.0,0,1.94167,0,0,0,0,-0.8660254037844385,0.5
2015-11-30,CAT_06,CAT_06_ITEM_001,4,116.07,0.0,0,2.05343,0,0,0,1,-0.5000000000000003,0.8660254037844383
2015-12-31,CAT_06,CAT_06_ITEM_001,0,116.15,0.0,0,2.08802,0,0,1,0,-2.4492935982947064e-16,1.0
2016-01-31,CAT_06,CAT_06_ITEM_001,4,107.28,0.0,0,1.92359,0,0,0,0,0.4999999999999999,0.8660254037844386
2016-02-29,CAT_06,CAT_06_ITEM_001,1,110.72,0.0,0,1.97271,0,0,0,0,0.8660254037844385,0.5000000000000001
2016-03-31,CAT_06,CAT_06_ITEM_001,1,121.45,0.0,0,2.13897,0,0,0,0,1.0,6.123233995736766e-17
2016-04-30,CAT_06,CAT_06_ITEM_001,3,113.14,0.0,0,2.00738,0,0,0,0,0.8660254037844387,-0.4999999999999997
2016-05-31,CAT_06,CAT_06_ITEM_001,6,111.85,0.0,0,2.03074,1,0,0,0,0.4999999999999999,-0.8660254037844386
2016-06-30,CAT_06,CAT_06_ITEM_001,3,113.6,0.0,0,1.9806,0,0,0,0,1.2246467991473532e-16,-1.0
2016-07-31,CAT_06,CAT_06_ITEM_001,6,107.57,0.0,0,1.96447,0,0,0,0,-0.4999999999999997,-0.8660254037844387
2016-08-31,CAT_06,CAT_06_ITEM_001,2,115.02,0.0,0,2.06059,0,1,0,0,-0.8660254037844383,-0.5000000000000003
2015-01-31,CAT_06,CAT_06_ITEM_002,131,11.41,0.0,0,0.19734,0,0,0,0,0.4999999999999999,0.8660254037844386
2015-02-28,CAT_06,CAT_06_ITEM_002,92,10.62,0.0,0,0.18921,0,0,0,0,0.8660254037844385,0.5000000000000001
2015-03-31,CAT_06,CAT_06_ITEM_002,85,10.32,0.0,0,0.18456,0,0,0,0,1.0,6.123233995736766e-17
2015-04-30,CAT_06,CAT_06_ITEM_002,148,10.34,0.0,0,0.18299,0,0,0,0,0.8660254037844387,-0.4999999999999997
2015-05-31,CAT_06,CAT_06_ITEM_002,176,9.86,0.0,0,0.17887,1,0,0,0,0.4999999999999999,-0.8660254037844386
2015-06-30,CAT_06,CAT_06_ITEM_002,210,10.56,0.0,0,0.18375,0,0,0,0,1.2246467991473532e-16,-1.0
2015-07-31,CAT_06,CAT_06_ITEM_002,134,11.52,0.0,0,0.20881,0,0,0,0,-0.4999999999999997,-0.8660254037844387
2015-08-31,CAT_06,CAT_06_ITEM_002,157,9.71,0.0,0,0.17481,0,1,0,0,-0.8660254037844383,-0.5000000000000003
2015-09-30,CAT_06,CAT_06_ITEM_002,125,11.14,0.0,0,0.20001,0,0,0,0,-1.0,-1.8369701987210297e-16
2015-10-31,CAT_06,CAT_06_ITEM_002,190,10.89,0.0,0,0.18969,0,0,0,0,-0.8660254037844385,0.5
2015-11-30,CAT_06,CAT_06_ITEM_002,162,10.23,0.0,0,0.18106,0,0,0,1,-0.5000000000000003,0.8660254037844383
2015-12-31,CAT_06,CAT_06_ITEM_002,136,10.72,0.0,0,0.1927,0,0,1,0,-2.4492935982947064e-16,1.0
2016-01-31,CAT_06,CAT_06_ITEM_002,95,10.11,0.0,0,0.18125,0,0,0,0,0.4999999999999999,0.8660254037844386
2016-02-29,CAT_06,CAT_06_ITEM_002,134,9.97,0.0,0,0.17767,0,0,0,0,0.8660254037844385,0.5000000000000001
2016-03-31,CAT_06,CAT_06_ITEM_002,148,10.36,0.0,0,0.18246,0,0,0,0,1.0,6.123233995736766e-17
2016-04-30,CAT_06,CAT_06_ITEM_002,437,8.34,0.1908,1,0.1479,0,0,0,0,0.8660254037844387,-0.4999999999999997
2016-05-31,CAT_06,CAT_06_ITEM_002,199,10.33,0.0,0,0.18756,1,0,0,0,0.4999999999999999,-0.8660254037844386
2016-06-30,CAT_06,CAT_06_ITEM_002,245,10.27,0.0,0,0.17904,0,0,0,0,1.2246467991473532e-16,-1.0
2016-07-31,CAT_06,CAT_06_ITEM_002,193,10.77,0.0,0,0.19672,0,0,0,0,-0.4999999999999997,-0.8660254037844387
2016-08-31,CAT_06,CAT_06_ITEM_002,198,9.87,0.0,0,0.17677,0,1,0,0,-0.8660254037844383,-0.5000000000000003
2015-01-31,CAT_06,CAT_06_ITEM_003,59,17.13,0.0,0,0.29622,0,0,0,0,0.4999999999999999,0.8660254037844386
2015-02-28,CAT_06,CAT_06_ITEM_003,56,16.26,0.0,0,0.2897,0,0,0,0,0.8660254037844385,0.5000000000000001
2015-03-31,CAT_06,CAT_06_ITEM_003,130,12.9,0.2149,1,0.2307,0,0,0,0,1.0,6.123233995736766e-17
2015-04-30,CAT_06,CAT_06_ITEM_003,80,17.0,0.0,0,0.30084,0,0,0,0,0.8660254037844387,-0.4999999999999997
2015-05-31,CAT_06,CAT_06_ITEM_003,74,16.46,0.0,0,0.29853,1,0,0,0,0.4999999999999999,-0.8660254037844386
2015-06-30,CAT_06,CAT_06_ITEM_003,121,17.65,0.0,0,0.30713,0,0,0,0,1.2246467991473532e-16,-1.0
2015-07-31,CAT_06,CAT_06_ITEM_003,62,16.73,0.0,0,0.30342,0,0,0,0,-0.4999999999999997,-0.8660254037844387
2015-08-31,CAT_06,CAT_06_ITEM_003,71,17.6,0.0,0,0.31671,0,1,0,0,-0.8660254037844383,-0.5000000000000003
2015-09-30,CAT_06,CAT_06_ITEM_003,69,16.88,0.0,0,0.30321,0,0,0,0,-1.0,-1.8369701987210297e-16
2015-10-31,CAT_06,CAT_06_ITEM_003,89,17.07,0.0,0,0.29729,0,0,0,0,-0.8660254037844385,0.5
2015-11-30,CAT_06,CAT_06_ITEM_003,84,16.91,0.0,0,0.29921,0,0,0,1,-0.5000000000000003,0.8660254037844383
2015-12-31,CAT_06,CAT_06_ITEM_003,90,17.08,0.0,0,0.30714,0,0,1,0,-2.4492935982947064e-16,1.0
2016-01-31,CAT_06,CAT_06_ITEM_003,57,17.09,0.0,0,0.30638,0,0,0,0,0.4999999999999999,0.8660254037844386
2016-02-29,CAT_06,CAT_06_ITEM_003,61,16.46,0.0,0,0.29335,0,0,0,0,0.8660254037844385,0.5000000000000001
2016-03-31,CAT_06,CAT_06_ITEM_003,82,16.31,0.0,0,0.28721,0,0,0,0,1.0,6.123233995736766e-17
2016-04-30,CAT_06,CAT_06_ITEM_003,89,16.77,0.0,0,0.2976,0,0,0,0,0.8660254037844387,-0.4999999999999997
2016-05-31,CAT_06,CAT_06_ITEM_003,102,17.31,0.0,0,0.31434,1,0,0,0,0.4999999999999999,-0.8660254037844386
2016-06-30,CAT_06,CAT_06_ITEM_003,326,12.84,0.2477,1,0.22382,0,0,0,0,1.2246467991473532e-16,-1.0
2016-07-31,CAT_06,CAT_06_ITEM_003,103,16.23,0.0,0,0.29649,0,0,0,0,-0.4999999999999997,-0.8660254037844387
2016-08-31,CAT_06,CAT_06_ITEM_003,96,16.47,0.0,0,0.29511,0,1,0,0,-0.8660254037844383,-0.5000000000000003
2015-01-31,CAT_06,CAT_06_ITEM_004,91,28.15,0.0,0,0.48667,0,0,0,0,0.4999999999999999,0.8660254037844386
2015-02-28,CAT_06,CAT_06_ITEM_004,70,27.22,0.0,0,0.48497,0,0,0,0,0.8660254037844385,0.5000000000000001
2015-03-31,CAT_06,CAT_06_ITEM_004,67,26.12,0.0,0,0.46688,0,0,0,0,1.0,6.123233995736766e-17
2015-04-30,CAT_06,CAT_06_ITEM_004,281,19.94,0.223,1,0.35295,0,0,0,0,0.8660254037844387,-0.4999999999999997
2015-05-31,CAT_06,CAT_06_ITEM_004,153,27.71,0.0,0,0.50257,1,0,0,0,0.4999999999999999,-0.8660254037844386
2015-06-30,CAT_06,CAT_06_ITEM_004,163,26.46,0.0,0,0.46047,0,0,0,0,1.2246467991473532e-16,-1.0
2015-07-31,CAT_06,CAT_06_ITEM_004,94,27.28,0.0,0,0.49466,0,0,0,0,-0.4999999999999997,-0.8660254037844387
2015-08-31,CAT_06,CAT_06_ITEM_004,292,22.88,0.1361,1,0.41164,0,1,0,0,-0.8660254037844383,-0.5000000000000003
2015-09-30,CAT_06,CAT_06_ITEM_004,80,27.82,0.0,0,0.49965,0,0,0,0,-1.0,-1.8369701987210297e-16
2015-10-31,CAT_06,CAT_06_ITEM_004,122,26.64,0.0,0,0.46391,0,0,0,0,-0.8660254037844385,0.5
2015-11-30,CAT_06,CAT_06_ITEM_004,105,24.74,0.0,0,0.43778,0,0,0,1,-0.5000000000000003,0.8660254037844383
2015-12-31,CAT_06,CAT_06_ITEM_004,73,27.92,0.0,0,0.50193,0,0,1,0,-2.4492935982947064e-16,1.0
2016-01-31,CAT_06,CAT_06_ITEM_004,63,26.69,0.0,0,0.47864,0,0,0,0,0.4999999999999999,0.8660254037844386
2016-02-29,CAT_06,CAT_06_ITEM_004,111,26.01,0.0,0,0.46347,0,0,0,0,0.8660254037844385,0.5000000000000001
2016-03-31,CAT_06,CAT_06_ITEM_004,115,26.49,0.0,0,0.46656,0,0,0,0,1.0,6.123233995736766e-17
2016-04-30,CAT_06,CAT_06_ITEM_004,133,27.14,0.0,0,0.48146,0,0,0,0,0.8660254037844387,-0.4999999999999997
2016-05-31,CAT_06,CAT_06_ITEM_004,216,26.01,0.0,0,0.47215,1,0,0,0,0.4999999999999999,-0.8660254037844386
2016-06-30,CAT_06,CAT_06_ITEM_004,167,28.74,0.0,0,0.50111,0,0,0,0,1.2246467991473532e-16,-1.0
2016-07-31,CAT_06,CAT_06_ITEM_004,175,26.03,0.0,0,0.47544,0,0,0,0,-0.4999999999999997,-0.8660254037844387
2016-08-31,CAT_06,CAT_06_ITEM_004,146,26.84,0.0,0,0.48086,0,1,0,0,-0.8660254037844383,-0.5000000000000003
