data/raw/synthetic_retail_shares_brazil_2015_2025.csv
date,category_id,item_id,sales_qty,price,discount,promo_flag,price_rel,mothers_day_flag,fathers_day_flag,christmas_flag,black_friday_flag,month_sin,month_cos
2015-01-31,CAT_06,CAT_06_ITEM_005,0,111.87,0.0,0,1.93423,0,0,0,0,0.4999999999999999,0.8660254037844386
2015-02-28,CAT_06,CAT_06_ITEM_005,0,113.56,0.0,0,2.02335,0,0,0,0,0.8660254037844385,0.5000000000000001
2015-03-31,CAT_06,CAT_06_ITEM_005,0,109.66,0.0,0,1.96036,0,0,0,0,1.0,6.123233995736766e-17
2015-04-30,CAT_06,CAT_06_ITEM_005,1,105.8,0.0,0,1.87258,0,0,0,0,0.8660254037844387,-0.4999999999999997
2015-05-31,CAT_06,CAT_06_ITEM_005,1,110.34,0.0,0,2.00117,1,0,0,0,0.4999999999999999,-0.8660254037844386
2015-06-30,CAT_06,CAT_06_ITEM_005,0,109.75,0.0,0,1.91014,0,0,0,0,1.2246467991473532e-16,-1.0
2015-07-31,CAT_06,CAT_06_ITEM_005,2,94.16,0.167,1,1.70732,0,0,0,0,-0.4999999999999997,-0.8660254037844387
2015-08-31,CAT_06,CAT_06_ITEM_005,0,104.23,0.0,0,1.87553,0,1,0,0,-0.8660254037844383,-0.5000000000000003
2015-09-30,CAT_06,CAT_06_ITEM_005,0,114.92,0.0,0,2.06404,0,0,0,0,-1.0,-1.8369701987210297e-16
2015-10-31,CAT_06,CAT_06_ITEM_005,1,113.4,0.0,0,1.97511,0,0,0,0,-0.8660254037844385,0.5
2015-11-30,CAT_06,CAT_06_ITEM_005,0,112.51,0.0,0,1.99061,0,0,0,1,-0.5000000000000003,0.8660254037844383
2015-12-31,CAT_06,CAT_06_ITEM_005,0,106.54,0.0,0,1.91536,0,0,1,0,-2.4492935982947064e-16,1.0
2016-01-31,CAT_06,CAT_06_ITEM_005,1,108.62,0.0,0,1.94758,0,0,0,0,0.4999999999999999,0.8660254037844386
2016-02-29,CAT_06,CAT_06_ITEM_005,0,115.66,0.0,0,2.06081,0,0,0,0,0.8660254037844385,0.5000000000000001
2016-03-31,CAT_06,CAT_06_ITEM_005,0,115.34,0.0,0,2.03141,0,0,0,0,1.0,6.123233995736766e-17
2016-04-30,CAT_06,CAT_06_ITEM_005,0,113.25,0.0,0,2.0093,0,0,0,0,0.8660254037844387,-0.4999999999999997
2016-05-31,CAT_06,CAT_06_ITEM_005,0,110.09,0.0,0,1.99864,1,0,0,0,0.4999999999999999,-0.8660254037844386
2016-06-30,CAT_06,CAT_06_ITEM_005,1,112.05,0.0,0,1.9535,0,0,0,0,1.2246467991473532e-16,-1.0
2016-07-31,CAT_06,CAT_06_ITEM_005,0,111.99,0.0,0,2.04516,0,0,0,0,-0.4999999999999997,-0.8660254037844387
2016-08-31,CAT_06,CAT_06_ITEM_005,0,112.63,0.0,0,2.01766,0,1,0,0,-0.8660254037844383,-0.5000000000000003
2015-01-31,CAT_06,CAT_06_ITEM_006,3,60.56,0.0,0,1.04709,0,0,0,0,0.4999999999999999,0.8660254037844386
2015-02-28,CAT_06,CAT_06_ITEM_006,1,62.32,0.0,0,1.11045,0,0,0,0,0.8660254037844385,0.5000000000000001
2015-03-31,CAT_06,CAT_06_ITEM_006,3,61.51,0.0,0,1.09967,0,0,0,0,1.0,6.123233995736766e-17
2015-04-30,CAT_06,CAT_06_ITEM_006,2,61.97,0.0,0,1.09682,0,0,0,0,0.8660254037844387,-0.4999999999999997
2015-05-31,CAT_06,CAT_06_ITEM_006,5,58.3,0.0,0,1.05739,1,0,0,0,0.4999999999999999,-0.8660254037844386
2015-06-30,CAT_06,CAT_06_ITEM_006,9,57.41,0.0,0,0.99921,0,0,0,0,1.2246467991473532e-16,-1.0
2015-07-31,CAT_06,CAT_06_ITEM_006,6,47.38,0.2279,1,0.85902,0,0,0,0,-0.4999999999999997,-0.8660254037844387
2015-08-31,CAT_06,CAT_06_ITEM_006,1,62.12,0.0,0,1.11788,0,1,0,0,-0.8660254037844383,-0.5000000000000003
2015-09-30,CAT_06,CAT_06_ITEM_006,2,59.81,0.0,0,1.07432,0,0,0,0,-1.0,-1.8369701987210297e-16
2015-10-31,CAT_06,CAT_06_ITEM_006,7,62.48,0.0,0,1.08814,0,0,0,0,-0.8660254037844385,0.5
2015-11-30,CAT_06,CAT_06_ITEM_006,3,60.93,0.0,0,1.07792,0,0,0,1,-0.5000000000000003,0.8660254037844383
2015-12-31,CAT_06,CAT_06_ITEM_006,7,62.48,0.0,0,1.12321,0,0,1,0,-2.4492935982947064e-16,1.0
2016-01-31,CAT_06,CAT_06_ITEM_006,3,57.35,0.0,0,1.02843,0,0,0,0,0.4999999999999999,0.8660254037844386
2016-02-29,CAT_06,CAT_06_ITEM_006,1,59.5,0.0,0,1.06015,0,0,0,0,0.8660254037844385,0.5000000000000001
2016-03-31,CAT_06,CAT_06_ITEM_006,8,57.86,0.0,0,1.01907,0,0,0,0,1.0,6.123233995736766e-17
2016-04-30,CAT_06,CAT_06_ITEM_006,2,61.48,0.0,0,1.09082,0,0,0,0,0.8660254037844387,-0.4999999999999997
2016-05-31,CAT_06,CAT_06_ITEM_006,6,59.3,0.0,0,1.07661,1,0,0,0,0.4999999999999999,-0.8660254037844386
2016-06-30,CAT_06,CAT_06_ITEM_006,7,59.22,0.0,0,1.03241,0,0,0,0,1.2246467991473532e-16,-1.0
2016-07-31,CAT_06,CAT_06_ITEM_006,5,64.18,0.0,0,1.17218,0,0,0,0,-0.4999999999999997,-0.8660254037844387
2016-08-31,CAT_06,CAT_06_ITEM_006,6,60.33,0.0,0,1.08069,0,1,0,0,-0.8660254037844383,-0.5000000000000003
2015-01-31,CAT_06,CAT_06_ITEM_007,0,63.14,0.0,0,1.09173,0,0,0,0,0.4999999999999999,0.8660254037844386
2015-02-28,CAT_06,CAT_06_ITEM_007,0,64.34,0.0,0,1.1464,0,0,0,0,0.8660254037844385,0.5000000000000001
2015-03-31,CAT_06,CAT_06_ITEM_007,0,67.31,0.0,0,1.20326,0,0,0,0,1.0,6.123233995736766e-17
2015-04-30,CAT_06,CAT_06_ITEM_007,0,58.4,0.0,0,1.03361,0,0,0,0,0.8660254037844387,-0.4999999999999997
2015-05-31,CAT_06,CAT_06_ITEM_007,0,61.88,0.0,0,1.12225,1,0,0,0,0.4999999999999999,-0.8660254037844386
2015-06-30,CAT_06,CAT_06_ITEM_007,0,66.63,0.0,0,1.15963,0,0,0,0,1.2246467991473532e-16,-1.0
2015-07-31,CAT_06,CAT_06_ITEM_007,1,62.3,0.0,0,1.12971,0,0,0,0,-0.4999999999999997,-0.8660254037844387
2015-08-31,CAT_06,CAT_06_ITEM_007,0,51.29,0.1767,1,0.92302,0,1,0,0,-0.8660254037844383,-0.5000000000000003
2015-09-30,CAT_06,CAT_06_ITEM_007,0,63.27,0.0,0,1.13635,0,0,0,0,-1.0,-1.8369701987210297e-16
2015-10-31,CAT_06,CAT_06_ITEM_007,0,63.41,0.0,0,1.10443,0,0,0,0,-0.8660254037844385,0.5
2015-11-30,CAT_06,CAT_06_ITEM_007,0,60.03,0.0,0,1.062,0,0,0,1,-0.5000000000000003,0.8660254037844383
2015-12-31,CAT_06,CAT_06_ITEM_007,0,65.17,0.0,0,1.17166,0,0,1,0,-2.4492935982947064e-16,1.0
2016-01-31,CAT_06,CAT_06_ITEM_007,0,68.29,0.0,0,1.22454,0,0,0,0,0.4999999999999999,0.8660254037844386
2016-02-29,CAT_06,CAT_06_ITEM_007,0,44.6,0.1988,1,0.7947,0,0,0,0,0.8660254037844385,0.5000000000000001
2016-03-31,CAT_06,CAT_06_ITEM_007,0,59.77,0.0,0,1.05264,0,0,0,0,1.0,6.123233995736766e-17
2016-04-30,CAT_06,CAT_06_ITEM_007,0,62.87,0.0,0,1.11553,0,0,0,0,0.8660254037844387,-0.4999999999999997
2016-05-31,CAT_06,CAT_06_ITEM_007,1,50.65,0.1693,1,0.91948,1,0,0,0,0.4999999999999999,-0.8660254037844386
2016-06-30,CAT_06,CAT_06_ITEM_007,0,62.6,0.0,0,1.09136,0,0,0,0,1.2246467991473532e-16,-1.0
2016-07-31,CAT_06,CAT_06_ITEM_007,0,59.02,0.0,0,1.07783,0,0,0,0,-0.4999999999999997,-0.8660254037844387
2016-08-31,CAT_06,CAT_06_ITEM_007,1,62.88,0.0,0,1.1264,0,1,0,0,-0.8660254037844383,-0.5000000000000003
2015-01-31,CAT_06,CAT_06_ITEM_008,130,28.6,0.0,0,0.49455,0,0,0,0,0.4999999999999999,0.8660254037844386
2015-02-28,CAT_06,CAT_06_ITEM_008,96,29.89,0.0,0,0.53262,0,0,0,0,0.8660254037844385,0.5000000000000001
2015-03-31,CAT_06,CAT_06_ITEM_008,81,31.27,0.0,0,0.55908,0,0,0,0,1.0,6.123233995736766e-17
2015-04-30,CAT_06,CAT_06_ITEM_008,138,29.64,0.0,0,0.52463,0,0,0,0,0.8660254037844387,-0.4999999999999997
2015-05-31,CAT_06,CAT_06_ITEM_008,401,21.63,0.2699,1,0.39227,1,0,0,0,0.4999999999999999,-0.8660254037844386
2015-06-30,CAT_06,CAT_06_ITEM_008,203,29.96,0.0,0,0.5214,0,0,0,0,1.2246467991473532e-16,-1.0
2015-07-31,CAT_06,CAT_06_ITEM_008,345,25.0,0.134,1,0.45323,0,0,0,0,-0.4999999999999997,-0.8660254037844387
2015-08-31,CAT_06,CAT_06_ITEM_008,136,29.05,0.0,0,0.52283,0,1,0,0,-0.8660254037844383,-0.5000000000000003
2015-09-30,CAT_06,CAT_06_ITEM_008,112,29.55,0.0,0,0.53067,0,0,0,0,-1.0,-1.8369701987210297e-16
2015-10-31,CAT_06,CAT_06_ITEM_008,184,26.99,0.0,0,0.47001,0,0,0,0,-0.8660254037844385,0.5
2015-11-30,CAT_06,CAT_06_ITEM_008,152,29.69,0.0,0,0.52533,0,0,0,1,-0.5000000000000003,0.8660254037844383
2015-12-31,CAT_06,CAT_06_ITEM_008,364,25.35,0.1191,1,0.4557,0,0,1,0,-2.4492935982947064e-16,1.0
2016-01-31,CAT_06,CAT_06_ITEM_008,84,29.85,0.0,0,0.53528,0,0,0,0,0.4999999999999999,0.8660254037844386
2016-02-29,CAT_06,CAT_06_ITEM_008,104,30.51,0.0,0,0.54365,0,0,0,0,0.8660254037844385,0.5000000000000001
2016-03-31,CAT_06,CAT_06_ITEM_008,137,30.71,0.0,0,0.54083,0,0,0,0,1.0,6.123233995736766e-17
2016-04-30,CAT_06,CAT_06_ITEM_008,169,31.02,0.0,0,0.5504,0,0,0,0,0.8660254037844387,-0.4999999999999997
2016-05-31,CAT_06,CAT_06_ITEM_008,220,27.63,0.0,0,0.50169,1,0,0,0,0.4999999999999999,-0.8660254037844386
2016-06-30,CAT_06,CAT_06_ITEM_008,308,26.63,0.0,0,0.46426,0,0,0,0,1.2246467991473532e-16,-1.0
2016-07-31,CAT_06,CAT_06_ITEM_008,202,29.66,0.0,0,0.54163,0,0,0,0,-0.4999999999999997,-0.8660254037844387
2016-08-31,CAT_06,CAT_06_ITEM_008,159,30.14,0.0,0,0.53995,0,1,0,0,-0.8660254037844383,-0.5000000000000003
2015-01-31,CAT_06,CAT_06_ITEM_009,247,14.04,0.0,0,0.24273,0,0,0,0,0.4999999999999999,0.8660254037844386
2015-02-28,CAT_06,CAT_06_ITEM_009,401,12.79,0.1115,1,0.22795,0,0,0,0,0.8660254037844385,0.5000000000000001
2015-03-31,CAT_06,CAT_06_ITEM_009,398,11.93,0.1817,1,0.21319,0,0,0,0,1.0,6.123233995736766e-17
2015-04-30,CAT_06,CAT_06_ITEM_009,294,14.58,0.0,0,0.25802,0,0,0,0,0.8660254037844387,-0.4999999999999997
2015-05-31,CAT_06,CAT_06_ITEM_009,238,14.41,0.0,0,0.26137,1,0,0,0,0.4999999999999999,-0.8660254037844386
2015-06-30,CAT_06,CAT_06_ITEM_009,432,14.61,0.0,0,0.2543,0,0,0,0,1.2246467991473532e-16,-1.0
2015-07-31,CAT_06,CAT_06_ITEM_009,226,15.25,0.0,0,0.27646,0,0,0,0,-0.4999999999999997,-0.8660254037844387
2015-08-31,CAT_06,CAT_06_ITEM_009,548,10.49,0.2607,1,0.18885,0,1,0,0,-0.8660254037844383,-0.5000000000000003
2015-09-30,CAT_06,CAT_06_ITEM_009,551,10.36,0.2579,1,0.18607,0,0,0,0,-1.0,-1.8369701987210297e-16
2015-10-31,CAT_06,CAT_06_ITEM_009,336,14.03,0.0,0,0.24438,0,0,0,0,-0.8660254037844385,0.5
2015-11-30,CAT_06,CAT_06_ITEM_009,237,14.5,0.0,0,0.25647,0,0,0,1,-0.5000000000000003,0.8660254037844383
2015-12-31,CAT_06,CAT_06_ITEM_009,260,14.51,0.0,0,0.2608,0,0,1,0,-2.4492935982947064e-16,1.0
2016-01-31,CAT_06,CAT_06_ITEM_009,439,11.19,0.2064,1,0.20057,0,0,0,0,0.4999999999999999,0.8660254037844386
2016-02-29,CAT_06,CAT_06_ITEM_009,261,14.33,0.0,0,0.25526,0,0,0,0,0.8660254037844385,0.5000000000000001
2016-03-31,CAT_06,CAT_06_ITEM_009,272,14.32,0.0,0,0.25218,0,0,0,0,1.0,6.123233995736766e-17
2016-04-30,CAT_06,CAT_06_ITEM_009,303,13.78,0.0,0,0.24455,0,0,0,0,0.8660254037844387,-0.4999999999999997
2016-05-31,CAT_06,CAT_06_ITEM_009,325,13.95,0.0,0,0.25319,1,0,0,0,0.4999999999999999,-0.8660254037844386
2016-06-30,CAT_06,CAT_06_ITEM_009,510,14.41,0.0,0,0.25132,0,0,0,0,1.2246467991473532e-16,-1.0
2016-07-31,CAT_06,CAT_06_ITEM_009,389,14.49,0.0,0,0.26464,0,0,0,0,-0.4999999999999997,-0.8660254037844387
2016-08-31,CAT_06,CAT_06_ITEM_009,631,11.88,0.1425,1,0.21283,0,1,0,0,-0.8660254037844383,-0.5000000000000003
2015-01-31,CAT_06,CAT_06_ITEM_010,26,98.27,0.0,0,1.69918,0,0,0,0,0.4999999999999999,0.8660254037844386
2015-02-28,CAT_06,CAT_06_ITEM_010,35,83.74,0.0,0,1.49204,0,0,0,0,0.8660254037844385,0.5000000000000001
2015-03-31,CAT_06,CAT_06_ITEM_010,12,96.09,0.0,0,1.71787,0,0,0,0,1.0,6.123233995736766e-17
2015-04-30,CAT_06,CAT_06_ITEM_010,19,95.22,0.0,0,1.68542,0,0,0,0,0.8660254037844387,-0.4999999999999997
2015-05-31,CAT_06,CAT_06_ITEM_010,32,96.44,0.0,0,1.74917,1,0,0,0,0.4999999999999999,-0.8660254037844386
2015-06-30,CAT_06,CAT_06_ITEM_010,27,106.77,0.0,0,1.85835,0,0,0,0,1.2246467991473532e-16,-1.0
2015-07-31,CAT_06,CAT_06_ITEM_010,109,80.35,0.1803,1,1.45683,0,0,0,0,-0.4999999999999997,-0.8660254037844387
2015-08-31,CAT_06,CAT_06_ITEM_010,14,94.59,0.0,0,1.70202,0,1,0,0,-0.8660254037844383,-0.5000000000000003
2015-09-30,CAT_06,CAT_06_ITEM_010,31,95.16,0.0,0,1.70913,0,0,0,0,-1.0,-1.8369701987210297e-16
2015-10-31,CAT_06,CAT_06_ITEM_010,43,98.81,0.0,0,1.72106,0,0,0,0,-0.8660254037844385,0.5
2015-11-30,CAT_06,CAT_06_ITEM_010,39,87.59,0.0,0,1.54968,0,0,0,1,-0.5000000000000003,0.8660254037844383
2015-12-31,CAT_06,CAT_06_ITEM_010,35,82.39,0.0,0,1.48111,0,0,1,0,-2.4492935982947064e-16,1.0
2016-01-31,CAT_06,CAT_06_ITEM_010,11,102.51,0.0,0,1.83814,0,0,0,0,0.4999999999999999,0.8660254037844386
2016-02-29,CAT_06,CAT_06_ITEM_010,28,91.84,0.0,0,1.63642,0,0,0,0,0.8660254037844385,0.5000000000000001
2016-03-31,CAT_06,CAT_06_ITEM_010,32,91.95,0.0,0,1.6195,0,0,0,0,1.0,6.123233995736766e-17
2016-04-30,CAT_06,CAT_06_ITEM_010,37,88.79,0.0,0,1.57545,0,0,0,0,0.8660254037844387,-0.4999999999999997
2016-05-31,CAT_06,CAT_06_ITEM_010,81,86.19,0.0,0,1.56472,1,0,0,0,0.4999999999999999,-0.8660254037844386
2016-06-30,CAT_06,CAT_06_ITEM_010,57,97.48,0.0,0,1.6995,0,0,0,0,1.2246467991473532e-16,-1.0
2016-07-31,CAT_06,CAT_06_ITEM_010,44,95.48,0.0,0,1.74367,0,0,0,0,-0.4999999999999997,-0.8660254037844387
2016-08-31,CAT_06,CAT_06_ITEM_010,26,90.08,0.0,0,1.61366,0,1,0,0,-0.8660254037844383,-0.5000000000000003
2015-01-31,CAT_06,CAT_06_ITEM_011,1,85.1,0.0,0,1.47149,0,0,0,0,0.4999999999999999,0.8660254037844386
2015-02-28,CAT_06,CAT_06_ITEM_011,0,83.22,0.0,0,1.48273,0,0,0,0,0.8660254037844385,0.5000000000000001
2015-03-31,CAT_06,CAT_06_ITEM_011,2,58.22,0.275,1,1.04086,0,0,0,0,1.0,6.123233995736766e-17
2015-04-30,CAT_06,CAT_06_ITEM_011,4,80.4,0.0,0,1.42306,0,0,0,0,0.8660254037844387,-0.4999999999999997
2015-05-31,CAT_06,CAT_06_ITEM_011,0,83.42,0.0,0,1.51301,1,0,0,0,0.4999999999999999,-0.8660254037844386
2015-06-30,CAT_06,CAT_06_ITEM_011,0,83.19,0.0,0,1.44796,0,0,0,0,1.2246467991473532e-16,-1.0
2015-07-31,CAT_06,CAT_06_ITEM_011,0,84.16,0.0,0,1.52601,0,0,0,0,-0.4999999999999997,-0.8660254037844387
2015-08-31,CAT_06,CAT_06_ITEM_011,2,83.77,0.0,0,1.50734,0,1,0,0,-0.8660254037844383,-0.5000000000000003
2015-09-30,CAT_06,CAT_06_ITEM_011,1,81.69,0.0,0,1.46723,0,0,0,0,-1.0,-1.8369701987210297e-16
2015-10-31,CAT_06,CAT_06_ITEM_011,3,80.31,0.0,0,1.39871,0,0,0,0,-0.8660254037844385,0.5
2015-11-30,CAT_06,CAT_06_ITEM_011,1,83.21,0.0,0,1.47206,0,0,0,1,-0.5000000000000003,0.8660254037844383
2015-12-31,CAT_06,CAT_06_ITEM_011,6,73.94,0.1123,1,1.32925,0,0,1,0,-2.4492935982947064e-16,1.0
2016-01-31,CAT_06,CAT_06_ITEM_011,1,67.12,0.1984,1,1.20353,0,0,0,0,0.4999999999999999,0.8660254037844386
2016-02-29,CAT_06,CAT_06_ITEM_011,1,84.73,0.0,0,1.50978,0,0,0,0,0.8660254037844385,0.5000000000000001
2016-03-31,CAT_06,CAT_06_ITEM_011,1,84.56,0.0,0,1.48929,0,0,0,0,1.0,6.123233995736766e-17
2016-04-30,CAT_06,CAT_06_ITEM_011,0,82.65,0.0,0,1.4664,0,0,0,0,0.8660254037844387,-0.4999999999999997
2016-05-31,CAT_06,CAT_06_ITEM_011,0,85.16,0.0,0,1.54606,1,0,0,0,0.4999999999999999,-0.8660254037844386
2016-06-30,CAT_06,CAT_06_ITEM_011,2,83.7,0.0,0,1.45927,0,0,0,0,1.2246467991473532e-16,-1.0
2016-07-31,CAT_06,CAT_06_ITEM_011,12,63.17,0.2548,1,1.15361,0,0,0,0,-0.4999999999999997,-0.8660254037844387
2016-08-31,CAT_06,CAT_06_ITEM_011,0,81.74,0.0,0,1.46435,0,1,0,0,-0.8660254037844383,-0.5000000000000003
2015-01-31,CAT_06,CAT_06_ITEM_012,73,48.33,0.0,0,0.83557,0,0,0,0,0.4999999999999999,0.8660254037844386
2015-02-28,CAT_06,CAT_06_ITEM_012,28,50.67,0.0,0,0.90274,0,0,0,0,0.8660254037844385,0.5000000000000001
2015-03-31,CAT_06,CAT_06_ITEM_012,38,49.69,0.0,0,0.88826,0,0,0,0,1.0,6.123233995736766e-17
2015-04-30,CAT_06,CAT_06_ITEM_012,57,50.17,0.0,0,0.88793,0,0,0,0,0.8660254037844387,-0.4999999999999997
2015-05-31,CAT_06,CAT_06_ITEM_012,63,54.73,0.0,0,0.99264,1,0,0,0,0.4999999999999999,-0.8660254037844386
2015-06-30,CAT_06,CAT_06_ITEM_012,113,47.71,0.0,0,0.83033,0,0,0,0,1.2246467991473532e-16,-1.0
2015-07-31,CAT_06,CAT_06_ITEM_012,64,48.57,0.0,0,0.88064,0,0,0,0,-0.4999999999999997,-0.8660254037844387
2015-08-31,CAT_06,CAT_06_ITEM_012,50,49.84,0.0,0,0.8968,0,1,0,0,-0.8660254037844383,-0.5000000000000003
2015-09-30,CAT_06,CAT_06_ITEM_012,53,49.65,0.0,0,0.89179,0,0,0,0,-1.0,-1.8369701987210297e-16
2015-10-31,CAT_06,CAT_06_ITEM_012,101,52.05,0.0,0,0.90659,0,0,0,0,-0.8660254037844385,0.5
2015-11-30,CAT_06,CAT_06_ITEM_012,60,52.68,0.0,0,0.93197,0,0,0,1,-0.5000000000000003,0.8660254037844383
2015-12-31,CAT_06,CAT_06_ITEM_012,64,52.61,0.0,0,0.94586,0,0,1,0,-2.4492935982947064e-16,1.0
2016-01-31,CAT_06,CAT_06_ITEM_012,28,55.57,0.0,0,0.99646,0,0,0,0,0.4999999999999999,0.8660254037844386
2016-02-29,CAT_06,CAT_06_ITEM_012,159,42.12,0.136,1,0.75053,0,0,0,0,0.8660254037844385,0.5000000000000001
2016-03-31,CAT_06,CAT_06_ITEM_012,72,48.87,0.0,0,0.86075,0,0,0,0,1.0,6.123233995736766e-17
2016-04-30,CAT_06,CAT_06_ITEM_012,293,36.36,0.2556,1,0.6451,0,0,0,0,0.8660254037844387,-0.4999999999999997
2016-05-31,CAT_06,CAT_06_ITEM_012,104,49.08,0.0,0,0.89097,1,0,0,0,0.4999999999999999,-0.8660254037844386
2016-06-30,CAT_06,CAT_06_ITEM_012,119,50.89,0.0,0,0.88727,0,0,0,0,1.2246467991473532e-16,-1.0
2016-07-31,CAT_06,CAT_06_ITEM_012,81,52.31,0.0,0,0.95531,0,0,0,0,-0.4999999999999997,-0.8660254037844387
2016-08-31,CAT_06,CAT_06_ITEM_012,66,51.11,0.0,0,0.91554,0,1,0,0,-0.8660254037844383,-0.5000000000000003
