data/raw/synthetic_retail_shares_brazil_2015_2025.csv
date,category_id,item_id,sales_qty,price,discount,promo_flag,price_rel,mothers_day_flag,fathers_day_flag,christmas_flag,black_friday_flag,month_sin,month_cos
2015-01-31,CAT_06,CAT_06_ITEM_013,25,74.5,0.0,0,1.28806,0,0,0,0,0.4999999999999999,0.8660254037844386
2015-02-28,CAT_06,CAT_06_ITEM_013,19,73.35,0.0,0,1.30694,0,0,0,0,0.8660254037844385,0.5000000000000001
2015-03-31,CAT_06,CAT_06_ITEM_013,14,73.59,0.0,0,1.31565,0,0,0,0,1.0,6.123233995736766e-17
2015-04-30,CAT_06,CAT_06_ITEM_013,19,76.45,0.0,0,1.35316,0,0,0,0,0.8660254037844387,-0.4999999999999997
2015-05-31,CAT_06,CAT_06_ITEM_013,173,55.04,0.269,1,0.99818,1,0,0,0,0.4999999999999999,-0.8660254037844386
2015-06-30,CAT_06,CAT_06_ITEM_013,33,71.25,0.0,0,1.24018,0,0,0,0,1.2246467991473532e-16,-1.0
2015-07-31,CAT_06,CAT_06_ITEM_013,42,71.07,0.0,0,1.28872,0,0,0,0,-0.4999999999999997,-0.8660254037844387
2015-08-31,CAT_06,CAT_06_ITEM_013,17,74.44,0.0,0,1.33957,0,1,0,0,-0.8660254037844383,-0.5000000000000003
2015-09-30,CAT_06,CAT_06_ITEM_013,89,57.1,0.1994,1,1.02557,0,0,0,0,-1.0,-1.8369701987210297e-16
2015-10-31,CAT_06,CAT_06_ITEM_013,35,73.77,0.0,0,1.28481,0,0,0,0,-0.8660254037844385,0.5
2015-11-30,CAT_06,CAT_06_ITEM_013,34,71.17,0.0,0,1.25905,0,0,0,1,-0.5000000000000003,0.8660254037844383
2015-12-31,CAT_06,CAT_06_ITEM_013,16,73.33,0.0,0,1.31821,0,0,1,0,-2.4492935982947064e-16,1.0
2016-01-31,CAT_06,CAT_06_ITEM_013,20,66.65,0.0,0,1.19509,0,0,0,0,0.4999999999999999,0.8660254037844386
2016-02-29,CAT_06,CAT_06_ITEM_013,27,69.94,0.0,0,1.24617,0,0,0,0,0.8660254037844385,0.5000000000000001
2016-03-31,CAT_06,CAT_06_ITEM_013,35,67.71,0.0,0,1.19254,0,0,0,0,1.0,6.123233995736766e-17
2016-04-30,CAT_06,CAT_06_ITEM_013,28,75.39,0.0,0,1.33757,0,0,0,0,0.8660254037844387,-0.4999999999999997
2016-05-31,CAT_06,CAT_06_ITEM_013,61,70.89,0.0,0,1.28703,1,0,0,0,0.4999999999999999,-0.8660254037844386
2016-06-30,CAT_06,CAT_06_ITEM_013,59,73.61,0.0,0,1.28334,0,0,0,0,1.2246467991473532e-16,-1.0
2016-07-31,CAT_06,CAT_06_ITEM_013,31,75.51,0.0,0,1.37893,0,0,0,0,-0.4999999999999997,-0.8660254037844387
2016-08-31,CAT_06,CAT_06_ITEM_013,34,70.39,0.0,0,1.26107,0,1,0,0,-0.8660254037844383,-0.5000000000000003
2015-01-31,CAT_06,CAT_06_ITEM_014,1,109.52,0.0,0,1.8937,0,0,0,0,0.4999999999999999,0.8660254037844386
2015-02-28,CAT_06,CAT_06_ITEM_014,0,105.85,0.0,0,1.88592,0,0,0,0,0.8660254037844385,0.5000000000000001
2015-03-31,CAT_06,CAT_06_ITEM_014,1,107.62,0.0,0,1.92397,0,0,0,0,1.0,6.123233995736766e-17
2015-04-30,CAT_06,CAT_06_ITEM_014,0,114.82,0.0,0,2.03221,0,0,0,0,0.8660254037844387,-0.4999999999999997
2015-05-31,CAT_06,CAT_06_ITEM_014,5,98.64,0.1641,1,1.78898,1,0,0,0,0.4999999999999999,-0.8660254037844386
2015-06-30,CAT_06,CAT_06_ITEM_014,0,106.91,0.0,0,1.86084,0,0,0,0,1.2246467991473532e-16,-1.0
2015-07-31,CAT_06,CAT_06_ITEM_014,1,112.57,0.0,0,2.04102,0,0,0,0,-0.4999999999999997,-0.8660254037844387
2015-08-31,CAT_06,CAT_06_ITEM_014,1,109.55,0.0,0,1.97126,0,1,0,0,-0.8660254037844383,-0.5000000000000003
2015-09-30,CAT_06,CAT_06_ITEM_014,3,104.39,0.0,0,1.87496,0,0,0,0,-1.0,-1.8369701987210297e-16
2015-10-31,CAT_06,CAT_06_ITEM_014,1,107.65,0.0,0,1.87488,0,0,0,0,-0.8660254037844385,0.5
2015-11-30,CAT_06,CAT_06_ITEM_014,1,107.23,0.0,0,1.8971,0,0,0,1,-0.5000000000000003,0.8660254037844383
2015-12-31,CAT_06,CAT_06_ITEM_014,2,108.02,0.0,0,1.94195,0,0,1,0,-2.4492935982947064e-16,1.0
2016-01-31,CAT_06,CAT_06_ITEM_014,0,109.17,0.0,0,1.9576,0,0,0,0,0.4999999999999999,0.8660254037844386
2016-02-29,CAT_06,CAT_06_ITEM_014,1,111.47,0.0,0,1.98618,0,0,0,0,0.8660254037844385,0.5000000000000001
2016-03-31,CAT_06,CAT_06_ITEM_014,1,105.7,0.0,0,1.8616,0,0,0,0,1.0,6.123233995736766e-17
2016-04-30,CAT_06,CAT_06_ITEM_014,1,109.34,0.0,0,1.94002,0,0,0,0,0.8660254037844387,-0.4999999999999997
2016-05-31,CAT_06,CAT_06_ITEM_014,2,105.03,0.0,0,1.90691,1,0,0,0,0.4999999999999999,-0.8660254037844386
2016-06-30,CAT_06,CAT_06_ITEM_014,1,113.02,0.0,0,1.97051,0,0,0,0,1.2246467991473532e-16,-1.0
2016-07-31,CAT_06,CAT_06_ITEM_014,0,115.02,0.0,0,2.10062,0,0,0,0,-0.4999999999999997,-0.8660254037844387
2016-08-31,CAT_06,CAT_06_ITEM_014,0,103.89,0.0,0,1.86107,0,1,0,0,-0.8660254037844383,-0.5000000000000003
2015-01-31,CAT_06,CAT_06_ITEM_015,27,48.09,0.0,0,0.83143,0,0,0,0,0.4999999999999999,0.8660254037844386
2015-02-28,CAT_06,CAT_06_ITEM_015,54,41.57,0.1422,1,0.74074,0,0,0,0,0.8660254037844385,0.5000000000000001
2015-03-31,CAT_06,CAT_06_ITEM_015,13,48.06,0.0,0,0.85916,0,0,0,0,1.0,6.123233995736766e-17
2015-04-30,CAT_06,CAT_06_ITEM_015,29,48.9,0.0,0,0.86548,0,0,0,0,0.8660254037844387,-0.4999999999999997
2015-05-31,CAT_06,CAT_06_ITEM_015,107,38.91,0.187,1,0.70575,1,0,0,0,0.4999999999999999,-0.8660254037844386
2015-06-30,CAT_06,CAT_06_ITEM_015,57,47.16,0.0,0,0.82087,0,0,0,0,1.2246467991473532e-16,-1.0
2015-07-31,CAT_06,CAT_06_ITEM_015,25,49.53,0.0,0,0.898,0,0,0,0,-0.4999999999999997,-0.8660254037844387
2015-08-31,CAT_06,CAT_06_ITEM_015,24,47.03,0.0,0,0.84623,0,1,0,0,-0.8660254037844383,-0.5000000000000003
2015-09-30,CAT_06,CAT_06_ITEM_015,16,48.29,0.0,0,0.86734,0,0,0,0,-1.0,-1.8369701987210297e-16
2015-10-31,CAT_06,CAT_06_ITEM_015,28,45.16,0.0,0,0.78649,0,0,0,0,-0.8660254037844385,0.5
2015-11-30,CAT_06,CAT_06_ITEM_015,30,47.44,0.0,0,0.83925,0,0,0,1,-0.5000000000000003,0.8660254037844383
2015-12-31,CAT_06,CAT_06_ITEM_015,20,49.55,0.0,0,0.89069,0,0,1,0,-2.4492935982947064e-16,1.0
2016-01-31,CAT_06,CAT_06_ITEM_015,16,46.24,0.0,0,0.82909,0,0,0,0,0.4999999999999999,0.8660254037844386
2016-02-29,CAT_06,CAT_06_ITEM_015,20,47.17,0.0,0,0.84045,0,0,0,0,0.8660254037844385,0.5000000000000001
2016-03-31,CAT_06,CAT_06_ITEM_015,28,48.39,0.0,0,0.85227,0,0,0,0,1.0,6.123233995736766e-17
2016-04-30,CAT_06,CAT_06_ITEM_015,47,45.36,0.0,0,0.8049,0,0,0,0,0.8660254037844387,-0.4999999999999997
2016-05-31,CAT_06,CAT_06_ITEM_015,60,47.33,0.0,0,0.8593,1,0,0,0,0.4999999999999999,-0.8660254037844386
2016-06-30,CAT_06,CAT_06_ITEM_015,51,49.45,0.0,0,0.86212,0,0,0,0,1.2246467991473532e-16,-1.0
2016-07-31,CAT_06,CAT_06_ITEM_015,128,42.03,0.1296,1,0.76764,0,0,0,0,-0.4999999999999997,-0.8660254037844387
2016-08-31,CAT_06,CAT_06_ITEM_015,33,47.36,0.0,0,0.84848,0,1,0,0,-0.8660254037844383,-0.5000000000000003
2015-01-31,CAT_06,CAT_06_ITEM_016,88,23.99,0.0,0,0.41477,0,0,0,0,0.4999999999999999,0.8660254037844386
2015-02-28,CAT_06,CAT_06_ITEM_016,45,23.86,0.0,0,0.42519,0,0,0,0,0.8660254037844385,0.5000000000000001
2015-03-31,CAT_06,CAT_06_ITEM_016,57,23.76,0.0,0,0.42484,0,0,0,0,1.0,6.123233995736766e-17
2015-04-30,CAT_06,CAT_06_ITEM_016,103,23.95,0.0,0,0.42388,0,0,0,0,0.8660254037844387,-0.4999999999999997
2015-05-31,CAT_06,CAT_06_ITEM_016,100,23.66,0.0,0,0.42905,1,0,0,0,0.4999999999999999,-0.8660254037844386
2015-06-30,CAT_06,CAT_06_ITEM_016,128,23.71,0.0,0,0.41263,0,0,0,0,1.2246467991473532e-16,-1.0
2015-07-31,CAT_06,CAT_06_ITEM_016,78,23.59,0.0,0,0.42769,0,0,0,0,-0.4999999999999997,-0.8660254037844387
2015-08-31,CAT_06,CAT_06_ITEM_016,89,23.9,0.0,0,0.43013,0,1,0,0,-0.8660254037844383,-0.5000000000000003
2015-09-30,CAT_06,CAT_06_ITEM_016,65,23.76,0.0,0,0.42669,0,0,0,0,-1.0,-1.8369701987210297e-16
2015-10-31,CAT_06,CAT_06_ITEM_016,134,23.65,0.0,0,0.41197,0,0,0,0,-0.8660254037844385,0.5
2015-11-30,CAT_06,CAT_06_ITEM_016,55,24.12,0.0,0,0.42668,0,0,0,1,-0.5000000000000003,0.8660254037844383
2015-12-31,CAT_06,CAT_06_ITEM_016,78,24.14,0.0,0,0.43406,0,0,1,0,-2.4492935982947064e-16,1.0
2016-01-31,CAT_06,CAT_06_ITEM_016,45,23.6,0.0,0,0.42313,0,0,0,0,0.4999999999999999,0.8660254037844386
2016-02-29,CAT_06,CAT_06_ITEM_016,84,23.76,0.0,0,0.42335,0,0,0,0,0.8660254037844385,0.5000000000000001
2016-03-31,CAT_06,CAT_06_ITEM_016,87,23.92,0.0,0,0.42135,0,0,0,0,1.0,6.123233995736766e-17
2016-04-30,CAT_06,CAT_06_ITEM_016,105,23.7,0.0,0,0.42052,0,0,0,0,0.8660254037844387,-0.4999999999999997
2016-05-31,CAT_06,CAT_06_ITEM_016,152,24.12,0.0,0,0.43792,1,0,0,0,0.4999999999999999,-0.8660254037844386
2016-06-30,CAT_06,CAT_06_ITEM_016,158,23.98,0.0,0,0.41817,0,0,0,0,1.2246467991473532e-16,-1.0
2016-07-31,CAT_06,CAT_06_ITEM_016,102,23.68,0.0,0,0.43254,0,0,0,0,-0.4999999999999997,-0.8660254037844387
2016-08-31,CAT_06,CAT_06_ITEM_016,109,23.49,0.0,0,0.42084,0,1,0,0,-0.8660254037844383,-0.5000000000000003
2015-01-31,CAT_06,CAT_06_ITEM_017,8,85.09,0.0,0,1.4712,0,0,0,0,0.4999999999999999,0.8660254037844386
2015-02-28,CAT_06,CAT_06_ITEM_017,11,81.92,0.0,0,1.45962,0,0,0,0,0.8660254037844385,0.5000000000000001
2015-03-31,CAT_06,CAT_06_ITEM_017,3,83.61,0.0,0,1.4947,0,0,0,0,1.0,6.123233995736766e-17
2015-04-30,CAT_06,CAT_06_ITEM_017,12,79.09,0.0,0,1.39991,0,0,0,0,0.8660254037844387,-0.4999999999999997
2015-05-31,CAT_06,CAT_06_ITEM_017,9,82.43,0.0,0,1.49499,1,0,0,0,0.4999999999999999,-0.8660254037844386
2015-06-30,CAT_06,CAT_06_ITEM_017,14,80.35,0.0,0,1.39843,0,0,0,0,1.2246467991473532e-16,-1.0
2015-07-31,CAT_06,CAT_06_ITEM_017,8,80.66,0.0,0,1.46247,0,0,0,0,-0.4999999999999997,-0.8660254037844387
2015-08-31,CAT_06,CAT_06_ITEM_017,2,78.03,0.0,0,1.40414,0,1,0,0,-0.8660254037844383,-0.5000000000000003
2015-09-30,CAT_06,CAT_06_ITEM_017,5,80.19,0.0,0,1.44024,0,0,0,0,-1.0,-1.8369701987210297e-16
2015-10-31,CAT_06,CAT_06_ITEM_017,3,88.34,0.0,0,1.53857,0,0,0,0,-0.8660254037844385,0.5
2015-11-30,CAT_06,CAT_06_ITEM_017,6,78.43,0.0,0,1.38758,0,0,0,1,-0.5000000000000003,0.8660254037844383
2015-12-31,CAT_06,CAT_06_ITEM_017,5,79.62,0.0,0,1.43144,0,0,1,0,-2.4492935982947064e-16,1.0
2016-01-31,CAT_06,CAT_06_ITEM_017,2,82.96,0.0,0,1.48755,0,0,0,0,0.4999999999999999,0.8660254037844386
2016-02-29,CAT_06,CAT_06_ITEM_017,1,84.57,0.0,0,1.50677,0,0,0,0,0.8660254037844385,0.5000000000000001
2016-03-31,CAT_06,CAT_06_ITEM_017,7,80.03,0.0,0,1.40954,0,0,0,0,1.0,6.123233995736766e-17
2016-04-30,CAT_06,CAT_06_ITEM_017,9,82.28,0.0,0,1.4599,0,0,0,0,0.8660254037844387,-0.4999999999999997
2016-05-31,CAT_06,CAT_06_ITEM_017,17,82.87,0.0,0,1.50444,1,0,0,0,0.4999999999999999,-0.8660254037844386
2016-06-30,CAT_06,CAT_06_ITEM_017,6,81.16,0.0,0,1.41499,0,0,0,0,1.2246467991473532e-16,-1.0
2016-07-31,CAT_06,CAT_06_ITEM_017,15,77.73,0.0,0,1.4196,0,0,0,0,-0.4999999999999997,-0.8660254037844387
2016-08-31,CAT_06,CAT_06_ITEM_017,8,83.6,0.0,0,1.49756,0,1,0,0,-0.8660254037844383,-0.5000000000000003
2015-01-31,CAT_06,CAT_06_ITEM_018,21,45.99,0.0,0,0.79515,0,0,0,0,0.4999999999999999,0.8660254037844386
2015-02-28,CAT_06,CAT_06_ITEM_018,47,38.23,0.172,1,0.6812,0,0,0,0,0.8660254037844385,0.5000000000000001
2015-03-31,CAT_06,CAT_06_ITEM_018,12,46.02,0.0,0,0.82266,0,0,0,0,1.0,6.123233995736766e-17
2015-04-30,CAT_06,CAT_06_ITEM_018,56,41.72,0.103,1,0.7384,0,0,0,0,0.8660254037844387,-0.4999999999999997
2015-05-31,CAT_06,CAT_06_ITEM_018,21,45.39,0.0,0,0.82317,1,0,0,0,0.4999999999999999,-0.8660254037844386
2015-06-30,CAT_06,CAT_06_ITEM_018,22,44.77,0.0,0,0.77929,0,0,0,0,1.2246467991473532e-16,-1.0
2015-07-31,CAT_06,CAT_06_ITEM_018,14,47.71,0.0,0,0.86515,0,0,0,0,-0.4999999999999997,-0.8660254037844387
2015-08-31,CAT_06,CAT_06_ITEM_018,15,46.11,0.0,0,0.82976,0,1,0,0,-0.8660254037844383,-0.5000000000000003
2015-09-30,CAT_06,CAT_06_ITEM_018,15,45.69,0.0,0,0.82068,0,0,0,0,-1.0,-1.8369701987210297e-16
2015-10-31,CAT_06,CAT_06_ITEM_018,22,45.21,0.0,0,0.78742,0,0,0,0,-0.8660254037844385,0.5
2015-11-30,CAT_06,CAT_06_ITEM_018,21,46.4,0.0,0,0.82084,0,0,0,1,-0.5000000000000003,0.8660254037844383
2015-12-31,CAT_06,CAT_06_ITEM_018,17,45.8,0.0,0,0.82327,0,0,1,0,-2.4492935982947064e-16,1.0
2016-01-31,CAT_06,CAT_06_ITEM_018,13,44.22,0.0,0,0.79285,0,0,0,0,0.4999999999999999,0.8660254037844386
2016-02-29,CAT_06,CAT_06_ITEM_018,22,46.54,0.0,0,0.82916,0,0,0,0,0.8660254037844385,0.5000000000000001
2016-03-31,CAT_06,CAT_06_ITEM_018,21,44.97,0.0,0,0.79198,0,0,0,0,1.0,6.123233995736766e-17
2016-04-30,CAT_06,CAT_06_ITEM_018,20,45.95,0.0,0,0.81533,0,0,0,0,0.8660254037844387,-0.4999999999999997
2016-05-31,CAT_06,CAT_06_ITEM_018,68,39.19,0.1449,1,0.71148,1,0,0,0,0.4999999999999999,-0.8660254037844386
2016-06-30,CAT_06,CAT_06_ITEM_018,29,44.02,0.0,0,0.76743,0,0,0,0,1.2246467991473532e-16,-1.0
2016-07-31,CAT_06,CAT_06_ITEM_018,30,45.69,0.0,0,0.83445,0,0,0,0,-0.4999999999999997,-0.8660254037844387
2016-08-31,CAT_06,CAT_06_ITEM_018,20,46.58,0.0,0,0.8345,0,1,0,0,-0.8660254037844383,-0.5000000000000003
2015-01-31,CAT_06,CAT_06_ITEM_019,9,107.6,0.0,0,1.86047,0,0,0,0,0.4999999999999999,0.8660254037844386
2015-02-28,CAT_06,CAT_06_ITEM_019,9,102.54,0.0,0,1.82698,0,0,0,0,0.8660254037844385,0.5000000000000001
2015-03-31,CAT_06,CAT_06_ITEM_019,5,98.28,0.0,0,1.75694,0,0,0,0,1.0,6.123233995736766e-17
2015-04-30,CAT_06,CAT_06_ITEM_019,5,105.83,0.0,0,1.87322,0,0,0,0,0.8660254037844387,-0.4999999999999997
2015-05-31,CAT_06,CAT_06_ITEM_019,3,105.5,0.0,0,1.91335,1,0,0,0,0.4999999999999999,-0.8660254037844386
2015-06-30,CAT_06,CAT_06_ITEM_019,10,107.98,0.0,0,1.8794,0,0,0,0,1.2246467991473532e-16,-1.0
2015-07-31,CAT_06,CAT_06_ITEM_019,4,104.87,0.0,0,1.90149,0,0,0,0,-0.4999999999999997,-0.8660254037844387
2015-08-31,CAT_06,CAT_06_ITEM_019,1,101.46,0.0,0,1.82577,0,1,0,0,-0.8660254037844383,-0.5000000000000003
2015-09-30,CAT_06,CAT_06_ITEM_019,4,106.06,0.0,0,1.90492,0,0,0,0,-1.0,-1.8369701987210297e-16
2015-10-31,CAT_06,CAT_06_ITEM_019,4,103.02,0.0,0,1.79426,0,0,0,0,-0.8660254037844385,0.5
2015-11-30,CAT_06,CAT_06_ITEM_019,1,103.26,0.0,0,1.82686,0,0,0,1,-0.5000000000000003,0.8660254037844383
2015-12-31,CAT_06,CAT_06_ITEM_019,21,91.95,0.1305,1,1.65299,0,0,1,0,-2.4492935982947064e-16,1.0
2016-01-31,CAT_06,CAT_06_ITEM_019,4,104.48,0.0,0,1.87346,0,0,0,0,0.4999999999999999,0.8660254037844386
2016-02-29,CAT_06,CAT_06_ITEM_019,6,104.33,0.0,0,1.85884,0,0,0,0,0.8660254037844385,0.5000000000000001
2016-03-31,CAT_06,CAT_06_ITEM_019,14,104.11,0.0,0,1.83358,0,0,0,0,1.0,6.123233995736766e-17
2016-04-30,CAT_06,CAT_06_ITEM_019,8,105.83,0.0,0,1.87764,0,0,0,0,0.8660254037844387,-0.4999999999999997
2016-05-31,CAT_06,CAT_06_ITEM_019,11,103.99,0.0,0,1.88791,1,0,0,0,0.4999999999999999,-0.8660254037844386
2016-06-30,CAT_06,CAT_06_ITEM_019,10,106.7,0.0,0,1.86035,0,0,0,0,1.2246467991473532e-16,-1.0
2016-07-31,CAT_06,CAT_06_ITEM_019,45,78.48,0.2519,1,1.43322,0,0,0,0,-0.4999999999999997,-0.8660254037844387
2016-08-31,CAT_06,CAT_06_ITEM_019,7,100.15,0.0,0,1.79407,0,1,0,0,-0.8660254037844383,-0.5000000000000003
2015-01-31,CAT_06,CAT_06_ITEM_020,5,24.39,0.0,0,0.42167,0,0,0,0,0.4999999999999999,0.8660254037844386
2015-02-28,CAT_06,CAT_06_ITEM_020,7,24.33,0.0,0,0.43355,0,0,0,0,0.8660254037844385,0.5000000000000001
2015-03-31,CAT_06,CAT_06_ITEM_020,6,24.32,0.0,0,0.43479,0,0,0,0,1.0,6.123233995736766e-17
2015-04-30,CAT_06,CAT_06_ITEM_020,6,23.91,0.0,0,0.42315,0,0,0,0,0.8660254037844387,-0.4999999999999997
2015-05-31,CAT_06,CAT_06_ITEM_020,4,23.9,0.0,0,0.43343,1,0,0,0,0.4999999999999999,-0.8660254037844386
2015-06-30,CAT_06,CAT_06_ITEM_020,9,24.38,0.0,0,0.42437,0,0,0,0,1.2246467991473532e-16,-1.0
2015-07-31,CAT_06,CAT_06_ITEM_020,9,25.16,0.0,0,0.45616,0,0,0,0,-0.4999999999999997,-0.8660254037844387
2015-08-31,CAT_06,CAT_06_ITEM_020,2,23.71,0.0,0,0.42659,0,1,0,0,-0.8660254037844383,-0.5000000000000003
2015-09-30,CAT_06,CAT_06_ITEM_020,4,24.6,0.0,0,0.44182,0,0,0,0,-1.0,-1.8369701987210297e-16
2015-10-31,CAT_06,CAT_06_ITEM_020,8,23.72,0.0,0,0.41317,0,0,0,0,-0.8660254037844385,0.5
2015-11-30,CAT_06,CAT_06_ITEM_020,5,24.35,0.0,0,0.43085,0,0,0,1,-0.5000000000000003,0.8660254037844383
2015-12-31,CAT_06,CAT_06_ITEM_020,11,24.06,0.0,0,0.43253,0,0,1,0,-2.4492935982947064e-16,1.0
2016-01-31,CAT_06,CAT_06_ITEM_020,9,24.81,0.0,0,0.44494,0,0,0,0,0.4999999999999999,0.8660254037844386
2016-02-29,CAT_06,CAT_06_ITEM_020,4,23.99,0.0,0,0.42745,0,0,0,0,0.8660254037844385,0.5000000000000001
2016-03-31,CAT_06,CAT_06_ITEM_020,5,24.8,0.0,0,0.43676,0,0,0,0,1.0,6.123233995736766e-17
2016-04-30,CAT_06,CAT_06_ITEM_020,9,24.47,0.0,0,0.43419,0,0,0,0,0.8660254037844387,-0.4999999999999997
2016-05-31,CAT_06,CAT_06_ITEM_020,10,24.3,0.0,0,0.44126,1,0,0,0,0.4999999999999999,-0.8660254037844386
2016-06-30,CAT_06,CAT_06_ITEM_020,8,24.49,0.0,0,0.42701,0,0,0,0,1.2246467991473532e-16,-1.0
2016-07-31,CAT_06,CAT_06_ITEM_020,10,24.53,0.0,0,0.44806,0,0,0,0,-0.4999999999999997,-0.8660254037844387
2016-08-31,CAT_06,CAT_06_ITEM_020,7,23.84,0.0,0,0.42701,0,1,0,0,-0.8660254037844383,-0.5000000000000003
