data/raw/synthetic_retail_shares_brazil_2015_2025.csv
date,category_id,item_id,sales_qty,price,discount,promo_flag,price_rel,mothers_day_flag,fathers_day_flag,christmas_flag,black_friday_flag,month_sin,month_cos
2015-01-31,CAT_06,CAT_06_ITEM_021,58,42.14,0.0,0,0.72858,0,0,0,0,0.4999999999999999,0.8660254037844386
2015-02-28,CAT_06,CAT_06_ITEM_021,45,39.97,0.0,0,0.71213,0,0,0,0,0.8660254037844385,0.5000000000000001
2015-03-31,CAT_06,CAT_06_ITEM_021,25,42.17,0.0,0,0.7538,0,0,0,0,1.0,6.123233995736766e-17
2015-04-30,CAT_06,CAT_06_ITEM_021,49,40.92,0.0,0,0.72433,0,0,0,0,0.8660254037844387,-0.4999999999999997
2015-05-31,CAT_06,CAT_06_ITEM_021,57,40.14,0.0,0,0.72802,1,0,0,0,0.4999999999999999,-0.8660254037844386
2015-06-30,CAT_06,CAT_06_ITEM_021,77,40.84,0.0,0,0.71088,0,0,0,0,1.2246467991473532e-16,-1.0
2015-07-31,CAT_06,CAT_06_ITEM_021,58,41.5,0.0,0,0.75252,0,0,0,0,-0.4999999999999997,-0.8660254037844387
2015-08-31,CAT_06,CAT_06_ITEM_021,65,38.11,0.0,0,0.68581,0,1,0,0,-0.8660254037844383,-0.5000000000000003
2015-09-30,CAT_06,CAT_06_ITEM_021,50,41.47,0.0,0,0.74487,0,0,0,0,-1.0,-1.8369701987210297e-16
2015-10-31,CAT_06,CAT_06_ITEM_021,69,43.04,0.0,0,0.74959,0,0,0,0,-0.8660254037844385,0.5
2015-11-30,CAT_06,CAT_06_ITEM_021,65,40.33,0.0,0,0.71347,0,0,0,1,-0.5000000000000003,0.8660254037844383
2015-12-31,CAT_06,CAT_06_ITEM_021,54,41.24,0.0,0,0.74144,0,0,1,0,-2.4492935982947064e-16,1.0
2016-01-31,CAT_06,CAT_06_ITEM_021,97,30.99,0.2234,1,0.55568,0,0,0,0,0.4999999999999999,0.8660254037844386
2016-02-29,CAT_06,CAT_06_ITEM_021,67,43.62,0.0,0,0.77727,0,0,0,0,0.8660254037844385,0.5000000000000001
2016-03-31,CAT_06,CAT_06_ITEM_021,62,39.91,0.0,0,0.70298,0,0,0,0,1.0,6.123233995736766e-17
2016-04-30,CAT_06,CAT_06_ITEM_021,54,40.98,0.0,0,0.72702,0,0,0,0,0.8660254037844387,-0.4999999999999997
2016-05-31,CAT_06,CAT_06_ITEM_021,76,39.68,0.0,0,0.72033,1,0,0,0,0.4999999999999999,-0.8660254037844386
2016-06-30,CAT_06,CAT_06_ITEM_021,110,41.42,0.0,0,0.72214,0,0,0,0,1.2246467991473532e-16,-1.0
2016-07-31,CAT_06,CAT_06_ITEM_021,70,38.97,0.0,0,0.71173,0,0,0,0,-0.4999999999999997,-0.8660254037844387
2016-08-31,CAT_06,CAT_06_ITEM_021,215,34.85,0.1647,1,0.62438,0,1,0,0,-0.8660254037844383,-0.5000000000000003
2015-01-31,CAT_06,CAT_06_ITEM_022,18,31.43,0.0,0,0.54335,0,0,0,0,0.4999999999999999,0.8660254037844386
2015-02-28,CAT_06,CAT_06_ITEM_022,10,31.72,0.0,0,0.56513,0,0,0,0,0.8660254037844385,0.5000000000000001
2015-03-31,CAT_06,CAT_06_ITEM_022,8,32.73,0.0,0,0.58518,0,0,0,0,1.0,6.123233995736766e-17
2015-04-30,CAT_06,CAT_06_ITEM_022,18,32.45,0.0,0,0.57426,0,0,0,0,0.8660254037844387,-0.4999999999999997
2015-05-31,CAT_06,CAT_06_ITEM_022,20,32.7,0.0,0,0.59307,1,0,0,0,0.4999999999999999,-0.8660254037844386
2015-06-30,CAT_06,CAT_06_ITEM_022,26,33.05,0.0,0,0.57527,0,0,0,0,1.2246467991473532e-16,-1.0
2015-07-31,CAT_06,CAT_06_ITEM_022,16,32.53,0.0,0,0.58982,0,0,0,0,-0.4999999999999997,-0.8660254037844387
2015-08-31,CAT_06,CAT_06_ITEM_022,23,32.1,0.0,0,0.5776,0,1,0,0,-0.8660254037844383,-0.5000000000000003
2015-09-30,CAT_06,CAT_06_ITEM_022,41,24.45,0.2679,1,0.43911,0,0,0,0,-1.0,-1.8369701987210297e-16
2015-10-31,CAT_06,CAT_06_ITEM_022,29,32.03,0.0,0,0.55785,0,0,0,0,-0.8660254037844385,0.5
2015-11-30,CAT_06,CAT_06_ITEM_022,21,31.7,0.0,0,0.56079,0,0,0,1,-0.5000000000000003,0.8660254037844383
2015-12-31,CAT_06,CAT_06_ITEM_022,18,31.19,0.0,0,0.56067,0,0,1,0,-2.4492935982947064e-16,1.0
2016-01-31,CAT_06,CAT_06_ITEM_022,13,32.14,0.0,0,0.57621,0,0,0,0,0.4999999999999999,0.8660254037844386
2016-02-29,CAT_06,CAT_06_ITEM_022,20,32.88,0.0,0,0.58585,0,0,0,0,0.8660254037844385,0.5000000000000001
2016-03-31,CAT_06,CAT_06_ITEM_022,19,31.6,0.0,0,0.55655,0,0,0,0,1.0,6.123233995736766e-17
2016-04-30,CAT_06,CAT_06_ITEM_022,28,31.06,0.0,0,0.55104,0,0,0,0,0.8660254037844387,-0.4999999999999997
2016-05-31,CAT_06,CAT_06_ITEM_022,89,26.84,0.1854,1,0.48728,1,0,0,0,0.4999999999999999,-0.8660254037844386
2016-06-30,CAT_06,CAT_06_ITEM_022,29,31.57,0.0,0,0.55048,0,0,0,0,1.2246467991473532e-16,-1.0
2016-07-31,CAT_06,CAT_06_ITEM_022,30,32.09,0.0,0,0.58607,0,0,0,0,-0.4999999999999997,-0.8660254037844387
2016-08-31,CAT_06,CAT_06_ITEM_022,68,24.93,0.2463,1,0.44662,0,1,0,0,-0.8660254037844383,-0.5000000000000003
2015-01-31,CAT_07,CAT_07_ITEM_001,38,116.61,0.0,0,1.62813,0,0,0,0,0.4999999999999999,0.8660254037844386
2015-02-28,CAT_07,CAT_07_ITEM_001,38,109.45,0.0,0,1.5591,0,0,0,0,0.8660254037844385,0.5000000000000001
2015-03-31,CAT_07,CAT_07_ITEM_001,46,114.65,0.0,0,1.64302,0,0,0,0,1.0,6.123233995736766e-17
2015-04-30,CAT_07,CAT_07_ITEM_001,58,108.53,0.0,0,1.53966,0,0,0,0,0.8660254037844387,-0.4999999999999997
2015-05-31,CAT_07,CAT_07_ITEM_001,39,117.66,0.0,0,1.63917,1,0,0,0,0.4999999999999999,-0.8660254037844386
2015-06-30,CAT_07,CAT_07_ITEM_001,39,114.74,0.0,0,1.58422,0,0,0,0,1.2246467991473532e-16,-1.0
2015-07-31,CAT_07,CAT_07_ITEM_001,37,115.71,0.0,0,1.65118,0,0,0,0,-0.4999999999999997,-0.8660254037844387
2015-08-31,CAT_07,CAT_07_ITEM_001,21,114.65,0.0,0,1.62148,0,1,0,0,-0.8660254037844383,-0.5000000000000003
2015-09-30,CAT_07,CAT_07_ITEM_001,29,110.79,0.0,0,1.54929,0,0,0,0,-1.0,-1.8369701987210297e-16
2015-10-31,CAT_07,CAT_07_ITEM_001,45,111.54,0.0,0,1.51014,0,0,0,0,-0.8660254037844385,0.5
2015-11-30,CAT_07,CAT_07_ITEM_001,45,111.41,0.0,0,1.56952,0,0,0,1,-0.5000000000000003,0.8660254037844383
2015-12-31,CAT_07,CAT_07_ITEM_001,34,116.09,0.0,0,1.67982,0,0,1,0,-2.4492935982947064e-16,1.0
2016-01-31,CAT_07,CAT_07_ITEM_001,24,117.55,0.0,0,1.6579,0,0,0,0,0.4999999999999999,0.8660254037844386
2016-02-29,CAT_07,CAT_07_ITEM_001,217,82.86,0.2755,1,1.1937,0,0,0,0,0.8660254037844385,0.5000000000000001
2016-03-31,CAT_07,CAT_07_ITEM_001,38,107.94,0.0,0,1.52316,0,0,0,0,1.0,6.123233995736766e-17
2016-04-30,CAT_07,CAT_07_ITEM_001,52,120.3,0.0,0,1.68467,0,0,0,0,0.8660254037844387,-0.4999999999999997
2016-05-31,CAT_07,CAT_07_ITEM_001,42,118.2,0.0,0,1.60189,1,0,0,0,0.4999999999999999,-0.8660254037844386
2016-06-30,CAT_07,CAT_07_ITEM_001,68,121.62,0.0,0,1.62585,0,0,0,0,1.2246467991473532e-16,-1.0
2016-07-31,CAT_07,CAT_07_ITEM_001,31,119.3,0.0,0,1.65189,0,0,0,0,-0.4999999999999997,-0.8660254037844387
2016-08-31,CAT_07,CAT_07_ITEM_001,48,114.63,0.0,0,1.55436,0,1,0,0,-0.8660254037844383,-0.5000000000000003
2015-01-31,CAT_07,CAT_07_ITEM_002,66,81.02,0.0,0,1.13116,0,0,0,0,0.4999999999999999,0.8660254037844386
2015-02-28,CAT_07,CAT_07_ITEM_002,251,70.02,0.1497,1,0.99748,0,0,0,0,0.8660254037844385,0.5000000000000001
2015-03-31,CAT_07,CAT_07_ITEM_002,323,61.73,0.2015,1,0.88456,0,0,0,0,1.0,6.123233995736766e-17
2015-04-30,CAT_07,CAT_07_ITEM_002,124,78.88,0.0,0,1.11907,0,0,0,0,0.8660254037844387,-0.4999999999999997
2015-05-31,CAT_07,CAT_07_ITEM_002,273,60.86,0.2033,1,0.8478,1,0,0,0,0.4999999999999999,-0.8660254037844386
2015-06-30,CAT_07,CAT_07_ITEM_002,62,78.68,0.0,0,1.08636,0,0,0,0,1.2246467991473532e-16,-1.0
2015-07-31,CAT_07,CAT_07_ITEM_002,61,79.19,0.0,0,1.13006,0,0,0,0,-0.4999999999999997,-0.8660254037844387
2015-08-31,CAT_07,CAT_07_ITEM_002,263,57.44,0.2819,1,0.81228,0,1,0,0,-0.8660254037844383,-0.5000000000000003
2015-09-30,CAT_07,CAT_07_ITEM_002,72,78.22,0.0,0,1.09375,0,0,0,0,-1.0,-1.8369701987210297e-16
2015-10-31,CAT_07,CAT_07_ITEM_002,91,81.48,0.0,0,1.10311,0,0,0,0,-0.8660254037844385,0.5
2015-11-30,CAT_07,CAT_07_ITEM_002,76,76.21,0.0,0,1.07374,0,0,0,1,-0.5000000000000003,0.8660254037844383
2015-12-31,CAT_07,CAT_07_ITEM_002,87,76.9,0.0,0,1.1128,0,0,1,0,-2.4492935982947064e-16,1.0
2016-01-31,CAT_07,CAT_07_ITEM_002,189,63.36,0.176,1,0.89366,0,0,0,0,0.4999999999999999,0.8660254037844386
2016-02-29,CAT_07,CAT_07_ITEM_002,85,81.12,0.0,0,1.16867,0,0,0,0,0.8660254037844385,0.5000000000000001
2016-03-31,CAT_07,CAT_07_ITEM_002,90,78.41,0.0,0,1.10653,0,0,0,0,1.0,6.123233995736766e-17
2016-04-30,CAT_07,CAT_07_ITEM_002,115,79.39,0.0,0,1.11172,0,0,0,0,0.8660254037844387,-0.4999999999999997
2016-05-31,CAT_07,CAT_07_ITEM_002,75,81.47,0.0,0,1.10418,1,0,0,0,0.4999999999999999,-0.8660254037844386
2016-06-30,CAT_07,CAT_07_ITEM_002,201,76.46,0.0,0,1.02212,0,0,0,0,1.2246467991473532e-16,-1.0
2016-07-31,CAT_07,CAT_07_ITEM_002,96,80.49,0.0,0,1.11446,0,0,0,0,-0.4999999999999997,-0.8660254037844387
2016-08-31,CAT_07,CAT_07_ITEM_002,145,78.64,0.0,0,1.0663,0,1,0,0,-0.8660254037844383,-0.5000000000000003
2015-01-31,CAT_07,CAT_07_ITEM_003,21,53.52,0.0,0,0.74718,0,0,0,0,0.4999999999999999,0.8660254037844386
2015-02-28,CAT_07,CAT_07_ITEM_003,19,55.2,0.0,0,0.78632,0,0,0,0,0.8660254037844385,0.5000000000000001
2015-03-31,CAT_07,CAT_07_ITEM_003,39,44.32,0.1545,1,0.63513,0,0,0,0,1.0,6.123233995736766e-17
2015-04-30,CAT_07,CAT_07_ITEM_003,23,54.76,0.0,0,0.77684,0,0,0,0,0.8660254037844387,-0.4999999999999997
2015-05-31,CAT_07,CAT_07_ITEM_003,10,53.85,0.0,0,0.75013,1,0,0,0,0.4999999999999999,-0.8660254037844386
2015-06-30,CAT_07,CAT_07_ITEM_003,14,55.24,0.0,0,0.76272,0,0,0,0,1.2246467991473532e-16,-1.0
2015-07-31,CAT_07,CAT_07_ITEM_003,7,55.3,0.0,0,0.78912,0,0,0,0,-0.4999999999999997,-0.8660254037844387
2015-08-31,CAT_07,CAT_07_ITEM_003,10,54.18,0.0,0,0.76628,0,1,0,0,-0.8660254037844383,-0.5000000000000003
2015-09-30,CAT_07,CAT_07_ITEM_003,8,54.09,0.0,0,0.75634,0,0,0,0,-1.0,-1.8369701987210297e-16
2015-10-31,CAT_07,CAT_07_ITEM_003,14,57.65,0.0,0,0.7805,0,0,0,0,-0.8660254037844385,0.5
2015-11-30,CAT_07,CAT_07_ITEM_003,9,53.55,0.0,0,0.75439,0,0,0,1,-0.5000000000000003,0.8660254037844383
2015-12-31,CAT_07,CAT_07_ITEM_003,15,56.58,0.0,0,0.81869,0,0,1,0,-2.4492935982947064e-16,1.0
2016-01-31,CAT_07,CAT_07_ITEM_003,10,53.28,0.0,0,0.75148,0,0,0,0,0.4999999999999999,0.8660254037844386
2016-02-29,CAT_07,CAT_07_ITEM_003,18,55.74,0.0,0,0.80296,0,0,0,0,0.8660254037844385,0.5000000000000001
2016-03-31,CAT_07,CAT_07_ITEM_003,21,53.21,0.0,0,0.75081,0,0,0,0,1.0,6.123233995736766e-17
2016-04-30,CAT_07,CAT_07_ITEM_003,67,37.98,0.2422,1,0.53184,0,0,0,0,0.8660254037844387,-0.4999999999999997
2016-05-31,CAT_07,CAT_07_ITEM_003,16,54.39,0.0,0,0.73707,1,0,0,0,0.4999999999999999,-0.8660254037844386
2016-06-30,CAT_07,CAT_07_ITEM_003,27,53.69,0.0,0,0.71769,0,0,0,0,1.2246467991473532e-16,-1.0
2016-07-31,CAT_07,CAT_07_ITEM_003,13,53.6,0.0,0,0.74213,0,0,0,0,-0.4999999999999997,-0.8660254037844387
2016-08-31,CAT_07,CAT_07_ITEM_003,30,56.24,0.0,0,0.76256,0,1,0,0,-0.8660254037844383,-0.5000000000000003
2015-01-31,CAT_07,CAT_07_ITEM_004,60,56.43,0.0,0,0.78781,0,0,0,0,0.4999999999999999,0.8660254037844386
2015-02-28,CAT_07,CAT_07_ITEM_004,77,52.34,0.0,0,0.74557,0,0,0,0,0.8660254037844385,0.5000000000000001
2015-03-31,CAT_07,CAT_07_ITEM_004,76,53.43,0.0,0,0.7657,0,0,0,0,1.0,6.123233995736766e-17
2015-04-30,CAT_07,CAT_07_ITEM_004,83,50.53,0.0,0,0.71686,0,0,0,0,0.8660254037844387,-0.4999999999999997
2015-05-31,CAT_07,CAT_07_ITEM_004,75,55.52,0.0,0,0.77347,1,0,0,0,0.4999999999999999,-0.8660254037844386
2015-06-30,CAT_07,CAT_07_ITEM_004,70,52.67,0.0,0,0.72721,0,0,0,0,1.2246467991473532e-16,-1.0
2015-07-31,CAT_07,CAT_07_ITEM_004,60,54.62,0.0,0,0.77936,0,0,0,0,-0.4999999999999997,-0.8660254037844387
2015-08-31,CAT_07,CAT_07_ITEM_004,27,56.33,0.0,0,0.79664,0,1,0,0,-0.8660254037844383,-0.5000000000000003
2015-09-30,CAT_07,CAT_07_ITEM_004,53,49.71,0.0,0,0.69511,0,0,0,0,-1.0,-1.8369701987210297e-16
2015-10-31,CAT_07,CAT_07_ITEM_004,84,56.46,0.0,0,0.7644,0,0,0,0,-0.8660254037844385,0.5
2015-11-30,CAT_07,CAT_07_ITEM_004,57,55.98,0.0,0,0.78866,0,0,0,1,-0.5000000000000003,0.8660254037844383
2015-12-31,CAT_07,CAT_07_ITEM_004,112,56.3,0.0,0,0.81471,0,0,1,0,-2.4492935982947064e-16,1.0
2016-01-31,CAT_07,CAT_07_ITEM_004,34,58.18,0.0,0,0.82062,0,0,0,0,0.4999999999999999,0.8660254037844386
2016-02-29,CAT_07,CAT_07_ITEM_004,75,55.04,0.0,0,0.79292,0,0,0,0,0.8660254037844385,0.5000000000000001
2016-03-31,CAT_07,CAT_07_ITEM_004,89,51.48,0.0,0,0.72647,0,0,0,0,1.0,6.123233995736766e-17
2016-04-30,CAT_07,CAT_07_ITEM_004,93,54.24,0.0,0,0.75962,0,0,0,0,0.8660254037844387,-0.4999999999999997
2016-05-31,CAT_07,CAT_07_ITEM_004,107,53.95,0.0,0,0.73111,1,0,0,0,0.4999999999999999,-0.8660254037844386
2016-06-30,CAT_07,CAT_07_ITEM_004,124,58.87,0.0,0,0.78693,0,0,0,0,1.2246467991473532e-16,-1.0
2016-07-31,CAT_07,CAT_07_ITEM_004,89,53.09,0.0,0,0.73514,0,0,0,0,-0.4999999999999997,-0.8660254037844387
2016-08-31,CAT_07,CAT_07_ITEM_004,50,58.47,0.0,0,0.79276,0,1,0,0,-0.8660254037844383,-0.5000000000000003
2015-01-31,CAT_07,CAT_07_ITEM_005,47,56.91,0.0,0,0.79452,0,0,0,0,0.4999999999999999,0.8660254037844386
2015-02-28,CAT_07,CAT_07_ITEM_005,52,59.06,0.0,0,0.84128,0,0,0,0,0.8660254037844385,0.5000000000000001
2015-03-31,CAT_07,CAT_07_ITEM_005,59,56.2,0.0,0,0.80532,0,0,0,0,1.0,6.123233995736766e-17
2015-04-30,CAT_07,CAT_07_ITEM_005,73,61.0,0.0,0,0.86542,0,0,0,0,0.8660254037844387,-0.4999999999999997
2015-05-31,CAT_07,CAT_07_ITEM_005,54,57.08,0.0,0,0.79517,1,0,0,0,0.4999999999999999,-0.8660254037844386
2015-06-30,CAT_07,CAT_07_ITEM_005,51,55.74,0.0,0,0.7696,0,0,0,0,1.2246467991473532e-16,-1.0
2015-07-31,CAT_07,CAT_07_ITEM_005,54,56.77,0.0,0,0.81011,0,0,0,0,-0.4999999999999997,-0.8660254037844387
2015-08-31,CAT_07,CAT_07_ITEM_005,42,60.87,0.0,0,0.86091,0,1,0,0,-0.8660254037844383,-0.5000000000000003
2015-09-30,CAT_07,CAT_07_ITEM_005,32,60.21,0.0,0,0.84203,0,0,0,0,-1.0,-1.8369701987210297e-16
2015-10-31,CAT_07,CAT_07_ITEM_005,76,62.52,0.0,0,0.84639,0,0,0,0,-0.8660254037844385,0.5
2015-11-30,CAT_07,CAT_07_ITEM_005,163,51.98,0.1071,1,0.73234,0,0,0,1,-0.5000000000000003,0.8660254037844383
2015-12-31,CAT_07,CAT_07_ITEM_005,116,56.32,0.0,0,0.81495,0,0,1,0,-2.4492935982947064e-16,1.0
2016-01-31,CAT_07,CAT_07_ITEM_005,42,59.31,0.0,0,0.83654,0,0,0,0,0.4999999999999999,0.8660254037844386
2016-02-29,CAT_07,CAT_07_ITEM_005,61,57.21,0.0,0,0.82415,0,0,0,0,0.8660254037844385,0.5000000000000001
2016-03-31,CAT_07,CAT_07_ITEM_005,67,57.25,0.0,0,0.80787,0,0,0,0,1.0,6.123233995736766e-17
2016-04-30,CAT_07,CAT_07_ITEM_005,87,55.54,0.0,0,0.7778,0,0,0,0,0.8660254037844387,-0.4999999999999997
2016-05-31,CAT_07,CAT_07_ITEM_005,41,58.15,0.0,0,0.78807,1,0,0,0,0.4999999999999999,-0.8660254037844386
2016-06-30,CAT_07,CAT_07_ITEM_005,89,58.43,0.0,0,0.78111,0,0,0,0,1.2246467991473532e-16,-1.0
2016-07-31,CAT_07,CAT_07_ITEM_005,68,55.81,0.0,0,0.77272,0,0,0,0,-0.4999999999999997,-0.8660254037844387
2016-08-31,CAT_07,CAT_07_ITEM_005,87,57.5,0.0,0,0.77962,0,1,0,0,-0.8660254037844383,-0.5000000000000003
2015-01-31,CAT_07,CAT_07_ITEM_006,386,43.3,0.0,0,0.60451,0,0,0,0,0.4999999999999999,0.8660254037844386
2015-02-28,CAT_07,CAT_07_ITEM_006,491,44.53,0.0,0,0.63434,0,0,0,0,0.8660254037844385,0.5000000000000001
2015-03-31,CAT_07,CAT_07_ITEM_006,413,46.88,0.0,0,0.67175,0,0,0,0,1.0,6.123233995736766e-17
2015-04-30,CAT_07,CAT_07_ITEM_006,557,46.31,0.0,0,0.65701,0,0,0,0,0.8660254037844387,-0.4999999999999997
2015-05-31,CAT_07,CAT_07_ITEM_006,490,41.83,0.0,0,0.58277,1,0,0,0,0.4999999999999999,-0.8660254037844386
2015-06-30,CAT_07,CAT_07_ITEM_006,427,44.85,0.0,0,0.61919,0,0,0,0,1.2246467991473532e-16,-1.0
2015-07-31,CAT_07,CAT_07_ITEM_006,397,46.72,0.0,0,0.66662,0,0,0,0,-0.4999999999999997,-0.8660254037844387
2015-08-31,CAT_07,CAT_07_ITEM_006,246,47.05,0.0,0,0.66542,0,1,0,0,-0.8660254037844383,-0.5000000000000003
2015-09-30,CAT_07,CAT_07_ITEM_006,297,47.3,0.0,0,0.66148,0,0,0,0,-1.0,-1.8369701987210297e-16
2015-10-31,CAT_07,CAT_07_ITEM_006,560,47.2,0.0,0,0.63904,0,0,0,0,-0.8660254037844385,0.5
2015-11-30,CAT_07,CAT_07_ITEM_006,505,45.18,0.0,0,0.63654,0,0,0,1,-0.5000000000000003,0.8660254037844383
2015-12-31,CAT_07,CAT_07_ITEM_006,541,47.21,0.0,0,0.68317,0,0,1,0,-2.4492935982947064e-16,1.0
2016-01-31,CAT_07,CAT_07_ITEM_006,684,42.48,0.1197,1,0.59914,0,0,0,0,0.4999999999999999,0.8660254037844386
2016-02-29,CAT_07,CAT_07_ITEM_006,428,46.1,0.0,0,0.66415,0,0,0,0,0.8660254037844385,0.5000000000000001
2016-03-31,CAT_07,CAT_07_ITEM_006,566,45.64,0.0,0,0.64402,0,0,0,0,1.0,6.123233995736766e-17
2016-04-30,CAT_07,CAT_07_ITEM_006,556,45.64,0.0,0,0.63914,0,0,0,0,0.8660254037844387,-0.4999999999999997
2016-05-31,CAT_07,CAT_07_ITEM_006,516,46.22,0.0,0,0.62641,1,0,0,0,0.4999999999999999,-0.8660254037844386
2016-06-30,CAT_07,CAT_07_ITEM_006,765,48.98,0.0,0,0.65473,0,0,0,0,1.2246467991473532e-16,-1.0
2016-07-31,CAT_07,CAT_07_ITEM_006,490,43.5,0.0,0,0.60233,0,0,0,0,-0.4999999999999997,-0.8660254037844387
2016-08-31,CAT_07,CAT_07_ITEM_006,593,43.81,0.0,0,0.59404,0,1,0,0,-0.8660254037844383,-0.5000000000000003
