data/raw/synthetic_retail_shares_brazil_2015_2025.csv
date,category_id,item_id,sales_qty,price,discount,promo_flag,price_rel,mothers_day_flag,fathers_day_flag,christmas_flag,black_friday_flag,month_sin,month_cos
2015-01-31,CAT_07,CAT_07_ITEM_007,75,79.8,0.0,0,1.1142,0,0,0,0,0.4999999999999999,0.8660254037844386
2015-02-28,CAT_07,CAT_07_ITEM_007,117,80.59,0.0,0,1.14799,0,0,0,0,0.8660254037844385,0.5000000000000001
2015-03-31,CAT_07,CAT_07_ITEM_007,116,80.34,0.0,0,1.15122,0,0,0,0,1.0,6.123233995736766e-17
2015-04-30,CAT_07,CAT_07_ITEM_007,124,78.52,0.0,0,1.11398,0,0,0,0,0.8660254037844387,-0.4999999999999997
2015-05-31,CAT_07,CAT_07_ITEM_007,402,63.88,0.1761,1,0.88984,1,0,0,0,0.4999999999999999,-0.8660254037844386
2015-06-30,CAT_07,CAT_07_ITEM_007,75,79.6,0.0,0,1.09907,0,0,0,0,1.2246467991473532e-16,-1.0
2015-07-31,CAT_07,CAT_07_ITEM_007,73,82.76,0.0,0,1.18098,0,0,0,0,-0.4999999999999997,-0.8660254037844387
2015-08-31,CAT_07,CAT_07_ITEM_007,59,81.37,0.0,0,1.15079,0,1,0,0,-0.8660254037844383,-0.5000000000000003
2015-09-30,CAT_07,CAT_07_ITEM_007,73,80.61,0.0,0,1.12729,0,0,0,0,-1.0,-1.8369701987210297e-16
2015-10-31,CAT_07,CAT_07_ITEM_007,146,80.58,0.0,0,1.09092,0,0,0,0,-0.8660254037844385,0.5
2015-11-30,CAT_07,CAT_07_ITEM_007,141,80.87,0.0,0,1.13939,0,0,0,1,-0.5000000000000003,0.8660254037844383
2015-12-31,CAT_07,CAT_07_ITEM_007,80,80.15,0.0,0,1.15979,0,0,1,0,-2.4492935982947064e-16,1.0
2016-01-31,CAT_07,CAT_07_ITEM_007,67,82.19,0.0,0,1.15923,0,0,0,0,0.4999999999999999,0.8660254037844386
2016-02-29,CAT_07,CAT_07_ITEM_007,123,77.01,0.0,0,1.10946,0,0,0,0,0.8660254037844385,0.5000000000000001
2016-03-31,CAT_07,CAT_07_ITEM_007,147,77.44,0.0,0,1.09272,0,0,0,0,1.0,6.123233995736766e-17
2016-04-30,CAT_07,CAT_07_ITEM_007,132,79.91,0.0,0,1.11898,0,0,0,0,0.8660254037844387,-0.4999999999999997
2016-05-31,CAT_07,CAT_07_ITEM_007,141,81.17,0.0,0,1.10006,1,0,0,0,0.4999999999999999,-0.8660254037844386
2016-06-30,CAT_07,CAT_07_ITEM_007,171,81.0,0.0,0,1.08283,0,0,0,0,1.2246467991473532e-16,-1.0
2016-07-31,CAT_07,CAT_07_ITEM_007,116,78.15,0.0,0,1.08207,0,0,0,0,-0.4999999999999997,-0.8660254037844387
2016-08-31,CAT_07,CAT_07_ITEM_007,138,80.26,0.0,0,1.08833,0,1,0,0,-0.8660254037844383,-0.5000000000000003
2015-01-31,CAT_07,CAT_07_ITEM_008,63,90.49,0.1066,1,1.26342,0,0,0,0,0.4999999999999999,0.8660254037844386
2015-02-28,CAT_07,CAT_07_ITEM_008,124,79.11,0.288,1,1.12694,0,0,0,0,0.8660254037844385,0.5000000000000001
2015-03-31,CAT_07,CAT_07_ITEM_008,24,108.07,0.0,0,1.54868,0,0,0,0,1.0,6.123233995736766e-17
2015-04-30,CAT_07,CAT_07_ITEM_008,28,109.5,0.0,0,1.55343,0,0,0,0,0.8660254037844387,-0.4999999999999997
2015-05-31,CAT_07,CAT_07_ITEM_008,37,110.73,0.0,0,1.54249,1,0,0,0,0.4999999999999999,-0.8660254037844386
2015-06-30,CAT_07,CAT_07_ITEM_008,14,111.59,0.0,0,1.54069,0,0,0,0,1.2246467991473532e-16,-1.0
2015-07-31,CAT_07,CAT_07_ITEM_008,124,75.66,0.2953,1,1.07968,0,0,0,0,-0.4999999999999997,-0.8660254037844387
2015-08-31,CAT_07,CAT_07_ITEM_008,28,106.47,0.1017,1,1.50578,0,1,0,0,-0.8660254037844383,-0.5000000000000003
2015-09-30,CAT_07,CAT_07_ITEM_008,22,106.89,0.0,0,1.49472,0,0,0,0,-1.0,-1.8369701987210297e-16
2015-10-31,CAT_07,CAT_07_ITEM_008,30,112.1,0.0,0,1.51769,0,0,0,0,-0.8660254037844385,0.5
2015-11-30,CAT_07,CAT_07_ITEM_008,24,102.11,0.0,0,1.43863,0,0,0,1,-0.5000000000000003,0.8660254037844383
2015-12-31,CAT_07,CAT_07_ITEM_008,120,77.44,0.2934,1,1.12051,0,0,1,0,-2.4492935982947064e-16,1.0
2016-01-31,CAT_07,CAT_07_ITEM_008,55,89.1,0.1849,1,1.25668,0,0,0,0,0.4999999999999999,0.8660254037844386
2016-02-29,CAT_07,CAT_07_ITEM_008,23,107.16,0.0,0,1.54376,0,0,0,0,0.8660254037844385,0.5000000000000001
2016-03-31,CAT_07,CAT_07_ITEM_008,28,106.71,0.0,0,1.50581,0,0,0,0,1.0,6.123233995736766e-17
2016-04-30,CAT_07,CAT_07_ITEM_008,27,107.86,0.0,0,1.51037,0,0,0,0,0.8660254037844387,-0.4999999999999997
2016-05-31,CAT_07,CAT_07_ITEM_008,32,112.79,0.0,0,1.5286,1,0,0,0,0.4999999999999999,-0.8660254037844386
2016-06-30,CAT_07,CAT_07_ITEM_008,29,117.16,0.0,0,1.56622,0,0,0,0,1.2246467991473532e-16,-1.0
2016-07-31,CAT_07,CAT_07_ITEM_008,34,103.88,0.0,0,1.43846,0,0,0,0,-0.4999999999999997,-0.8660254037844387
2016-08-31,CAT_07,CAT_07_ITEM_008,37,118.85,0.0,0,1.61152,0,1,0,0,-0.8660254037844383,-0.5000000000000003
2015-01-31,CAT_07,CAT_07_ITEM_009,36,123.63,0.0,0,1.72601,0,0,0,0,0.4999999999999999,0.8660254037844386
2015-02-28,CAT_07,CAT_07_ITEM_009,58,112.69,0.0,0,1.60529,0,0,0,0,0.8660254037844385,0.5000000000000001
2015-03-31,CAT_07,CAT_07_ITEM_009,36,118.28,0.0,0,1.69502,0,0,0,0,1.0,6.123233995736766e-17
2015-04-30,CAT_07,CAT_07_ITEM_009,450,80.88,0.2544,1,1.14744,0,0,0,0,0.8660254037844387,-0.4999999999999997
2015-05-31,CAT_07,CAT_07_ITEM_009,48,125.48,0.0,0,1.74808,1,0,0,0,0.4999999999999999,-0.8660254037844386
2015-06-30,CAT_07,CAT_07_ITEM_009,48,113.91,0.0,0,1.5727,0,0,0,0,1.2246467991473532e-16,-1.0
2015-07-31,CAT_07,CAT_07_ITEM_009,44,119.94,0.0,0,1.71151,0,0,0,0,-0.4999999999999997,-0.8660254037844387
2015-08-31,CAT_07,CAT_07_ITEM_009,37,111.39,0.0,0,1.57534,0,1,0,0,-0.8660254037844383,-0.5000000000000003
2015-09-30,CAT_07,CAT_07_ITEM_009,38,113.88,0.0,0,1.59254,0,0,0,0,-1.0,-1.8369701987210297e-16
2015-10-31,CAT_07,CAT_07_ITEM_009,68,120.13,0.0,0,1.62641,0,0,0,0,-0.8660254037844385,0.5
2015-11-30,CAT_07,CAT_07_ITEM_009,251,91.44,0.2691,1,1.28826,0,0,0,1,-0.5000000000000003,0.8660254037844383
2015-12-31,CAT_07,CAT_07_ITEM_009,57,117.48,0.0,0,1.7,0,0,1,0,-2.4492935982947064e-16,1.0
2016-01-31,CAT_07,CAT_07_ITEM_009,30,123.31,0.0,0,1.73912,0,0,0,0,0.4999999999999999,0.8660254037844386
2016-02-29,CAT_07,CAT_07_ITEM_009,50,124.3,0.0,0,1.7907,0,0,0,0,0.8660254037844385,0.5000000000000001
2016-03-31,CAT_07,CAT_07_ITEM_009,47,124.85,0.0,0,1.76176,0,0,0,0,1.0,6.123233995736766e-17
2016-04-30,CAT_07,CAT_07_ITEM_009,47,126.1,0.0,0,1.76581,0,0,0,0,0.8660254037844387,-0.4999999999999997
2016-05-31,CAT_07,CAT_07_ITEM_009,54,119.6,0.0,0,1.62097,1,0,0,0,0.4999999999999999,-0.8660254037844386
2016-06-30,CAT_07,CAT_07_ITEM_009,85,123.85,0.0,0,1.65561,0,0,0,0,1.2246467991473532e-16,-1.0
2016-07-31,CAT_07,CAT_07_ITEM_009,57,125.07,0.0,0,1.73182,0,0,0,0,-0.4999999999999997,-0.8660254037844387
2016-08-31,CAT_07,CAT_07_ITEM_009,58,115.72,0.0,0,1.56901,0,1,0,0,-0.8660254037844383,-0.5000000000000003
2015-01-31,CAT_07,CAT_07_ITEM_010,24,88.65,0.0,0,1.23762,0,0,0,0,0.4999999999999999,0.8660254037844386
2015-02-28,CAT_07,CAT_07_ITEM_010,17,94.62,0.0,0,1.34791,0,0,0,0,0.8660254037844385,0.5000000000000001
2015-03-31,CAT_07,CAT_07_ITEM_010,27,93.65,0.0,0,1.34209,0,0,0,0,1.0,6.123233995736766e-17
2015-04-30,CAT_07,CAT_07_ITEM_010,22,93.91,0.0,0,1.33219,0,0,0,0,0.8660254037844387,-0.4999999999999997
2015-05-31,CAT_07,CAT_07_ITEM_010,21,95.48,0.0,0,1.33017,1,0,0,0,0.4999999999999999,-0.8660254037844386
2015-06-30,CAT_07,CAT_07_ITEM_010,29,96.36,0.0,0,1.33038,0,0,0,0,1.2246467991473532e-16,-1.0
2015-07-31,CAT_07,CAT_07_ITEM_010,43,81.16,0.1271,1,1.15815,0,0,0,0,-0.4999999999999997,-0.8660254037844387
2015-08-31,CAT_07,CAT_07_ITEM_010,8,95.71,0.0,0,1.35351,0,1,0,0,-0.8660254037844383,-0.5000000000000003
2015-09-30,CAT_07,CAT_07_ITEM_010,20,94.71,0.0,0,1.32437,0,0,0,0,-1.0,-1.8369701987210297e-16
2015-10-31,CAT_07,CAT_07_ITEM_010,27,95.9,0.0,0,1.29843,0,0,0,0,-0.8660254037844385,0.5
2015-11-30,CAT_07,CAT_07_ITEM_010,16,96.06,0.0,0,1.35337,0,0,0,1,-0.5000000000000003,0.8660254037844383
2015-12-31,CAT_07,CAT_07_ITEM_010,38,95.38,0.0,0,1.38018,0,0,1,0,-2.4492935982947064e-16,1.0
2016-01-31,CAT_07,CAT_07_ITEM_010,16,96.37,0.0,0,1.35917,0,0,0,0,0.4999999999999999,0.8660254037844386
2016-02-29,CAT_07,CAT_07_ITEM_010,29,97.46,0.0,0,1.40397,0,0,0,0,0.8660254037844385,0.5000000000000001
2016-03-31,CAT_07,CAT_07_ITEM_010,35,89.49,0.0,0,1.26278,0,0,0,0,1.0,6.123233995736766e-17
2016-04-30,CAT_07,CAT_07_ITEM_010,87,82.24,0.1389,1,1.15164,0,0,0,0,0.8660254037844387,-0.4999999999999997
2016-05-31,CAT_07,CAT_07_ITEM_010,28,93.74,0.0,0,1.27051,1,0,0,0,0.4999999999999999,-0.8660254037844386
2016-06-30,CAT_07,CAT_07_ITEM_010,38,93.89,0.0,0,1.2551,0,0,0,0,1.2246467991473532e-16,-1.0
2016-07-31,CAT_07,CAT_07_ITEM_010,29,89.76,0.0,0,1.24293,0,0,0,0,-0.4999999999999997,-0.8660254037844387
2016-08-31,CAT_07,CAT_07_ITEM_010,27,96.22,0.0,0,1.30464,0,1,0,0,-0.8660254037844383,-0.5000000000000003
2015-01-31,CAT_07,CAT_07_ITEM_011,176,34.76,0.0,0,0.48526,0,0,0,0,0.4999999999999999,0.8660254037844386
2015-02-28,CAT_07,CAT_07_ITEM_011,209,34.84,0.0,0,0.49637,0,0,0,0,0.8660254037844385,0.5000000000000001
2015-03-31,CAT_07,CAT_07_ITEM_011,212,35.29,0.0,0,0.50577,0,0,0,0,1.0,6.123233995736766e-17
2015-04-30,CAT_07,CAT_07_ITEM_011,234,36.64,0.0,0,0.51987,0,0,0,0,0.8660254037844387,-0.4999999999999997
2015-05-31,CAT_07,CAT_07_ITEM_011,209,36.53,0.0,0,0.50891,1,0,0,0,0.4999999999999999,-0.8660254037844386
2015-06-30,CAT_07,CAT_07_ITEM_011,570,26.07,0.268,1,0.35996,0,0,0,0,1.2246467991473532e-16,-1.0
2015-07-31,CAT_07,CAT_07_ITEM_011,186,37.15,0.0,0,0.53012,0,0,0,0,-0.4999999999999997,-0.8660254037844387
2015-08-31,CAT_07,CAT_07_ITEM_011,403,26.47,0.293,1,0.37436,0,1,0,0,-0.8660254037844383,-0.5000000000000003
2015-09-30,CAT_07,CAT_07_ITEM_011,347,29.32,0.1905,1,0.41005,0,0,0,0,-1.0,-1.8369701987210297e-16
2015-10-31,CAT_07,CAT_07_ITEM_011,222,35.46,0.0,0,0.48006,0,0,0,0,-0.8660254037844385,0.5
2015-11-30,CAT_07,CAT_07_ITEM_011,260,36.07,0.0,0,0.50817,0,0,0,1,-0.5000000000000003,0.8660254037844383
2015-12-31,CAT_07,CAT_07_ITEM_011,272,36.67,0.0,0,0.53061,0,0,1,0,-2.4492935982947064e-16,1.0
2016-01-31,CAT_07,CAT_07_ITEM_011,118,37.12,0.0,0,0.5235,0,0,0,0,0.4999999999999999,0.8660254037844386
2016-02-29,CAT_07,CAT_07_ITEM_011,248,37.0,0.0,0,0.53295,0,0,0,0,0.8660254037844385,0.5000000000000001
2016-03-31,CAT_07,CAT_07_ITEM_011,245,36.19,0.0,0,0.51063,0,0,0,0,1.0,6.123233995736766e-17
2016-04-30,CAT_07,CAT_07_ITEM_011,735,28.06,0.2543,1,0.39293,0,0,0,0,0.8660254037844387,-0.4999999999999997
2016-05-31,CAT_07,CAT_07_ITEM_011,237,34.35,0.0,0,0.46551,1,0,0,0,0.4999999999999999,-0.8660254037844386
2016-06-30,CAT_07,CAT_07_ITEM_011,346,35.79,0.0,0,0.47841,0,0,0,0,1.2246467991473532e-16,-1.0
2016-07-31,CAT_07,CAT_07_ITEM_011,634,26.39,0.2794,1,0.3654,0,0,0,0,-0.4999999999999997,-0.8660254037844387
2016-08-31,CAT_07,CAT_07_ITEM_011,264,35.33,0.0,0,0.47909,0,1,0,0,-0.8660254037844383,-0.5000000000000003
2015-01-31,CAT_07,CAT_07_ITEM_012,168,37.04,0.0,0,0.51707,0,0,0,0,0.4999999999999999,0.8660254037844386
2015-02-28,CAT_07,CAT_07_ITEM_012,218,38.91,0.0,0,0.55425,0,0,0,0,0.8660254037844385,0.5000000000000001
2015-03-31,CAT_07,CAT_07_ITEM_012,206,38.45,0.0,0,0.55099,0,0,0,0,1.0,6.123233995736766e-17
2015-04-30,CAT_07,CAT_07_ITEM_012,237,38.84,0.0,0,0.55108,0,0,0,0,0.8660254037844387,-0.4999999999999997
2015-05-31,CAT_07,CAT_07_ITEM_012,241,38.32,0.0,0,0.53379,1,0,0,0,0.4999999999999999,-0.8660254037844386
2015-06-30,CAT_07,CAT_07_ITEM_012,185,37.66,0.0,0,0.52,0,0,0,0,1.2246467991473532e-16,-1.0
2015-07-31,CAT_07,CAT_07_ITEM_012,193,37.77,0.0,0,0.53902,0,0,0,0,-0.4999999999999997,-0.8660254037844387
2015-08-31,CAT_07,CAT_07_ITEM_012,307,34.3,0.1424,1,0.48515,0,1,0,0,-0.8660254037844383,-0.5000000000000003
2015-09-30,CAT_07,CAT_07_ITEM_012,130,39.13,0.0,0,0.5472,0,0,0,0,-1.0,-1.8369701987210297e-16
2015-10-31,CAT_07,CAT_07_ITEM_012,231,39.3,0.0,0,0.53204,0,0,0,0,-0.8660254037844385,0.5
2015-11-30,CAT_07,CAT_07_ITEM_012,186,38.21,0.0,0,0.53832,0,0,0,1,-0.5000000000000003,0.8660254037844383
2015-12-31,CAT_07,CAT_07_ITEM_012,261,37.93,0.0,0,0.5488,0,0,1,0,-2.4492935982947064e-16,1.0
2016-01-31,CAT_07,CAT_07_ITEM_012,339,31.13,0.1794,1,0.43909,0,0,0,0,0.4999999999999999,0.8660254037844386
2016-02-29,CAT_07,CAT_07_ITEM_012,226,35.88,0.0,0,0.51695,0,0,0,0,0.8660254037844385,0.5000000000000001
2016-03-31,CAT_07,CAT_07_ITEM_012,277,36.86,0.0,0,0.52018,0,0,0,0,1.0,6.123233995736766e-17
2016-04-30,CAT_07,CAT_07_ITEM_012,246,38.11,0.0,0,0.53367,0,0,0,0,0.8660254037844387,-0.4999999999999997
2016-05-31,CAT_07,CAT_07_ITEM_012,260,39.51,0.0,0,0.53548,1,0,0,0,0.4999999999999999,-0.8660254037844386
2016-06-30,CAT_07,CAT_07_ITEM_012,356,38.21,0.0,0,0.5108,0,0,0,0,1.2246467991473532e-16,-1.0
2016-07-31,CAT_07,CAT_07_ITEM_012,221,38.82,0.0,0,0.53749,0,0,0,0,-0.4999999999999997,-0.8660254037844387
2016-08-31,CAT_07,CAT_07_ITEM_012,244,38.39,0.0,0,0.52049,0,1,0,0,-0.8660254037844383,-0.5000000000000003
2015-01-31,CAT_07,CAT_07_ITEM_013,160,33.98,0.0,0,0.47445,0,0,0,0,0.4999999999999999,0.8660254037844386
2015-02-28,CAT_07,CAT_07_ITEM_013,229,37.89,0.0,0,0.53977,0,0,0,0,0.8660254037844385,0.5000000000000001
2015-03-31,CAT_07,CAT_07_ITEM_013,238,33.17,0.0,0,0.47536,0,0,0,0,1.0,6.123233995736766e-17
2015-04-30,CAT_07,CAT_07_ITEM_013,761,28.26,0.1792,1,0.40089,0,0,0,0,0.8660254037844387,-0.4999999999999997
2015-05-31,CAT_07,CAT_07_ITEM_013,226,35.68,0.0,0,0.49703,1,0,0,0,0.4999999999999999,-0.8660254037844386
2015-06-30,CAT_07,CAT_07_ITEM_013,186,35.64,0.0,0,0.49201,0,0,0,0,1.2246467991473532e-16,-1.0
2015-07-31,CAT_07,CAT_07_ITEM_013,596,24.37,0.2764,1,0.34779,0,0,0,0,-0.4999999999999997,-0.8660254037844387
2015-08-31,CAT_07,CAT_07_ITEM_013,105,34.97,0.0,0,0.49463,0,1,0,0,-0.8660254037844383,-0.5000000000000003
2015-09-30,CAT_07,CAT_07_ITEM_013,149,35.66,0.0,0,0.49867,0,0,0,0,-1.0,-1.8369701987210297e-16
2015-10-31,CAT_07,CAT_07_ITEM_013,282,36.19,0.0,0,0.49002,0,0,0,0,-0.8660254037844385,0.5
2015-11-30,CAT_07,CAT_07_ITEM_013,245,33.72,0.0,0,0.47512,0,0,0,1,-0.5000000000000003,0.8660254037844383
2015-12-31,CAT_07,CAT_07_ITEM_013,296,31.13,0.0,0,0.45047,0,0,1,0,-2.4492935982947064e-16,1.0
2016-01-31,CAT_07,CAT_07_ITEM_013,359,29.81,0.1656,1,0.42045,0,0,0,0,0.4999999999999999,0.8660254037844386
2016-02-29,CAT_07,CAT_07_ITEM_013,245,32.32,0.0,0,0.46558,0,0,0,0,0.8660254037844385,0.5000000000000001
2016-03-31,CAT_07,CAT_07_ITEM_013,265,32.98,0.0,0,0.46542,0,0,0,0,1.0,6.123233995736766e-17
2016-04-30,CAT_07,CAT_07_ITEM_013,300,33.64,0.0,0,0.47111,0,0,0,0,0.8660254037844387,-0.4999999999999997
2016-05-31,CAT_07,CAT_07_ITEM_013,267,32.21,0.0,0,0.43651,1,0,0,0,0.4999999999999999,-0.8660254037844386
2016-06-30,CAT_07,CAT_07_ITEM_013,424,32.64,0.0,0,0.43633,0,0,0,0,1.2246467991473532e-16,-1.0
2016-07-31,CAT_07,CAT_07_ITEM_013,221,34.72,0.0,0,0.48077,0,0,0,0,-0.4999999999999997,-0.8660254037844387
2016-08-31,CAT_07,CAT_07_ITEM_013,255,32.39,0.0,0,0.43913,0,1,0,0,-0.8660254037844383,-0.5000000000000003
2015-01-31,CAT_07,CAT_07_ITEM_014,91,28.34,0.0,0,0.39567,0,0,0,0,0.4999999999999999,0.8660254037844386
2015-02-28,CAT_07,CAT_07_ITEM_014,100,28.84,0.0,0,0.41088,0,0,0,0,0.8660254037844385,0.5000000000000001
2015-03-31,CAT_07,CAT_07_ITEM_014,113,28.17,0.0,0,0.40368,0,0,0,0,1.0,6.123233995736766e-17
2015-04-30,CAT_07,CAT_07_ITEM_014,127,28.53,0.0,0,0.40476,0,0,0,0,0.8660254037844387,-0.4999999999999997
2015-05-31,CAT_07,CAT_07_ITEM_014,159,28.27,0.0,0,0.39388,1,0,0,0,0.4999999999999999,-0.8660254037844386
2015-06-30,CAT_07,CAT_07_ITEM_014,104,28.41,0.0,0,0.39222,0,0,0,0,1.2246467991473532e-16,-1.0
2015-07-31,CAT_07,CAT_07_ITEM_014,91,28.88,0.0,0,0.41208,0,0,0,0,-0.4999999999999997,-0.8660254037844387
2015-08-31,CAT_07,CAT_07_ITEM_014,73,28.51,0.0,0,0.40326,0,1,0,0,-0.8660254037844383,-0.5000000000000003
2015-09-30,CAT_07,CAT_07_ITEM_014,99,28.12,0.0,0,0.39316,0,0,0,0,-1.0,-1.8369701987210297e-16
2015-10-31,CAT_07,CAT_07_ITEM_014,125,28.39,0.0,0,0.38432,0,0,0,0,-0.8660254037844385,0.5
2015-11-30,CAT_07,CAT_07_ITEM_014,156,28.52,0.0,0,0.40183,0,0,0,1,-0.5000000000000003,0.8660254037844383
2015-12-31,CAT_07,CAT_07_ITEM_014,119,28.6,0.0,0,0.41387,0,0,1,0,-2.4492935982947064e-16,1.0
2016-01-31,CAT_07,CAT_07_ITEM_014,73,28.27,0.0,0,0.39877,0,0,0,0,0.4999999999999999,0.8660254037844386
2016-02-29,CAT_07,CAT_07_ITEM_014,126,28.25,0.0,0,0.40694,0,0,0,0,0.8660254037844385,0.5000000000000001
2016-03-31,CAT_07,CAT_07_ITEM_014,148,28.39,0.0,0,0.40061,0,0,0,0,1.0,6.123233995736766e-17
2016-04-30,CAT_07,CAT_07_ITEM_014,159,28.65,0.0,0,0.40116,0,0,0,0,0.8660254037844387,-0.4999999999999997
2016-05-31,CAT_07,CAT_07_ITEM_014,159,28.63,0.0,0,0.388,1,0,0,0,0.4999999999999999,-0.8660254037844386
2016-06-30,CAT_07,CAT_07_ITEM_014,193,28.43,0.0,0,0.38002,0,0,0,0,1.2246467991473532e-16,-1.0
2016-07-31,CAT_07,CAT_07_ITEM_014,256,21.27,0.2597,1,0.29446,0,0,0,0,-0.4999999999999997,-0.8660254037844387
2016-08-31,CAT_07,CAT_07_ITEM_014,122,28.45,0.0,0,0.38576,0,1,0,0,-0.8660254037844383,-0.5000000000000003
