data/raw/synthetic_retail_shares_brazil_2015_2025.csv
date,category_id,item_id,sales_qty,price,discount,promo_flag,price_rel,mothers_day_flag,fathers_day_flag,christmas_flag,black_friday_flag,month_sin,month_cos
2015-01-31,CAT_07,CAT_07_ITEM_015,32,103.68,0.0,0,1.44758,0,0,0,0,0.4999999999999999,0.8660254037844386
2015-02-28,CAT_07,CAT_07_ITEM_015,33,100.78,0.0,0,1.43573,0,0,0,0,0.8660254037844385,0.5000000000000001
2015-03-31,CAT_07,CAT_07_ITEM_015,58,90.82,0.0,0,1.30142,0,0,0,0,1.0,6.123233995736766e-17
2015-04-30,CAT_07,CAT_07_ITEM_015,57,101.99,0.0,0,1.44693,0,0,0,0,0.8660254037844387,-0.4999999999999997
2015-05-31,CAT_07,CAT_07_ITEM_015,49,97.13,0.0,0,1.35308,1,0,0,0,0.4999999999999999,-0.8660254037844386
2015-06-30,CAT_07,CAT_07_ITEM_015,62,94.77,0.0,0,1.30844,0,0,0,0,1.2246467991473532e-16,-1.0
2015-07-31,CAT_07,CAT_07_ITEM_015,36,97.85,0.0,0,1.39636,0,0,0,0,-0.4999999999999997,-0.8660254037844387
2015-08-31,CAT_07,CAT_07_ITEM_015,27,91.83,0.0,0,1.29869,0,1,0,0,-0.8660254037844383,-0.5000000000000003
2015-09-30,CAT_07,CAT_07_ITEM_015,124,83.42,0.1546,1,1.16648,0,0,0,0,-1.0,-1.8369701987210297e-16
2015-10-31,CAT_07,CAT_07_ITEM_015,67,96.39,0.0,0,1.30504,0,0,0,0,-0.8660254037844385,0.5
2015-11-30,CAT_07,CAT_07_ITEM_015,31,99.67,0.0,0,1.40425,0,0,0,1,-0.5000000000000003,0.8660254037844383
2015-12-31,CAT_07,CAT_07_ITEM_015,60,96.14,0.0,0,1.39111,0,0,1,0,-2.4492935982947064e-16,1.0
2016-01-31,CAT_07,CAT_07_ITEM_015,35,94.56,0.0,0,1.33367,0,0,0,0,0.4999999999999999,0.8660254037844386
2016-02-29,CAT_07,CAT_07_ITEM_015,44,97.0,0.0,0,1.39731,0,0,0,0,0.8660254037844385,0.5000000000000001
2016-03-31,CAT_07,CAT_07_ITEM_015,286,71.53,0.2351,1,1.00939,0,0,0,0,1.0,6.123233995736766e-17
2016-04-30,CAT_07,CAT_07_ITEM_015,74,94.96,0.0,0,1.32975,0,0,0,0,0.8660254037844387,-0.4999999999999997
2016-05-31,CAT_07,CAT_07_ITEM_015,48,100.94,0.0,0,1.36808,1,0,0,0,0.4999999999999999,-0.8660254037844386
2016-06-30,CAT_07,CAT_07_ITEM_015,97,97.71,0.0,0,1.30614,0,0,0,0,1.2246467991473532e-16,-1.0
2016-07-31,CAT_07,CAT_07_ITEM_015,50,98.1,0.0,0,1.35835,0,0,0,0,-0.4999999999999997,-0.8660254037844387
2016-08-31,CAT_07,CAT_07_ITEM_015,58,97.23,0.0,0,1.31837,0,1,0,0,-0.8660254037844383,-0.5000000000000003
2015-01-31,CAT_07,CAT_07_ITEM_016,58,96.51,0.0,0,1.34737,0,0,0,0,0.4999999999999999,0.8660254037844386
2015-02-28,CAT_07,CAT_07_ITEM_016,73,95.06,0.0,0,1.35415,0,0,0,0,0.8660254037844385,0.5000000000000001
2015-03-31,CAT_07,CAT_07_ITEM_016,293,72.8,0.2311,1,1.04321,0,0,0,0,1.0,6.123233995736766e-17
2015-04-30,CAT_07,CAT_07_ITEM_016,75,95.04,0.0,0,1.34835,0,0,0,0,0.8660254037844387,-0.4999999999999997
2015-05-31,CAT_07,CAT_07_ITEM_016,65,93.66,0.0,0,1.30476,1,0,0,0,0.4999999999999999,-0.8660254037844386
2015-06-30,CAT_07,CAT_07_ITEM_016,57,96.47,0.0,0,1.33188,0,0,0,0,1.2246467991473532e-16,-1.0
2015-07-31,CAT_07,CAT_07_ITEM_016,61,93.46,0.0,0,1.33361,0,0,0,0,-0.4999999999999997,-0.8660254037844387
2015-08-31,CAT_07,CAT_07_ITEM_016,50,95.61,0.0,0,1.3521,0,1,0,0,-0.8660254037844383,-0.5000000000000003
2015-09-30,CAT_07,CAT_07_ITEM_016,41,95.04,0.0,0,1.32902,0,0,0,0,-1.0,-1.8369701987210297e-16
2015-10-31,CAT_07,CAT_07_ITEM_016,94,95.84,0.0,0,1.29756,0,0,0,0,-0.8660254037844385,0.5
2015-11-30,CAT_07,CAT_07_ITEM_016,88,96.65,0.0,0,1.36165,0,0,0,1,-0.5000000000000003,0.8660254037844383
2015-12-31,CAT_07,CAT_07_ITEM_016,104,96.26,0.0,0,1.39291,0,0,1,0,-2.4492935982947064e-16,1.0
2016-01-31,CAT_07,CAT_07_ITEM_016,55,93.92,0.0,0,1.32462,0,0,0,0,0.4999999999999999,0.8660254037844386
2016-02-29,CAT_07,CAT_07_ITEM_016,59,93.44,0.0,0,1.34604,0,0,0,0,0.8660254037844385,0.5000000000000001
2016-03-31,CAT_07,CAT_07_ITEM_016,80,97.06,0.0,0,1.36961,0,0,0,0,1.0,6.123233995736766e-17
2016-04-30,CAT_07,CAT_07_ITEM_016,86,97.58,0.0,0,1.36646,0,0,0,0,0.8660254037844387,-0.4999999999999997
2016-05-31,CAT_07,CAT_07_ITEM_016,80,93.59,0.0,0,1.2684,1,0,0,0,0.4999999999999999,-0.8660254037844386
2016-06-30,CAT_07,CAT_07_ITEM_016,105,97.53,0.0,0,1.30375,0,0,0,0,1.2246467991473532e-16,-1.0
2016-07-31,CAT_07,CAT_07_ITEM_016,75,94.77,0.0,0,1.31223,0,0,0,0,-0.4999999999999997,-0.8660254037844387
2016-08-31,CAT_07,CAT_07_ITEM_016,93,96.02,0.0,0,1.30201,0,1,0,0,-0.8660254037844383,-0.5000000000000003
2015-01-31,CAT_07,CAT_07_ITEM_017,32,120.9,0.0,0,1.68792,0,0,0,0,0.4999999999999999,0.8660254037844386
2015-02-28,CAT_07,CAT_07_ITEM_017,39,115.73,0.0,0,1.64868,0,0,0,0,0.8660254037844385,0.5000000000000001
2015-03-31,CAT_07,CAT_07_ITEM_017,39,118.37,0.0,0,1.69631,0,0,0,0,1.0,6.123233995736766e-17
2015-04-30,CAT_07,CAT_07_ITEM_017,45,120.52,0.0,0,1.70978,0,0,0,0,0.8660254037844387,-0.4999999999999997
2015-05-31,CAT_07,CAT_07_ITEM_017,30,122.86,0.0,0,1.7115,1,0,0,0,0.4999999999999999,-0.8660254037844386
2015-06-30,CAT_07,CAT_07_ITEM_017,35,124.39,0.0,0,1.71746,0,0,0,0,1.2246467991473532e-16,-1.0
2015-07-31,CAT_07,CAT_07_ITEM_017,40,117.31,0.0,0,1.67399,0,0,0,0,-0.4999999999999997,-0.8660254037844387
2015-08-31,CAT_07,CAT_07_ITEM_017,27,118.67,0.0,0,1.67835,0,1,0,0,-0.8660254037844383,-0.5000000000000003
2015-09-30,CAT_07,CAT_07_ITEM_017,22,121.68,0.0,0,1.70157,0,0,0,0,-1.0,-1.8369701987210297e-16
2015-10-31,CAT_07,CAT_07_ITEM_017,59,118.47,0.0,0,1.60392,0,0,0,0,-0.8660254037844385,0.5
2015-11-30,CAT_07,CAT_07_ITEM_017,44,122.83,0.0,0,1.73054,0,0,0,1,-0.5000000000000003,0.8660254037844383
2015-12-31,CAT_07,CAT_07_ITEM_017,162,92.4,0.2355,1,1.33705,0,0,1,0,-2.4492935982947064e-16,1.0
2016-01-31,CAT_07,CAT_07_ITEM_017,27,121.61,0.0,0,1.71515,0,0,0,0,0.4999999999999999,0.8660254037844386
2016-02-29,CAT_07,CAT_07_ITEM_017,217,84.3,0.2936,1,1.21437,0,0,0,0,0.8660254037844385,0.5000000000000001
2016-03-31,CAT_07,CAT_07_ITEM_017,49,121.63,0.0,0,1.7164,0,0,0,0,1.0,6.123233995736766e-17
2016-04-30,CAT_07,CAT_07_ITEM_017,49,118.26,0.0,0,1.65613,0,0,0,0,0.8660254037844387,-0.4999999999999997
2016-05-31,CAT_07,CAT_07_ITEM_017,44,118.56,0.0,0,1.60679,1,0,0,0,0.4999999999999999,-0.8660254037844386
2016-06-30,CAT_07,CAT_07_ITEM_017,66,121.11,0.0,0,1.61892,0,0,0,0,1.2246467991473532e-16,-1.0
2016-07-31,CAT_07,CAT_07_ITEM_017,47,122.61,0.0,0,1.69775,0,0,0,0,-0.4999999999999997,-0.8660254037844387
2016-08-31,CAT_07,CAT_07_ITEM_017,49,123.62,0.0,0,1.67619,0,1,0,0,-0.8660254037844383,-0.5000000000000003
2015-01-31,CAT_07,CAT_07_ITEM_018,176,43.7,0.2306,1,0.61012,0,0,0,0,0.4999999999999999,0.8660254037844386
2015-02-28,CAT_07,CAT_07_ITEM_018,92,53.91,0.0,0,0.76796,0,0,0,0,0.8660254037844385,0.5000000000000001
2015-03-31,CAT_07,CAT_07_ITEM_018,68,61.46,0.0,0,0.88078,0,0,0,0,1.0,6.123233995736766e-17
2015-04-30,CAT_07,CAT_07_ITEM_018,80,56.14,0.0,0,0.79646,0,0,0,0,0.8660254037844387,-0.4999999999999997
2015-05-31,CAT_07,CAT_07_ITEM_018,59,57.28,0.0,0,0.79795,1,0,0,0,0.4999999999999999,-0.8660254037844386
2015-06-30,CAT_07,CAT_07_ITEM_018,61,56.92,0.0,0,0.78588,0,0,0,0,1.2246467991473532e-16,-1.0
2015-07-31,CAT_07,CAT_07_ITEM_018,79,56.78,0.0,0,0.81026,0,0,0,0,-0.4999999999999997,-0.8660254037844387
2015-08-31,CAT_07,CAT_07_ITEM_018,49,56.92,0.0,0,0.80504,0,1,0,0,-0.8660254037844383,-0.5000000000000003
2015-09-30,CAT_07,CAT_07_ITEM_018,47,58.42,0.0,0,0.81695,0,0,0,0,-1.0,-1.8369701987210297e-16
2015-10-31,CAT_07,CAT_07_ITEM_018,98,53.92,0.0,0,0.73,0,0,0,0,-0.8660254037844385,0.5
2015-11-30,CAT_07,CAT_07_ITEM_018,69,57.16,0.0,0,0.8053,0,0,0,1,-0.5000000000000003,0.8660254037844383
2015-12-31,CAT_07,CAT_07_ITEM_018,234,44.96,0.2317,1,0.65056,0,0,1,0,-2.4492935982947064e-16,1.0
2016-01-31,CAT_07,CAT_07_ITEM_018,39,54.68,0.0,0,0.77122,0,0,0,0,0.4999999999999999,0.8660254037844386
2016-02-29,CAT_07,CAT_07_ITEM_018,83,57.3,0.0,0,0.82541,0,0,0,0,0.8660254037844385,0.5000000000000001
2016-03-31,CAT_07,CAT_07_ITEM_018,80,58.52,0.0,0,0.82582,0,0,0,0,1.0,6.123233995736766e-17
2016-04-30,CAT_07,CAT_07_ITEM_018,87,56.93,0.0,0,0.79722,0,0,0,0,0.8660254037844387,-0.4999999999999997
2016-05-31,CAT_07,CAT_07_ITEM_018,50,60.68,0.0,0,0.82236,1,0,0,0,0.4999999999999999,-0.8660254037844386
2016-06-30,CAT_07,CAT_07_ITEM_018,136,61.15,0.0,0,0.81747,0,0,0,0,1.2246467991473532e-16,-1.0
2016-07-31,CAT_07,CAT_07_ITEM_018,68,60.64,0.0,0,0.83961,0,0,0,0,-0.4999999999999997,-0.8660254037844387
2016-08-31,CAT_07,CAT_07_ITEM_018,102,55.74,0.0,0,0.75584,0,1,0,0,-0.8660254037844383,-0.5000000000000003
2015-01-31,CAT_08,CAT_08_ITEM_001,9,115.15,0.0,0,1.69101,0,0,0,0,0.4999999999999999,0.8660254037844386
2015-02-28,CAT_08,CAT_08_ITEM_001,5,117.59,0.0,0,1.72936,0,0,0,0,0.8660254037844385,0.5000000000000001
2015-03-31,CAT_08,CAT_08_ITEM_001,4,117.41,0.0,0,1.69306,0,0,0,0,1.0,6.123233995736766e-17
2015-04-30,CAT_08,CAT_08_ITEM_001,2,115.31,0.0,0,1.69275,0,0,0,0,0.8660254037844387,-0.4999999999999997
2015-05-31,CAT_08,CAT_08_ITEM_001,2,115.29,0.0,0,1.699,1,0,0,0,0.4999999999999999,-0.8660254037844386
2015-06-30,CAT_08,CAT_08_ITEM_001,6,116.43,0.0,0,1.71033,0,0,0,0,1.2246467991473532e-16,-1.0
2015-07-31,CAT_08,CAT_08_ITEM_001,7,117.97,0.0,0,1.69206,0,0,0,0,-0.4999999999999997,-0.8660254037844387
2015-08-31,CAT_08,CAT_08_ITEM_001,6,114.81,0.0,0,1.6299,0,1,0,0,-0.8660254037844383,-0.5000000000000003
2015-09-30,CAT_08,CAT_08_ITEM_001,9,118.95,0.0,0,1.71071,0,0,0,0,-1.0,-1.8369701987210297e-16
2015-10-31,CAT_08,CAT_08_ITEM_001,9,118.05,0.0,0,1.76587,0,0,0,0,-0.8660254037844385,0.5
2015-11-30,CAT_08,CAT_08_ITEM_001,19,117.64,0.0,0,1.71031,0,0,0,1,-0.5000000000000003,0.8660254037844383
2015-12-31,CAT_08,CAT_08_ITEM_001,4,114.92,0.0,0,1.64446,0,0,1,0,-2.4492935982947064e-16,1.0
2016-01-31,CAT_08,CAT_08_ITEM_001,4,120.83,0.0,0,1.75451,0,0,0,0,0.4999999999999999,0.8660254037844386
2016-02-29,CAT_08,CAT_08_ITEM_001,6,117.72,0.0,0,1.72981,0,0,0,0,0.8660254037844385,0.5000000000000001
2016-03-31,CAT_08,CAT_08_ITEM_001,40,84.43,0.2718,1,1.22312,0,0,0,0,1.0,6.123233995736766e-17
2016-04-30,CAT_08,CAT_08_ITEM_001,3,121.53,0.0,0,1.78082,0,0,0,0,0.8660254037844387,-0.4999999999999997
2016-05-31,CAT_08,CAT_08_ITEM_001,3,118.3,0.0,0,1.6972,1,0,0,0,0.4999999999999999,-0.8660254037844386
2016-06-30,CAT_08,CAT_08_ITEM_001,4,115.83,0.0,0,1.76788,0,0,0,0,1.2246467991473532e-16,-1.0
2016-07-31,CAT_08,CAT_08_ITEM_001,10,117.25,0.0,0,1.69267,0,0,0,0,-0.4999999999999997,-0.8660254037844387
2016-08-31,CAT_08,CAT_08_ITEM_001,3,117.63,0.0,0,1.70529,0,1,0,0,-0.8660254037844383,-0.5000000000000003
2015-01-31,CAT_08,CAT_08_ITEM_002,1,100.52,0.0,0,1.47624,0,0,0,0,0.4999999999999999,0.8660254037844386
2015-02-28,CAT_08,CAT_08_ITEM_002,21,71.65,0.2411,1,1.05374,0,0,0,0,0.8660254037844385,0.5000000000000001
2015-03-31,CAT_08,CAT_08_ITEM_002,4,94.85,0.0,0,1.36772,0,0,0,0,1.0,6.123233995736766e-17
2015-04-30,CAT_08,CAT_08_ITEM_002,4,95.88,0.0,0,1.40755,0,0,0,0,0.8660254037844387,-0.4999999999999997
2015-05-31,CAT_08,CAT_08_ITEM_002,5,98.64,0.0,0,1.45351,1,0,0,0,0.4999999999999999,-0.8660254037844386
2015-06-30,CAT_08,CAT_08_ITEM_002,3,100.02,0.0,0,1.46936,0,0,0,0,1.2246467991473532e-16,-1.0
2015-07-31,CAT_08,CAT_08_ITEM_002,3,93.95,0.0,0,1.34755,0,0,0,0,-0.4999999999999997,-0.8660254037844387
2015-08-31,CAT_08,CAT_08_ITEM_002,4,96.37,0.0,0,1.36816,0,1,0,0,-0.8660254037844383,-0.5000000000000003
2015-09-30,CAT_08,CAT_08_ITEM_002,12,79.88,0.172,1,1.14884,0,0,0,0,-1.0,-1.8369701987210297e-16
2015-10-31,CAT_08,CAT_08_ITEM_002,3,99.19,0.0,0,1.48373,0,0,0,0,-0.8660254037844385,0.5
2015-11-30,CAT_08,CAT_08_ITEM_002,44,71.81,0.225,1,1.04401,0,0,0,1,-0.5000000000000003,0.8660254037844383
2015-12-31,CAT_08,CAT_08_ITEM_002,6,96.5,0.0,0,1.3809,0,0,1,0,-2.4492935982947064e-16,1.0
2016-01-31,CAT_08,CAT_08_ITEM_002,3,96.21,0.0,0,1.397,0,0,0,0,0.4999999999999999,0.8660254037844386
2016-02-29,CAT_08,CAT_08_ITEM_002,2,95.13,0.0,0,1.39798,0,0,0,0,0.8660254037844385,0.5000000000000001
2016-03-31,CAT_08,CAT_08_ITEM_002,5,95.07,0.0,0,1.37729,0,0,0,0,1.0,6.123233995736766e-17
2016-04-30,CAT_08,CAT_08_ITEM_002,6,95.92,0.0,0,1.40559,0,0,0,0,0.8660254037844387,-0.4999999999999997
2016-05-31,CAT_08,CAT_08_ITEM_002,2,95.76,0.0,0,1.37376,1,0,0,0,0.4999999999999999,-0.8660254037844386
2016-06-30,CAT_08,CAT_08_ITEM_002,1,98.86,0.0,0,1.50886,0,0,0,0,1.2246467991473532e-16,-1.0
2016-07-31,CAT_08,CAT_08_ITEM_002,5,93.26,0.0,0,1.34635,0,0,0,0,-0.4999999999999997,-0.8660254037844387
2016-08-31,CAT_08,CAT_08_ITEM_002,4,95.2,0.0,0,1.38007,0,1,0,0,-0.8660254037844383,-0.5000000000000003
2015-01-31,CAT_08,CAT_08_ITEM_003,399,67.8,0.1926,1,0.99573,0,0,0,0,0.4999999999999999,0.8660254037844386
2015-02-28,CAT_08,CAT_08_ITEM_003,195,80.83,0.0,0,1.18879,0,0,0,0,0.8660254037844385,0.5000000000000001
2015-03-31,CAT_08,CAT_08_ITEM_003,112,83.37,0.0,0,1.20224,0,0,0,0,1.0,6.123233995736766e-17
2015-04-30,CAT_08,CAT_08_ITEM_003,99,84.36,0.0,0,1.23835,0,0,0,0,0.8660254037844387,-0.4999999999999997
2015-05-31,CAT_08,CAT_08_ITEM_003,217,70.0,0.143,1,1.03146,1,0,0,0,0.4999999999999999,-0.8660254037844386
2015-06-30,CAT_08,CAT_08_ITEM_003,100,81.81,0.0,0,1.20173,0,0,0,0,1.2246467991473532e-16,-1.0
2015-07-31,CAT_08,CAT_08_ITEM_003,92,85.73,0.0,0,1.22958,0,0,0,0,-0.4999999999999997,-0.8660254037844387
2015-08-31,CAT_08,CAT_08_ITEM_003,108,84.41,0.0,0,1.19826,0,1,0,0,-0.8660254037844383,-0.5000000000000003
2015-09-30,CAT_08,CAT_08_ITEM_003,121,83.1,0.0,0,1.19511,0,0,0,0,-1.0,-1.8369701987210297e-16
2015-10-31,CAT_08,CAT_08_ITEM_003,396,65.02,0.2198,1,0.97262,0,0,0,0,-0.8660254037844385,0.5
2015-11-30,CAT_08,CAT_08_ITEM_003,178,84.17,0.0,0,1.22359,0,0,0,1,-0.5000000000000003,0.8660254037844383
2015-12-31,CAT_08,CAT_08_ITEM_003,149,82.29,0.0,0,1.17755,0,0,1,0,-2.4492935982947064e-16,1.0
2016-01-31,CAT_08,CAT_08_ITEM_003,168,83.39,0.0,0,1.21088,0,0,0,0,0.4999999999999999,0.8660254037844386
2016-02-29,CAT_08,CAT_08_ITEM_003,92,82.84,0.0,0,1.21737,0,0,0,0,0.8660254037844385,0.5000000000000001
2016-03-31,CAT_08,CAT_08_ITEM_003,151,81.13,0.0,0,1.17538,0,0,0,0,1.0,6.123233995736766e-17
2016-04-30,CAT_08,CAT_08_ITEM_003,98,84.95,0.0,0,1.24482,0,0,0,0,0.8660254037844387,-0.4999999999999997
2016-05-31,CAT_08,CAT_08_ITEM_003,89,83.15,0.0,0,1.19287,1,0,0,0,0.4999999999999999,-0.8660254037844386
2016-06-30,CAT_08,CAT_08_ITEM_003,84,82.9,0.0,0,1.26521,0,0,0,0,1.2246467991473532e-16,-1.0
2016-07-31,CAT_08,CAT_08_ITEM_003,126,81.74,0.0,0,1.18012,0,0,0,0,-0.4999999999999997,-0.8660254037844387
2016-08-31,CAT_08,CAT_08_ITEM_003,90,82.18,0.0,0,1.19124,0,1,0,0,-0.8660254037844383,-0.5000000000000003
2015-01-31,CAT_08,CAT_08_ITEM_004,180,30.17,0.0,0,0.44301,0,0,0,0,0.4999999999999999,0.8660254037844386
2015-02-28,CAT_08,CAT_08_ITEM_004,225,29.05,0.0,0,0.42719,0,0,0,0,0.8660254037844385,0.5000000000000001
2015-03-31,CAT_08,CAT_08_ITEM_004,140,29.14,0.0,0,0.42022,0,0,0,0,1.0,6.123233995736766e-17
2015-04-30,CAT_08,CAT_08_ITEM_004,147,28.34,0.0,0,0.41605,0,0,0,0,0.8660254037844387,-0.4999999999999997
2015-05-31,CAT_08,CAT_08_ITEM_004,119,30.84,0.0,0,0.45448,1,0,0,0,0.4999999999999999,-0.8660254037844386
2015-06-30,CAT_08,CAT_08_ITEM_004,135,30.25,0.0,0,0.44442,0,0,0,0,1.2246467991473532e-16,-1.0
2015-07-31,CAT_08,CAT_08_ITEM_004,117,29.71,0.0,0,0.42606,0,0,0,0,-0.4999999999999997,-0.8660254037844387
2015-08-31,CAT_08,CAT_08_ITEM_004,207,29.86,0.0,0,0.42388,0,1,0,0,-0.8660254037844383,-0.5000000000000003
2015-09-30,CAT_08,CAT_08_ITEM_004,164,29.75,0.0,0,0.4278,0,0,0,0,-1.0,-1.8369701987210297e-16
2015-10-31,CAT_08,CAT_08_ITEM_004,141,29.72,0.0,0,0.44461,0,0,0,0,-0.8660254037844385,0.5
2015-11-30,CAT_08,CAT_08_ITEM_004,324,29.26,0.0,0,0.42535,0,0,0,1,-0.5000000000000003,0.8660254037844383
2015-12-31,CAT_08,CAT_08_ITEM_004,347,29.56,0.0,0,0.42301,0,0,1,0,-2.4492935982947064e-16,1.0
2016-01-31,CAT_08,CAT_08_ITEM_004,232,29.48,0.0,0,0.42804,0,0,0,0,0.4999999999999999,0.8660254037844386
2016-02-29,CAT_08,CAT_08_ITEM_004,131,30.36,0.0,0,0.44616,0,0,0,0,0.8660254037844385,0.5000000000000001
2016-03-31,CAT_08,CAT_08_ITEM_004,181,28.24,0.0,0,0.40908,0,0,0,0,1.0,6.123233995736766e-17
2016-04-30,CAT_08,CAT_08_ITEM_004,146,30.55,0.0,0,0.4476,0,0,0,0,0.8660254037844387,-0.4999999999999997
2016-05-31,CAT_08,CAT_08_ITEM_004,150,29.29,0.0,0,0.42018,1,0,0,0,0.4999999999999999,-0.8660254037844386
2016-06-30,CAT_08,CAT_08_ITEM_004,129,29.88,0.0,0,0.45603,0,0,0,0,1.2246467991473532e-16,-1.0
2016-07-31,CAT_08,CAT_08_ITEM_004,160,29.65,0.0,0,0.42806,0,0,0,0,-0.4999999999999997,-0.8660254037844387
2016-08-31,CAT_08,CAT_08_ITEM_004,187,29.07,0.0,0,0.42143,0,1,0,0,-0.8660254037844383,-0.5000000000000003
