data/raw/synthetic_retail_shares_brazil_2015_2025.csv
date,category_id,item_id,sales_qty,price,discount,promo_flag,price_rel,mothers_day_flag,fathers_day_flag,christmas_flag,black_friday_flag,month_sin,month_cos
2015-01-31,CAT_08,CAT_08_ITEM_005,178,66.49,0.0,0,0.97646,0,0,0,0,0.4999999999999999,0.8660254037844386
2015-02-28,CAT_08,CAT_08_ITEM_005,193,66.94,0.0,0,0.98439,0,0,0,0,0.8660254037844385,0.5000000000000001
2015-03-31,CAT_08,CAT_08_ITEM_005,171,64.7,0.0,0,0.93307,0,0,0,0,1.0,6.123233995736766e-17
2015-04-30,CAT_08,CAT_08_ITEM_005,145,59.83,0.0,0,0.87823,0,0,0,0,0.8660254037844387,-0.4999999999999997
2015-05-31,CAT_08,CAT_08_ITEM_005,135,64.48,0.0,0,0.95017,1,0,0,0,0.4999999999999999,-0.8660254037844386
2015-06-30,CAT_08,CAT_08_ITEM_005,187,64.02,0.0,0,0.94046,0,0,0,0,1.2246467991473532e-16,-1.0
2015-07-31,CAT_08,CAT_08_ITEM_005,148,64.29,0.0,0,0.92215,0,0,0,0,-0.4999999999999997,-0.8660254037844387
2015-08-31,CAT_08,CAT_08_ITEM_005,196,67.62,0.0,0,0.96004,0,1,0,0,-0.8660254037844383,-0.5000000000000003
2015-09-30,CAT_08,CAT_08_ITEM_005,177,67.43,0.0,0,0.96976,0,0,0,0,-1.0,-1.8369701987210297e-16
2015-10-31,CAT_08,CAT_08_ITEM_005,164,64.03,0.0,0,0.95786,0,0,0,0,-0.8660254037844385,0.5
2015-11-30,CAT_08,CAT_08_ITEM_005,256,63.1,0.0,0,0.91728,0,0,0,1,-0.5000000000000003,0.8660254037844383
2015-12-31,CAT_08,CAT_08_ITEM_005,366,65.99,0.0,0,0.94423,0,0,1,0,-2.4492935982947064e-16,1.0
2016-01-31,CAT_08,CAT_08_ITEM_005,270,65.57,0.0,0,0.95206,0,0,0,0,0.4999999999999999,0.8660254037844386
2016-02-29,CAT_08,CAT_08_ITEM_005,140,61.15,0.0,0,0.89858,0,0,0,0,0.8660254037844385,0.5000000000000001
2016-03-31,CAT_08,CAT_08_ITEM_005,221,62.71,0.0,0,0.90854,0,0,0,0,1.0,6.123233995736766e-17
2016-04-30,CAT_08,CAT_08_ITEM_005,148,66.31,0.0,0,0.97173,0,0,0,0,0.8660254037844387,-0.4999999999999997
2016-05-31,CAT_08,CAT_08_ITEM_005,186,66.99,0.0,0,0.96098,1,0,0,0,0.4999999999999999,-0.8660254037844386
2016-06-30,CAT_08,CAT_08_ITEM_005,142,59.27,0.0,0,0.90454,0,0,0,0,1.2246467991473532e-16,-1.0
2016-07-31,CAT_08,CAT_08_ITEM_005,194,65.9,0.0,0,0.95144,0,0,0,0,-0.4999999999999997,-0.8660254037844387
2016-08-31,CAT_08,CAT_08_ITEM_005,212,62.65,0.0,0,0.90818,0,1,0,0,-0.8660254037844383,-0.5000000000000003
2015-01-31,CAT_08,CAT_08_ITEM_006,180,90.61,0.23,1,1.33069,0,0,0,0,0.4999999999999999,0.8660254037844386
2015-02-28,CAT_08,CAT_08_ITEM_006,45,120.93,0.0,0,1.77845,0,0,0,0,0.8660254037844385,0.5000000000000001
2015-03-31,CAT_08,CAT_08_ITEM_006,35,117.39,0.0,0,1.6928,0,0,0,0,1.0,6.123233995736766e-17
2015-04-30,CAT_08,CAT_08_ITEM_006,37,119.32,0.0,0,1.75154,0,0,0,0,0.8660254037844387,-0.4999999999999997
2015-05-31,CAT_08,CAT_08_ITEM_006,21,121.74,0.0,0,1.79394,1,0,0,0,0.4999999999999999,-0.8660254037844386
2015-06-30,CAT_08,CAT_08_ITEM_006,38,118.97,0.0,0,1.7477,0,0,0,0,1.2246467991473532e-16,-1.0
2015-07-31,CAT_08,CAT_08_ITEM_006,29,124.82,0.0,0,1.79019,0,0,0,0,-0.4999999999999997,-0.8660254037844387
2015-08-31,CAT_08,CAT_08_ITEM_006,43,122.82,0.0,0,1.74359,0,1,0,0,-0.8660254037844383,-0.5000000000000003
2015-09-30,CAT_08,CAT_08_ITEM_006,53,118.69,0.0,0,1.7069,0,0,0,0,-1.0,-1.8369701987210297e-16
2015-10-31,CAT_08,CAT_08_ITEM_006,126,101.46,0.1512,1,1.51764,0,0,0,0,-0.8660254037844385,0.5
2015-11-30,CAT_08,CAT_08_ITEM_006,54,117.83,0.0,0,1.71299,0,0,0,1,-0.5000000000000003,0.8660254037844383
2015-12-31,CAT_08,CAT_08_ITEM_006,55,118.66,0.0,0,1.69803,0,0,1,0,-2.4492935982947064e-16,1.0
2016-01-31,CAT_08,CAT_08_ITEM_006,45,132.35,0.0,0,1.92182,0,0,0,0,0.4999999999999999,0.8660254037844386
2016-02-29,CAT_08,CAT_08_ITEM_006,38,109.81,0.0,0,1.61369,0,0,0,0,0.8660254037844385,0.5000000000000001
2016-03-31,CAT_08,CAT_08_ITEM_006,26,126.47,0.0,0,1.83215,0,0,0,0,1.0,6.123233995736766e-17
2016-04-30,CAT_08,CAT_08_ITEM_006,43,107.66,0.0,0,1.57758,0,0,0,0,0.8660254037844387,-0.4999999999999997
2016-05-31,CAT_08,CAT_08_ITEM_006,20,116.98,0.0,0,1.67819,1,0,0,0,0.4999999999999999,-0.8660254037844386
2016-06-30,CAT_08,CAT_08_ITEM_006,75,103.66,0.1184,1,1.58204,0,0,0,0,1.2246467991473532e-16,-1.0
2016-07-31,CAT_08,CAT_08_ITEM_006,58,117.26,0.0,0,1.69287,0,0,0,0,-0.4999999999999997,-0.8660254037844387
2016-08-31,CAT_08,CAT_08_ITEM_006,46,114.91,0.0,0,1.66585,0,1,0,0,-0.8660254037844383,-0.5000000000000003
2015-01-31,CAT_08,CAT_08_ITEM_007,410,16.62,0.1743,1,0.24408,0,0,0,0,0.4999999999999999,0.8660254037844386
2015-02-28,CAT_08,CAT_08_ITEM_007,232,20.94,0.0,0,0.30802,0,0,0,0,0.8660254037844385,0.5000000000000001
2015-03-31,CAT_08,CAT_08_ITEM_007,159,22.27,0.0,0,0.3211,0,0,0,0,1.0,6.123233995736766e-17
2015-04-30,CAT_08,CAT_08_ITEM_007,149,21.57,0.0,0,0.31663,0,0,0,0,0.8660254037844387,-0.4999999999999997
2015-05-31,CAT_08,CAT_08_ITEM_007,195,19.49,0.0,0,0.28714,1,0,0,0,0.4999999999999999,-0.8660254037844386
2015-06-30,CAT_08,CAT_08_ITEM_007,141,20.92,0.0,0,0.30734,0,0,0,0,1.2246467991473532e-16,-1.0
2015-07-31,CAT_08,CAT_08_ITEM_007,132,21.03,0.0,0,0.30169,0,0,0,0,-0.4999999999999997,-0.8660254037844387
2015-08-31,CAT_08,CAT_08_ITEM_007,207,22.4,0.0,0,0.31803,0,1,0,0,-0.8660254037844383,-0.5000000000000003
2015-09-30,CAT_08,CAT_08_ITEM_007,177,20.17,0.0,0,0.29012,0,0,0,0,-1.0,-1.8369701987210297e-16
2015-10-31,CAT_08,CAT_08_ITEM_007,157,20.4,0.0,0,0.30514,0,0,0,0,-0.8660254037844385,0.5
2015-11-30,CAT_08,CAT_08_ITEM_007,355,22.81,0.0,0,0.33166,0,0,0,1,-0.5000000000000003,0.8660254037844383
2015-12-31,CAT_08,CAT_08_ITEM_007,347,20.37,0.0,0,0.29153,0,0,1,0,-2.4492935982947064e-16,1.0
2016-01-31,CAT_08,CAT_08_ITEM_007,252,20.52,0.0,0,0.298,0,0,0,0,0.4999999999999999,0.8660254037844386
2016-02-29,CAT_08,CAT_08_ITEM_007,150,19.97,0.0,0,0.29344,0,0,0,0,0.8660254037844385,0.5000000000000001
2016-03-31,CAT_08,CAT_08_ITEM_007,204,20.22,0.0,0,0.29296,0,0,0,0,1.0,6.123233995736766e-17
2016-04-30,CAT_08,CAT_08_ITEM_007,165,20.5,0.0,0,0.30035,0,0,0,0,0.8660254037844387,-0.4999999999999997
2016-05-31,CAT_08,CAT_08_ITEM_007,239,20.65,0.0,0,0.2963,1,0,0,0,0.4999999999999999,-0.8660254037844386
2016-06-30,CAT_08,CAT_08_ITEM_007,123,20.42,0.0,0,0.31167,0,0,0,0,1.2246467991473532e-16,-1.0
2016-07-31,CAT_08,CAT_08_ITEM_007,197,21.37,0.0,0,0.30854,0,0,0,0,-0.4999999999999997,-0.8660254037844387
2016-08-31,CAT_08,CAT_08_ITEM_007,183,20.99,0.0,0,0.30424,0,1,0,0,-0.8660254037844383,-0.5000000000000003
2015-01-31,CAT_08,CAT_08_ITEM_008,1,45.73,0.0,0,0.67155,0,0,0,0,0.4999999999999999,0.8660254037844386
2015-02-28,CAT_08,CAT_08_ITEM_008,6,44.93,0.0,0,0.66081,0,0,0,0,0.8660254037844385,0.5000000000000001
2015-03-31,CAT_08,CAT_08_ITEM_008,7,42.15,0.0,0,0.60778,0,0,0,0,1.0,6.123233995736766e-17
2015-04-30,CAT_08,CAT_08_ITEM_008,4,45.07,0.0,0,0.66162,0,0,0,0,0.8660254037844387,-0.4999999999999997
2015-05-31,CAT_08,CAT_08_ITEM_008,8,45.81,0.0,0,0.67513,1,0,0,0,0.4999999999999999,-0.8660254037844386
2015-06-30,CAT_08,CAT_08_ITEM_008,3,44.25,0.0,0,0.65002,0,0,0,0,1.2246467991473532e-16,-1.0
2015-07-31,CAT_08,CAT_08_ITEM_008,2,46.69,0.0,0,0.66972,0,0,0,0,-0.4999999999999997,-0.8660254037844387
2015-08-31,CAT_08,CAT_08_ITEM_008,2,44.26,0.0,0,0.62837,0,1,0,0,-0.8660254037844383,-0.5000000000000003
2015-09-30,CAT_08,CAT_08_ITEM_008,6,47.56,0.0,0,0.68397,0,0,0,0,-1.0,-1.8369701987210297e-16
2015-10-31,CAT_08,CAT_08_ITEM_008,5,43.33,0.0,0,0.64811,0,0,0,0,-0.8660254037844385,0.5
2015-11-30,CAT_08,CAT_08_ITEM_008,12,47.22,0.0,0,0.68642,0,0,0,1,-0.5000000000000003,0.8660254037844383
2015-12-31,CAT_08,CAT_08_ITEM_008,11,46.38,0.0,0,0.66367,0,0,1,0,-2.4492935982947064e-16,1.0
2016-01-31,CAT_08,CAT_08_ITEM_008,9,44.29,0.0,0,0.6431,0,0,0,0,0.4999999999999999,0.8660254037844386
2016-02-29,CAT_08,CAT_08_ITEM_008,6,44.98,0.0,0,0.661,0,0,0,0,0.8660254037844385,0.5000000000000001
2016-03-31,CAT_08,CAT_08_ITEM_008,8,45.06,0.0,0,0.65273,0,0,0,0,1.0,6.123233995736766e-17
2016-04-30,CAT_08,CAT_08_ITEM_008,4,44.36,0.0,0,0.64999,0,0,0,0,0.8660254037844387,-0.4999999999999997
2016-05-31,CAT_08,CAT_08_ITEM_008,3,44.22,0.0,0,0.6344,1,0,0,0,0.4999999999999999,-0.8660254037844386
2016-06-30,CAT_08,CAT_08_ITEM_008,5,46.62,0.0,0,0.71158,0,0,0,0,1.2246467991473532e-16,-1.0
2016-07-31,CAT_08,CAT_08_ITEM_008,13,46.75,0.0,0,0.67492,0,0,0,0,-0.4999999999999997,-0.8660254037844387
2016-08-31,CAT_08,CAT_08_ITEM_008,4,44.72,0.0,0,0.64829,0,1,0,0,-0.8660254037844383,-0.5000000000000003
2015-01-31,CAT_08,CAT_08_ITEM_009,123,15.39,0.0,0,0.22599,0,0,0,0,0.4999999999999999,0.8660254037844386
2015-02-28,CAT_08,CAT_08_ITEM_009,165,16.33,0.0,0,0.24018,0,0,0,0,0.8660254037844385,0.5000000000000001
2015-03-31,CAT_08,CAT_08_ITEM_009,121,15.43,0.0,0,0.22254,0,0,0,0,1.0,6.123233995736766e-17
2015-04-30,CAT_08,CAT_08_ITEM_009,111,15.46,0.0,0,0.22698,0,0,0,0,0.8660254037844387,-0.4999999999999997
2015-05-31,CAT_08,CAT_08_ITEM_009,105,15.37,0.0,0,0.22647,1,0,0,0,0.4999999999999999,-0.8660254037844386
2015-06-30,CAT_08,CAT_08_ITEM_009,146,15.98,0.0,0,0.23481,0,0,0,0,1.2246467991473532e-16,-1.0
2015-07-31,CAT_08,CAT_08_ITEM_009,117,15.27,0.0,0,0.21906,0,0,0,0,-0.4999999999999997,-0.8660254037844387
2015-08-31,CAT_08,CAT_08_ITEM_009,141,15.89,0.0,0,0.22553,0,1,0,0,-0.8660254037844383,-0.5000000000000003
2015-09-30,CAT_08,CAT_08_ITEM_009,121,15.66,0.0,0,0.22521,0,0,0,0,-1.0,-1.8369701987210297e-16
2015-10-31,CAT_08,CAT_08_ITEM_009,114,16.37,0.0,0,0.24494,0,0,0,0,-0.8660254037844385,0.5
2015-11-30,CAT_08,CAT_08_ITEM_009,283,14.82,0.0,0,0.21552,0,0,0,1,-0.5000000000000003,0.8660254037844383
2015-12-31,CAT_08,CAT_08_ITEM_009,194,15.83,0.0,0,0.22652,0,0,1,0,-2.4492935982947064e-16,1.0
2016-01-31,CAT_08,CAT_08_ITEM_009,186,16.74,0.0,0,0.24302,0,0,0,0,0.4999999999999999,0.8660254037844386
2016-02-29,CAT_08,CAT_08_ITEM_009,261,12.06,0.2154,1,0.1772,0,0,0,0,0.8660254037844385,0.5000000000000001
2016-03-31,CAT_08,CAT_08_ITEM_009,191,15.1,0.0,0,0.21882,0,0,0,0,1.0,6.123233995736766e-17
2016-04-30,CAT_08,CAT_08_ITEM_009,123,15.67,0.0,0,0.22959,0,0,0,0,0.8660254037844387,-0.4999999999999997
2016-05-31,CAT_08,CAT_08_ITEM_009,137,15.11,0.0,0,0.21683,1,0,0,0,0.4999999999999999,-0.8660254037844386
2016-06-30,CAT_08,CAT_08_ITEM_009,90,16.36,0.0,0,0.24972,0,0,0,0,1.2246467991473532e-16,-1.0
2016-07-31,CAT_08,CAT_08_ITEM_009,166,15.62,0.0,0,0.22545,0,0,0,0,-0.4999999999999997,-0.8660254037844387
2016-08-31,CAT_08,CAT_08_ITEM_009,120,14.64,0.0,0,0.21228,0,1,0,0,-0.8660254037844383,-0.5000000000000003
2015-01-31,CAT_08,CAT_08_ITEM_010,2,98.57,0.0,0,1.44756,0,0,0,0,0.4999999999999999,0.8660254037844386
2015-02-28,CAT_08,CAT_08_ITEM_010,6,100.49,0.0,0,1.47784,0,0,0,0,0.8660254037844385,0.5000000000000001
2015-03-31,CAT_08,CAT_08_ITEM_010,4,96.61,0.0,0,1.39311,0,0,0,0,1.0,6.123233995736766e-17
2015-04-30,CAT_08,CAT_08_ITEM_010,3,88.85,0.0,0,1.30427,0,0,0,0,0.8660254037844387,-0.4999999999999997
2015-05-31,CAT_08,CAT_08_ITEM_010,4,92.07,0.0,0,1.35681,1,0,0,0,0.4999999999999999,-0.8660254037844386
2015-06-30,CAT_08,CAT_08_ITEM_010,5,88.06,0.0,0,1.29364,0,0,0,0,1.2246467991473532e-16,-1.0
2015-07-31,CAT_08,CAT_08_ITEM_010,3,97.95,0.0,0,1.4049,0,0,0,0,-0.4999999999999997,-0.8660254037844387
2015-08-31,CAT_08,CAT_08_ITEM_010,1,94.79,0.0,0,1.34567,0,1,0,0,-0.8660254037844383,-0.5000000000000003
2015-09-30,CAT_08,CAT_08_ITEM_010,1,99.63,0.0,0,1.43283,0,0,0,0,-1.0,-1.8369701987210297e-16
2015-10-31,CAT_08,CAT_08_ITEM_010,8,81.73,0.1914,1,1.22261,0,0,0,0,-0.8660254037844385,0.5
2015-11-30,CAT_08,CAT_08_ITEM_010,4,98.95,0.0,0,1.43847,0,0,0,1,-0.5000000000000003,0.8660254037844383
2015-12-31,CAT_08,CAT_08_ITEM_010,0,96.79,0.0,0,1.38508,0,0,1,0,-2.4492935982947064e-16,1.0
2016-01-31,CAT_08,CAT_08_ITEM_010,8,95.33,0.0,0,1.3843,0,0,0,0,0.4999999999999999,0.8660254037844386
2016-02-29,CAT_08,CAT_08_ITEM_010,0,101.17,0.0,0,1.48675,0,0,0,0,0.8660254037844385,0.5000000000000001
2016-03-31,CAT_08,CAT_08_ITEM_010,2,99.27,0.0,0,1.43814,0,0,0,0,1.0,6.123233995736766e-17
2016-04-30,CAT_08,CAT_08_ITEM_010,2,92.18,0.0,0,1.35071,0,0,0,0,0.8660254037844387,-0.4999999999999997
2016-05-31,CAT_08,CAT_08_ITEM_010,4,97.34,0.0,0,1.39643,1,0,0,0,0.4999999999999999,-0.8660254037844386
2016-06-30,CAT_08,CAT_08_ITEM_010,2,92.61,0.0,0,1.41347,0,0,0,0,1.2246467991473532e-16,-1.0
2016-07-31,CAT_08,CAT_08_ITEM_010,3,97.67,0.0,0,1.41003,0,0,0,0,-0.4999999999999997,-0.8660254037844387
2016-08-31,CAT_08,CAT_08_ITEM_010,1,100.91,0.0,0,1.4628,0,1,0,0,-0.8660254037844383,-0.5000000000000003
2015-01-31,CAT_08,CAT_08_ITEM_011,18,54.54,0.0,0,0.80101,0,0,0,0,0.4999999999999999,0.8660254037844386
2015-02-28,CAT_08,CAT_08_ITEM_011,33,56.4,0.0,0,0.82949,0,0,0,0,0.8660254037844385,0.5000000000000001
2015-03-31,CAT_08,CAT_08_ITEM_011,23,54.84,0.0,0,0.79077,0,0,0,0,1.0,6.123233995736766e-17
2015-04-30,CAT_08,CAT_08_ITEM_011,57,48.9,0.1331,1,0.71785,0,0,0,0,0.8660254037844387,-0.4999999999999997
2015-05-31,CAT_08,CAT_08_ITEM_011,21,55.46,0.0,0,0.81732,1,0,0,0,0.4999999999999999,-0.8660254037844386
2015-06-30,CAT_08,CAT_08_ITEM_011,21,56.39,0.0,0,0.82844,0,0,0,0,1.2246467991473532e-16,-1.0
2015-07-31,CAT_08,CAT_08_ITEM_011,20,54.32,0.0,0,0.77908,0,0,0,0,-0.4999999999999997,-0.8660254037844387
2015-08-31,CAT_08,CAT_08_ITEM_011,25,57.05,0.0,0,0.80998,0,1,0,0,-0.8660254037844383,-0.5000000000000003
2015-09-30,CAT_08,CAT_08_ITEM_011,30,55.14,0.0,0,0.79306,0,0,0,0,-1.0,-1.8369701987210297e-16
2015-10-31,CAT_08,CAT_08_ITEM_011,60,46.82,0.1557,1,0.70031,0,0,0,0,-0.8660254037844385,0.5
2015-11-30,CAT_08,CAT_08_ITEM_011,48,56.85,0.0,0,0.82653,0,0,0,1,-0.5000000000000003,0.8660254037844383
2015-12-31,CAT_08,CAT_08_ITEM_011,37,56.02,0.0,0,0.80165,0,0,1,0,-2.4492935982947064e-16,1.0
2016-01-31,CAT_08,CAT_08_ITEM_011,118,39.61,0.2635,1,0.57515,0,0,0,0,0.4999999999999999,0.8660254037844386
2016-02-29,CAT_08,CAT_08_ITEM_011,15,56.19,0.0,0,0.82569,0,0,0,0,0.8660254037844385,0.5000000000000001
2016-03-31,CAT_08,CAT_08_ITEM_011,18,58.23,0.0,0,0.84355,0,0,0,0,1.0,6.123233995736766e-17
2016-04-30,CAT_08,CAT_08_ITEM_011,65,39.87,0.2981,1,0.5842,0,0,0,0,0.8660254037844387,-0.4999999999999997
2016-05-31,CAT_08,CAT_08_ITEM_011,27,54.69,0.0,0,0.78457,1,0,0,0,0.4999999999999999,-0.8660254037844386
2016-06-30,CAT_08,CAT_08_ITEM_011,17,56.89,0.0,0,0.8682,0,0,0,0,1.2246467991473532e-16,-1.0
2016-07-31,CAT_08,CAT_08_ITEM_011,18,55.26,0.0,0,0.79772,0,0,0,0,-0.4999999999999997,-0.8660254037844387
2016-08-31,CAT_08,CAT_08_ITEM_011,28,56.37,0.0,0,0.81709,0,1,0,0,-0.8660254037844383,-0.5000000000000003
2015-01-31,CAT_08,CAT_08_ITEM_012,1,102.53,0.0,0,1.50576,0,0,0,0,0.4999999999999999,0.8660254037844386
2015-02-28,CAT_08,CAT_08_ITEM_012,1,100.85,0.0,0,1.48319,0,0,0,0,0.8660254037844385,0.5000000000000001
2015-03-31,CAT_08,CAT_08_ITEM_012,1,100.77,0.0,0,1.45318,0,0,0,0,1.0,6.123233995736766e-17
2015-04-30,CAT_08,CAT_08_ITEM_012,1,92.97,0.0,0,1.36474,0,0,0,0,0.8660254037844387,-0.4999999999999997
2015-05-31,CAT_08,CAT_08_ITEM_012,6,74.56,0.2297,1,1.09875,1,0,0,0,0.4999999999999999,-0.8660254037844386
2015-06-30,CAT_08,CAT_08_ITEM_012,0,90.97,0.0,0,1.33633,0,0,0,0,1.2246467991473532e-16,-1.0
2015-07-31,CAT_08,CAT_08_ITEM_012,0,100.09,0.0,0,1.43558,0,0,0,0,-0.4999999999999997,-0.8660254037844387
2015-08-31,CAT_08,CAT_08_ITEM_012,2,97.97,0.0,0,1.39089,0,1,0,0,-0.8660254037844383,-0.5000000000000003
2015-09-30,CAT_08,CAT_08_ITEM_012,2,100.16,0.0,0,1.44045,0,0,0,0,-1.0,-1.8369701987210297e-16
2015-10-31,CAT_08,CAT_08_ITEM_012,1,94.79,0.0,0,1.4179,0,0,0,0,-0.8660254037844385,0.5
2015-11-30,CAT_08,CAT_08_ITEM_012,2,97.17,0.0,0,1.41265,0,0,0,1,-0.5000000000000003,0.8660254037844383
2015-12-31,CAT_08,CAT_08_ITEM_012,6,103.5,0.0,0,1.48097,0,0,1,0,-2.4492935982947064e-16,1.0
2016-01-31,CAT_08,CAT_08_ITEM_012,3,94.52,0.0,0,1.37255,0,0,0,0,0.4999999999999999,0.8660254037844386
2016-02-29,CAT_08,CAT_08_ITEM_012,2,99.78,0.0,0,1.46631,0,0,0,0,0.8660254037844385,0.5000000000000001
2016-03-31,CAT_08,CAT_08_ITEM_012,2,95.57,0.0,0,1.38452,0,0,0,0,1.0,6.123233995736766e-17
2016-04-30,CAT_08,CAT_08_ITEM_012,2,101.56,0.0,0,1.4882,0,0,0,0,0.8660254037844387,-0.4999999999999997
2016-05-31,CAT_08,CAT_08_ITEM_012,1,100.48,0.0,0,1.44154,1,0,0,0,0.4999999999999999,-0.8660254037844386
2016-06-30,CAT_08,CAT_08_ITEM_012,3,78.4,0.177,1,1.1966,0,0,0,0,1.2246467991473532e-16,-1.0
2016-07-31,CAT_08,CAT_08_ITEM_012,2,99.98,0.0,0,1.44336,0,0,0,0,-0.4999999999999997,-0.8660254037844387
2016-08-31,CAT_08,CAT_08_ITEM_012,0,94.13,0.0,0,1.36451,0,1,0,0,-0.8660254037844383,-0.5000000000000003
