data/raw/synthetic_retail_shares_brazil_2015_2025.csv
date,category_id,item_id,sales_qty,price,discount,promo_flag,price_rel,mothers_day_flag,fathers_day_flag,christmas_flag,black_friday_flag,month_sin,month_cos
2015-01-31,CAT_08,CAT_08_ITEM_013,37,25.06,0.0,0,0.36801,0,0,0,0,0.4999999999999999,0.8660254037844386
2015-02-28,CAT_08,CAT_08_ITEM_013,54,26.71,0.0,0,0.39274,0,0,0,0,0.8660254037844385,0.5000000000000001
2015-03-31,CAT_08,CAT_08_ITEM_013,42,26.78,0.0,0,0.38616,0,0,0,0,1.0,6.123233995736766e-17
2015-04-30,CAT_08,CAT_08_ITEM_013,93,23.48,0.1353,1,0.34468,0,0,0,0,0.8660254037844387,-0.4999999999999997
2015-05-31,CAT_08,CAT_08_ITEM_013,29,26.94,0.0,0,0.39696,1,0,0,0,0.4999999999999999,-0.8660254037844386
2015-06-30,CAT_08,CAT_08_ITEM_013,52,25.57,0.0,0,0.37555,0,0,0,0,1.2246467991473532e-16,-1.0
2015-07-31,CAT_08,CAT_08_ITEM_013,58,25.8,0.0,0,0.37008,0,0,0,0,-0.4999999999999997,-0.8660254037844387
2015-08-31,CAT_08,CAT_08_ITEM_013,30,27.84,0.0,0,0.39516,0,1,0,0,-0.8660254037844383,-0.5000000000000003
2015-09-30,CAT_08,CAT_08_ITEM_013,55,24.13,0.0,0,0.34705,0,0,0,0,-1.0,-1.8369701987210297e-16
2015-10-31,CAT_08,CAT_08_ITEM_013,47,23.65,0.0,0,0.35381,0,0,0,0,-0.8660254037844385,0.5
2015-11-30,CAT_08,CAT_08_ITEM_013,58,26.04,0.0,0,0.37854,0,0,0,1,-0.5000000000000003,0.8660254037844383
2015-12-31,CAT_08,CAT_08_ITEM_013,44,26.03,0.0,0,0.3725,0,0,1,0,-2.4492935982947064e-16,1.0
2016-01-31,CAT_08,CAT_08_ITEM_013,183,17.7,0.2541,1,0.25702,0,0,0,0,0.4999999999999999,0.8660254037844386
2016-02-29,CAT_08,CAT_08_ITEM_013,36,26.15,0.0,0,0.38423,0,0,0,0,0.8660254037844385,0.5000000000000001
2016-03-31,CAT_08,CAT_08_ITEM_013,57,27.84,0.0,0,0.40335,0,0,0,0,1.0,6.123233995736766e-17
2016-04-30,CAT_08,CAT_08_ITEM_013,30,25.38,0.0,0,0.37197,0,0,0,0,0.8660254037844387,-0.4999999999999997
2016-05-31,CAT_08,CAT_08_ITEM_013,43,26.52,0.0,0,0.38047,1,0,0,0,0.4999999999999999,-0.8660254037844386
2016-06-30,CAT_08,CAT_08_ITEM_013,32,26.6,0.0,0,0.40591,0,0,0,0,1.2246467991473532e-16,-1.0
2016-07-31,CAT_08,CAT_08_ITEM_013,52,24.44,0.0,0,0.35279,0,0,0,0,-0.4999999999999997,-0.8660254037844387
2016-08-31,CAT_08,CAT_08_ITEM_013,33,25.4,0.0,0,0.36826,0,1,0,0,-0.8660254037844383,-0.5000000000000003
2015-01-31,CAT_08,CAT_08_ITEM_014,210,27.31,0.0,0,0.40108,0,0,0,0,0.4999999999999999,0.8660254037844386
2015-02-28,CAT_08,CAT_08_ITEM_014,304,26.52,0.0,0,0.38998,0,0,0,0,0.8660254037844385,0.5000000000000001
2015-03-31,CAT_08,CAT_08_ITEM_014,485,24.04,0.1047,1,0.34664,0,0,0,0,1.0,6.123233995736766e-17
2015-04-30,CAT_08,CAT_08_ITEM_014,189,27.84,0.0,0,0.40872,0,0,0,0,0.8660254037844387,-0.4999999999999997
2015-05-31,CAT_08,CAT_08_ITEM_014,184,26.23,0.0,0,0.38647,1,0,0,0,0.4999999999999999,-0.8660254037844386
2015-06-30,CAT_08,CAT_08_ITEM_014,217,27.61,0.0,0,0.40556,0,0,0,0,1.2246467991473532e-16,-1.0
2015-07-31,CAT_08,CAT_08_ITEM_014,187,27.12,0.0,0,0.38904,0,0,0,0,-0.4999999999999997,-0.8660254037844387
2015-08-31,CAT_08,CAT_08_ITEM_014,210,26.44,0.0,0,0.37536,0,1,0,0,-0.8660254037844383,-0.5000000000000003
2015-09-30,CAT_08,CAT_08_ITEM_014,660,18.88,0.2874,1,0.27154,0,0,0,0,-1.0,-1.8369701987210297e-16
2015-10-31,CAT_08,CAT_08_ITEM_014,199,26.32,0.0,0,0.39375,0,0,0,0,-0.8660254037844385,0.5
2015-11-30,CAT_08,CAT_08_ITEM_014,353,27.12,0.0,0,0.39428,0,0,0,1,-0.5000000000000003,0.8660254037844383
2015-12-31,CAT_08,CAT_08_ITEM_014,441,26.45,0.0,0,0.37855,0,0,1,0,-2.4492935982947064e-16,1.0
2016-01-31,CAT_08,CAT_08_ITEM_014,355,26.83,0.0,0,0.38956,0,0,0,0,0.4999999999999999,0.8660254037844386
2016-02-29,CAT_08,CAT_08_ITEM_014,597,20.43,0.2403,1,0.30026,0,0,0,0,0.8660254037844385,0.5000000000000001
2016-03-31,CAT_08,CAT_08_ITEM_014,288,27.2,0.0,0,0.39398,0,0,0,0,1.0,6.123233995736766e-17
2016-04-30,CAT_08,CAT_08_ITEM_014,227,25.99,0.0,0,0.38092,0,0,0,0,0.8660254037844387,-0.4999999999999997
2016-05-31,CAT_08,CAT_08_ITEM_014,256,26.24,0.0,0,0.37648,1,0,0,0,0.4999999999999999,-0.8660254037844386
2016-06-30,CAT_08,CAT_08_ITEM_014,421,22.95,0.1236,1,0.35024,0,0,0,0,1.2246467991473532e-16,-1.0
2016-07-31,CAT_08,CAT_08_ITEM_014,267,28.4,0.0,0,0.41003,0,0,0,0,-0.4999999999999997,-0.8660254037844387
2016-08-31,CAT_08,CAT_08_ITEM_014,426,22.76,0.1318,1,0.33001,0,1,0,0,-0.8660254037844383,-0.5000000000000003
2015-01-31,CAT_08,CAT_08_ITEM_015,485,14.17,0.1128,1,0.20817,0,0,0,0,0.4999999999999999,0.8660254037844386
2015-02-28,CAT_08,CAT_08_ITEM_015,254,15.6,0.0,0,0.22936,0,0,0,0,0.8660254037844385,0.5000000000000001
2015-03-31,CAT_08,CAT_08_ITEM_015,466,12.62,0.2011,1,0.18193,0,0,0,0,1.0,6.123233995736766e-17
2015-04-30,CAT_08,CAT_08_ITEM_015,189,15.9,0.0,0,0.23343,0,0,0,0,0.8660254037844387,-0.4999999999999997
2015-05-31,CAT_08,CAT_08_ITEM_015,169,16.08,0.0,0,0.23701,1,0,0,0,0.4999999999999999,-0.8660254037844386
2015-06-30,CAT_08,CAT_08_ITEM_015,207,15.91,0.0,0,0.23368,0,0,0,0,1.2246467991473532e-16,-1.0
2015-07-31,CAT_08,CAT_08_ITEM_015,161,15.79,0.0,0,0.22641,0,0,0,0,-0.4999999999999997,-0.8660254037844387
2015-08-31,CAT_08,CAT_08_ITEM_015,193,16.03,0.0,0,0.22759,0,1,0,0,-0.8660254037844383,-0.5000000000000003
2015-09-30,CAT_08,CAT_08_ITEM_015,220,15.71,0.0,0,0.22597,0,0,0,0,-1.0,-1.8369701987210297e-16
2015-10-31,CAT_08,CAT_08_ITEM_015,199,15.75,0.0,0,0.23563,0,0,0,0,-0.8660254037844385,0.5
2015-11-30,CAT_08,CAT_08_ITEM_015,266,15.6,0.0,0,0.22673,0,0,0,1,-0.5000000000000003,0.8660254037844383
2015-12-31,CAT_08,CAT_08_ITEM_015,287,15.51,0.0,0,0.22189,0,0,1,0,-2.4492935982947064e-16,1.0
2016-01-31,CAT_08,CAT_08_ITEM_015,295,16.0,0.0,0,0.23227,0,0,0,0,0.4999999999999999,0.8660254037844386
2016-02-29,CAT_08,CAT_08_ITEM_015,184,15.65,0.0,0,0.22991,0,0,0,0,0.8660254037844385,0.5000000000000001
2016-03-31,CAT_08,CAT_08_ITEM_015,224,15.81,0.0,0,0.22906,0,0,0,0,1.0,6.123233995736766e-17
2016-04-30,CAT_08,CAT_08_ITEM_015,189,15.86,0.0,0,0.23247,0,0,0,0,0.8660254037844387,-0.4999999999999997
2016-05-31,CAT_08,CAT_08_ITEM_015,235,15.84,0.0,0,0.22728,1,0,0,0,0.4999999999999999,-0.8660254037844386
2016-06-30,CAT_08,CAT_08_ITEM_015,147,15.73,0.0,0,0.24006,0,0,0,0,1.2246467991473532e-16,-1.0
2016-07-31,CAT_08,CAT_08_ITEM_015,250,15.99,0.0,0,0.23084,0,0,0,0,-0.4999999999999997,-0.8660254037844387
2016-08-31,CAT_08,CAT_08_ITEM_015,195,15.75,0.0,0,0.22832,0,1,0,0,-0.8660254037844383,-0.5000000000000003
2015-01-31,CAT_08,CAT_08_ITEM_016,27,95.31,0.0,0,1.39973,0,0,0,0,0.4999999999999999,0.8660254037844386
2015-02-28,CAT_08,CAT_08_ITEM_016,141,73.17,0.2352,1,1.07602,0,0,0,0,0.8660254037844385,0.5000000000000001
2015-03-31,CAT_08,CAT_08_ITEM_016,23,95.12,0.0,0,1.37174,0,0,0,0,1.0,6.123233995736766e-17
2015-04-30,CAT_08,CAT_08_ITEM_016,29,95.92,0.0,0,1.40805,0,0,0,0,0.8660254037844387,-0.4999999999999997
2015-05-31,CAT_08,CAT_08_ITEM_016,33,93.77,0.0,0,1.38182,1,0,0,0,0.4999999999999999,-0.8660254037844386
2015-06-30,CAT_08,CAT_08_ITEM_016,141,72.74,0.2246,1,1.06848,0,0,0,0,1.2246467991473532e-16,-1.0
2015-07-31,CAT_08,CAT_08_ITEM_016,99,72.24,0.2391,1,1.0361,0,0,0,0,-0.4999999999999997,-0.8660254037844387
2015-08-31,CAT_08,CAT_08_ITEM_016,38,95.85,0.0,0,1.36077,0,1,0,0,-0.8660254037844383,-0.5000000000000003
2015-09-30,CAT_08,CAT_08_ITEM_016,34,96.57,0.0,0,1.38874,0,0,0,0,-1.0,-1.8369701987210297e-16
2015-10-31,CAT_08,CAT_08_ITEM_016,25,93.65,0.0,0,1.40082,0,0,0,0,-0.8660254037844385,0.5
2015-11-30,CAT_08,CAT_08_ITEM_016,43,94.09,0.0,0,1.36788,0,0,0,1,-0.5000000000000003,0.8660254037844383
2015-12-31,CAT_08,CAT_08_ITEM_016,30,93.65,0.0,0,1.34013,0,0,1,0,-2.4492935982947064e-16,1.0
2016-01-31,CAT_08,CAT_08_ITEM_016,32,95.89,0.0,0,1.39239,0,0,0,0,0.4999999999999999,0.8660254037844386
2016-02-29,CAT_08,CAT_08_ITEM_016,73,84.15,0.1023,1,1.23659,0,0,0,0,0.8660254037844385,0.5000000000000001
2016-03-31,CAT_08,CAT_08_ITEM_016,40,95.64,0.0,0,1.38558,0,0,0,0,1.0,6.123233995736766e-17
2016-04-30,CAT_08,CAT_08_ITEM_016,14,97.11,0.0,0,1.42307,0,0,0,0,0.8660254037844387,-0.4999999999999997
2016-05-31,CAT_08,CAT_08_ITEM_016,39,94.37,0.0,0,1.3539,1,0,0,0,0.4999999999999999,-0.8660254037844386
2016-06-30,CAT_08,CAT_08_ITEM_016,81,72.77,0.2306,1,1.1106,0,0,0,0,1.2246467991473532e-16,-1.0
2016-07-31,CAT_08,CAT_08_ITEM_016,24,93.91,0.0,0,1.35574,0,0,0,0,-0.4999999999999997,-0.8660254037844387
2016-08-31,CAT_08,CAT_08_ITEM_016,38,95.13,0.0,0,1.37904,0,1,0,0,-0.8660254037844383,-0.5000000000000003
2015-01-31,CAT_08,CAT_08_ITEM_017,48,100.56,0.0,0,1.47684,0,0,0,0,0.4999999999999999,0.8660254037844386
2015-02-28,CAT_08,CAT_08_ITEM_017,36,102.38,0.0,0,1.50562,0,0,0,0,0.8660254037844385,0.5000000000000001
2015-03-31,CAT_08,CAT_08_ITEM_017,39,100.23,0.0,0,1.44534,0,0,0,0,1.0,6.123233995736766e-17
2015-04-30,CAT_08,CAT_08_ITEM_017,26,101.42,0.0,0,1.48881,0,0,0,0,0.8660254037844387,-0.4999999999999997
2015-05-31,CAT_08,CAT_08_ITEM_017,20,103.26,0.0,0,1.52165,1,0,0,0,0.4999999999999999,-0.8660254037844386
2015-06-30,CAT_08,CAT_08_ITEM_017,45,99.39,0.0,0,1.45998,0,0,0,0,1.2246467991473532e-16,-1.0
2015-07-31,CAT_08,CAT_08_ITEM_017,40,101.87,0.0,0,1.46112,0,0,0,0,-0.4999999999999997,-0.8660254037844387
2015-08-31,CAT_08,CAT_08_ITEM_017,48,100.49,0.0,0,1.4266,0,1,0,0,-0.8660254037844383,-0.5000000000000003
2015-09-30,CAT_08,CAT_08_ITEM_017,44,99.51,0.0,0,1.43116,0,0,0,0,-1.0,-1.8369701987210297e-16
2015-10-31,CAT_08,CAT_08_ITEM_017,35,100.84,0.0,0,1.50846,0,0,0,0,-0.8660254037844385,0.5
2015-11-30,CAT_08,CAT_08_ITEM_017,49,100.83,0.0,0,1.46592,0,0,0,1,-0.5000000000000003,0.8660254037844383
2015-12-31,CAT_08,CAT_08_ITEM_017,60,99.76,0.0,0,1.4275,0,0,1,0,-2.4492935982947064e-16,1.0
2016-01-31,CAT_08,CAT_08_ITEM_017,196,81.83,0.194,1,1.18822,0,0,0,0,0.4999999999999999,0.8660254037844386
2016-02-29,CAT_08,CAT_08_ITEM_017,27,100.93,0.0,0,1.48322,0,0,0,0,0.8660254037844385,0.5000000000000001
2016-03-31,CAT_08,CAT_08_ITEM_017,50,101.2,0.0,0,1.4661,0,0,0,0,1.0,6.123233995736766e-17
2016-04-30,CAT_08,CAT_08_ITEM_017,42,100.66,0.0,0,1.47505,0,0,0,0,0.8660254037844387,-0.4999999999999997
2016-05-31,CAT_08,CAT_08_ITEM_017,56,97.85,0.0,0,1.40372,1,0,0,0,0.4999999999999999,-0.8660254037844386
2016-06-30,CAT_08,CAT_08_ITEM_017,11,99.14,0.0,0,1.51308,0,0,0,0,1.2246467991473532e-16,-1.0
2016-07-31,CAT_08,CAT_08_ITEM_017,49,99.22,0.0,0,1.43239,0,0,0,0,-0.4999999999999997,-0.8660254037844387
2016-08-31,CAT_08,CAT_08_ITEM_017,32,100.23,0.0,0,1.45292,0,1,0,0,-0.8660254037844383,-0.5000000000000003
2015-01-31,CAT_08,CAT_08_ITEM_018,18,104.43,0.0,0,1.53371,0,0,0,0,0.4999999999999999,0.8660254037844386
2015-02-28,CAT_08,CAT_08_ITEM_018,24,100.48,0.0,0,1.47773,0,0,0,0,0.8660254037844385,0.5000000000000001
2015-03-31,CAT_08,CAT_08_ITEM_018,22,105.82,0.0,0,1.52602,0,0,0,0,1.0,6.123233995736766e-17
2015-04-30,CAT_08,CAT_08_ITEM_018,9,108.59,0.0,0,1.59408,0,0,0,0,0.8660254037844387,-0.4999999999999997
2015-05-31,CAT_08,CAT_08_ITEM_018,17,100.12,0.0,0,1.47538,1,0,0,0,0.4999999999999999,-0.8660254037844386
2015-06-30,CAT_08,CAT_08_ITEM_018,18,105.52,0.0,0,1.55016,0,0,0,0,1.2246467991473532e-16,-1.0
2015-07-31,CAT_08,CAT_08_ITEM_018,13,111.38,0.0,0,1.59751,0,0,0,0,-0.4999999999999997,-0.8660254037844387
2015-08-31,CAT_08,CAT_08_ITEM_018,17,107.13,0.0,0,1.52081,0,1,0,0,-0.8660254037844383,-0.5000000000000003
2015-09-30,CAT_08,CAT_08_ITEM_018,20,107.92,0.0,0,1.55198,0,0,0,0,-1.0,-1.8369701987210297e-16
2015-10-31,CAT_08,CAT_08_ITEM_018,19,109.91,0.0,0,1.64417,0,0,0,0,-0.8660254037844385,0.5
2015-11-30,CAT_08,CAT_08_ITEM_018,40,105.13,0.0,0,1.52845,0,0,0,1,-0.5000000000000003,0.8660254037844383
2015-12-31,CAT_08,CAT_08_ITEM_018,32,104.2,0.0,0,1.49107,0,0,1,0,-2.4492935982947064e-16,1.0
2016-01-31,CAT_08,CAT_08_ITEM_018,28,108.66,0.0,0,1.57787,0,0,0,0,0.4999999999999999,0.8660254037844386
2016-02-29,CAT_08,CAT_08_ITEM_018,16,98.18,0.0,0,1.44267,0,0,0,0,0.8660254037844385,0.5000000000000001
2016-03-31,CAT_08,CAT_08_ITEM_018,18,113.03,0.0,0,1.63752,0,0,0,0,1.0,6.123233995736766e-17
2016-04-30,CAT_08,CAT_08_ITEM_018,16,106.72,0.0,0,1.56385,0,0,0,0,0.8660254037844387,-0.4999999999999997
2016-05-31,CAT_08,CAT_08_ITEM_018,21,102.0,0.0,0,1.46337,1,0,0,0,0.4999999999999999,-0.8660254037844386
2016-06-30,CAT_08,CAT_08_ITEM_018,12,100.7,0.0,0,1.53696,0,0,0,0,1.2246467991473532e-16,-1.0
2016-07-31,CAT_08,CAT_08_ITEM_018,17,106.58,0.0,0,1.5387,0,0,0,0,-0.4999999999999997,-0.8660254037844387
2016-08-31,CAT_08,CAT_08_ITEM_018,20,98.04,0.0,0,1.42118,0,1,0,0,-0.8660254037844383,-0.5000000000000003
2015-01-31,CAT_08,CAT_08_ITEM_019,19,99.32,0.0,0,1.45861,0,0,0,0,0.4999999999999999,0.8660254037844386
2015-02-28,CAT_08,CAT_08_ITEM_019,25,98.87,0.0,0,1.45401,0,0,0,0,0.8660254037844385,0.5000000000000001
2015-03-31,CAT_08,CAT_08_ITEM_019,21,101.15,0.0,0,1.45858,0,0,0,0,1.0,6.123233995736766e-17
2015-04-30,CAT_08,CAT_08_ITEM_019,18,97.62,0.0,0,1.43297,0,0,0,0,0.8660254037844387,-0.4999999999999997
2015-05-31,CAT_08,CAT_08_ITEM_019,18,100.11,0.0,0,1.47524,1,0,0,0,0.4999999999999999,-0.8660254037844386
2015-06-30,CAT_08,CAT_08_ITEM_019,29,97.32,0.0,0,1.42967,0,0,0,0,1.2246467991473532e-16,-1.0
2015-07-31,CAT_08,CAT_08_ITEM_019,18,99.35,0.0,0,1.4249,0,0,0,0,-0.4999999999999997,-0.8660254037844387
2015-08-31,CAT_08,CAT_08_ITEM_019,22,100.47,0.0,0,1.42633,0,1,0,0,-0.8660254037844383,-0.5000000000000003
2015-09-30,CAT_08,CAT_08_ITEM_019,22,102.19,0.0,0,1.4697,0,0,0,0,-1.0,-1.8369701987210297e-16
2015-10-31,CAT_08,CAT_08_ITEM_019,13,101.27,0.0,0,1.51484,0,0,0,0,-0.8660254037844385,0.5
2015-11-30,CAT_08,CAT_08_ITEM_019,50,99.14,0.0,0,1.44129,0,0,0,1,-0.5000000000000003,0.8660254037844383
2015-12-31,CAT_08,CAT_08_ITEM_019,35,99.35,0.0,0,1.42164,0,0,1,0,-2.4492935982947064e-16,1.0
2016-01-31,CAT_08,CAT_08_ITEM_019,26,102.02,0.0,0,1.4814,0,0,0,0,0.4999999999999999,0.8660254037844386
2016-02-29,CAT_08,CAT_08_ITEM_019,19,100.21,0.0,0,1.4726,0,0,0,0,0.8660254037844385,0.5000000000000001
2016-03-31,CAT_08,CAT_08_ITEM_019,32,100.83,0.0,0,1.46067,0,0,0,0,1.0,6.123233995736766e-17
2016-04-30,CAT_08,CAT_08_ITEM_019,18,99.79,0.0,0,1.46228,0,0,0,0,0.8660254037844387,-0.4999999999999997
2016-05-31,CAT_08,CAT_08_ITEM_019,23,100.04,0.0,0,1.43523,1,0,0,0,0.4999999999999999,-0.8660254037844386
2016-06-30,CAT_08,CAT_08_ITEM_019,16,101.54,0.0,0,1.54975,0,0,0,0,1.2246467991473532e-16,-1.0
2016-07-31,CAT_08,CAT_08_ITEM_019,28,99.65,0.0,0,1.4386,0,0,0,0,-0.4999999999999997,-0.8660254037844387
2016-08-31,CAT_08,CAT_08_ITEM_019,18,102.04,0.0,0,1.47923,0,1,0,0,-0.8660254037844383,-0.5000000000000003
2015-01-31,CAT_08,CAT_08_ITEM_020,5,90.33,0.0,0,1.32652,0,0,0,0,0.4999999999999999,0.8660254037844386
2015-02-28,CAT_08,CAT_08_ITEM_020,5,92.01,0.0,0,1.35313,0,0,0,0,0.8660254037844385,0.5000000000000001
2015-03-31,CAT_08,CAT_08_ITEM_020,7,88.88,0.0,0,1.28172,0,0,0,0,1.0,6.123233995736766e-17
2015-04-30,CAT_08,CAT_08_ITEM_020,17,78.8,0.1084,1,1.15675,0,0,0,0,0.8660254037844387,-0.4999999999999997
2015-05-31,CAT_08,CAT_08_ITEM_020,8,90.25,0.0,0,1.32994,1,0,0,0,0.4999999999999999,-0.8660254037844386
2015-06-30,CAT_08,CAT_08_ITEM_020,1,91.13,0.0,0,1.33875,0,0,0,0,1.2246467991473532e-16,-1.0
2015-07-31,CAT_08,CAT_08_ITEM_020,1,92.18,0.0,0,1.32213,0,0,0,0,-0.4999999999999997,-0.8660254037844387
2015-08-31,CAT_08,CAT_08_ITEM_020,4,91.82,0.0,0,1.30347,0,1,0,0,-0.8660254037844383,-0.5000000000000003
2015-09-30,CAT_08,CAT_08_ITEM_020,8,91.11,0.0,0,1.31024,0,0,0,0,-1.0,-1.8369701987210297e-16
2015-10-31,CAT_08,CAT_08_ITEM_020,4,90.92,0.0,0,1.3601,0,0,0,0,-0.8660254037844385,0.5
2015-11-30,CAT_08,CAT_08_ITEM_020,14,89.69,0.0,0,1.30388,0,0,0,1,-0.5000000000000003,0.8660254037844383
2015-12-31,CAT_08,CAT_08_ITEM_020,13,91.81,0.0,0,1.31372,0,0,1,0,-2.4492935982947064e-16,1.0
2016-01-31,CAT_08,CAT_08_ITEM_020,7,91.89,0.0,0,1.33426,0,0,0,0,0.4999999999999999,0.8660254037844386
2016-02-29,CAT_08,CAT_08_ITEM_020,4,89.54,0.0,0,1.31575,0,0,0,0,0.8660254037844385,0.5000000000000001
2016-03-31,CAT_08,CAT_08_ITEM_020,3,92.16,0.0,0,1.33511,0,0,0,0,1.0,6.123233995736766e-17
2016-04-30,CAT_08,CAT_08_ITEM_020,8,90.23,0.0,0,1.32214,0,0,0,0,0.8660254037844387,-0.4999999999999997
2016-05-31,CAT_08,CAT_08_ITEM_020,7,92.12,0.0,0,1.3216,1,0,0,0,0.4999999999999999,-0.8660254037844386
2016-06-30,CAT_08,CAT_08_ITEM_020,21,67.12,0.2654,1,1.02434,0,0,0,0,1.2246467991473532e-16,-1.0
2016-07-31,CAT_08,CAT_08_ITEM_020,18,75.27,0.1833,1,1.08667,0,0,0,0,-0.4999999999999997,-0.8660254037844387
2016-08-31,CAT_08,CAT_08_ITEM_020,1,92.38,0.0,0,1.33923,0,1,0,0,-0.8660254037844383,-0.5000000000000003
