data/raw/synthetic_retail_shares_brazil_2015_2025.csv
date,category_id,item_id,sales_qty,price,discount,promo_flag,price_rel,mothers_day_flag,fathers_day_flag,christmas_flag,black_friday_flag,month_sin,month_cos
2015-01-31,CAT_08,CAT_08_ITEM_021,32,69.33,0.0,0,1.01824,0,0,0,0,0.4999999999999999,0.8660254037844386
2015-02-28,CAT_08,CAT_08_ITEM_021,37,65.27,0.0,0,0.95995,0,0,0,0,0.8660254037844385,0.5000000000000001
2015-03-31,CAT_08,CAT_08_ITEM_021,37,62.71,0.0,0,0.90428,0,0,0,0,1.0,6.123233995736766e-17
2015-04-30,CAT_08,CAT_08_ITEM_021,29,65.12,0.0,0,0.95594,0,0,0,0,0.8660254037844387,-0.4999999999999997
2015-05-31,CAT_08,CAT_08_ITEM_021,19,64.56,0.0,0,0.95135,1,0,0,0,0.4999999999999999,-0.8660254037844386
2015-06-30,CAT_08,CAT_08_ITEM_021,26,66.28,0.0,0,0.97358,0,0,0,0,1.2246467991473532e-16,-1.0
2015-07-31,CAT_08,CAT_08_ITEM_021,29,66.59,0.0,0,0.95509,0,0,0,0,-0.4999999999999997,-0.8660254037844387
2015-08-31,CAT_08,CAT_08_ITEM_021,32,64.92,0.0,0,0.92161,0,1,0,0,-0.8660254037844383,-0.5000000000000003
2015-09-30,CAT_08,CAT_08_ITEM_021,34,68.06,0.0,0,0.97883,0,0,0,0,-1.0,-1.8369701987210297e-16
2015-10-31,CAT_08,CAT_08_ITEM_021,27,60.64,0.0,0,0.90709,0,0,0,0,-0.8660254037844385,0.5
2015-11-30,CAT_08,CAT_08_ITEM_021,70,65.22,0.0,0,0.94824,0,0,0,1,-0.5000000000000003,0.8660254037844383
2015-12-31,CAT_08,CAT_08_ITEM_021,50,63.97,0.0,0,0.91539,0,0,1,0,-2.4492935982947064e-16,1.0
2016-01-31,CAT_08,CAT_08_ITEM_021,60,66.57,0.0,0,0.96657,0,0,0,0,0.4999999999999999,0.8660254037844386
2016-02-29,CAT_08,CAT_08_ITEM_021,29,62.66,0.0,0,0.92077,0,0,0,0,0.8660254037844385,0.5000000000000001
2016-03-31,CAT_08,CAT_08_ITEM_021,51,64.36,0.0,0,0.93233,0,0,0,0,1.0,6.123233995736766e-17
2016-04-30,CAT_08,CAT_08_ITEM_021,115,50.3,0.2513,1,0.73708,0,0,0,0,0.8660254037844387,-0.4999999999999997
2016-05-31,CAT_08,CAT_08_ITEM_021,19,65.85,0.0,0,0.94471,1,0,0,0,0.4999999999999999,-0.8660254037844386
2016-06-30,CAT_08,CAT_08_ITEM_021,18,67.7,0.0,0,1.03327,0,0,0,0,1.2246467991473532e-16,-1.0
2016-07-31,CAT_08,CAT_08_ITEM_021,37,69.45,0.0,0,1.00269,0,0,0,0,-0.4999999999999997,-0.8660254037844387
2016-08-31,CAT_08,CAT_08_ITEM_021,36,63.5,0.0,0,0.92055,0,1,0,0,-0.8660254037844383,-0.5000000000000003
2015-01-31,CAT_09,CAT_09_ITEM_001,2,50.76,0.0,0,0.78171,0,0,0,0,0.4999999999999999,0.8660254037844386
2015-02-28,CAT_09,CAT_09_ITEM_001,14,42.72,0.1792,1,0.68935,0,0,0,0,0.8660254037844385,0.5000000000000001
2015-03-31,CAT_09,CAT_09_ITEM_001,4,48.63,0.0,0,0.76157,0,0,0,0,1.0,6.123233995736766e-17
2015-04-30,CAT_09,CAT_09_ITEM_001,0,48.68,0.0,0,0.78427,0,0,0,0,0.8660254037844387,-0.4999999999999997
2015-05-31,CAT_09,CAT_09_ITEM_001,10,50.35,0.0,0,0.77825,1,0,0,0,0.4999999999999999,-0.8660254037844386
2015-06-30,CAT_09,CAT_09_ITEM_001,4,49.76,0.0,0,0.78115,0,0,0,0,1.2246467991473532e-16,-1.0
2015-07-31,CAT_09,CAT_09_ITEM_001,3,49.28,0.0,0,0.76041,0,0,0,0,-0.4999999999999997,-0.8660254037844387
2015-08-31,CAT_09,CAT_09_ITEM_001,3,51.02,0.0,0,0.79721,0,1,0,0,-0.8660254037844383,-0.5000000000000003
2015-09-30,CAT_09,CAT_09_ITEM_001,3,51.44,0.0,0,0.80123,0,0,0,0,-1.0,-1.8369701987210297e-16
2015-10-31,CAT_09,CAT_09_ITEM_001,4,49.87,0.0,0,0.77409,0,0,0,0,-0.8660254037844385,0.5
2015-11-30,CAT_09,CAT_09_ITEM_001,3,50.11,0.0,0,0.81019,0,0,0,1,-0.5000000000000003,0.8660254037844383
2015-12-31,CAT_09,CAT_09_ITEM_001,12,51.61,0.0,0,0.79056,0,0,1,0,-2.4492935982947064e-16,1.0
2016-01-31,CAT_09,CAT_09_ITEM_001,10,51.61,0.0,0,0.79568,0,0,0,0,0.4999999999999999,0.8660254037844386
2016-02-29,CAT_09,CAT_09_ITEM_001,8,49.99,0.0,0,0.76943,0,0,0,0,0.8660254037844385,0.5000000000000001
2016-03-31,CAT_09,CAT_09_ITEM_001,2,50.27,0.0,0,0.7794,0,0,0,0,1.0,6.123233995736766e-17
2016-04-30,CAT_09,CAT_09_ITEM_001,4,51.09,0.0,0,0.82184,0,0,0,0,0.8660254037844387,-0.4999999999999997
2016-05-31,CAT_09,CAT_09_ITEM_001,7,49.51,0.0,0,0.74892,1,0,0,0,0.4999999999999999,-0.8660254037844386
2016-06-30,CAT_09,CAT_09_ITEM_001,2,50.46,0.0,0,0.7964,0,0,0,0,1.2246467991473532e-16,-1.0
2016-07-31,CAT_09,CAT_09_ITEM_001,5,50.26,0.0,0,0.79868,0,0,0,0,-0.4999999999999997,-0.8660254037844387
2016-08-31,CAT_09,CAT_09_ITEM_001,2,50.44,0.0,0,0.7551,0,1,0,0,-0.8660254037844383,-0.5000000000000003
2015-01-31,CAT_09,CAT_09_ITEM_002,40,93.89,0.0,0,1.44589,0,0,0,0,0.4999999999999999,0.8660254037844386
2015-02-28,CAT_09,CAT_09_ITEM_002,216,81.67,0.1259,1,1.31782,0,0,0,0,0.8660254037844385,0.5000000000000001
2015-03-31,CAT_09,CAT_09_ITEM_002,40,91.18,0.0,0,1.42803,0,0,0,0,1.0,6.123233995736766e-17
2015-04-30,CAT_09,CAT_09_ITEM_002,119,71.06,0.2389,1,1.1448,0,0,0,0,0.8660254037844387,-0.4999999999999997
2015-05-31,CAT_09,CAT_09_ITEM_002,58,93.5,0.0,0,1.44513,1,0,0,0,0.4999999999999999,-0.8660254037844386
2015-06-30,CAT_09,CAT_09_ITEM_002,47,93.92,0.0,0,1.4745,0,0,0,0,1.2246467991473532e-16,-1.0
2015-07-31,CAT_09,CAT_09_ITEM_002,156,81.72,0.1158,1,1.26096,0,0,0,0,-0.4999999999999997,-0.8660254037844387
2015-08-31,CAT_09,CAT_09_ITEM_002,31,93.27,0.0,0,1.45749,0,1,0,0,-0.8660254037844383,-0.5000000000000003
2015-09-30,CAT_09,CAT_09_ITEM_002,62,89.19,0.0,0,1.38936,0,0,0,0,-1.0,-1.8369701987210297e-16
2015-10-31,CAT_09,CAT_09_ITEM_002,44,91.32,0.0,0,1.41756,0,0,0,0,-0.8660254037844385,0.5
2015-11-30,CAT_09,CAT_09_ITEM_002,104,72.21,0.2255,1,1.16732,0,0,0,1,-0.5000000000000003,0.8660254037844383
2015-12-31,CAT_09,CAT_09_ITEM_002,66,93.68,0.0,0,1.43503,0,0,1,0,-2.4492935982947064e-16,1.0
2016-01-31,CAT_09,CAT_09_ITEM_002,66,92.88,0.0,0,1.43186,0,0,0,0,0.4999999999999999,0.8660254037844386
2016-02-29,CAT_09,CAT_09_ITEM_002,44,91.73,0.0,0,1.41181,0,0,0,0,0.8660254037844385,0.5000000000000001
2016-03-31,CAT_09,CAT_09_ITEM_002,44,92.24,0.0,0,1.43018,0,0,0,0,1.0,6.123233995736766e-17
2016-04-30,CAT_09,CAT_09_ITEM_002,54,93.89,0.0,0,1.51025,0,0,0,0,0.8660254037844387,-0.4999999999999997
2016-05-31,CAT_09,CAT_09_ITEM_002,53,93.89,0.0,0,1.42027,1,0,0,0,0.4999999999999999,-0.8660254037844386
2016-06-30,CAT_09,CAT_09_ITEM_002,211,70.08,0.2444,1,1.10597,0,0,0,0,1.2246467991473532e-16,-1.0
2016-07-31,CAT_09,CAT_09_ITEM_002,50,93.43,0.0,0,1.48472,0,0,0,0,-0.4999999999999997,-0.8660254037844387
2016-08-31,CAT_09,CAT_09_ITEM_002,76,92.6,0.0,0,1.38642,0,1,0,0,-0.8660254037844383,-0.5000000000000003
2015-01-31,CAT_09,CAT_09_ITEM_003,156,29.77,0.0,0,0.45845,0,0,0,0,0.4999999999999999,0.8660254037844386
2015-02-28,CAT_09,CAT_09_ITEM_003,262,28.88,0.0,0,0.46601,0,0,0,0,0.8660254037844385,0.5000000000000001
2015-03-31,CAT_09,CAT_09_ITEM_003,184,28.99,0.0,0,0.45399,0,0,0,0,1.0,6.123233995736766e-17
2015-04-30,CAT_09,CAT_09_ITEM_003,102,30.66,0.0,0,0.49391,0,0,0,0,0.8660254037844387,-0.4999999999999997
2015-05-31,CAT_09,CAT_09_ITEM_003,155,29.73,0.0,0,0.45947,1,0,0,0,0.4999999999999999,-0.8660254037844386
2015-06-30,CAT_09,CAT_09_ITEM_003,200,29.89,0.0,0,0.46926,0,0,0,0,1.2246467991473532e-16,-1.0
2015-07-31,CAT_09,CAT_09_ITEM_003,185,29.77,0.0,0,0.45928,0,0,0,0,-0.4999999999999997,-0.8660254037844387
2015-08-31,CAT_09,CAT_09_ITEM_003,336,20.85,0.2993,1,0.32587,0,1,0,0,-0.8660254037844383,-0.5000000000000003
2015-09-30,CAT_09,CAT_09_ITEM_003,214,29.19,0.0,0,0.45471,0,0,0,0,-1.0,-1.8369701987210297e-16
2015-10-31,CAT_09,CAT_09_ITEM_003,156,29.41,0.0,0,0.45655,0,0,0,0,-0.8660254037844385,0.5
2015-11-30,CAT_09,CAT_09_ITEM_003,111,30.04,0.0,0,0.48565,0,0,0,1,-0.5000000000000003,0.8660254037844383
2015-12-31,CAT_09,CAT_09_ITEM_003,278,28.55,0.0,0,0.4373,0,0,1,0,-2.4492935982947064e-16,1.0
2016-01-31,CAT_09,CAT_09_ITEM_003,236,28.94,0.0,0,0.44617,0,0,0,0,0.4999999999999999,0.8660254037844386
2016-02-29,CAT_09,CAT_09_ITEM_003,146,28.73,0.0,0,0.44221,0,0,0,0,0.8660254037844385,0.5000000000000001
2016-03-31,CAT_09,CAT_09_ITEM_003,451,24.86,0.1558,1,0.38547,0,0,0,0,1.0,6.123233995736766e-17
2016-04-30,CAT_09,CAT_09_ITEM_003,184,29.86,0.0,0,0.48036,0,0,0,0,0.8660254037844387,-0.4999999999999997
2016-05-31,CAT_09,CAT_09_ITEM_003,143,29.31,0.0,0,0.44336,1,0,0,0,0.4999999999999999,-0.8660254037844386
2016-06-30,CAT_09,CAT_09_ITEM_003,163,28.63,0.0,0,0.45191,0,0,0,0,1.2246467991473532e-16,-1.0
2016-07-31,CAT_09,CAT_09_ITEM_003,159,29.46,0.0,0,0.46817,0,0,0,0,-0.4999999999999997,-0.8660254037844387
2016-08-31,CAT_09,CAT_09_ITEM_003,243,29.18,0.0,0,0.43683,0,1,0,0,-0.8660254037844383,-0.5000000000000003
2015-01-31,CAT_09,CAT_09_ITEM_004,158,56.88,0.0,0,0.87603,0,0,0,0,0.4999999999999999,0.8660254037844386
2015-02-28,CAT_09,CAT_09_ITEM_004,291,52.53,0.0,0,0.8476,0,0,0,0,0.8660254037844385,0.5000000000000001
2015-03-31,CAT_09,CAT_09_ITEM_004,201,49.52,0.0,0,0.77564,0,0,0,0,1.0,6.123233995736766e-17
2015-04-30,CAT_09,CAT_09_ITEM_004,395,44.49,0.1573,1,0.71673,0,0,0,0,0.8660254037844387,-0.4999999999999997
2015-05-31,CAT_09,CAT_09_ITEM_004,273,52.63,0.0,0,0.8134,1,0,0,0,0.4999999999999999,-0.8660254037844386
2015-06-30,CAT_09,CAT_09_ITEM_004,175,55.38,0.0,0,0.86938,0,0,0,0,1.2246467991473532e-16,-1.0
2015-07-31,CAT_09,CAT_09_ITEM_004,224,54.96,0.0,0,0.84798,0,0,0,0,-0.4999999999999997,-0.8660254037844387
2015-08-31,CAT_09,CAT_09_ITEM_004,187,49.06,0.0,0,0.7667,0,1,0,0,-0.8660254037844383,-0.5000000000000003
2015-09-30,CAT_09,CAT_09_ITEM_004,211,58.75,0.0,0,0.91516,0,0,0,0,-1.0,-1.8369701987210297e-16
2015-10-31,CAT_09,CAT_09_ITEM_004,201,46.98,0.0,0,0.72924,0,0,0,0,-0.8660254037844385,0.5
2015-11-30,CAT_09,CAT_09_ITEM_004,731,40.44,0.1848,1,0.65372,0,0,0,1,-0.5000000000000003,0.8660254037844383
2015-12-31,CAT_09,CAT_09_ITEM_004,264,55.06,0.0,0,0.84349,0,0,1,0,-2.4492935982947064e-16,1.0
2016-01-31,CAT_09,CAT_09_ITEM_004,315,51.19,0.0,0,0.78915,0,0,0,0,0.4999999999999999,0.8660254037844386
2016-02-29,CAT_09,CAT_09_ITEM_004,165,56.17,0.0,0,0.86457,0,0,0,0,0.8660254037844385,0.5000000000000001
2016-03-31,CAT_09,CAT_09_ITEM_004,206,55.66,0.0,0,0.86296,0,0,0,0,1.0,6.123233995736766e-17
2016-04-30,CAT_09,CAT_09_ITEM_004,158,55.14,0.0,0,0.88698,0,0,0,0,0.8660254037844387,-0.4999999999999997
2016-05-31,CAT_09,CAT_09_ITEM_004,266,56.39,0.0,0,0.85298,1,0,0,0,0.4999999999999999,-0.8660254037844386
2016-06-30,CAT_09,CAT_09_ITEM_004,191,52.81,0.0,0,0.8334,0,0,0,0,1.2246467991473532e-16,-1.0
2016-07-31,CAT_09,CAT_09_ITEM_004,144,53.71,0.0,0,0.85354,0,0,0,0,-0.4999999999999997,-0.8660254037844387
2016-08-31,CAT_09,CAT_09_ITEM_004,292,56.46,0.0,0,0.84523,0,1,0,0,-0.8660254037844383,-0.5000000000000003
2015-01-31,CAT_09,CAT_09_ITEM_005,5,81.88,0.0,0,1.26107,0,0,0,0,0.4999999999999999,0.8660254037844386
2015-02-28,CAT_09,CAT_09_ITEM_005,2,79.12,0.0,0,1.27666,0,0,0,0,0.8660254037844385,0.5000000000000001
2015-03-31,CAT_09,CAT_09_ITEM_005,2,80.21,0.0,0,1.25625,0,0,0,0,1.0,6.123233995736766e-17
2015-04-30,CAT_09,CAT_09_ITEM_005,5,79.35,0.0,0,1.27841,0,0,0,0,0.8660254037844387,-0.4999999999999997
2015-05-31,CAT_09,CAT_09_ITEM_005,2,84.39,0.0,0,1.3043,1,0,0,0,0.4999999999999999,-0.8660254037844386
2015-06-30,CAT_09,CAT_09_ITEM_005,4,82.79,0.0,0,1.29984,0,0,0,0,1.2246467991473532e-16,-1.0
2015-07-31,CAT_09,CAT_09_ITEM_005,5,81.26,0.0,0,1.25375,0,0,0,0,-0.4999999999999997,-0.8660254037844387
2015-08-31,CAT_09,CAT_09_ITEM_005,1,81.72,0.0,0,1.27695,0,1,0,0,-0.8660254037844383,-0.5000000000000003
2015-09-30,CAT_09,CAT_09_ITEM_005,16,58.64,0.2773,1,0.91339,0,0,0,0,-1.0,-1.8369701987210297e-16
2015-10-31,CAT_09,CAT_09_ITEM_005,5,81.17,0.0,0,1.26001,0,0,0,0,-0.8660254037844385,0.5
2015-11-30,CAT_09,CAT_09_ITEM_005,2,81.43,0.0,0,1.31651,0,0,0,1,-0.5000000000000003,0.8660254037844383
2015-12-31,CAT_09,CAT_09_ITEM_005,10,81.48,0.0,0,1.2482,0,0,1,0,-2.4492935982947064e-16,1.0
2016-01-31,CAT_09,CAT_09_ITEM_005,2,79.79,0.0,0,1.23009,0,0,0,0,0.4999999999999999,0.8660254037844386
2016-02-29,CAT_09,CAT_09_ITEM_005,4,81.68,0.0,0,1.25715,0,0,0,0,0.8660254037844385,0.5000000000000001
2016-03-31,CAT_09,CAT_09_ITEM_005,6,80.44,0.0,0,1.24721,0,0,0,0,1.0,6.123233995736766e-17
2016-04-30,CAT_09,CAT_09_ITEM_005,13,63.17,0.249,1,1.01606,0,0,0,0,0.8660254037844387,-0.4999999999999997
2016-05-31,CAT_09,CAT_09_ITEM_005,5,81.07,0.0,0,1.2263,1,0,0,0,0.4999999999999999,-0.8660254037844386
2016-06-30,CAT_09,CAT_09_ITEM_005,1,79.96,0.0,0,1.26195,0,0,0,0,1.2246467991473532e-16,-1.0
2016-07-31,CAT_09,CAT_09_ITEM_005,2,78.67,0.0,0,1.25021,0,0,0,0,-0.4999999999999997,-0.8660254037844387
2016-08-31,CAT_09,CAT_09_ITEM_005,6,82.48,0.0,0,1.2348,0,1,0,0,-0.8660254037844383,-0.5000000000000003
2015-01-31,CAT_09,CAT_09_ITEM_006,52,107.84,0.0,0,1.66079,0,0,0,0,0.4999999999999999,0.8660254037844386
2015-02-28,CAT_09,CAT_09_ITEM_006,114,99.6,0.0,0,1.60719,0,0,0,0,0.8660254037844385,0.5000000000000001
2015-03-31,CAT_09,CAT_09_ITEM_006,86,95.76,0.0,0,1.49987,0,0,0,0,1.0,6.123233995736766e-17
2015-04-30,CAT_09,CAT_09_ITEM_006,27,107.35,0.0,0,1.72945,0,0,0,0,0.8660254037844387,-0.4999999999999997
2015-05-31,CAT_09,CAT_09_ITEM_006,88,102.31,0.0,0,1.58122,1,0,0,0,0.4999999999999999,-0.8660254037844386
2015-06-30,CAT_09,CAT_09_ITEM_006,81,98.46,0.0,0,1.54577,0,0,0,0,1.2246467991473532e-16,-1.0
2015-07-31,CAT_09,CAT_09_ITEM_006,75,105.74,0.0,0,1.63148,0,0,0,0,-0.4999999999999997,-0.8660254037844387
2015-08-31,CAT_09,CAT_09_ITEM_006,53,105.23,0.0,0,1.64441,0,1,0,0,-0.8660254037844383,-0.5000000000000003
2015-09-30,CAT_09,CAT_09_ITEM_006,67,110.23,0.0,0,1.71707,0,0,0,0,-1.0,-1.8369701987210297e-16
2015-10-31,CAT_09,CAT_09_ITEM_006,41,105.79,0.0,0,1.64223,0,0,0,0,-0.8660254037844385,0.5
2015-11-30,CAT_09,CAT_09_ITEM_006,47,111.08,0.0,0,1.79574,0,0,0,1,-0.5000000000000003,0.8660254037844383
2015-12-31,CAT_09,CAT_09_ITEM_006,143,106.45,0.0,0,1.63076,0,0,1,0,-2.4492935982947064e-16,1.0
2016-01-31,CAT_09,CAT_09_ITEM_006,82,114.19,0.0,0,1.76036,0,0,0,0,0.4999999999999999,0.8660254037844386
2016-02-29,CAT_09,CAT_09_ITEM_006,159,100.01,0.1466,1,1.53931,0,0,0,0,0.8660254037844385,0.5000000000000001
2016-03-31,CAT_09,CAT_09_ITEM_006,85,98.05,0.0,0,1.52028,0,0,0,0,1.0,6.123233995736766e-17
2016-04-30,CAT_09,CAT_09_ITEM_006,60,105.7,0.0,0,1.70021,0,0,0,0,0.8660254037844387,-0.4999999999999997
2016-05-31,CAT_09,CAT_09_ITEM_006,86,106.25,0.0,0,1.6073,1,0,0,0,0.4999999999999999,-0.8660254037844386
2016-06-30,CAT_09,CAT_09_ITEM_006,57,105.05,0.0,0,1.65795,0,0,0,0,1.2246467991473532e-16,-1.0
2016-07-31,CAT_09,CAT_09_ITEM_006,65,97.57,0.0,0,1.55052,0,0,0,0,-0.4999999999999997,-0.8660254037844387
2016-08-31,CAT_09,CAT_09_ITEM_006,100,116.29,0.0,0,1.74101,0,1,0,0,-0.8660254037844383,-0.5000000000000003
2015-01-31,CAT_09,CAT_09_ITEM_007,36,31.45,0.0,0,0.48439,0,0,0,0,0.4999999999999999,0.8660254037844386
2015-02-28,CAT_09,CAT_09_ITEM_007,73,31.39,0.0,0,0.50651,0,0,0,0,0.8660254037844385,0.5000000000000001
2015-03-31,CAT_09,CAT_09_ITEM_007,62,30.56,0.0,0,0.47857,0,0,0,0,1.0,6.123233995736766e-17
2015-04-30,CAT_09,CAT_09_ITEM_007,26,31.27,0.0,0,0.50382,0,0,0,0,0.8660254037844387,-0.4999999999999997
2015-05-31,CAT_09,CAT_09_ITEM_007,71,31.61,0.0,0,0.48855,1,0,0,0,0.4999999999999999,-0.8660254037844386
2015-06-30,CAT_09,CAT_09_ITEM_007,53,31.5,0.0,0,0.49453,0,0,0,0,1.2246467991473532e-16,-1.0
2015-07-31,CAT_09,CAT_09_ITEM_007,55,31.6,0.0,0,0.48758,0,0,0,0,-0.4999999999999997,-0.8660254037844387
2015-08-31,CAT_09,CAT_09_ITEM_007,28,31.49,0.0,0,0.49214,0,1,0,0,-0.8660254037844383,-0.5000000000000003
2015-09-30,CAT_09,CAT_09_ITEM_007,64,30.15,0.0,0,0.46958,0,0,0,0,-1.0,-1.8369701987210297e-16
2015-10-31,CAT_09,CAT_09_ITEM_007,52,30.36,0.0,0,0.47123,0,0,0,0,-0.8660254037844385,0.5
2015-11-30,CAT_09,CAT_09_ITEM_007,46,30.67,0.0,0,0.49587,0,0,0,1,-0.5000000000000003,0.8660254037844383
2015-12-31,CAT_09,CAT_09_ITEM_007,109,31.3,0.0,0,0.47948,0,0,1,0,-2.4492935982947064e-16,1.0
2016-01-31,CAT_09,CAT_09_ITEM_007,75,31.11,0.0,0,0.47963,0,0,0,0,0.4999999999999999,0.8660254037844386
2016-02-29,CAT_09,CAT_09_ITEM_007,50,31.64,0.0,0,0.48699,0,0,0,0,0.8660254037844385,0.5000000000000001
2016-03-31,CAT_09,CAT_09_ITEM_007,53,31.9,0.0,0,0.4946,0,0,0,0,1.0,6.123233995736766e-17
2016-04-30,CAT_09,CAT_09_ITEM_007,45,30.32,0.0,0,0.48776,0,0,0,0,0.8660254037844387,-0.4999999999999997
2016-05-31,CAT_09,CAT_09_ITEM_007,71,31.24,0.0,0,0.47264,1,0,0,0,0.4999999999999999,-0.8660254037844386
2016-06-30,CAT_09,CAT_09_ITEM_007,42,31.98,0.0,0,0.50467,0,0,0,0,1.2246467991473532e-16,-1.0
2016-07-31,CAT_09,CAT_09_ITEM_007,103,27.2,0.1153,1,0.4322,0,0,0,0,-0.4999999999999997,-0.8660254037844387
2016-08-31,CAT_09,CAT_09_ITEM_007,45,31.8,0.0,0,0.47607,0,1,0,0,-0.8660254037844383,-0.5000000000000003
