data/raw/synthetic_retail_shares_brazil_2015_2025.csv
date,category_id,item_id,sales_qty,price,discount,promo_flag,price_rel,mothers_day_flag,fathers_day_flag,christmas_flag,black_friday_flag,month_sin,month_cos
2015-01-31,CAT_09,CAT_09_ITEM_008,250,42.03,0.0,0,0.64732,0,0,0,0,0.4999999999999999,0.8660254037844386
2015-02-28,CAT_09,CAT_09_ITEM_008,512,39.95,0.0,0,0.64466,0,0,0,0,0.8660254037844385,0.5000000000000001
2015-03-31,CAT_09,CAT_09_ITEM_008,286,43.78,0.0,0,0.68562,0,0,0,0,1.0,6.123233995736766e-17
2015-04-30,CAT_09,CAT_09_ITEM_008,201,40.46,0.0,0,0.65191,0,0,0,0,0.8660254037844387,-0.4999999999999997
2015-05-31,CAT_09,CAT_09_ITEM_008,366,41.16,0.0,0,0.63611,1,0,0,0,0.4999999999999999,-0.8660254037844386
2015-06-30,CAT_09,CAT_09_ITEM_008,316,42.84,0.0,0,0.6725,0,0,0,0,1.2246467991473532e-16,-1.0
2015-07-31,CAT_09,CAT_09_ITEM_008,345,39.93,0.0,0,0.6161,0,0,0,0,-0.4999999999999997,-0.8660254037844387
2015-08-31,CAT_09,CAT_09_ITEM_008,174,41.83,0.0,0,0.65371,0,1,0,0,-0.8660254037844383,-0.5000000000000003
2015-09-30,CAT_09,CAT_09_ITEM_008,394,41.92,0.0,0,0.65294,0,0,0,0,-1.0,-1.8369701987210297e-16
2015-10-31,CAT_09,CAT_09_ITEM_008,251,44.29,0.0,0,0.68755,0,0,0,0,-0.8660254037844385,0.5
2015-11-30,CAT_09,CAT_09_ITEM_008,640,30.23,0.2774,1,0.48874,0,0,0,1,-0.5000000000000003,0.8660254037844383
2015-12-31,CAT_09,CAT_09_ITEM_008,570,43.77,0.0,0,0.67056,0,0,1,0,-2.4492935982947064e-16,1.0
2016-01-31,CAT_09,CAT_09_ITEM_008,474,39.04,0.0,0,0.60179,0,0,0,0,0.4999999999999999,0.8660254037844386
2016-02-29,CAT_09,CAT_09_ITEM_008,258,41.4,0.0,0,0.63722,0,0,0,0,0.8660254037844385,0.5000000000000001
2016-03-31,CAT_09,CAT_09_ITEM_008,286,42.43,0.0,0,0.65794,0,0,0,0,1.0,6.123233995736766e-17
2016-04-30,CAT_09,CAT_09_ITEM_008,281,41.21,0.0,0,0.66287,0,0,0,0,0.8660254037844387,-0.4999999999999997
2016-05-31,CAT_09,CAT_09_ITEM_008,322,44.08,0.0,0,0.66685,1,0,0,0,0.4999999999999999,-0.8660254037844386
2016-06-30,CAT_09,CAT_09_ITEM_008,251,41.68,0.0,0,0.65775,0,0,0,0,1.2246467991473532e-16,-1.0
2016-07-31,CAT_09,CAT_09_ITEM_008,257,42.24,0.0,0,0.67129,0,0,0,0,-0.4999999999999997,-0.8660254037844387
2016-08-31,CAT_09,CAT_09_ITEM_008,361,44.05,0.0,0,0.65943,0,1,0,0,-0.8660254037844383,-0.5000000000000003
2015-01-31,CAT_09,CAT_09_ITEM_009,28,69.39,0.0,0,1.06864,0,0,0,0,0.4999999999999999,0.8660254037844386
2015-02-28,CAT_09,CAT_09_ITEM_009,189,50.76,0.2908,1,0.81913,0,0,0,0,0.8660254037844385,0.5000000000000001
2015-03-31,CAT_09,CAT_09_ITEM_009,87,62.36,0.1318,1,0.97671,0,0,0,0,1.0,6.123233995736766e-17
2015-04-30,CAT_09,CAT_09_ITEM_009,24,70.07,0.0,0,1.12885,0,0,0,0,0.8660254037844387,-0.4999999999999997
2015-05-31,CAT_09,CAT_09_ITEM_009,110,59.96,0.1634,1,0.92668,1,0,0,0,0.4999999999999999,-0.8660254037844386
2015-06-30,CAT_09,CAT_09_ITEM_009,29,74.39,0.0,0,1.16793,0,0,0,0,1.2246467991473532e-16,-1.0
2015-07-31,CAT_09,CAT_09_ITEM_009,29,71.22,0.0,0,1.09894,0,0,0,0,-0.4999999999999997,-0.8660254037844387
2015-08-31,CAT_09,CAT_09_ITEM_009,23,72.37,0.0,0,1.13095,0,1,0,0,-0.8660254037844383,-0.5000000000000003
2015-09-30,CAT_09,CAT_09_ITEM_009,44,70.8,0.0,0,1.10276,0,0,0,0,-1.0,-1.8369701987210297e-16
2015-10-31,CAT_09,CAT_09_ITEM_009,33,68.79,0.0,0,1.06786,0,0,0,0,-0.8660254037844385,0.5
2015-11-30,CAT_09,CAT_09_ITEM_009,125,49.45,0.2679,1,0.79941,0,0,0,1,-0.5000000000000003,0.8660254037844383
2015-12-31,CAT_09,CAT_09_ITEM_009,60,73.58,0.0,0,1.12716,0,0,1,0,-2.4492935982947064e-16,1.0
2016-01-31,CAT_09,CAT_09_ITEM_009,145,58.97,0.1783,1,0.90913,0,0,0,0,0.4999999999999999,0.8660254037844386
2016-02-29,CAT_09,CAT_09_ITEM_009,23,67.28,0.0,0,1.03549,0,0,0,0,0.8660254037844385,0.5000000000000001
2016-03-31,CAT_09,CAT_09_ITEM_009,39,67.69,0.0,0,1.04957,0,0,0,0,1.0,6.123233995736766e-17
2016-04-30,CAT_09,CAT_09_ITEM_009,19,75.52,0.0,0,1.21481,0,0,0,0,0.8660254037844387,-0.4999999999999997
2016-05-31,CAT_09,CAT_09_ITEM_009,31,74.58,0.0,0,1.12814,1,0,0,0,0.4999999999999999,-0.8660254037844386
2016-06-30,CAT_09,CAT_09_ITEM_009,37,66.57,0.0,0,1.05067,0,0,0,0,1.2246467991473532e-16,-1.0
2016-07-31,CAT_09,CAT_09_ITEM_009,32,65.12,0.0,0,1.03487,0,0,0,0,-0.4999999999999997,-0.8660254037844387
2016-08-31,CAT_09,CAT_09_ITEM_009,43,66.95,0.0,0,1.0023,0,1,0,0,-0.8660254037844383,-0.5000000000000003
2015-01-31,CAT_09,CAT_09_ITEM_010,204,12.87,0.0,0,0.19824,0,0,0,0,0.4999999999999999,0.8660254037844386
2015-02-28,CAT_09,CAT_09_ITEM_010,369,12.97,0.0,0,0.20928,0,0,0,0,0.8660254037844385,0.5000000000000001
2015-03-31,CAT_09,CAT_09_ITEM_010,211,12.77,0.0,0,0.19998,0,0,0,0,1.0,6.123233995736766e-17
2015-04-30,CAT_09,CAT_09_ITEM_010,169,12.62,0.0,0,0.20328,0,0,0,0,0.8660254037844387,-0.4999999999999997
2015-05-31,CAT_09,CAT_09_ITEM_010,268,12.93,0.0,0,0.19986,1,0,0,0,0.4999999999999999,-0.8660254037844386
2015-06-30,CAT_09,CAT_09_ITEM_010,229,13.25,0.0,0,0.20804,0,0,0,0,1.2246467991473532e-16,-1.0
2015-07-31,CAT_09,CAT_09_ITEM_010,235,13.03,0.0,0,0.20108,0,0,0,0,-0.4999999999999997,-0.8660254037844387
2015-08-31,CAT_09,CAT_09_ITEM_010,196,12.73,0.0,0,0.19894,0,1,0,0,-0.8660254037844383,-0.5000000000000003
2015-09-30,CAT_09,CAT_09_ITEM_010,310,13.21,0.0,0,0.2058,0,0,0,0,-1.0,-1.8369701987210297e-16
2015-10-31,CAT_09,CAT_09_ITEM_010,194,12.89,0.0,0,0.20005,0,0,0,0,-0.8660254037844385,0.5
2015-11-30,CAT_09,CAT_09_ITEM_010,320,12.83,0.0,0,0.20748,0,0,0,1,-0.5000000000000003,0.8660254037844383
2015-12-31,CAT_09,CAT_09_ITEM_010,370,12.81,0.0,0,0.1962,0,0,1,0,-2.4492935982947064e-16,1.0
2016-01-31,CAT_09,CAT_09_ITEM_010,297,12.85,0.0,0,0.19817,0,0,0,0,0.4999999999999999,0.8660254037844386
2016-02-29,CAT_09,CAT_09_ITEM_010,204,12.79,0.0,0,0.19683,0,0,0,0,0.8660254037844385,0.5000000000000001
2016-03-31,CAT_09,CAT_09_ITEM_010,265,12.97,0.0,0,0.20105,0,0,0,0,1.0,6.123233995736766e-17
2016-04-30,CAT_09,CAT_09_ITEM_010,234,13.09,0.0,0,0.2106,0,0,0,0,0.8660254037844387,-0.4999999999999997
2016-05-31,CAT_09,CAT_09_ITEM_010,264,13.1,0.0,0,0.1982,1,0,0,0,0.4999999999999999,-0.8660254037844386
2016-06-30,CAT_09,CAT_09_ITEM_010,237,12.8,0.0,0,0.20202,0,0,0,0,1.2246467991473532e-16,-1.0
2016-07-31,CAT_09,CAT_09_ITEM_010,189,12.85,0.0,0,0.20427,0,0,0,0,-0.4999999999999997,-0.8660254037844387
2016-08-31,CAT_09,CAT_09_ITEM_010,300,12.8,0.0,0,0.19162,0,1,0,0,-0.8660254037844383,-0.5000000000000003
2015-01-31,CAT_09,CAT_09_ITEM_011,1,62.42,0.0,0,0.96133,0,0,0,0,0.4999999999999999,0.8660254037844386
2015-02-28,CAT_09,CAT_09_ITEM_011,0,62.85,0.0,0,1.01416,0,0,0,0,0.8660254037844385,0.5000000000000001
2015-03-31,CAT_09,CAT_09_ITEM_011,0,61.49,0.0,0,0.96308,0,0,0,0,1.0,6.123233995736766e-17
2015-04-30,CAT_09,CAT_09_ITEM_011,1,55.35,0.1442,1,0.89181,0,0,0,0,0.8660254037844387,-0.4999999999999997
2015-05-31,CAT_09,CAT_09_ITEM_011,4,62.09,0.0,0,0.95964,1,0,0,0,0.4999999999999999,-0.8660254037844386
2015-06-30,CAT_09,CAT_09_ITEM_011,0,61.29,0.0,0,0.9622,0,0,0,0,1.2246467991473532e-16,-1.0
2015-07-31,CAT_09,CAT_09_ITEM_011,2,61.17,0.0,0,0.94387,0,0,0,0,-0.4999999999999997,-0.8660254037844387
2015-08-31,CAT_09,CAT_09_ITEM_011,0,63.47,0.0,0,0.99179,0,1,0,0,-0.8660254037844383,-0.5000000000000003
2015-09-30,CAT_09,CAT_09_ITEM_011,1,61.88,0.0,0,0.96389,0,0,0,0,-1.0,-1.8369701987210297e-16
2015-10-31,CAT_09,CAT_09_ITEM_011,0,62.71,0.0,0,0.97355,0,0,0,0,-0.8660254037844385,0.5
2015-11-30,CAT_09,CAT_09_ITEM_011,0,63.65,0.0,0,1.029,0,0,0,1,-0.5000000000000003,0.8660254037844383
2015-12-31,CAT_09,CAT_09_ITEM_011,2,63.41,0.0,0,0.97131,0,0,1,0,-2.4492935982947064e-16,1.0
2016-01-31,CAT_09,CAT_09_ITEM_011,1,62.16,0.0,0,0.95828,0,0,0,0,0.4999999999999999,0.8660254037844386
2016-02-29,CAT_09,CAT_09_ITEM_011,3,61.71,0.0,0,0.94977,0,0,0,0,0.8660254037844385,0.5000000000000001
2016-03-31,CAT_09,CAT_09_ITEM_011,0,64.86,0.0,0,1.00573,0,0,0,0,1.0,6.123233995736766e-17
2016-04-30,CAT_09,CAT_09_ITEM_011,2,51.27,0.2031,1,0.82475,0,0,0,0,0.8660254037844387,-0.4999999999999997
2016-05-31,CAT_09,CAT_09_ITEM_011,0,62.67,0.0,0,0.94796,1,0,0,0,0.4999999999999999,-0.8660254037844386
2016-06-30,CAT_09,CAT_09_ITEM_011,4,54.37,0.1724,1,0.85809,0,0,0,0,1.2246467991473532e-16,-1.0
2016-07-31,CAT_09,CAT_09_ITEM_011,0,63.26,0.0,0,1.00524,0,0,0,0,-0.4999999999999997,-0.8660254037844387
2016-08-31,CAT_09,CAT_09_ITEM_011,0,62.54,0.0,0,0.93636,0,1,0,0,-0.8660254037844383,-0.5000000000000003
2015-01-31,CAT_09,CAT_09_ITEM_012,42,85.33,0.1024,1,1.31419,0,0,0,0,0.4999999999999999,0.8660254037844386
2015-02-28,CAT_09,CAT_09_ITEM_012,17,99.03,0.0,0,1.59795,0,0,0,0,0.8660254037844385,0.5000000000000001
2015-03-31,CAT_09,CAT_09_ITEM_012,21,88.79,0.0,0,1.39064,0,0,0,0,1.0,6.123233995736766e-17
2015-04-30,CAT_09,CAT_09_ITEM_012,12,93.23,0.0,0,1.50204,0,0,0,0,0.8660254037844387,-0.4999999999999997
2015-05-31,CAT_09,CAT_09_ITEM_012,12,94.37,0.0,0,1.4585,1,0,0,0,0.4999999999999999,-0.8660254037844386
2015-06-30,CAT_09,CAT_09_ITEM_012,17,91.81,0.0,0,1.44135,0,0,0,0,1.2246467991473532e-16,-1.0
2015-07-31,CAT_09,CAT_09_ITEM_012,22,96.12,0.0,0,1.48317,0,0,0,0,-0.4999999999999997,-0.8660254037844387
2015-08-31,CAT_09,CAT_09_ITEM_012,57,77.24,0.1221,1,1.20695,0,1,0,0,-0.8660254037844383,-0.5000000000000003
2015-09-30,CAT_09,CAT_09_ITEM_012,26,91.84,0.0,0,1.4305,0,0,0,0,-1.0,-1.8369701987210297e-16
2015-10-31,CAT_09,CAT_09_ITEM_012,24,93.04,0.0,0,1.44436,0,0,0,0,-0.8660254037844385,0.5
2015-11-30,CAT_09,CAT_09_ITEM_012,13,90.33,0.0,0,1.46028,0,0,0,1,-0.5000000000000003,0.8660254037844383
2015-12-31,CAT_09,CAT_09_ITEM_012,44,91.57,0.0,0,1.40272,0,0,1,0,-2.4492935982947064e-16,1.0
2016-01-31,CAT_09,CAT_09_ITEM_012,34,89.09,0.0,0,1.3735,0,0,0,0,0.4999999999999999,0.8660254037844386
2016-02-29,CAT_09,CAT_09_ITEM_012,13,97.03,0.0,0,1.49345,0,0,0,0,0.8660254037844385,0.5000000000000001
2016-03-31,CAT_09,CAT_09_ITEM_012,16,100.32,0.0,0,1.55551,0,0,0,0,1.0,6.123233995736766e-17
2016-04-30,CAT_09,CAT_09_ITEM_012,16,89.37,0.0,0,1.43763,0,0,0,0,0.8660254037844387,-0.4999999999999997
2016-05-31,CAT_09,CAT_09_ITEM_012,21,89.4,0.0,0,1.35239,1,0,0,0,0.4999999999999999,-0.8660254037844386
2016-06-30,CAT_09,CAT_09_ITEM_012,14,95.77,0.0,0,1.5114,0,0,0,0,1.2246467991473532e-16,-1.0
2016-07-31,CAT_09,CAT_09_ITEM_012,50,76.23,0.1822,1,1.21144,0,0,0,0,-0.4999999999999997,-0.8660254037844387
2016-08-31,CAT_09,CAT_09_ITEM_012,24,98.69,0.0,0,1.47753,0,1,0,0,-0.8660254037844383,-0.5000000000000003
2015-01-31,CAT_09,CAT_09_ITEM_013,77,51.67,0.0,0,0.7957,0,0,0,0,0.4999999999999999,0.8660254037844386
2015-02-28,CAT_09,CAT_09_ITEM_013,162,52.74,0.0,0,0.85111,0,0,0,0,0.8660254037844385,0.5000000000000001
2015-03-31,CAT_09,CAT_09_ITEM_013,110,52.34,0.0,0,0.81981,0,0,0,0,1.0,6.123233995736766e-17
2015-04-30,CAT_09,CAT_09_ITEM_013,54,50.83,0.0,0,0.81898,0,0,0,0,0.8660254037844387,-0.4999999999999997
2015-05-31,CAT_09,CAT_09_ITEM_013,151,52.44,0.0,0,0.81049,1,0,0,0,0.4999999999999999,-0.8660254037844386
2015-06-30,CAT_09,CAT_09_ITEM_013,98,51.58,0.0,0,0.8098,0,0,0,0,1.2246467991473532e-16,-1.0
2015-07-31,CAT_09,CAT_09_ITEM_013,120,50.56,0.0,0,0.78019,0,0,0,0,-0.4999999999999997,-0.8660254037844387
2015-08-31,CAT_09,CAT_09_ITEM_013,70,50.34,0.0,0,0.78667,0,1,0,0,-0.8660254037844383,-0.5000000000000003
2015-09-30,CAT_09,CAT_09_ITEM_013,148,51.38,0.0,0,0.80029,0,0,0,0,-1.0,-1.8369701987210297e-16
2015-10-31,CAT_09,CAT_09_ITEM_013,340,37.68,0.2998,1,0.58499,0,0,0,0,-0.8660254037844385,0.5
2015-11-30,CAT_09,CAT_09_ITEM_013,85,52.03,0.0,0,0.84116,0,0,0,1,-0.5000000000000003,0.8660254037844383
2015-12-31,CAT_09,CAT_09_ITEM_013,841,40.23,0.2043,1,0.61622,0,0,1,0,-2.4492935982947064e-16,1.0
2016-01-31,CAT_09,CAT_09_ITEM_013,161,53.58,0.0,0,0.82596,0,0,0,0,0.4999999999999999,0.8660254037844386
2016-02-29,CAT_09,CAT_09_ITEM_013,108,51.97,0.0,0,0.7999,0,0,0,0,0.8660254037844385,0.5000000000000001
2016-03-31,CAT_09,CAT_09_ITEM_013,145,52.66,0.0,0,0.81656,0,0,0,0,1.0,6.123233995736766e-17
2016-04-30,CAT_09,CAT_09_ITEM_013,103,52.59,0.0,0,0.84601,0,0,0,0,0.8660254037844387,-0.4999999999999997
2016-05-31,CAT_09,CAT_09_ITEM_013,155,53.22,0.0,0,0.80507,1,0,0,0,0.4999999999999999,-0.8660254037844386
2016-06-30,CAT_09,CAT_09_ITEM_013,118,50.69,0.0,0,0.79993,0,0,0,0,1.2246467991473532e-16,-1.0
2016-07-31,CAT_09,CAT_09_ITEM_013,93,52.03,0.0,0,0.8269,0,0,0,0,-0.4999999999999997,-0.8660254037844387
2016-08-31,CAT_09,CAT_09_ITEM_013,131,51.34,0.0,0,0.76856,0,1,0,0,-0.8660254037844383,-0.5000000000000003
2015-01-31,CAT_09,CAT_09_ITEM_014,654,38.41,0.1202,1,0.5916,0,0,0,0,0.4999999999999999,0.8660254037844386
2015-02-28,CAT_09,CAT_09_ITEM_014,484,46.42,0.0,0,0.74904,0,0,0,0,0.8660254037844385,0.5000000000000001
2015-03-31,CAT_09,CAT_09_ITEM_014,253,45.88,0.0,0,0.71864,0,0,0,0,1.0,6.123233995736766e-17
2015-04-30,CAT_09,CAT_09_ITEM_014,205,43.78,0.0,0,0.70528,0,0,0,0,0.8660254037844387,-0.4999999999999997
2015-05-31,CAT_09,CAT_09_ITEM_014,371,43.84,0.0,0,0.67755,1,0,0,0,0.4999999999999999,-0.8660254037844386
2015-06-30,CAT_09,CAT_09_ITEM_014,303,44.87,0.0,0,0.70449,0,0,0,0,1.2246467991473532e-16,-1.0
2015-07-31,CAT_09,CAT_09_ITEM_014,286,44.45,0.0,0,0.68588,0,0,0,0,-0.4999999999999997,-0.8660254037844387
2015-08-31,CAT_09,CAT_09_ITEM_014,228,45.13,0.0,0,0.70522,0,1,0,0,-0.8660254037844383,-0.5000000000000003
2015-09-30,CAT_09,CAT_09_ITEM_014,382,43.12,0.0,0,0.67166,0,0,0,0,-1.0,-1.8369701987210297e-16
2015-10-31,CAT_09,CAT_09_ITEM_014,252,45.71,0.0,0,0.70952,0,0,0,0,-0.8660254037844385,0.5
2015-11-30,CAT_09,CAT_09_ITEM_014,280,41.88,0.0,0,0.67709,0,0,0,1,-0.5000000000000003,0.8660254037844383
2015-12-31,CAT_09,CAT_09_ITEM_014,396,47.3,0.0,0,0.72464,0,0,1,0,-2.4492935982947064e-16,1.0
2016-01-31,CAT_09,CAT_09_ITEM_014,424,44.98,0.0,0,0.69347,0,0,0,0,0.4999999999999999,0.8660254037844386
2016-02-29,CAT_09,CAT_09_ITEM_014,246,46.01,0.0,0,0.70811,0,0,0,0,0.8660254037844385,0.5000000000000001
2016-03-31,CAT_09,CAT_09_ITEM_014,301,46.16,0.0,0,0.71575,0,0,0,0,1.0,6.123233995736766e-17
2016-04-30,CAT_09,CAT_09_ITEM_014,253,46.24,0.0,0,0.74373,0,0,0,0,0.8660254037844387,-0.4999999999999997
2016-05-31,CAT_09,CAT_09_ITEM_014,362,46.62,0.0,0,0.70527,1,0,0,0,0.4999999999999999,-0.8660254037844386
2016-06-30,CAT_09,CAT_09_ITEM_014,267,45.07,0.0,0,0.71128,0,0,0,0,1.2246467991473532e-16,-1.0
2016-07-31,CAT_09,CAT_09_ITEM_014,267,43.65,0.0,0,0.6937,0,0,0,0,-0.4999999999999997,-0.8660254037844387
2016-08-31,CAT_09,CAT_09_ITEM_014,542,43.26,0.0,0,0.64765,0,1,0,0,-0.8660254037844383,-0.5000000000000003
2015-01-31,CAT_09,CAT_09_ITEM_015,89,17.44,0.0,0,0.26856,0,0,0,0,0.4999999999999999,0.8660254037844386
2015-02-28,CAT_09,CAT_09_ITEM_015,172,17.14,0.0,0,0.27655,0,0,0,0,0.8660254037844385,0.5000000000000001
2015-03-31,CAT_09,CAT_09_ITEM_015,96,17.43,0.0,0,0.27292,0,0,0,0,1.0,6.123233995736766e-17
2015-04-30,CAT_09,CAT_09_ITEM_015,184,13.77,0.2002,1,0.2219,0,0,0,0,0.8660254037844387,-0.4999999999999997
2015-05-31,CAT_09,CAT_09_ITEM_015,151,17.26,0.0,0,0.26676,1,0,0,0,0.4999999999999999,-0.8660254037844386
2015-06-30,CAT_09,CAT_09_ITEM_015,98,17.27,0.0,0,0.27115,0,0,0,0,1.2246467991473532e-16,-1.0
2015-07-31,CAT_09,CAT_09_ITEM_015,100,17.07,0.0,0,0.26334,0,0,0,0,-0.4999999999999997,-0.8660254037844387
2015-08-31,CAT_09,CAT_09_ITEM_015,60,17.01,0.0,0,0.26587,0,1,0,0,-0.8660254037844383,-0.5000000000000003
2015-09-30,CAT_09,CAT_09_ITEM_015,127,17.46,0.0,0,0.27203,0,0,0,0,-1.0,-1.8369701987210297e-16
2015-10-31,CAT_09,CAT_09_ITEM_015,78,17.46,0.0,0,0.271,0,0,0,0,-0.8660254037844385,0.5
2015-11-30,CAT_09,CAT_09_ITEM_015,272,13.5,0.2155,1,0.2182,0,0,0,1,-0.5000000000000003,0.8660254037844383
2015-12-31,CAT_09,CAT_09_ITEM_015,135,16.97,0.0,0,0.25999,0,0,1,0,-2.4492935982947064e-16,1.0
2016-01-31,CAT_09,CAT_09_ITEM_015,143,17.35,0.0,0,0.2675,0,0,0,0,0.4999999999999999,0.8660254037844386
2016-02-29,CAT_09,CAT_09_ITEM_015,116,17.29,0.0,0,0.26615,0,0,0,0,0.8660254037844385,0.5000000000000001
2016-03-31,CAT_09,CAT_09_ITEM_015,277,12.35,0.2761,1,0.19146,0,0,0,0,1.0,6.123233995736766e-17
2016-04-30,CAT_09,CAT_09_ITEM_015,107,17.34,0.0,0,0.27892,0,0,0,0,0.8660254037844387,-0.4999999999999997
2016-05-31,CAT_09,CAT_09_ITEM_015,140,17.47,0.0,0,0.26428,1,0,0,0,0.4999999999999999,-0.8660254037844386
2016-06-30,CAT_09,CAT_09_ITEM_015,94,17.34,0.0,0,0.27359,0,0,0,0,1.2246467991473532e-16,-1.0
2016-07-31,CAT_09,CAT_09_ITEM_015,85,17.48,0.0,0,0.27785,0,0,0,0,-0.4999999999999997,-0.8660254037844387
2016-08-31,CAT_09,CAT_09_ITEM_015,112,17.07,0.0,0,0.25562,0,1,0,0,-0.8660254037844383,-0.5000000000000003
