data/raw/synthetic_retail_shares_brazil_2015_2025.csv
date,category_id,item_id,sales_qty,price,discount,promo_flag,price_rel,mothers_day_flag,fathers_day_flag,christmas_flag,black_friday_flag,month_sin,month_cos
2015-01-31,CAT_09,CAT_09_ITEM_016,2,108.7,0.0,0,1.67406,0,0,0,0,0.4999999999999999,0.8660254037844386
2015-02-28,CAT_09,CAT_09_ITEM_016,18,87.03,0.1987,1,1.40443,0,0,0,0,0.8660254037844385,0.5000000000000001
2015-03-31,CAT_09,CAT_09_ITEM_016,3,110.85,0.0,0,1.7361,0,0,0,0,1.0,6.123233995736766e-17
2015-04-30,CAT_09,CAT_09_ITEM_016,3,110.26,0.0,0,1.77641,0,0,0,0,0.8660254037844387,-0.4999999999999997
2015-05-31,CAT_09,CAT_09_ITEM_016,3,108.92,0.0,0,1.68341,1,0,0,0,0.4999999999999999,-0.8660254037844386
2015-06-30,CAT_09,CAT_09_ITEM_016,3,107.49,0.0,0,1.6875,0,0,0,0,1.2246467991473532e-16,-1.0
2015-07-31,CAT_09,CAT_09_ITEM_016,4,113.96,0.0,0,1.75835,0,0,0,0,-0.4999999999999997,-0.8660254037844387
2015-08-31,CAT_09,CAT_09_ITEM_016,3,106.91,0.0,0,1.6706,0,1,0,0,-0.8660254037844383,-0.5000000000000003
2015-09-30,CAT_09,CAT_09_ITEM_016,3,108.5,0.0,0,1.69007,0,0,0,0,-1.0,-1.8369701987210297e-16
2015-10-31,CAT_09,CAT_09_ITEM_016,3,115.07,0.0,0,1.78626,0,0,0,0,-0.8660254037844385,0.5
2015-11-30,CAT_09,CAT_09_ITEM_016,2,111.14,0.0,0,1.7967,0,0,0,1,-0.5000000000000003,0.8660254037844383
2015-12-31,CAT_09,CAT_09_ITEM_016,5,108.3,0.0,0,1.65911,0,0,1,0,-2.4492935982947064e-16,1.0
2016-01-31,CAT_09,CAT_09_ITEM_016,8,109.35,0.0,0,1.68576,0,0,0,0,0.4999999999999999,0.8660254037844386
2016-02-29,CAT_09,CAT_09_ITEM_016,1,107.26,0.0,0,1.65086,0,0,0,0,0.8660254037844385,0.5000000000000001
2016-03-31,CAT_09,CAT_09_ITEM_016,0,107.09,0.0,0,1.6605,0,0,0,0,1.0,6.123233995736766e-17
2016-04-30,CAT_09,CAT_09_ITEM_016,4,102.23,0.0,0,1.64447,0,0,0,0,0.8660254037844387,-0.4999999999999997
2016-05-31,CAT_09,CAT_09_ITEM_016,3,108.45,0.0,0,1.64048,1,0,0,0,0.4999999999999999,-0.8660254037844386
2016-06-30,CAT_09,CAT_09_ITEM_016,6,108.5,0.0,0,1.7123,0,0,0,0,1.2246467991473532e-16,-1.0
2016-07-31,CAT_09,CAT_09_ITEM_016,4,107.15,0.0,0,1.70281,0,0,0,0,-0.4999999999999997,-0.8660254037844387
2016-08-31,CAT_09,CAT_09_ITEM_016,3,119.1,0.0,0,1.78301,0,1,0,0,-0.8660254037844383,-0.5000000000000003
2015-01-31,CAT_09,CAT_09_ITEM_017,16,105.25,0.0,0,1.62086,0,0,0,0,0.4999999999999999,0.8660254037844386
2015-02-28,CAT_09,CAT_09_ITEM_017,32,106.64,0.0,0,1.72087,0,0,0,0,0.8660254037844385,0.5000000000000001
2015-03-31,CAT_09,CAT_09_ITEM_017,28,105.64,0.0,0,1.6545,0,0,0,0,1.0,6.123233995736766e-17
2015-04-30,CAT_09,CAT_09_ITEM_017,9,112.4,0.0,0,1.81091,0,0,0,0,0.8660254037844387,-0.4999999999999997
2015-05-31,CAT_09,CAT_09_ITEM_017,31,106.01,0.0,0,1.63853,1,0,0,0,0.4999999999999999,-0.8660254037844386
2015-06-30,CAT_09,CAT_09_ITEM_017,145,79.21,0.2872,1,1.24357,0,0,0,0,1.2246467991473532e-16,-1.0
2015-07-31,CAT_09,CAT_09_ITEM_017,27,104.33,0.0,0,1.60982,0,0,0,0,-0.4999999999999997,-0.8660254037844387
2015-08-31,CAT_09,CAT_09_ITEM_017,17,110.71,0.0,0,1.73006,0,1,0,0,-0.8660254037844383,-0.5000000000000003
2015-09-30,CAT_09,CAT_09_ITEM_017,36,106.2,0.0,0,1.65428,0,0,0,0,-1.0,-1.8369701987210297e-16
2015-10-31,CAT_09,CAT_09_ITEM_017,16,108.7,0.0,0,1.68746,0,0,0,0,-0.8660254037844385,0.5
2015-11-30,CAT_09,CAT_09_ITEM_017,20,107.66,0.0,0,1.74048,0,0,0,1,-0.5000000000000003,0.8660254037844383
2015-12-31,CAT_09,CAT_09_ITEM_017,54,107.75,0.0,0,1.65071,0,0,1,0,-2.4492935982947064e-16,1.0
2016-01-31,CAT_09,CAT_09_ITEM_017,40,108.95,0.0,0,1.6796,0,0,0,0,0.4999999999999999,0.8660254037844386
2016-02-29,CAT_09,CAT_09_ITEM_017,28,104.29,0.0,0,1.60523,0,0,0,0,0.8660254037844385,0.5000000000000001
2016-03-31,CAT_09,CAT_09_ITEM_017,27,108.99,0.0,0,1.68995,0,0,0,0,1.0,6.123233995736766e-17
2016-04-30,CAT_09,CAT_09_ITEM_017,20,108.25,0.0,0,1.74131,0,0,0,0,0.8660254037844387,-0.4999999999999997
2016-05-31,CAT_09,CAT_09_ITEM_017,26,110.19,0.0,0,1.66687,1,0,0,0,0.4999999999999999,-0.8660254037844386
2016-06-30,CAT_09,CAT_09_ITEM_017,30,106.16,0.0,0,1.6754,0,0,0,0,1.2246467991473532e-16,-1.0
2016-07-31,CAT_09,CAT_09_ITEM_017,19,112.34,0.0,0,1.78524,0,0,0,0,-0.4999999999999997,-0.8660254037844387
2016-08-31,CAT_09,CAT_09_ITEM_017,30,107.49,0.0,0,1.60923,0,1,0,0,-0.8660254037844383,-0.5000000000000003
2015-01-31,CAT_09,CAT_09_ITEM_018,11,114.04,0.0,0,1.75627,0,0,0,0,0.4999999999999999,0.8660254037844386
2015-02-28,CAT_09,CAT_09_ITEM_018,20,112.54,0.0,0,1.81608,0,0,0,0,0.8660254037844385,0.5000000000000001
2015-03-31,CAT_09,CAT_09_ITEM_018,18,112.94,0.0,0,1.76895,0,0,0,0,1.0,6.123233995736766e-17
2015-04-30,CAT_09,CAT_09_ITEM_018,40,87.34,0.2334,1,1.40713,0,0,0,0,0.8660254037844387,-0.4999999999999997
2015-05-31,CAT_09,CAT_09_ITEM_018,18,112.73,0.0,0,1.74233,1,0,0,0,0.4999999999999999,-0.8660254037844386
2015-06-30,CAT_09,CAT_09_ITEM_018,19,111.45,0.0,0,1.74979,0,0,0,0,1.2246467991473532e-16,-1.0
2015-07-31,CAT_09,CAT_09_ITEM_018,20,110.6,0.0,0,1.70658,0,0,0,0,-0.4999999999999997,-0.8660254037844387
2015-08-31,CAT_09,CAT_09_ITEM_018,7,113.23,0.0,0,1.76939,0,1,0,0,-0.8660254037844383,-0.5000000000000003
2015-09-30,CAT_09,CAT_09_ITEM_018,14,112.19,0.0,0,1.74748,0,0,0,0,-1.0,-1.8369701987210297e-16
2015-10-31,CAT_09,CAT_09_ITEM_018,16,115.1,0.0,0,1.78684,0,0,0,0,-0.8660254037844385,0.5
2015-11-30,CAT_09,CAT_09_ITEM_018,12,113.25,0.0,0,1.83087,0,0,0,1,-0.5000000000000003,0.8660254037844383
2015-12-31,CAT_09,CAT_09_ITEM_018,36,113.31,0.0,0,1.73584,0,0,1,0,-2.4492935982947064e-16,1.0
2016-01-31,CAT_09,CAT_09_ITEM_018,27,112.25,0.0,0,1.73059,0,0,0,0,0.4999999999999999,0.8660254037844386
2016-02-29,CAT_09,CAT_09_ITEM_018,18,113.33,0.0,0,1.74433,0,0,0,0,0.8660254037844385,0.5000000000000001
2016-03-31,CAT_09,CAT_09_ITEM_018,52,103.26,0.1033,1,1.60109,0,0,0,0,1.0,6.123233995736766e-17
2016-04-30,CAT_09,CAT_09_ITEM_018,81,81.37,0.2618,1,1.30894,0,0,0,0,0.8660254037844387,-0.4999999999999997
2016-05-31,CAT_09,CAT_09_ITEM_018,24,113.95,0.0,0,1.72375,1,0,0,0,0.4999999999999999,-0.8660254037844386
2016-06-30,CAT_09,CAT_09_ITEM_018,22,112.4,0.0,0,1.77396,0,0,0,0,1.2246467991473532e-16,-1.0
2016-07-31,CAT_09,CAT_09_ITEM_018,19,112.46,0.0,0,1.78707,0,0,0,0,-0.4999999999999997,-0.8660254037844387
2016-08-31,CAT_09,CAT_09_ITEM_018,19,113.65,0.0,0,1.7015,0,1,0,0,-0.8660254037844383,-0.5000000000000003
2015-01-31,CAT_09,CAT_09_ITEM_019,51,73.69,0.0,0,1.13489,0,0,0,0,0.4999999999999999,0.8660254037844386
2015-02-28,CAT_09,CAT_09_ITEM_019,81,73.47,0.0,0,1.1856,0,0,0,0,0.8660254037844385,0.5000000000000001
2015-03-31,CAT_09,CAT_09_ITEM_019,47,74.01,0.0,0,1.15913,0,0,0,0,1.0,6.123233995736766e-17
2015-04-30,CAT_09,CAT_09_ITEM_019,30,76.35,0.0,0,1.23012,0,0,0,0,0.8660254037844387,-0.4999999999999997
2015-05-31,CAT_09,CAT_09_ITEM_019,46,73.1,0.0,0,1.12984,1,0,0,0,0.4999999999999999,-0.8660254037844386
2015-06-30,CAT_09,CAT_09_ITEM_019,54,73.08,0.0,0,1.14727,0,0,0,0,1.2246467991473532e-16,-1.0
2015-07-31,CAT_09,CAT_09_ITEM_019,54,74.61,0.0,0,1.15124,0,0,0,0,-0.4999999999999997,-0.8660254037844387
2015-08-31,CAT_09,CAT_09_ITEM_019,51,72.25,0.0,0,1.12907,0,1,0,0,-0.8660254037844383,-0.5000000000000003
2015-09-30,CAT_09,CAT_09_ITEM_019,74,73.69,0.0,0,1.14781,0,0,0,0,-1.0,-1.8369701987210297e-16
2015-10-31,CAT_09,CAT_09_ITEM_019,130,67.62,0.1043,1,1.04964,0,0,0,0,-0.8660254037844385,0.5
2015-11-30,CAT_09,CAT_09_ITEM_019,33,73.34,0.0,0,1.1856,0,0,0,1,-0.5000000000000003,0.8660254037844383
2015-12-31,CAT_09,CAT_09_ITEM_019,104,73.16,0.0,0,1.12072,0,0,1,0,-2.4492935982947064e-16,1.0
2016-01-31,CAT_09,CAT_09_ITEM_019,75,74.16,0.0,0,1.14332,0,0,0,0,0.4999999999999999,0.8660254037844386
2016-02-29,CAT_09,CAT_09_ITEM_019,47,74.14,0.0,0,1.1412,0,0,0,0,0.8660254037844385,0.5000000000000001
2016-03-31,CAT_09,CAT_09_ITEM_019,44,73.19,0.0,0,1.13483,0,0,0,0,1.0,6.123233995736766e-17
2016-04-30,CAT_09,CAT_09_ITEM_019,53,73.52,0.0,0,1.18253,0,0,0,0,0.8660254037844387,-0.4999999999999997
2016-05-31,CAT_09,CAT_09_ITEM_019,39,74.63,0.0,0,1.12897,1,0,0,0,0.4999999999999999,-0.8660254037844386
2016-06-30,CAT_09,CAT_09_ITEM_019,49,73.59,0.0,0,1.16136,0,0,0,0,1.2246467991473532e-16,-1.0
2016-07-31,CAT_09,CAT_09_ITEM_019,150,60.49,0.1871,1,0.96126,0,0,0,0,-0.4999999999999997,-0.8660254037844387
2016-08-31,CAT_09,CAT_09_ITEM_019,91,72.92,0.0,0,1.09174,0,1,0,0,-0.8660254037844383,-0.5000000000000003
2015-01-31,CAT_10,CAT_10_ITEM_001,3,32.8,0.0,0,0.46692,0,0,0,0,0.4999999999999999,0.8660254037844386
2015-02-28,CAT_10,CAT_10_ITEM_001,2,33.21,0.0,0,0.45664,0,0,0,0,0.8660254037844385,0.5000000000000001
2015-03-31,CAT_10,CAT_10_ITEM_001,2,33.6,0.0,0,0.47444,0,0,0,0,1.0,6.123233995736766e-17
2015-04-30,CAT_10,CAT_10_ITEM_001,0,34.19,0.0,0,0.47605,0,0,0,0,0.8660254037844387,-0.4999999999999997
2015-05-31,CAT_10,CAT_10_ITEM_001,2,33.07,0.0,0,0.45563,1,0,0,0,0.4999999999999999,-0.8660254037844386
2015-06-30,CAT_10,CAT_10_ITEM_001,1,33.71,0.0,0,0.46396,0,0,0,0,1.2246467991473532e-16,-1.0
2015-07-31,CAT_10,CAT_10_ITEM_001,3,32.61,0.0,0,0.45169,0,0,0,0,-0.4999999999999997,-0.8660254037844387
2015-08-31,CAT_10,CAT_10_ITEM_001,4,33.13,0.0,0,0.45418,0,1,0,0,-0.8660254037844383,-0.5000000000000003
2015-09-30,CAT_10,CAT_10_ITEM_001,1,33.03,0.0,0,0.46672,0,0,0,0,-1.0,-1.8369701987210297e-16
2015-10-31,CAT_10,CAT_10_ITEM_001,3,33.7,0.0,0,0.46551,0,0,0,0,-0.8660254037844385,0.5
2015-11-30,CAT_10,CAT_10_ITEM_001,4,34.07,0.0,0,0.48144,0,0,0,1,-0.5000000000000003,0.8660254037844383
2015-12-31,CAT_10,CAT_10_ITEM_001,12,29.65,0.144,1,0.41197,0,0,1,0,-2.4492935982947064e-16,1.0
2016-01-31,CAT_10,CAT_10_ITEM_001,3,33.35,0.0,0,0.46975,0,0,0,0,0.4999999999999999,0.8660254037844386
2016-02-29,CAT_10,CAT_10_ITEM_001,3,33.43,0.0,0,0.46516,0,0,0,0,0.8660254037844385,0.5000000000000001
2016-03-31,CAT_10,CAT_10_ITEM_001,7,34.25,0.0,0,0.48017,0,0,0,0,1.0,6.123233995736766e-17
2016-04-30,CAT_10,CAT_10_ITEM_001,5,32.95,0.0,0,0.45186,0,0,0,0,0.8660254037844387,-0.4999999999999997
2016-05-31,CAT_10,CAT_10_ITEM_001,3,34.47,0.0,0,0.47568,1,0,0,0,0.4999999999999999,-0.8660254037844386
2016-06-30,CAT_10,CAT_10_ITEM_001,4,33.5,0.0,0,0.46285,0,0,0,0,1.2246467991473532e-16,-1.0
2016-07-31,CAT_10,CAT_10_ITEM_001,9,27.24,0.185,1,0.38708,0,0,0,0,-0.4999999999999997,-0.8660254037844387
2016-08-31,CAT_10,CAT_10_ITEM_001,2,33.15,0.0,0,0.46003,0,1,0,0,-0.8660254037844383,-0.5000000000000003
2015-01-31,CAT_10,CAT_10_ITEM_002,489,57.86,0.0,0,0.82362,0,0,0,0,0.4999999999999999,0.8660254037844386
2015-02-28,CAT_10,CAT_10_ITEM_002,510,58.8,0.0,0,0.80847,0,0,0,0,0.8660254037844385,0.5000000000000001
2015-03-31,CAT_10,CAT_10_ITEM_002,421,54.84,0.0,0,0.77433,0,0,0,0,1.0,6.123233995736766e-17
2015-04-30,CAT_10,CAT_10_ITEM_002,361,58.07,0.0,0,0.80846,0,0,0,0,0.8660254037844387,-0.4999999999999997
2015-05-31,CAT_10,CAT_10_ITEM_002,383,56.54,0.0,0,0.77898,1,0,0,0,0.4999999999999999,-0.8660254037844386
2015-06-30,CAT_10,CAT_10_ITEM_002,500,57.07,0.0,0,0.78546,0,0,0,0,1.2246467991473532e-16,-1.0
2015-07-31,CAT_10,CAT_10_ITEM_002,669,56.02,0.0,0,0.77582,0,0,0,0,-0.4999999999999997,-0.8660254037844387
2015-08-31,CAT_10,CAT_10_ITEM_002,529,57.95,0.0,0,0.79448,0,1,0,0,-0.8660254037844383,-0.5000000000000003
2015-09-30,CAT_10,CAT_10_ITEM_002,641,57.19,0.0,0,0.80817,0,0,0,0,-1.0,-1.8369701987210297e-16
2015-10-31,CAT_10,CAT_10_ITEM_002,546,59.23,0.0,0,0.81806,0,0,0,0,-0.8660254037844385,0.5
2015-11-30,CAT_10,CAT_10_ITEM_002,1144,50.13,0.1262,1,0.70829,0,0,0,1,-0.5000000000000003,0.8660254037844383
2015-12-31,CAT_10,CAT_10_ITEM_002,715,57.11,0.0,0,0.79351,0,0,1,0,-2.4492935982947064e-16,1.0
2016-01-31,CAT_10,CAT_10_ITEM_002,399,57.19,0.0,0,0.80554,0,0,0,0,0.4999999999999999,0.8660254037844386
2016-02-29,CAT_10,CAT_10_ITEM_002,628,55.62,0.0,0,0.77391,0,0,0,0,0.8660254037844385,0.5000000000000001
2016-03-31,CAT_10,CAT_10_ITEM_002,390,56.93,0.0,0,0.79827,0,0,0,0,1.0,6.123233995736766e-17
2016-04-30,CAT_10,CAT_10_ITEM_002,462,56.89,0.0,0,0.78013,0,0,0,0,0.8660254037844387,-0.4999999999999997
2016-05-31,CAT_10,CAT_10_ITEM_002,360,57.63,0.0,0,0.79524,1,0,0,0,0.4999999999999999,-0.8660254037844386
2016-06-30,CAT_10,CAT_10_ITEM_002,531,54.71,0.0,0,0.75595,0,0,0,0,1.2246467991473532e-16,-1.0
2016-07-31,CAT_10,CAT_10_ITEM_002,363,57.18,0.0,0,0.81275,0,0,0,0,-0.4999999999999997,-0.8660254037844387
2016-08-31,CAT_10,CAT_10_ITEM_002,568,55.2,0.0,0,0.76607,0,1,0,0,-0.8660254037844383,-0.5000000000000003
2015-01-31,CAT_10,CAT_10_ITEM_003,9,79.98,0.2236,1,1.13847,0,0,0,0,0.4999999999999999,0.8660254037844386
2015-02-28,CAT_10,CAT_10_ITEM_003,3,104.47,0.0,0,1.43653,0,0,0,0,0.8660254037844385,0.5000000000000001
2015-03-31,CAT_10,CAT_10_ITEM_003,1,104.51,0.0,0,1.47577,0,0,0,0,1.0,6.123233995736766e-17
2015-04-30,CAT_10,CAT_10_ITEM_003,2,105.12,0.0,0,1.46357,0,0,0,0,0.8660254037844387,-0.4999999999999997
2015-05-31,CAT_10,CAT_10_ITEM_003,2,104.76,0.0,0,1.44333,1,0,0,0,0.4999999999999999,-0.8660254037844386
2015-06-30,CAT_10,CAT_10_ITEM_003,4,106.47,0.0,0,1.46524,0,0,0,0,1.2246467991473532e-16,-1.0
2015-07-31,CAT_10,CAT_10_ITEM_003,2,100.16,0.0,0,1.38709,0,0,0,0,-0.4999999999999997,-0.8660254037844387
2015-08-31,CAT_10,CAT_10_ITEM_003,2,109.54,0.0,0,1.50174,0,1,0,0,-0.8660254037844383,-0.5000000000000003
2015-09-30,CAT_10,CAT_10_ITEM_003,1,97.76,0.0,0,1.38138,0,0,0,0,-1.0,-1.8369701987210297e-16
2015-10-31,CAT_10,CAT_10_ITEM_003,0,105.09,0.0,0,1.45163,0,0,0,0,-0.8660254037844385,0.5
2015-11-30,CAT_10,CAT_10_ITEM_003,0,110.56,0.0,0,1.56224,0,0,0,1,-0.5000000000000003,0.8660254037844383
2015-12-31,CAT_10,CAT_10_ITEM_003,6,102.97,0.0,0,1.43058,0,0,1,0,-2.4492935982947064e-16,1.0
2016-01-31,CAT_10,CAT_10_ITEM_003,2,105.45,0.0,0,1.48543,0,0,0,0,0.4999999999999999,0.8660254037844386
2016-02-29,CAT_10,CAT_10_ITEM_003,1,106.72,0.0,0,1.48502,0,0,0,0,0.8660254037844385,0.5000000000000001
2016-03-31,CAT_10,CAT_10_ITEM_003,8,78.71,0.2317,1,1.10355,0,0,0,0,1.0,6.123233995736766e-17
2016-04-30,CAT_10,CAT_10_ITEM_003,5,107.14,0.0,0,1.46908,0,0,0,0,0.8660254037844387,-0.4999999999999997
2016-05-31,CAT_10,CAT_10_ITEM_003,2,105.17,0.0,0,1.45123,1,0,0,0,0.4999999999999999,-0.8660254037844386
2016-06-30,CAT_10,CAT_10_ITEM_003,5,99.7,0.1012,1,1.37753,0,0,0,0,1.2246467991473532e-16,-1.0
2016-07-31,CAT_10,CAT_10_ITEM_003,3,105.92,0.0,0,1.50546,0,0,0,0,-0.4999999999999997,-0.8660254037844387
2016-08-31,CAT_10,CAT_10_ITEM_003,1,105.87,0.0,0,1.46934,0,1,0,0,-0.8660254037844383,-0.5000000000000003
2015-01-31,CAT_10,CAT_10_ITEM_004,291,16.07,0.0,0,0.22872,0,0,0,0,0.4999999999999999,0.8660254037844386
2015-02-28,CAT_10,CAT_10_ITEM_004,276,15.92,0.0,0,0.21891,0,0,0,0,0.8660254037844385,0.5000000000000001
2015-03-31,CAT_10,CAT_10_ITEM_004,249,16.19,0.0,0,0.22861,0,0,0,0,1.0,6.123233995736766e-17
2015-04-30,CAT_10,CAT_10_ITEM_004,179,16.3,0.0,0,0.22701,0,0,0,0,0.8660254037844387,-0.4999999999999997
2015-05-31,CAT_10,CAT_10_ITEM_004,274,16.99,0.0,0,0.23407,1,0,0,0,0.4999999999999999,-0.8660254037844386
2015-06-30,CAT_10,CAT_10_ITEM_004,247,16.04,0.0,0,0.22082,0,0,0,0,1.2246467991473532e-16,-1.0
2015-07-31,CAT_10,CAT_10_ITEM_004,353,16.38,0.0,0,0.22691,0,0,0,0,-0.4999999999999997,-0.8660254037844387
2015-08-31,CAT_10,CAT_10_ITEM_004,585,13.14,0.1872,1,0.18019,0,1,0,0,-0.8660254037844383,-0.5000000000000003
2015-09-30,CAT_10,CAT_10_ITEM_004,346,16.34,0.0,0,0.2309,0,0,0,0,-1.0,-1.8369701987210297e-16
2015-10-31,CAT_10,CAT_10_ITEM_004,300,16.05,0.0,0,0.22174,0,0,0,0,-0.8660254037844385,0.5
2015-11-30,CAT_10,CAT_10_ITEM_004,163,15.94,0.0,0,0.2252,0,0,0,1,-0.5000000000000003,0.8660254037844383
2015-12-31,CAT_10,CAT_10_ITEM_004,253,16.82,0.0,0,0.23362,0,0,1,0,-2.4492935982947064e-16,1.0
2016-01-31,CAT_10,CAT_10_ITEM_004,232,15.74,0.0,0,0.22177,0,0,0,0,0.4999999999999999,0.8660254037844386
2016-02-29,CAT_10,CAT_10_ITEM_004,306,16.04,0.0,0,0.22319,0,0,0,0,0.8660254037844385,0.5000000000000001
2016-03-31,CAT_10,CAT_10_ITEM_004,196,16.53,0.0,0,0.2318,0,0,0,0,1.0,6.123233995736766e-17
2016-04-30,CAT_10,CAT_10_ITEM_004,246,15.8,0.0,0,0.21669,0,0,0,0,0.8660254037844387,-0.4999999999999997
2016-05-31,CAT_10,CAT_10_ITEM_004,271,15.8,0.0,0,0.21798,1,0,0,0,0.4999999999999999,-0.8660254037844386
2016-06-30,CAT_10,CAT_10_ITEM_004,223,15.69,0.0,0,0.21677,0,0,0,0,1.2246467991473532e-16,-1.0
2016-07-31,CAT_10,CAT_10_ITEM_004,487,12.74,0.2073,1,0.18106,0,0,0,0,-0.4999999999999997,-0.8660254037844387
2016-08-31,CAT_10,CAT_10_ITEM_004,250,16.67,0.0,0,0.2313,0,1,0,0,-0.8660254037844383,-0.5000000000000003
