data/raw/synthetic_retail_shares_brazil_2015_2025.csv
date,category_id,item_id,sales_qty,price,discount,promo_flag,price_rel,mothers_day_flag,fathers_day_flag,christmas_flag,black_friday_flag,month_sin,month_cos
2015-01-31,CAT_10,CAT_10_ITEM_005,22,78.6,0.0,0,1.11885,0,0,0,0,0.4999999999999999,0.8660254037844386
2015-02-28,CAT_10,CAT_10_ITEM_005,12,77.19,0.0,0,1.06138,0,0,0,0,0.8660254037844385,0.5000000000000001
2015-03-31,CAT_10,CAT_10_ITEM_005,14,78.52,0.0,0,1.10879,0,0,0,0,1.0,6.123233995736766e-17
2015-04-30,CAT_10,CAT_10_ITEM_005,9,76.94,0.0,0,1.07123,0,0,0,0,0.8660254037844387,-0.4999999999999997
2015-05-31,CAT_10,CAT_10_ITEM_005,15,78.04,0.0,0,1.07522,1,0,0,0,0.4999999999999999,-0.8660254037844386
2015-06-30,CAT_10,CAT_10_ITEM_005,15,77.9,0.0,0,1.07205,0,0,0,0,1.2246467991473532e-16,-1.0
2015-07-31,CAT_10,CAT_10_ITEM_005,22,74.98,0.0,0,1.03839,0,0,0,0,-0.4999999999999997,-0.8660254037844387
2015-08-31,CAT_10,CAT_10_ITEM_005,18,76.84,0.0,0,1.05343,0,1,0,0,-0.8660254037844383,-0.5000000000000003
2015-09-30,CAT_10,CAT_10_ITEM_005,16,74.53,0.0,0,1.05305,0,0,0,0,-1.0,-1.8369701987210297e-16
2015-10-31,CAT_10,CAT_10_ITEM_005,23,75.77,0.0,0,1.04653,0,0,0,0,-0.8660254037844385,0.5
2015-11-30,CAT_10,CAT_10_ITEM_005,17,74.89,0.0,0,1.05829,0,0,0,1,-0.5000000000000003,0.8660254037844383
2015-12-31,CAT_10,CAT_10_ITEM_005,30,77.51,0.0,0,1.07685,0,0,1,0,-2.4492935982947064e-16,1.0
2016-01-31,CAT_10,CAT_10_ITEM_005,8,78.47,0.0,0,1.10531,0,0,0,0,0.4999999999999999,0.8660254037844386
2016-02-29,CAT_10,CAT_10_ITEM_005,20,76.54,0.0,0,1.06506,0,0,0,0,0.8660254037844385,0.5000000000000001
2016-03-31,CAT_10,CAT_10_ITEM_005,11,78.55,0.0,0,1.10133,0,0,0,0,1.0,6.123233995736766e-17
2016-04-30,CAT_10,CAT_10_ITEM_005,13,77.76,0.0,0,1.06634,0,0,0,0,0.8660254037844387,-0.4999999999999997
2016-05-31,CAT_10,CAT_10_ITEM_005,19,76.17,0.0,0,1.05099,1,0,0,0,0.4999999999999999,-0.8660254037844386
2016-06-30,CAT_10,CAT_10_ITEM_005,17,78.76,0.0,0,1.08825,0,0,0,0,1.2246467991473532e-16,-1.0
2016-07-31,CAT_10,CAT_10_ITEM_005,13,75.66,0.0,0,1.07527,0,0,0,0,-0.4999999999999997,-0.8660254037844387
2016-08-31,CAT_10,CAT_10_ITEM_005,30,77.12,0.0,0,1.07028,0,1,0,0,-0.8660254037844383,-0.5000000000000003
2015-01-31,CAT_10,CAT_10_ITEM_006,35,112.18,0.0,0,1.59689,0,0,0,0,0.4999999999999999,0.8660254037844386
2015-02-28,CAT_10,CAT_10_ITEM_006,36,109.12,0.0,0,1.50039,0,0,0,0,0.8660254037844385,0.5000000000000001
2015-03-31,CAT_10,CAT_10_ITEM_006,24,111.73,0.0,0,1.57779,0,0,0,0,1.0,6.123233995736766e-17
2015-04-30,CAT_10,CAT_10_ITEM_006,26,113.09,0.0,0,1.57463,0,0,0,0,0.8660254037844387,-0.4999999999999997
2015-05-31,CAT_10,CAT_10_ITEM_006,43,111.33,0.0,0,1.53392,1,0,0,0,0.4999999999999999,-0.8660254037844386
2015-06-30,CAT_10,CAT_10_ITEM_006,27,113.43,0.0,0,1.56115,0,0,0,0,1.2246467991473532e-16,-1.0
2015-07-31,CAT_10,CAT_10_ITEM_006,36,110.26,0.0,0,1.52695,0,0,0,0,-0.4999999999999997,-0.8660254037844387
2015-08-31,CAT_10,CAT_10_ITEM_006,39,113.01,0.0,0,1.54922,0,1,0,0,-0.8660254037844383,-0.5000000000000003
2015-09-30,CAT_10,CAT_10_ITEM_006,46,111.44,0.0,0,1.57465,0,0,0,0,-1.0,-1.8369701987210297e-16
2015-10-31,CAT_10,CAT_10_ITEM_006,43,114.66,0.0,0,1.58382,0,0,0,0,-0.8660254037844385,0.5
2015-11-30,CAT_10,CAT_10_ITEM_006,41,110.04,0.0,0,1.55492,0,0,0,1,-0.5000000000000003,0.8660254037844383
2015-12-31,CAT_10,CAT_10_ITEM_006,41,111.02,0.0,0,1.54239,0,0,1,0,-2.4492935982947064e-16,1.0
2016-01-31,CAT_10,CAT_10_ITEM_006,32,111.43,0.0,0,1.56964,0,0,0,0,0.4999999999999999,0.8660254037844386
2016-02-29,CAT_10,CAT_10_ITEM_006,49,111.97,0.0,0,1.55801,0,0,0,0,0.8660254037844385,0.5000000000000001
2016-03-31,CAT_10,CAT_10_ITEM_006,24,110.81,0.0,0,1.55361,0,0,0,0,1.0,6.123233995736766e-17
2016-04-30,CAT_10,CAT_10_ITEM_006,30,111.28,0.0,0,1.52584,0,0,0,0,0.8660254037844387,-0.4999999999999997
2016-05-31,CAT_10,CAT_10_ITEM_006,120,95.83,0.1527,1,1.32231,1,0,0,0,0.4999999999999999,-0.8660254037844386
2016-06-30,CAT_10,CAT_10_ITEM_006,34,115.46,0.0,0,1.5953,0,0,0,0,1.2246467991473532e-16,-1.0
2016-07-31,CAT_10,CAT_10_ITEM_006,28,110.49,0.0,0,1.5703,0,0,0,0,-0.4999999999999997,-0.8660254037844387
2016-08-31,CAT_10,CAT_10_ITEM_006,51,109.86,0.0,0,1.52473,0,1,0,0,-0.8660254037844383,-0.5000000000000003
2015-01-31,CAT_10,CAT_10_ITEM_007,211,22.66,0.0,0,0.32259,0,0,0,0,0.4999999999999999,0.8660254037844386
2015-02-28,CAT_10,CAT_10_ITEM_007,220,22.09,0.0,0,0.30369,0,0,0,0,0.8660254037844385,0.5000000000000001
2015-03-31,CAT_10,CAT_10_ITEM_007,166,23.34,0.0,0,0.32957,0,0,0,0,1.0,6.123233995736766e-17
2015-04-30,CAT_10,CAT_10_ITEM_007,143,22.93,0.0,0,0.31931,0,0,0,0,0.8660254037844387,-0.4999999999999997
2015-05-31,CAT_10,CAT_10_ITEM_007,188,23.23,0.0,0,0.32001,1,0,0,0,0.4999999999999999,-0.8660254037844386
2015-06-30,CAT_10,CAT_10_ITEM_007,201,22.84,0.0,0,0.31439,0,0,0,0,1.2246467991473532e-16,-1.0
2015-07-31,CAT_10,CAT_10_ITEM_007,263,23.09,0.0,0,0.3198,0,0,0,0,-0.4999999999999997,-0.8660254037844387
2015-08-31,CAT_10,CAT_10_ITEM_007,238,21.45,0.0,0,0.2941,0,1,0,0,-0.8660254037844383,-0.5000000000000003
2015-09-30,CAT_10,CAT_10_ITEM_007,298,21.65,0.0,0,0.30592,0,0,0,0,-1.0,-1.8369701987210297e-16
2015-10-31,CAT_10,CAT_10_ITEM_007,259,21.77,0.0,0,0.30072,0,0,0,0,-0.8660254037844385,0.5
2015-11-30,CAT_10,CAT_10_ITEM_007,216,23.85,0.0,0,0.33699,0,0,0,1,-0.5000000000000003,0.8660254037844383
2015-12-31,CAT_10,CAT_10_ITEM_007,529,18.09,0.1952,1,0.2513,0,0,1,0,-2.4492935982947064e-16,1.0
2016-01-31,CAT_10,CAT_10_ITEM_007,181,22.07,0.0,0,0.31092,0,0,0,0,0.4999999999999999,0.8660254037844386
2016-02-29,CAT_10,CAT_10_ITEM_007,290,22.11,0.0,0,0.30762,0,0,0,0,0.8660254037844385,0.5000000000000001
2016-03-31,CAT_10,CAT_10_ITEM_007,154,20.21,0.0,0,0.28341,0,0,0,0,1.0,6.123233995736766e-17
2016-04-30,CAT_10,CAT_10_ITEM_007,191,21.88,0.0,0,0.30008,0,0,0,0,0.8660254037844387,-0.4999999999999997
2016-05-31,CAT_10,CAT_10_ITEM_007,186,22.22,0.0,0,0.30662,1,0,0,0,0.4999999999999999,-0.8660254037844386
2016-06-30,CAT_10,CAT_10_ITEM_007,214,22.53,0.0,0,0.31124,0,0,0,0,1.2246467991473532e-16,-1.0
2016-07-31,CAT_10,CAT_10_ITEM_007,131,22.96,0.0,0,0.32632,0,0,0,0,-0.4999999999999997,-0.8660254037844387
2016-08-31,CAT_10,CAT_10_ITEM_007,267,24.33,0.0,0,0.33767,0,1,0,0,-0.8660254037844383,-0.5000000000000003
2015-01-31,CAT_10,CAT_10_ITEM_008,0,101.33,0.0,0,1.44241,0,0,0,0,0.4999999999999999,0.8660254037844386
2015-02-28,CAT_10,CAT_10_ITEM_008,2,107.86,0.0,0,1.48311,0,0,0,0,0.8660254037844385,0.5000000000000001
2015-03-31,CAT_10,CAT_10_ITEM_008,3,104.54,0.0,0,1.47624,0,0,0,0,1.0,6.123233995736766e-17
2015-04-30,CAT_10,CAT_10_ITEM_008,5,80.39,0.227,1,1.11934,0,0,0,0,0.8660254037844387,-0.4999999999999997
2015-05-31,CAT_10,CAT_10_ITEM_008,2,112.67,0.0,0,1.55242,1,0,0,0,0.4999999999999999,-0.8660254037844386
2015-06-30,CAT_10,CAT_10_ITEM_008,3,103.17,0.0,0,1.41985,0,0,0,0,1.2246467991473532e-16,-1.0
2015-07-31,CAT_10,CAT_10_ITEM_008,4,108.19,0.0,0,1.49831,0,0,0,0,-0.4999999999999997,-0.8660254037844387
2015-08-31,CAT_10,CAT_10_ITEM_008,0,101.38,0.0,0,1.38977,0,1,0,0,-0.8660254037844383,-0.5000000000000003
2015-09-30,CAT_10,CAT_10_ITEM_008,1,102.86,0.0,0,1.45348,0,0,0,0,-1.0,-1.8369701987210297e-16
2015-10-31,CAT_10,CAT_10_ITEM_008,2,105.54,0.0,0,1.45782,0,0,0,0,-0.8660254037844385,0.5
2015-11-30,CAT_10,CAT_10_ITEM_008,9,85.03,0.178,1,1.20146,0,0,0,1,-0.5000000000000003,0.8660254037844383
2015-12-31,CAT_10,CAT_10_ITEM_008,5,102.49,0.0,0,1.42389,0,0,1,0,-2.4492935982947064e-16,1.0
2016-01-31,CAT_10,CAT_10_ITEM_008,6,84.62,0.2002,1,1.19196,0,0,0,0,0.4999999999999999,0.8660254037844386
2016-02-29,CAT_10,CAT_10_ITEM_008,2,101.55,0.0,0,1.41301,0,0,0,0,0.8660254037844385,0.5000000000000001
2016-03-31,CAT_10,CAT_10_ITEM_008,1,105.41,0.0,0,1.47795,0,0,0,0,1.0,6.123233995736766e-17
2016-04-30,CAT_10,CAT_10_ITEM_008,1,112.33,0.0,0,1.54031,0,0,0,0,0.8660254037844387,-0.4999999999999997
2016-05-31,CAT_10,CAT_10_ITEM_008,1,107.23,0.0,0,1.47967,1,0,0,0,0.4999999999999999,-0.8660254037844386
2016-06-30,CAT_10,CAT_10_ITEM_008,3,103.35,0.0,0,1.42794,0,0,0,0,1.2246467991473532e-16,-1.0
2016-07-31,CAT_10,CAT_10_ITEM_008,0,103.54,0.0,0,1.47151,0,0,0,0,-0.4999999999999997,-0.8660254037844387
2016-08-31,CAT_10,CAT_10_ITEM_008,1,105.8,0.0,0,1.46836,0,1,0,0,-0.8660254037844383,-0.5000000000000003
2015-01-31,CAT_10,CAT_10_ITEM_009,11,68.27,0.0,0,0.97183,0,0,0,0,0.4999999999999999,0.8660254037844386
2015-02-28,CAT_10,CAT_10_ITEM_009,7,65.74,0.0,0,0.90392,0,0,0,0,0.8660254037844385,0.5000000000000001
2015-03-31,CAT_10,CAT_10_ITEM_009,4,63.42,0.0,0,0.8955,0,0,0,0,1.0,6.123233995736766e-17
2015-04-30,CAT_10,CAT_10_ITEM_009,4,69.4,0.0,0,0.96622,0,0,0,0,0.8660254037844387,-0.4999999999999997
2015-05-31,CAT_10,CAT_10_ITEM_009,8,62.35,0.0,0,0.85907,1,0,0,0,0.4999999999999999,-0.8660254037844386
2015-06-30,CAT_10,CAT_10_ITEM_009,9,62.98,0.0,0,0.8667,0,0,0,0,1.2246467991473532e-16,-1.0
2015-07-31,CAT_10,CAT_10_ITEM_009,9,67.33,0.0,0,0.93244,0,0,0,0,-0.4999999999999997,-0.8660254037844387
2015-08-31,CAT_10,CAT_10_ITEM_009,7,72.72,0.0,0,0.99696,0,1,0,0,-0.8660254037844383,-0.5000000000000003
2015-09-30,CAT_10,CAT_10_ITEM_009,5,70.71,0.0,0,0.99908,0,0,0,0,-1.0,-1.8369701987210297e-16
2015-10-31,CAT_10,CAT_10_ITEM_009,11,66.26,0.0,0,0.91528,0,0,0,0,-0.8660254037844385,0.5
2015-11-30,CAT_10,CAT_10_ITEM_009,6,66.03,0.0,0,0.93303,0,0,0,1,-0.5000000000000003,0.8660254037844383
2015-12-31,CAT_10,CAT_10_ITEM_009,11,66.75,0.0,0,0.92744,0,0,1,0,-2.4492935982947064e-16,1.0
2016-01-31,CAT_10,CAT_10_ITEM_009,4,66.1,0.0,0,0.93108,0,0,0,0,0.4999999999999999,0.8660254037844386
2016-02-29,CAT_10,CAT_10_ITEM_009,3,65.96,0.0,0,0.91784,0,0,0,0,0.8660254037844385,0.5000000000000001
2016-03-31,CAT_10,CAT_10_ITEM_009,3,64.87,0.0,0,0.90947,0,0,0,0,1.0,6.123233995736766e-17
2016-04-30,CAT_10,CAT_10_ITEM_009,18,48.77,0.2436,1,0.66871,0,0,0,0,0.8660254037844387,-0.4999999999999997
2016-05-31,CAT_10,CAT_10_ITEM_009,5,68.0,0.0,0,0.93826,1,0,0,0,0.4999999999999999,-0.8660254037844386
2016-06-30,CAT_10,CAT_10_ITEM_009,6,68.67,0.0,0,0.94883,0,0,0,0,1.2246467991473532e-16,-1.0
2016-07-31,CAT_10,CAT_10_ITEM_009,1,66.46,0.0,0,0.94458,0,0,0,0,-0.4999999999999997,-0.8660254037844387
2016-08-31,CAT_10,CAT_10_ITEM_009,4,68.45,0.0,0,0.94992,0,1,0,0,-0.8660254037844383,-0.5000000000000003
2015-01-31,CAT_10,CAT_10_ITEM_010,83,54.53,0.0,0,0.7763,0,0,0,0,0.4999999999999999,0.8660254037844386
2015-02-28,CAT_10,CAT_10_ITEM_010,73,53.11,0.0,0,0.73026,0,0,0,0,0.8660254037844385,0.5000000000000001
2015-03-31,CAT_10,CAT_10_ITEM_010,74,52.38,0.0,0,0.73966,0,0,0,0,1.0,6.123233995736766e-17
2015-04-30,CAT_10,CAT_10_ITEM_010,66,53.77,0.0,0,0.74871,0,0,0,0,0.8660254037844387,-0.4999999999999997
2015-05-31,CAT_10,CAT_10_ITEM_010,115,53.09,0.0,0,0.7315,1,0,0,0,0.4999999999999999,-0.8660254037844386
2015-06-30,CAT_10,CAT_10_ITEM_010,74,54.88,0.0,0,0.75534,0,0,0,0,1.2246467991473532e-16,-1.0
2015-07-31,CAT_10,CAT_10_ITEM_010,94,54.85,0.0,0,0.75959,0,0,0,0,-0.4999999999999997,-0.8660254037844387
2015-08-31,CAT_10,CAT_10_ITEM_010,80,52.84,0.0,0,0.72438,0,1,0,0,-0.8660254037844383,-0.5000000000000003
2015-09-30,CAT_10,CAT_10_ITEM_010,126,51.83,0.0,0,0.73238,0,0,0,0,-1.0,-1.8369701987210297e-16
2015-10-31,CAT_10,CAT_10_ITEM_010,94,53.9,0.0,0,0.74455,0,0,0,0,-0.8660254037844385,0.5
2015-11-30,CAT_10,CAT_10_ITEM_010,67,53.58,0.0,0,0.75705,0,0,0,1,-0.5000000000000003,0.8660254037844383
2015-12-31,CAT_10,CAT_10_ITEM_010,138,53.21,0.0,0,0.7392,0,0,1,0,-2.4492935982947064e-16,1.0
2016-01-31,CAT_10,CAT_10_ITEM_010,188,47.5,0.1112,1,0.66914,0,0,0,0,0.4999999999999999,0.8660254037844386
2016-02-29,CAT_10,CAT_10_ITEM_010,292,46.26,0.1399,1,0.64369,0,0,0,0,0.8660254037844385,0.5000000000000001
2016-03-31,CAT_10,CAT_10_ITEM_010,64,54.91,0.0,0,0.76993,0,0,0,0,1.0,6.123233995736766e-17
2016-04-30,CAT_10,CAT_10_ITEM_010,88,54.41,0.0,0,0.74603,0,0,0,0,0.8660254037844387,-0.4999999999999997
2016-05-31,CAT_10,CAT_10_ITEM_010,100,55.18,0.0,0,0.76142,1,0,0,0,0.4999999999999999,-0.8660254037844386
2016-06-30,CAT_10,CAT_10_ITEM_010,86,52.76,0.0,0,0.72895,0,0,0,0,1.2246467991473532e-16,-1.0
2016-07-31,CAT_10,CAT_10_ITEM_010,62,54.97,0.0,0,0.78121,0,0,0,0,-0.4999999999999997,-0.8660254037844387
2016-08-31,CAT_10,CAT_10_ITEM_010,69,52.69,0.0,0,0.73122,0,1,0,0,-0.8660254037844383,-0.5000000000000003
2015-01-31,CAT_10,CAT_10_ITEM_011,0,71.02,0.0,0,1.01099,0,0,0,0,0.4999999999999999,0.8660254037844386
2015-02-28,CAT_10,CAT_10_ITEM_011,1,77.52,0.0,0,1.0659,0,0,0,0,0.8660254037844385,0.5000000000000001
2015-03-31,CAT_10,CAT_10_ITEM_011,0,76.94,0.0,0,1.08645,0,0,0,0,1.0,6.123233995736766e-17
2015-04-30,CAT_10,CAT_10_ITEM_011,0,72.7,0.0,0,1.01226,0,0,0,0,0.8660254037844387,-0.4999999999999997
2015-05-31,CAT_10,CAT_10_ITEM_011,0,72.72,0.0,0,1.00192,1,0,0,0,0.4999999999999999,-0.8660254037844386
2015-06-30,CAT_10,CAT_10_ITEM_011,1,73.59,0.0,0,1.01273,0,0,0,0,1.2246467991473532e-16,-1.0
2015-07-31,CAT_10,CAT_10_ITEM_011,0,75.12,0.0,0,1.0404,0,0,0,0,-0.4999999999999997,-0.8660254037844387
2015-08-31,CAT_10,CAT_10_ITEM_011,1,71.13,0.0,0,0.97513,0,1,0,0,-0.8660254037844383,-0.5000000000000003
2015-09-30,CAT_10,CAT_10_ITEM_011,1,72.34,0.0,0,1.02217,0,0,0,0,-1.0,-1.8369701987210297e-16
2015-10-31,CAT_10,CAT_10_ITEM_011,2,69.04,0.0,0,0.95357,0,0,0,0,-0.8660254037844385,0.5
2015-11-30,CAT_10,CAT_10_ITEM_011,1,71.01,0.0,0,1.00343,0,0,0,1,-0.5000000000000003,0.8660254037844383
2015-12-31,CAT_10,CAT_10_ITEM_011,1,74.29,0.0,0,1.03217,0,0,1,0,-2.4492935982947064e-16,1.0
2016-01-31,CAT_10,CAT_10_ITEM_011,0,72.23,0.0,0,1.01742,0,0,0,0,0.4999999999999999,0.8660254037844386
2016-02-29,CAT_10,CAT_10_ITEM_011,0,74.72,0.0,0,1.03966,0,0,0,0,0.8660254037844385,0.5000000000000001
2016-03-31,CAT_10,CAT_10_ITEM_011,0,76.4,0.0,0,1.07125,0,0,0,0,1.0,6.123233995736766e-17
2016-04-30,CAT_10,CAT_10_ITEM_011,0,74.29,0.0,0,1.01866,0,0,0,0,0.8660254037844387,-0.4999999999999997
2016-05-31,CAT_10,CAT_10_ITEM_011,0,70.43,0.0,0,0.97179,1,0,0,0,0.4999999999999999,-0.8660254037844386
2016-06-30,CAT_10,CAT_10_ITEM_011,1,71.31,0.0,0,0.98529,0,0,0,0,1.2246467991473532e-16,-1.0
2016-07-31,CAT_10,CAT_10_ITEM_011,0,72.83,0.0,0,1.03514,0,0,0,0,-0.4999999999999997,-0.8660254037844387
2016-08-31,CAT_10,CAT_10_ITEM_011,2,73.51,0.0,0,1.02013,0,1,0,0,-0.8660254037844383,-0.5000000000000003
2015-01-31,CAT_10,CAT_10_ITEM_012,2,117.21,0.0,0,1.66848,0,0,0,0,0.4999999999999999,0.8660254037844386
2015-02-28,CAT_10,CAT_10_ITEM_012,2,122.37,0.0,0,1.68264,0,0,0,0,0.8660254037844385,0.5000000000000001
2015-03-31,CAT_10,CAT_10_ITEM_012,13,105.8,0.1318,1,1.49399,0,0,0,0,1.0,6.123233995736766e-17
2015-04-30,CAT_10,CAT_10_ITEM_012,1,123.66,0.0,0,1.72183,0,0,0,0,0.8660254037844387,-0.4999999999999997
2015-05-31,CAT_10,CAT_10_ITEM_012,2,116.18,0.0,0,1.60072,1,0,0,0,0.4999999999999999,-0.8660254037844386
2015-06-30,CAT_10,CAT_10_ITEM_012,4,116.19,0.0,0,1.59911,0,0,0,0,1.2246467991473532e-16,-1.0
2015-07-31,CAT_10,CAT_10_ITEM_012,2,116.89,0.0,0,1.61884,0,0,0,0,-0.4999999999999997,-0.8660254037844387
2015-08-31,CAT_10,CAT_10_ITEM_012,7,117.7,0.0,0,1.61351,0,1,0,0,-0.8660254037844383,-0.5000000000000003
2015-09-30,CAT_10,CAT_10_ITEM_012,9,115.84,0.0,0,1.63686,0,0,0,0,-1.0,-1.8369701987210297e-16
2015-10-31,CAT_10,CAT_10_ITEM_012,1,122.38,0.0,0,1.69042,0,0,0,0,-0.8660254037844385,0.5
2015-11-30,CAT_10,CAT_10_ITEM_012,2,119.31,0.0,0,1.68589,0,0,0,1,-0.5000000000000003,0.8660254037844383
2015-12-31,CAT_10,CAT_10_ITEM_012,4,119.03,0.0,0,1.6537,0,0,1,0,-2.4492935982947064e-16,1.0
2016-01-31,CAT_10,CAT_10_ITEM_012,5,121.53,0.0,0,1.71187,0,0,0,0,0.4999999999999999,0.8660254037844386
2016-02-29,CAT_10,CAT_10_ITEM_012,3,123.1,0.0,0,1.71286,0,0,0,0,0.8660254037844385,0.5000000000000001
2016-03-31,CAT_10,CAT_10_ITEM_012,2,121.57,0.0,0,1.70457,0,0,0,0,1.0,6.123233995736766e-17
2016-04-30,CAT_10,CAT_10_ITEM_012,2,120.0,0.0,0,1.64548,0,0,0,0,0.8660254037844387,-0.4999999999999997
2016-05-31,CAT_10,CAT_10_ITEM_012,6,121.17,0.0,0,1.67197,1,0,0,0,0.4999999999999999,-0.8660254037844386
2016-06-30,CAT_10,CAT_10_ITEM_012,5,123.93,0.0,0,1.71227,0,0,0,0,1.2246467991473532e-16,-1.0
2016-07-31,CAT_10,CAT_10_ITEM_012,3,114.43,0.0,0,1.62639,0,0,0,0,-0.4999999999999997,-0.8660254037844387
2016-08-31,CAT_10,CAT_10_ITEM_012,4,120.07,0.0,0,1.66637,0,1,0,0,-0.8660254037844383,-0.5000000000000003
