data/raw/synthetic_retail_shares_brazil_2015_2025.csv
date,category_id,item_id,sales_qty,price,discount,promo_flag,price_rel,mothers_day_flag,fathers_day_flag,christmas_flag,black_friday_flag,month_sin,month_cos
2015-01-31,CAT_10,CAT_10_ITEM_013,34,115.0,0.0,0,1.63703,0,0,0,0,0.4999999999999999,0.8660254037844386
2015-02-28,CAT_10,CAT_10_ITEM_013,24,118.32,0.0,0,1.62694,0,0,0,0,0.8660254037844385,0.5000000000000001
2015-03-31,CAT_10,CAT_10_ITEM_013,59,103.62,0.1451,1,1.46318,0,0,0,0,1.0,6.123233995736766e-17
2015-04-30,CAT_10,CAT_10_ITEM_013,12,124.78,0.0,0,1.73742,0,0,0,0,0.8660254037844387,-0.4999999999999997
2015-05-31,CAT_10,CAT_10_ITEM_013,25,115.82,0.0,0,1.59571,1,0,0,0,0.4999999999999999,-0.8660254037844386
2015-06-30,CAT_10,CAT_10_ITEM_013,24,120.56,0.0,0,1.65925,0,0,0,0,1.2246467991473532e-16,-1.0
2015-07-31,CAT_10,CAT_10_ITEM_013,31,113.57,0.0,0,1.57287,0,0,0,0,-0.4999999999999997,-0.8660254037844387
2015-08-31,CAT_10,CAT_10_ITEM_013,20,117.63,0.0,0,1.61262,0,1,0,0,-0.8660254037844383,-0.5000000000000003
2015-09-30,CAT_10,CAT_10_ITEM_013,30,121.46,0.0,0,1.7162,0,0,0,0,-1.0,-1.8369701987210297e-16
2015-10-31,CAT_10,CAT_10_ITEM_013,34,115.98,0.0,0,1.60197,0,0,0,0,-0.8660254037844385,0.5
2015-11-30,CAT_10,CAT_10_ITEM_013,9,116.51,0.0,0,1.64633,0,0,0,1,-0.5000000000000003,0.8660254037844383
2015-12-31,CAT_10,CAT_10_ITEM_013,31,113.86,0.0,0,1.58191,0,0,1,0,-2.4492935982947064e-16,1.0
2016-01-31,CAT_10,CAT_10_ITEM_013,22,117.52,0.0,0,1.65542,0,0,0,0,0.4999999999999999,0.8660254037844386
2016-02-29,CAT_10,CAT_10_ITEM_013,29,120.37,0.0,0,1.67485,0,0,0,0,0.8660254037844385,0.5000000000000001
2016-03-31,CAT_10,CAT_10_ITEM_013,11,121.94,0.0,0,1.70969,0,0,0,0,1.0,6.123233995736766e-17
2016-04-30,CAT_10,CAT_10_ITEM_013,6,122.69,0.0,0,1.68242,0,0,0,0,0.8660254037844387,-0.4999999999999997
2016-05-31,CAT_10,CAT_10_ITEM_013,36,118.27,0.0,0,1.63199,1,0,0,0,0.4999999999999999,-0.8660254037844386
2016-06-30,CAT_10,CAT_10_ITEM_013,14,116.41,0.0,0,1.60837,0,0,0,0,1.2246467991473532e-16,-1.0
2016-07-31,CAT_10,CAT_10_ITEM_013,13,116.01,0.0,0,1.64884,0,0,0,0,-0.4999999999999997,-0.8660254037844387
2016-08-31,CAT_10,CAT_10_ITEM_013,26,118.28,0.0,0,1.64153,0,1,0,0,-0.8660254037844383,-0.5000000000000003
2015-01-31,CAT_10,CAT_10_ITEM_014,23,76.91,0.0,0,1.09478,0,0,0,0,0.4999999999999999,0.8660254037844386
2015-02-28,CAT_10,CAT_10_ITEM_014,31,73.81,0.0,0,1.01492,0,0,0,0,0.8660254037844385,0.5000000000000001
2015-03-31,CAT_10,CAT_10_ITEM_014,22,75.09,0.0,0,1.06036,0,0,0,0,1.0,6.123233995736766e-17
2015-04-30,CAT_10,CAT_10_ITEM_014,41,62.37,0.1452,1,0.86841,0,0,0,0,0.8660254037844387,-0.4999999999999997
2015-05-31,CAT_10,CAT_10_ITEM_014,23,72.86,0.0,0,1.00382,1,0,0,0,0.4999999999999999,-0.8660254037844386
2015-06-30,CAT_10,CAT_10_ITEM_014,29,72.72,0.0,0,1.00079,0,0,0,0,1.2246467991473532e-16,-1.0
2015-07-31,CAT_10,CAT_10_ITEM_014,33,74.96,0.0,0,1.0381,0,0,0,0,-0.4999999999999997,-0.8660254037844387
2015-08-31,CAT_10,CAT_10_ITEM_014,26,73.62,0.0,0,1.00927,0,1,0,0,-0.8660254037844383,-0.5000000000000003
2015-09-30,CAT_10,CAT_10_ITEM_014,25,74.81,0.0,0,1.05705,0,0,0,0,-1.0,-1.8369701987210297e-16
2015-10-31,CAT_10,CAT_10_ITEM_014,77,64.15,0.1207,1,0.88613,0,0,0,0,-0.8660254037844385,0.5
2015-11-30,CAT_10,CAT_10_ITEM_014,10,74.81,0.0,0,1.05711,0,0,0,1,-0.5000000000000003,0.8660254037844383
2015-12-31,CAT_10,CAT_10_ITEM_014,31,72.46,0.0,0,1.0067,0,0,1,0,-2.4492935982947064e-16,1.0
2016-01-31,CAT_10,CAT_10_ITEM_014,13,75.4,0.0,0,1.06213,0,0,0,0,0.4999999999999999,0.8660254037844386
2016-02-29,CAT_10,CAT_10_ITEM_014,29,76.52,0.0,0,1.06476,0,0,0,0,0.8660254037844385,0.5000000000000001
2016-03-31,CAT_10,CAT_10_ITEM_014,9,75.71,0.0,0,1.06156,0,0,0,0,1.0,6.123233995736766e-17
2016-04-30,CAT_10,CAT_10_ITEM_014,25,73.45,0.0,0,1.00716,0,0,0,0,0.8660254037844387,-0.4999999999999997
2016-05-31,CAT_10,CAT_10_ITEM_014,24,75.67,0.0,0,1.04411,1,0,0,0,0.4999999999999999,-0.8660254037844386
2016-06-30,CAT_10,CAT_10_ITEM_014,69,65.33,0.1097,1,0.9027,0,0,0,0,1.2246467991473532e-16,-1.0
2016-07-31,CAT_10,CAT_10_ITEM_014,9,75.25,0.0,0,1.06943,0,0,0,0,-0.4999999999999997,-0.8660254037844387
2016-08-31,CAT_10,CAT_10_ITEM_014,98,56.78,0.2281,1,0.78804,0,1,0,0,-0.8660254037844383,-0.5000000000000003
2015-01-31,CAT_10,CAT_10_ITEM_015,78,31.21,0.0,0,0.44432,0,0,0,0,0.4999999999999999,0.8660254037844386
2015-02-28,CAT_10,CAT_10_ITEM_015,84,31.15,0.0,0,0.42828,0,0,0,0,0.8660254037844385,0.5000000000000001
2015-03-31,CAT_10,CAT_10_ITEM_015,151,27.02,0.1241,1,0.3816,0,0,0,0,1.0,6.123233995736766e-17
2015-04-30,CAT_10,CAT_10_ITEM_015,60,30.83,0.0,0,0.42926,0,0,0,0,0.8660254037844387,-0.4999999999999997
2015-05-31,CAT_10,CAT_10_ITEM_015,76,31.87,0.0,0,0.43914,1,0,0,0,0.4999999999999999,-0.8660254037844386
2015-06-30,CAT_10,CAT_10_ITEM_015,91,31.98,0.0,0,0.44011,0,0,0,0,1.2246467991473532e-16,-1.0
2015-07-31,CAT_10,CAT_10_ITEM_015,99,31.52,0.0,0,0.43658,0,0,0,0,-0.4999999999999997,-0.8660254037844387
2015-08-31,CAT_10,CAT_10_ITEM_015,119,31.29,0.0,0,0.42891,0,1,0,0,-0.8660254037844383,-0.5000000000000003
2015-09-30,CAT_10,CAT_10_ITEM_015,101,30.73,0.0,0,0.43426,0,0,0,0,-1.0,-1.8369701987210297e-16
2015-10-31,CAT_10,CAT_10_ITEM_015,78,31.03,0.0,0,0.42861,0,0,0,0,-0.8660254037844385,0.5
2015-11-30,CAT_10,CAT_10_ITEM_015,100,31.4,0.0,0,0.44373,0,0,0,1,-0.5000000000000003,0.8660254037844383
2015-12-31,CAT_10,CAT_10_ITEM_015,118,31.39,0.0,0,0.43611,0,0,1,0,-2.4492935982947064e-16,1.0
2016-01-31,CAT_10,CAT_10_ITEM_015,61,31.48,0.0,0,0.44345,0,0,0,0,0.4999999999999999,0.8660254037844386
2016-02-29,CAT_10,CAT_10_ITEM_015,116,31.5,0.0,0,0.4383,0,0,0,0,0.8660254037844385,0.5000000000000001
2016-03-31,CAT_10,CAT_10_ITEM_015,157,23.23,0.2747,1,0.32567,0,0,0,0,1.0,6.123233995736766e-17
2016-04-30,CAT_10,CAT_10_ITEM_015,77,31.0,0.0,0,0.42505,0,0,0,0,0.8660254037844387,-0.4999999999999997
2016-05-31,CAT_10,CAT_10_ITEM_015,83,31.68,0.0,0,0.4372,1,0,0,0,0.4999999999999999,-0.8660254037844386
2016-06-30,CAT_10,CAT_10_ITEM_015,89,31.73,0.0,0,0.43836,0,0,0,0,1.2246467991473532e-16,-1.0
2016-07-31,CAT_10,CAT_10_ITEM_015,53,30.8,0.0,0,0.43776,0,0,0,0,-0.4999999999999997,-0.8660254037844387
2016-08-31,CAT_10,CAT_10_ITEM_015,129,30.98,0.0,0,0.42996,0,1,0,0,-0.8660254037844383,-0.5000000000000003
2015-01-31,CAT_10,CAT_10_ITEM_016,58,77.64,0.0,0,1.10523,0,0,0,0,0.4999999999999999,0.8660254037844386
2015-02-28,CAT_10,CAT_10_ITEM_016,67,73.36,0.0,0,1.00874,0,0,0,0,0.8660254037844385,0.5000000000000001
2015-03-31,CAT_10,CAT_10_ITEM_016,54,75.8,0.0,0,1.07042,0,0,0,0,1.0,6.123233995736766e-17
2015-04-30,CAT_10,CAT_10_ITEM_016,50,74.64,0.0,0,1.03921,0,0,0,0,0.8660254037844387,-0.4999999999999997
2015-05-31,CAT_10,CAT_10_ITEM_016,66,72.23,0.0,0,0.99524,1,0,0,0,0.4999999999999999,-0.8660254037844386
2015-06-30,CAT_10,CAT_10_ITEM_016,68,74.79,0.0,0,1.02925,0,0,0,0,1.2246467991473532e-16,-1.0
2015-07-31,CAT_10,CAT_10_ITEM_016,91,76.46,0.0,0,1.05884,0,0,0,0,-0.4999999999999997,-0.8660254037844387
2015-08-31,CAT_10,CAT_10_ITEM_016,80,75.93,0.0,0,1.04098,0,1,0,0,-0.8660254037844383,-0.5000000000000003
2015-09-30,CAT_10,CAT_10_ITEM_016,82,73.97,0.0,0,1.04518,0,0,0,0,-1.0,-1.8369701987210297e-16
2015-10-31,CAT_10,CAT_10_ITEM_016,83,75.44,0.0,0,1.04197,0,0,0,0,-0.8660254037844385,0.5
2015-11-30,CAT_10,CAT_10_ITEM_016,58,74.05,0.0,0,1.04636,0,0,0,1,-0.5000000000000003,0.8660254037844383
2015-12-31,CAT_10,CAT_10_ITEM_016,147,75.8,0.0,0,1.05305,0,0,1,0,-2.4492935982947064e-16,1.0
2016-01-31,CAT_10,CAT_10_ITEM_016,53,73.71,0.0,0,1.03833,0,0,0,0,0.4999999999999999,0.8660254037844386
2016-02-29,CAT_10,CAT_10_ITEM_016,88,75.82,0.0,0,1.05494,0,0,0,0,0.8660254037844385,0.5000000000000001
2016-03-31,CAT_10,CAT_10_ITEM_016,37,77.5,0.0,0,1.08659,0,0,0,0,1.0,6.123233995736766e-17
2016-04-30,CAT_10,CAT_10_ITEM_016,50,77.76,0.0,0,1.06623,0,0,0,0,0.8660254037844387,-0.4999999999999997
2016-05-31,CAT_10,CAT_10_ITEM_016,44,74.67,0.0,0,1.03035,1,0,0,0,0.4999999999999999,-0.8660254037844386
2016-06-30,CAT_10,CAT_10_ITEM_016,77,71.23,0.0,0,0.98412,0,0,0,0,1.2246467991473532e-16,-1.0
2016-07-31,CAT_10,CAT_10_ITEM_016,44,75.21,0.0,0,1.0689,0,0,0,0,-0.4999999999999997,-0.8660254037844387
2016-08-31,CAT_10,CAT_10_ITEM_016,85,77.86,0.0,0,1.08054,0,1,0,0,-0.8660254037844383,-0.5000000000000003
2015-01-31,CAT_10,CAT_10_ITEM_017,225,42.43,0.2566,1,0.60396,0,0,0,0,0.4999999999999999,0.8660254037844386
2015-02-28,CAT_10,CAT_10_ITEM_017,54,55.45,0.0,0,0.76242,0,0,0,0,0.8660254037844385,0.5000000000000001
2015-03-31,CAT_10,CAT_10_ITEM_017,44,56.68,0.0,0,0.80043,0,0,0,0,1.0,6.123233995736766e-17
2015-04-30,CAT_10,CAT_10_ITEM_017,54,59.29,0.0,0,0.82545,0,0,0,0,0.8660254037844387,-0.4999999999999997
2015-05-31,CAT_10,CAT_10_ITEM_017,59,57.06,0.0,0,0.78618,1,0,0,0,0.4999999999999999,-0.8660254037844386
2015-06-30,CAT_10,CAT_10_ITEM_017,53,58.11,0.0,0,0.79977,0,0,0,0,1.2246467991473532e-16,-1.0
2015-07-31,CAT_10,CAT_10_ITEM_017,86,58.1,0.0,0,0.80464,0,0,0,0,-0.4999999999999997,-0.8660254037844387
2015-08-31,CAT_10,CAT_10_ITEM_017,79,61.45,0.0,0,0.84241,0,1,0,0,-0.8660254037844383,-0.5000000000000003
2015-09-30,CAT_10,CAT_10_ITEM_017,59,60.63,0.0,0,0.85666,0,0,0,0,-1.0,-1.8369701987210297e-16
2015-10-31,CAT_10,CAT_10_ITEM_017,103,59.18,0.0,0,0.81737,0,0,0,0,-0.8660254037844385,0.5
2015-11-30,CAT_10,CAT_10_ITEM_017,65,54.51,0.0,0,0.77018,0,0,0,1,-0.5000000000000003,0.8660254037844383
2015-12-31,CAT_10,CAT_10_ITEM_017,85,58.95,0.0,0,0.819,0,0,1,0,-2.4492935982947064e-16,1.0
2016-01-31,CAT_10,CAT_10_ITEM_017,44,54.12,0.0,0,0.76235,0,0,0,0,0.4999999999999999,0.8660254037844386
2016-02-29,CAT_10,CAT_10_ITEM_017,58,56.48,0.0,0,0.78586,0,0,0,0,0.8660254037844385,0.5000000000000001
2016-03-31,CAT_10,CAT_10_ITEM_017,53,57.38,0.0,0,0.80458,0,0,0,0,1.0,6.123233995736766e-17
2016-04-30,CAT_10,CAT_10_ITEM_017,37,59.37,0.0,0,0.81415,0,0,0,0,0.8660254037844387,-0.4999999999999997
2016-05-31,CAT_10,CAT_10_ITEM_017,54,57.13,0.0,0,0.78832,1,0,0,0,0.4999999999999999,-0.8660254037844386
2016-06-30,CAT_10,CAT_10_ITEM_017,66,57.98,0.0,0,0.80115,0,0,0,0,1.2246467991473532e-16,-1.0
2016-07-31,CAT_10,CAT_10_ITEM_017,39,57.35,0.0,0,0.81516,0,0,0,0,-0.4999999999999997,-0.8660254037844387
2016-08-31,CAT_10,CAT_10_ITEM_017,98,59.28,0.0,0,0.82276,0,1,0,0,-0.8660254037844383,-0.5000000000000003
2015-01-31,CAT_10,CAT_10_ITEM_018,3,108.79,0.0,0,1.5486,0,0,0,0,0.4999999999999999,0.8660254037844386
2015-02-28,CAT_10,CAT_10_ITEM_018,7,109.59,0.0,0,1.50686,0,0,0,0,0.8660254037844385,0.5000000000000001
2015-03-31,CAT_10,CAT_10_ITEM_018,3,110.67,0.0,0,1.56284,0,0,0,0,1.0,6.123233995736766e-17
2015-04-30,CAT_10,CAT_10_ITEM_018,0,114.31,0.0,0,1.59163,0,0,0,0,0.8660254037844387,-0.4999999999999997
2015-05-31,CAT_10,CAT_10_ITEM_018,9,115.63,0.0,0,1.59311,1,0,0,0,0.4999999999999999,-0.8660254037844386
2015-06-30,CAT_10,CAT_10_ITEM_018,1,111.46,0.0,0,1.53404,0,0,0,0,1.2246467991473532e-16,-1.0
2015-07-31,CAT_10,CAT_10_ITEM_018,4,109.23,0.0,0,1.51273,0,0,0,0,-0.4999999999999997,-0.8660254037844387
2015-08-31,CAT_10,CAT_10_ITEM_018,1,112.24,0.0,0,1.53872,0,1,0,0,-0.8660254037844383,-0.5000000000000003
2015-09-30,CAT_10,CAT_10_ITEM_018,18,86.76,0.2434,1,1.22588,0,0,0,0,-1.0,-1.8369701987210297e-16
2015-10-31,CAT_10,CAT_10_ITEM_018,3,113.98,0.0,0,1.5743,0,0,0,0,-0.8660254037844385,0.5
2015-11-30,CAT_10,CAT_10_ITEM_018,2,108.14,0.0,0,1.52804,0,0,0,1,-0.5000000000000003,0.8660254037844383
2015-12-31,CAT_10,CAT_10_ITEM_018,3,114.2,0.0,0,1.58659,0,0,1,0,-2.4492935982947064e-16,1.0
2016-01-31,CAT_10,CAT_10_ITEM_018,1,109.93,0.0,0,1.5485,0,0,0,0,0.4999999999999999,0.8660254037844386
2016-02-29,CAT_10,CAT_10_ITEM_018,8,98.91,0.1399,1,1.37627,0,0,0,0,0.8660254037844385,0.5000000000000001
2016-03-31,CAT_10,CAT_10_ITEM_018,3,108.88,0.0,0,1.52661,0,0,0,0,1.0,6.123233995736766e-17
2016-04-30,CAT_10,CAT_10_ITEM_018,2,114.92,0.0,0,1.57579,0,0,0,0,0.8660254037844387,-0.4999999999999997
2016-05-31,CAT_10,CAT_10_ITEM_018,4,117.76,0.0,0,1.62487,1,0,0,0,0.4999999999999999,-0.8660254037844386
2016-06-30,CAT_10,CAT_10_ITEM_018,7,119.72,0.0,0,1.65414,0,0,0,0,1.2246467991473532e-16,-1.0
2016-07-31,CAT_10,CAT_10_ITEM_018,9,87.44,0.208,1,1.24282,0,0,0,0,-0.4999999999999997,-0.8660254037844387
2016-08-31,CAT_10,CAT_10_ITEM_018,4,111.09,0.0,0,1.54176,0,1,0,0,-0.8660254037844383,-0.5000000000000003
